[0.009s] Invoking command in '/home/bill8/billeagle_ws/bill_ws/build/bill_nav': CMAKE_PREFIX_PATH=${CMAKE_PREFIX_PATH}:/opt/ros/humble /home/bill8/.local/bin/cmake /home/bill8/billeagle_ws/bill_ws/src/bill_nav -DCMAKE_INSTALL_PREFIX=/home/bill8/billeagle_ws/bill_ws/install/bill_nav
[0.057s] [0mCMake Deprecation Warning at CMakeLists.txt:1 (cmake_minimum_required):
[0.057s]   Compatibility with CMake < 3.10 will be removed from a future version of
[0.057s]   CMake.
[0.057s] 
[0.057s]   Update the VERSION argument <min> value.  Or, use the <min>...<max> syntax
[0.057s]   to tell CMake that the project requires at least <min> but has been updated
[0.057s]   to work with policies introduced by <max> or earlier.
[0.057s] 
[0.058s] [0m
[0.088s] -- The C compiler identification is GNU 11.4.0
[0.136s] -- The CXX compiler identification is GNU 11.4.0
[0.142s] -- Detecting C compiler ABI info
[0.186s] -- Detecting C compiler ABI info - done
[0.198s] -- Check for working C compiler: /usr/bin/cc - skipped
[0.198s] -- Detecting C compile features
[0.198s] -- Detecting C compile features - done
[0.207s] -- Detecting CXX compiler ABI info
[0.255s] -- Detecting CXX compiler ABI info - done
[0.265s] -- Check for working CXX compiler: /usr/bin/c++ - skipped
[0.266s] -- Detecting CXX compile features
[0.266s] -- Detecting CXX compile features - done
[0.271s] -- Found ament_cmake: 1.3.11 (/opt/ros/humble/share/ament_cmake/cmake)
[0.370s] -- Found Python3: /usr/bin/python3 (found version "3.10.12") found components: Interpreter
[0.424s] -- Found ament_lint_auto: 0.12.11 (/opt/ros/humble/share/ament_lint_auto/cmake)
[0.480s] -- Added test 'flake8' to check Python code syntax and style conventions
[0.481s] -- Added test 'lint_cmake' to check CMake code style
[0.481s] -- Added test 'pep257' to check Python code against some of the docstring style conventions in PEP 257
[0.481s] -- Added test 'xmllint' to check XML markup files
[0.482s] -- Configuring done (0.4s)
[0.484s] -- Generating done (0.0s)
[0.485s] -- Build files have been written to: /home/bill8/billeagle_ws/bill_ws/build/bill_nav
[0.489s] Invoked command in '/home/bill8/billeagle_ws/bill_ws/build/bill_nav' returned '0': CMAKE_PREFIX_PATH=${CMAKE_PREFIX_PATH}:/opt/ros/humble /home/bill8/.local/bin/cmake /home/bill8/billeagle_ws/bill_ws/src/bill_nav -DCMAKE_INSTALL_PREFIX=/home/bill8/billeagle_ws/bill_ws/install/bill_nav
[0.490s] Invoking command in '/home/bill8/billeagle_ws/bill_ws/build/bill_nav': CMAKE_PREFIX_PATH=${CMAKE_PREFIX_PATH}:/opt/ros/humble /home/bill8/.local/bin/cmake --build /home/bill8/billeagle_ws/bill_ws/build/bill_nav -- -j16 -l16
[0.551s] Invoked command in '/home/bill8/billeagle_ws/bill_ws/build/bill_nav' returned '0': CMAKE_PREFIX_PATH=${CMAKE_PREFIX_PATH}:/opt/ros/humble /home/bill8/.local/bin/cmake --build /home/bill8/billeagle_ws/bill_ws/build/bill_nav -- -j16 -l16
[0.601s] Invoking command in '/home/bill8/billeagle_ws/bill_ws/build/bill_nav': CMAKE_PREFIX_PATH=${CMAKE_PREFIX_PATH}:/opt/ros/humble /home/bill8/.local/bin/cmake --install /home/bill8/billeagle_ws/bill_ws/build/bill_nav
[0.651s] -- Install configuration: ""
[0.651s] -- Installing: /home/bill8/billeagle_ws/bill_ws/install/bill_nav/share/bill_nav/config
[0.651s] -- Installing: /home/bill8/billeagle_ws/bill_ws/install/bill_nav/share/bill_nav/config/nav2_params.yaml
[0.660s] -- Installing: /home/bill8/billeagle_ws/bill_ws/install/bill_nav/share/bill_nav/launch
[0.660s] -- Installing: /home/bill8/billeagle_ws/bill_ws/install/bill_nav/share/bill_nav/launch/navigation_launch.py
[0.660s] -- Installing: /home/bill8/billeagle_ws/bill_ws/install/bill_nav/share/ament_index/resource_index/package_run_dependencies/bill_nav
[0.661s] -- Installing: /home/bill8/billeagle_ws/bill_ws/install/bill_nav/share/ament_index/resource_index/parent_prefix_path/bill_nav
[0.661s] -- Installing: /home/bill8/billeagle_ws/bill_ws/install/bill_nav/share/bill_nav/environment/ament_prefix_path.sh
[0.661s] -- Installing: /home/bill8/billeagle_ws/bill_ws/install/bill_nav/share/bill_nav/environment/ament_prefix_path.dsv
[0.661s] -- Installing: /home/bill8/billeagle_ws/bill_ws/install/bill_nav/share/bill_nav/environment/path.sh
[0.661s] -- Installing: /home/bill8/billeagle_ws/bill_ws/install/bill_nav/share/bill_nav/environment/path.dsv
[0.661s] -- Installing: /home/bill8/billeagle_ws/bill_ws/install/bill_nav/share/bill_nav/local_setup.bash
[0.661s] -- Installing: /home/bill8/billeagle_ws/bill_ws/install/bill_nav/share/bill_nav/local_setup.sh
[0.662s] -- Installing: /home/bill8/billeagle_ws/bill_ws/install/bill_nav/share/bill_nav/local_setup.zsh
[0.662s] -- Installing: /home/bill8/billeagle_ws/bill_ws/install/bill_nav/share/bill_nav/local_setup.dsv
[0.662s] -- Installing: /home/bill8/billeagle_ws/bill_ws/install/bill_nav/share/bill_nav/package.dsv
[0.663s] -- Installing: /home/bill8/billeagle_ws/bill_ws/install/bill_nav/share/ament_index/resource_index/packages/bill_nav
[0.663s] -- Installing: /home/bill8/billeagle_ws/bill_ws/install/bill_nav/share/bill_nav/cmake/bill_navConfig.cmake
[0.663s] -- Installing: /home/bill8/billeagle_ws/bill_ws/install/bill_nav/share/bill_nav/cmake/bill_navConfig-version.cmake
[0.663s] -- Installing: /home/bill8/billeagle_ws/bill_ws/install/bill_nav/share/bill_nav/package.xml
[0.664s] Invoked command in '/home/bill8/billeagle_ws/bill_ws/build/bill_nav' returned '0': CMAKE_PREFIX_PATH=${CMAKE_PREFIX_PATH}:/opt/ros/humble /home/bill8/.local/bin/cmake --install /home/bill8/billeagle_ws/bill_ws/build/bill_nav
