[0.067s] DEBUG:colcon:Command line arguments: ['/usr/bin/colcon', 'build']
[0.067s] DEBUG:colcon:Parsed command line arguments: Namespace(log_base=None, log_level=None, verb_name='build', build_base='build', install_base='install', merge_install=False, symlink_install=False, test_result_base=None, continue_on_error=False, executor='parallel', parallel_workers=16, event_handlers=None, ignore_user_meta=False, metas=['./colcon.meta'], base_paths=['.'], packages_ignore=None, packages_ignore_regex=None, paths=None, packages_up_to=None, packages_up_to_regex=None, packages_above=None, packages_above_and_dependencies=None, packages_above_depth=None, packages_select_by_dep=None, packages_skip_by_dep=None, packages_skip_up_to=None, packages_select_build_failed=False, packages_skip_build_finished=False, packages_select_test_failures=False, packages_skip_test_passed=False, packages_select=None, packages_skip=None, packages_select_regex=None, packages_skip_regex=None, packages_start=None, packages_end=None, allow_overriding=[], cmake_args=None, cmake_target=None, cmake_target_skip_unavailable=False, cmake_clean_cache=False, cmake_clean_first=False, cmake_force_configure=False, ament_cmake_args=None, catkin_cmake_args=None, catkin_skip_building_tests=False, mixin_files=None, mixin=None, verb_parser=<colcon_mixin.mixin.mixin_argument.MixinArgumentDecorator object at 0x747aaa36b160>, verb_extension=<colcon_core.verb.build.BuildVerb object at 0x747aaa36acb0>, main=<bound method BuildVerb.main of <colcon_core.verb.build.BuildVerb object at 0x747aaa36acb0>>, mixin_verb=('build',))
[0.092s] Level 1:colcon.colcon_core.package_discovery:discover_packages(colcon_meta) check parameters
[0.092s] Level 1:colcon.colcon_core.package_discovery:discover_packages(recursive) check parameters
[0.092s] Level 1:colcon.colcon_core.package_discovery:discover_packages(ignore) check parameters
[0.092s] Level 1:colcon.colcon_core.package_discovery:discover_packages(path) check parameters
[0.092s] Level 1:colcon.colcon_core.package_discovery:discover_packages(colcon_meta) discover
[0.092s] Level 1:colcon.colcon_core.package_discovery:discover_packages(recursive) discover
[0.092s] INFO:colcon.colcon_core.package_discovery:Crawling recursively for packages in '/home/bill7/billeagle_ws/lslidar_ws'
[0.092s] Level 1:colcon.colcon_core.package_identification:_identify(.) by extensions ['ignore', 'ignore_ament_install']
[0.093s] Level 1:colcon.colcon_core.package_identification:_identify(.) by extension 'ignore'
[0.093s] Level 1:colcon.colcon_core.package_identification:_identify(.) by extension 'ignore_ament_install'
[0.093s] Level 1:colcon.colcon_core.package_identification:_identify(.) by extensions ['colcon_pkg']
[0.093s] Level 1:colcon.colcon_core.package_identification:_identify(.) by extension 'colcon_pkg'
[0.093s] Level 1:colcon.colcon_core.package_identification:_identify(.) by extensions ['colcon_meta']
[0.093s] Level 1:colcon.colcon_core.package_identification:_identify(.) by extension 'colcon_meta'
[0.093s] Level 1:colcon.colcon_core.package_identification:_identify(.) by extensions ['ros']
[0.093s] Level 1:colcon.colcon_core.package_identification:_identify(.) by extension 'ros'
[0.110s] Level 1:colcon.colcon_core.package_identification:_identify(.) by extensions ['cmake', 'python']
[0.110s] Level 1:colcon.colcon_core.package_identification:_identify(.) by extension 'cmake'
[0.110s] Level 1:colcon.colcon_core.package_identification:_identify(.) by extension 'python'
[0.110s] Level 1:colcon.colcon_core.package_identification:_identify(.) by extensions ['python_setup_py']
[0.110s] Level 1:colcon.colcon_core.package_identification:_identify(.) by extension 'python_setup_py'
[0.110s] Level 1:colcon.colcon_core.package_identification:_identify(build) by extensions ['ignore', 'ignore_ament_install']
[0.110s] Level 1:colcon.colcon_core.package_identification:_identify(build) by extension 'ignore'
[0.110s] Level 1:colcon.colcon_core.package_identification:_identify(build) ignored
[0.110s] Level 1:colcon.colcon_core.package_identification:_identify(install) by extensions ['ignore', 'ignore_ament_install']
[0.110s] Level 1:colcon.colcon_core.package_identification:_identify(install) by extension 'ignore'
[0.110s] Level 1:colcon.colcon_core.package_identification:_identify(install) ignored
[0.110s] Level 1:colcon.colcon_core.package_identification:_identify(log) by extensions ['ignore', 'ignore_ament_install']
[0.110s] Level 1:colcon.colcon_core.package_identification:_identify(log) by extension 'ignore'
[0.110s] Level 1:colcon.colcon_core.package_identification:_identify(log) ignored
[0.110s] Level 1:colcon.colcon_core.package_identification:_identify(src) by extensions ['ignore', 'ignore_ament_install']
[0.110s] Level 1:colcon.colcon_core.package_identification:_identify(src) by extension 'ignore'
[0.110s] Level 1:colcon.colcon_core.package_identification:_identify(src) by extension 'ignore_ament_install'
[0.110s] Level 1:colcon.colcon_core.package_identification:_identify(src) by extensions ['colcon_pkg']
[0.110s] Level 1:colcon.colcon_core.package_identification:_identify(src) by extension 'colcon_pkg'
[0.110s] Level 1:colcon.colcon_core.package_identification:_identify(src) by extensions ['colcon_meta']
[0.110s] Level 1:colcon.colcon_core.package_identification:_identify(src) by extension 'colcon_meta'
[0.110s] Level 1:colcon.colcon_core.package_identification:_identify(src) by extensions ['ros']
[0.110s] Level 1:colcon.colcon_core.package_identification:_identify(src) by extension 'ros'
[0.110s] Level 1:colcon.colcon_core.package_identification:_identify(src) by extensions ['cmake', 'python']
[0.110s] Level 1:colcon.colcon_core.package_identification:_identify(src) by extension 'cmake'
[0.110s] Level 1:colcon.colcon_core.package_identification:_identify(src) by extension 'python'
[0.110s] Level 1:colcon.colcon_core.package_identification:_identify(src) by extensions ['python_setup_py']
[0.110s] Level 1:colcon.colcon_core.package_identification:_identify(src) by extension 'python_setup_py'
[0.110s] Level 1:colcon.colcon_core.package_identification:_identify(src/LSLIDAR_M10_N10_V2.5.2_230110_ROS2) by extensions ['ignore', 'ignore_ament_install']
[0.110s] Level 1:colcon.colcon_core.package_identification:_identify(src/LSLIDAR_M10_N10_V2.5.2_230110_ROS2) by extension 'ignore'
[0.111s] Level 1:colcon.colcon_core.package_identification:_identify(src/LSLIDAR_M10_N10_V2.5.2_230110_ROS2) by extension 'ignore_ament_install'
[0.111s] Level 1:colcon.colcon_core.package_identification:_identify(src/LSLIDAR_M10_N10_V2.5.2_230110_ROS2) by extensions ['colcon_pkg']
[0.111s] Level 1:colcon.colcon_core.package_identification:_identify(src/LSLIDAR_M10_N10_V2.5.2_230110_ROS2) by extension 'colcon_pkg'
[0.111s] Level 1:colcon.colcon_core.package_identification:_identify(src/LSLIDAR_M10_N10_V2.5.2_230110_ROS2) by extensions ['colcon_meta']
[0.111s] Level 1:colcon.colcon_core.package_identification:_identify(src/LSLIDAR_M10_N10_V2.5.2_230110_ROS2) by extension 'colcon_meta'
[0.111s] Level 1:colcon.colcon_core.package_identification:_identify(src/LSLIDAR_M10_N10_V2.5.2_230110_ROS2) by extensions ['ros']
[0.111s] Level 1:colcon.colcon_core.package_identification:_identify(src/LSLIDAR_M10_N10_V2.5.2_230110_ROS2) by extension 'ros'
[0.111s] Level 1:colcon.colcon_core.package_identification:_identify(src/LSLIDAR_M10_N10_V2.5.2_230110_ROS2) by extensions ['cmake', 'python']
[0.111s] Level 1:colcon.colcon_core.package_identification:_identify(src/LSLIDAR_M10_N10_V2.5.2_230110_ROS2) by extension 'cmake'
[0.111s] Level 1:colcon.colcon_core.package_identification:_identify(src/LSLIDAR_M10_N10_V2.5.2_230110_ROS2) by extension 'python'
[0.111s] Level 1:colcon.colcon_core.package_identification:_identify(src/LSLIDAR_M10_N10_V2.5.2_230110_ROS2) by extensions ['python_setup_py']
[0.111s] Level 1:colcon.colcon_core.package_identification:_identify(src/LSLIDAR_M10_N10_V2.5.2_230110_ROS2) by extension 'python_setup_py'
[0.111s] Level 1:colcon.colcon_core.package_identification:_identify(src/LSLIDAR_M10_N10_V2.5.2_230110_ROS2/lslidar_driver) by extensions ['ignore', 'ignore_ament_install']
[0.111s] Level 1:colcon.colcon_core.package_identification:_identify(src/LSLIDAR_M10_N10_V2.5.2_230110_ROS2/lslidar_driver) by extension 'ignore'
[0.111s] Level 1:colcon.colcon_core.package_identification:_identify(src/LSLIDAR_M10_N10_V2.5.2_230110_ROS2/lslidar_driver) by extension 'ignore_ament_install'
[0.111s] Level 1:colcon.colcon_core.package_identification:_identify(src/LSLIDAR_M10_N10_V2.5.2_230110_ROS2/lslidar_driver) by extensions ['colcon_pkg']
[0.111s] Level 1:colcon.colcon_core.package_identification:_identify(src/LSLIDAR_M10_N10_V2.5.2_230110_ROS2/lslidar_driver) by extension 'colcon_pkg'
[0.111s] Level 1:colcon.colcon_core.package_identification:_identify(src/LSLIDAR_M10_N10_V2.5.2_230110_ROS2/lslidar_driver) by extensions ['colcon_meta']
[0.111s] Level 1:colcon.colcon_core.package_identification:_identify(src/LSLIDAR_M10_N10_V2.5.2_230110_ROS2/lslidar_driver) by extension 'colcon_meta'
[0.111s] Level 1:colcon.colcon_core.package_identification:_identify(src/LSLIDAR_M10_N10_V2.5.2_230110_ROS2/lslidar_driver) by extensions ['ros']
[0.111s] Level 1:colcon.colcon_core.package_identification:_identify(src/LSLIDAR_M10_N10_V2.5.2_230110_ROS2/lslidar_driver) by extension 'ros'
[0.113s] DEBUG:colcon.colcon_core.package_identification:Package 'src/LSLIDAR_M10_N10_V2.5.2_230110_ROS2/lslidar_driver' with type 'ros.ament_cmake' and name 'lslidar_driver'
[0.113s] Level 1:colcon.colcon_core.package_identification:_identify(src/LSLIDAR_M10_N10_V2.5.2_230110_ROS2/lslidar_msgs) by extensions ['ignore', 'ignore_ament_install']
[0.113s] Level 1:colcon.colcon_core.package_identification:_identify(src/LSLIDAR_M10_N10_V2.5.2_230110_ROS2/lslidar_msgs) by extension 'ignore'
[0.113s] Level 1:colcon.colcon_core.package_identification:_identify(src/LSLIDAR_M10_N10_V2.5.2_230110_ROS2/lslidar_msgs) by extension 'ignore_ament_install'
[0.113s] Level 1:colcon.colcon_core.package_identification:_identify(src/LSLIDAR_M10_N10_V2.5.2_230110_ROS2/lslidar_msgs) by extensions ['colcon_pkg']
[0.113s] Level 1:colcon.colcon_core.package_identification:_identify(src/LSLIDAR_M10_N10_V2.5.2_230110_ROS2/lslidar_msgs) by extension 'colcon_pkg'
[0.113s] Level 1:colcon.colcon_core.package_identification:_identify(src/LSLIDAR_M10_N10_V2.5.2_230110_ROS2/lslidar_msgs) by extensions ['colcon_meta']
[0.113s] Level 1:colcon.colcon_core.package_identification:_identify(src/LSLIDAR_M10_N10_V2.5.2_230110_ROS2/lslidar_msgs) by extension 'colcon_meta'
[0.113s] Level 1:colcon.colcon_core.package_identification:_identify(src/LSLIDAR_M10_N10_V2.5.2_230110_ROS2/lslidar_msgs) by extensions ['ros']
[0.113s] Level 1:colcon.colcon_core.package_identification:_identify(src/LSLIDAR_M10_N10_V2.5.2_230110_ROS2/lslidar_msgs) by extension 'ros'
[0.113s] DEBUG:colcon.colcon_core.package_identification:Package 'src/LSLIDAR_M10_N10_V2.5.2_230110_ROS2/lslidar_msgs' with type 'ros.ament_cmake' and name 'lslidar_msgs'
[0.113s] Level 1:colcon.colcon_core.package_discovery:discover_packages(recursive) using defaults
[0.113s] Level 1:colcon.colcon_core.package_discovery:discover_packages(ignore) discover
[0.113s] Level 1:colcon.colcon_core.package_discovery:discover_packages(ignore) using defaults
[0.113s] Level 1:colcon.colcon_core.package_discovery:discover_packages(path) discover
[0.113s] Level 1:colcon.colcon_core.package_discovery:discover_packages(path) using defaults
[0.126s] Level 1:colcon.colcon_core.package_discovery:discover_packages(prefix_path) check parameters
[0.126s] Level 1:colcon.colcon_core.package_discovery:discover_packages(prefix_path) discover
[0.127s] DEBUG:colcon.colcon_installed_package_information.package_discovery:Found 4 installed packages in /home/bill7/billeagle_ws/bill_ws/install
[0.128s] DEBUG:colcon.colcon_installed_package_information.package_discovery:Found 376 installed packages in /opt/ros/humble
[0.129s] Level 1:colcon.colcon_core.package_discovery:discover_packages(prefix_path) using defaults
[0.160s] Level 5:colcon.colcon_core.verb:set package 'lslidar_msgs' build argument 'cmake_args' from command line to 'None'
[0.160s] Level 5:colcon.colcon_core.verb:set package 'lslidar_msgs' build argument 'cmake_target' from command line to 'None'
[0.160s] Level 5:colcon.colcon_core.verb:set package 'lslidar_msgs' build argument 'cmake_target_skip_unavailable' from command line to 'False'
[0.160s] Level 5:colcon.colcon_core.verb:set package 'lslidar_msgs' build argument 'cmake_clean_cache' from command line to 'False'
[0.160s] Level 5:colcon.colcon_core.verb:set package 'lslidar_msgs' build argument 'cmake_clean_first' from command line to 'False'
[0.160s] Level 5:colcon.colcon_core.verb:set package 'lslidar_msgs' build argument 'cmake_force_configure' from command line to 'False'
[0.160s] Level 5:colcon.colcon_core.verb:set package 'lslidar_msgs' build argument 'ament_cmake_args' from command line to 'None'
[0.160s] Level 5:colcon.colcon_core.verb:set package 'lslidar_msgs' build argument 'catkin_cmake_args' from command line to 'None'
[0.160s] Level 5:colcon.colcon_core.verb:set package 'lslidar_msgs' build argument 'catkin_skip_building_tests' from command line to 'False'
[0.160s] DEBUG:colcon.colcon_core.verb:Building package 'lslidar_msgs' with the following arguments: {'ament_cmake_args': None, 'build_base': '/home/bill7/billeagle_ws/lslidar_ws/build/lslidar_msgs', 'catkin_cmake_args': None, 'catkin_skip_building_tests': False, 'cmake_args': None, 'cmake_clean_cache': False, 'cmake_clean_first': False, 'cmake_force_configure': False, 'cmake_target': None, 'cmake_target_skip_unavailable': False, 'install_base': '/home/bill7/billeagle_ws/lslidar_ws/install/lslidar_msgs', 'merge_install': False, 'path': '/home/bill7/billeagle_ws/lslidar_ws/src/LSLIDAR_M10_N10_V2.5.2_230110_ROS2/lslidar_msgs', 'symlink_install': False, 'test_result_base': None}
[0.161s] Level 5:colcon.colcon_core.verb:set package 'lslidar_driver' build argument 'cmake_args' from command line to 'None'
[0.161s] Level 5:colcon.colcon_core.verb:set package 'lslidar_driver' build argument 'cmake_target' from command line to 'None'
[0.161s] Level 5:colcon.colcon_core.verb:set package 'lslidar_driver' build argument 'cmake_target_skip_unavailable' from command line to 'False'
[0.161s] Level 5:colcon.colcon_core.verb:set package 'lslidar_driver' build argument 'cmake_clean_cache' from command line to 'False'
[0.161s] Level 5:colcon.colcon_core.verb:set package 'lslidar_driver' build argument 'cmake_clean_first' from command line to 'False'
[0.161s] Level 5:colcon.colcon_core.verb:set package 'lslidar_driver' build argument 'cmake_force_configure' from command line to 'False'
[0.161s] Level 5:colcon.colcon_core.verb:set package 'lslidar_driver' build argument 'ament_cmake_args' from command line to 'None'
[0.161s] Level 5:colcon.colcon_core.verb:set package 'lslidar_driver' build argument 'catkin_cmake_args' from command line to 'None'
[0.161s] Level 5:colcon.colcon_core.verb:set package 'lslidar_driver' build argument 'catkin_skip_building_tests' from command line to 'False'
[0.161s] DEBUG:colcon.colcon_core.verb:Building package 'lslidar_driver' with the following arguments: {'ament_cmake_args': None, 'build_base': '/home/bill7/billeagle_ws/lslidar_ws/build/lslidar_driver', 'catkin_cmake_args': None, 'catkin_skip_building_tests': False, 'cmake_args': None, 'cmake_clean_cache': False, 'cmake_clean_first': False, 'cmake_force_configure': False, 'cmake_target': None, 'cmake_target_skip_unavailable': False, 'install_base': '/home/bill7/billeagle_ws/lslidar_ws/install/lslidar_driver', 'merge_install': False, 'path': '/home/bill7/billeagle_ws/lslidar_ws/src/LSLIDAR_M10_N10_V2.5.2_230110_ROS2/lslidar_driver', 'symlink_install': False, 'test_result_base': None}
[0.161s] INFO:colcon.colcon_core.executor:Executing jobs using 'parallel' executor
[0.161s] DEBUG:colcon.colcon_parallel_executor.executor.parallel:run_until_complete
[0.162s] INFO:colcon.colcon_ros.task.ament_cmake.build:Building ROS package in '/home/bill7/billeagle_ws/lslidar_ws/src/LSLIDAR_M10_N10_V2.5.2_230110_ROS2/lslidar_msgs' with build type 'ament_cmake'
[0.162s] INFO:colcon.colcon_cmake.task.cmake.build:Building CMake package in '/home/bill7/billeagle_ws/lslidar_ws/src/LSLIDAR_M10_N10_V2.5.2_230110_ROS2/lslidar_msgs'
[0.163s] INFO:colcon.colcon_core.plugin_system:Skipping extension 'colcon_core.shell.bat': Not used on non-Windows systems
[0.163s] INFO:colcon.colcon_core.shell:Skip shell extension 'powershell' for command environment: Not usable outside of PowerShell
[0.163s] DEBUG:colcon.colcon_core.shell:Skip shell extension 'dsv' for command environment
[0.170s] DEBUG:colcon.colcon_core.event_handler.log_command:Invoking command in '/home/bill7/billeagle_ws/lslidar_ws/build/lslidar_msgs': CMAKE_PREFIX_PATH=${CMAKE_PREFIX_PATH}:/opt/ros/humble CONDA_PROMPT_MODIFIER=(bill) /usr/bin/cmake --build /home/bill7/billeagle_ws/lslidar_ws/build/lslidar_msgs -- -j16 -l16
[3.700s] DEBUG:colcon.colcon_core.event_handler.log_command:Invoked command in '/home/bill7/billeagle_ws/lslidar_ws/build/lslidar_msgs' returned '0': CMAKE_PREFIX_PATH=${CMAKE_PREFIX_PATH}:/opt/ros/humble CONDA_PROMPT_MODIFIER=(bill) /usr/bin/cmake --build /home/bill7/billeagle_ws/lslidar_ws/build/lslidar_msgs -- -j16 -l16
[3.713s] DEBUG:colcon.colcon_core.event_handler.log_command:Invoking command in '/home/bill7/billeagle_ws/lslidar_ws/build/lslidar_msgs': CMAKE_PREFIX_PATH=${CMAKE_PREFIX_PATH}:/opt/ros/humble CONDA_PROMPT_MODIFIER=(bill) /usr/bin/cmake --install /home/bill7/billeagle_ws/lslidar_ws/build/lslidar_msgs
[3.765s] Level 1:colcon.colcon_core.environment:create_environment_scripts_only(lslidar_msgs)
[3.768s] Level 1:colcon.colcon_core.environment:checking '/home/bill7/billeagle_ws/lslidar_ws/install/lslidar_msgs' for CMake module files
[3.769s] Level 1:colcon.colcon_core.environment:checking '/home/bill7/billeagle_ws/lslidar_ws/install/lslidar_msgs' for CMake config files
[3.770s] DEBUG:colcon.colcon_core.event_handler.log_command:Invoked command in '/home/bill7/billeagle_ws/lslidar_ws/build/lslidar_msgs' returned '0': CMAKE_PREFIX_PATH=${CMAKE_PREFIX_PATH}:/opt/ros/humble CONDA_PROMPT_MODIFIER=(bill) /usr/bin/cmake --install /home/bill7/billeagle_ws/lslidar_ws/build/lslidar_msgs
[3.770s] Level 1:colcon.colcon_core.shell:create_environment_hook('lslidar_msgs', 'cmake_prefix_path')
[3.770s] INFO:colcon.colcon_core.shell:Creating environment hook '/home/bill7/billeagle_ws/lslidar_ws/install/lslidar_msgs/share/lslidar_msgs/hook/cmake_prefix_path.ps1'
[3.771s] INFO:colcon.colcon_core.shell:Creating environment descriptor '/home/bill7/billeagle_ws/lslidar_ws/install/lslidar_msgs/share/lslidar_msgs/hook/cmake_prefix_path.dsv'
[3.771s] INFO:colcon.colcon_core.shell:Creating environment hook '/home/bill7/billeagle_ws/lslidar_ws/install/lslidar_msgs/share/lslidar_msgs/hook/cmake_prefix_path.sh'
[3.772s] Level 1:colcon.colcon_core.environment:checking '/home/bill7/billeagle_ws/lslidar_ws/install/lslidar_msgs/lib'
[3.772s] Level 1:colcon.colcon_core.shell:create_environment_hook('lslidar_msgs', 'ld_library_path_lib')
[3.772s] INFO:colcon.colcon_core.shell:Creating environment hook '/home/bill7/billeagle_ws/lslidar_ws/install/lslidar_msgs/share/lslidar_msgs/hook/ld_library_path_lib.ps1'
[3.772s] INFO:colcon.colcon_core.shell:Creating environment descriptor '/home/bill7/billeagle_ws/lslidar_ws/install/lslidar_msgs/share/lslidar_msgs/hook/ld_library_path_lib.dsv'
[3.772s] INFO:colcon.colcon_core.shell:Creating environment hook '/home/bill7/billeagle_ws/lslidar_ws/install/lslidar_msgs/share/lslidar_msgs/hook/ld_library_path_lib.sh'
[3.773s] Level 1:colcon.colcon_core.environment:checking '/home/bill7/billeagle_ws/lslidar_ws/install/lslidar_msgs/bin'
[3.773s] Level 1:colcon.colcon_core.environment:checking '/home/bill7/billeagle_ws/lslidar_ws/install/lslidar_msgs/lib/pkgconfig/lslidar_msgs.pc'
[3.773s] Level 1:colcon.colcon_core.environment:checking '/home/bill7/billeagle_ws/lslidar_ws/install/lslidar_msgs/lib/python3.10/site-packages'
[3.773s] Level 1:colcon.colcon_core.shell:create_environment_hook('lslidar_msgs', 'pythonpath')
[3.773s] INFO:colcon.colcon_core.shell:Creating environment hook '/home/bill7/billeagle_ws/lslidar_ws/install/lslidar_msgs/share/lslidar_msgs/hook/pythonpath.ps1'
[3.773s] INFO:colcon.colcon_core.shell:Creating environment descriptor '/home/bill7/billeagle_ws/lslidar_ws/install/lslidar_msgs/share/lslidar_msgs/hook/pythonpath.dsv'
[3.773s] INFO:colcon.colcon_core.shell:Creating environment hook '/home/bill7/billeagle_ws/lslidar_ws/install/lslidar_msgs/share/lslidar_msgs/hook/pythonpath.sh'
[3.774s] Level 1:colcon.colcon_core.environment:checking '/home/bill7/billeagle_ws/lslidar_ws/install/lslidar_msgs/bin'
[3.774s] INFO:colcon.colcon_core.shell:Creating package script '/home/bill7/billeagle_ws/lslidar_ws/install/lslidar_msgs/share/lslidar_msgs/package.ps1'
[3.774s] INFO:colcon.colcon_core.shell:Creating package descriptor '/home/bill7/billeagle_ws/lslidar_ws/install/lslidar_msgs/share/lslidar_msgs/package.dsv'
[3.775s] INFO:colcon.colcon_core.shell:Creating package script '/home/bill7/billeagle_ws/lslidar_ws/install/lslidar_msgs/share/lslidar_msgs/package.sh'
[3.775s] INFO:colcon.colcon_core.shell:Creating package script '/home/bill7/billeagle_ws/lslidar_ws/install/lslidar_msgs/share/lslidar_msgs/package.bash'
[3.776s] INFO:colcon.colcon_core.shell:Creating package script '/home/bill7/billeagle_ws/lslidar_ws/install/lslidar_msgs/share/lslidar_msgs/package.zsh'
[3.776s] Level 1:colcon.colcon_core.environment:create_file_with_runtime_dependencies(/home/bill7/billeagle_ws/lslidar_ws/install/lslidar_msgs/share/colcon-core/packages/lslidar_msgs)
[3.776s] Level 1:colcon.colcon_core.environment:create_environment_scripts_only(lslidar_msgs)
[3.777s] Level 1:colcon.colcon_core.environment:checking '/home/bill7/billeagle_ws/lslidar_ws/install/lslidar_msgs' for CMake module files
[3.777s] Level 1:colcon.colcon_core.environment:checking '/home/bill7/billeagle_ws/lslidar_ws/install/lslidar_msgs' for CMake config files
[3.777s] Level 1:colcon.colcon_core.shell:create_environment_hook('lslidar_msgs', 'cmake_prefix_path')
[3.777s] INFO:colcon.colcon_core.shell:Creating environment hook '/home/bill7/billeagle_ws/lslidar_ws/install/lslidar_msgs/share/lslidar_msgs/hook/cmake_prefix_path.ps1'
[3.777s] INFO:colcon.colcon_core.shell:Creating environment descriptor '/home/bill7/billeagle_ws/lslidar_ws/install/lslidar_msgs/share/lslidar_msgs/hook/cmake_prefix_path.dsv'
[3.778s] INFO:colcon.colcon_core.shell:Creating environment hook '/home/bill7/billeagle_ws/lslidar_ws/install/lslidar_msgs/share/lslidar_msgs/hook/cmake_prefix_path.sh'
[3.778s] Level 1:colcon.colcon_core.environment:checking '/home/bill7/billeagle_ws/lslidar_ws/install/lslidar_msgs/lib'
[3.778s] Level 1:colcon.colcon_core.shell:create_environment_hook('lslidar_msgs', 'ld_library_path_lib')
[3.778s] INFO:colcon.colcon_core.shell:Creating environment hook '/home/bill7/billeagle_ws/lslidar_ws/install/lslidar_msgs/share/lslidar_msgs/hook/ld_library_path_lib.ps1'
[3.778s] INFO:colcon.colcon_core.shell:Creating environment descriptor '/home/bill7/billeagle_ws/lslidar_ws/install/lslidar_msgs/share/lslidar_msgs/hook/ld_library_path_lib.dsv'
[3.778s] INFO:colcon.colcon_core.shell:Creating environment hook '/home/bill7/billeagle_ws/lslidar_ws/install/lslidar_msgs/share/lslidar_msgs/hook/ld_library_path_lib.sh'
[3.779s] Level 1:colcon.colcon_core.environment:checking '/home/bill7/billeagle_ws/lslidar_ws/install/lslidar_msgs/bin'
[3.779s] Level 1:colcon.colcon_core.environment:checking '/home/bill7/billeagle_ws/lslidar_ws/install/lslidar_msgs/lib/pkgconfig/lslidar_msgs.pc'
[3.779s] Level 1:colcon.colcon_core.environment:checking '/home/bill7/billeagle_ws/lslidar_ws/install/lslidar_msgs/lib/python3.10/site-packages'
[3.779s] Level 1:colcon.colcon_core.shell:create_environment_hook('lslidar_msgs', 'pythonpath')
[3.779s] INFO:colcon.colcon_core.shell:Creating environment hook '/home/bill7/billeagle_ws/lslidar_ws/install/lslidar_msgs/share/lslidar_msgs/hook/pythonpath.ps1'
[3.779s] INFO:colcon.colcon_core.shell:Creating environment descriptor '/home/bill7/billeagle_ws/lslidar_ws/install/lslidar_msgs/share/lslidar_msgs/hook/pythonpath.dsv'
[3.779s] INFO:colcon.colcon_core.shell:Creating environment hook '/home/bill7/billeagle_ws/lslidar_ws/install/lslidar_msgs/share/lslidar_msgs/hook/pythonpath.sh'
[3.780s] Level 1:colcon.colcon_core.environment:checking '/home/bill7/billeagle_ws/lslidar_ws/install/lslidar_msgs/bin'
[3.780s] INFO:colcon.colcon_core.shell:Creating package script '/home/bill7/billeagle_ws/lslidar_ws/install/lslidar_msgs/share/lslidar_msgs/package.ps1'
[3.780s] INFO:colcon.colcon_core.shell:Creating package descriptor '/home/bill7/billeagle_ws/lslidar_ws/install/lslidar_msgs/share/lslidar_msgs/package.dsv'
[3.780s] INFO:colcon.colcon_core.shell:Creating package script '/home/bill7/billeagle_ws/lslidar_ws/install/lslidar_msgs/share/lslidar_msgs/package.sh'
[3.781s] INFO:colcon.colcon_core.shell:Creating package script '/home/bill7/billeagle_ws/lslidar_ws/install/lslidar_msgs/share/lslidar_msgs/package.bash'
[3.781s] INFO:colcon.colcon_core.shell:Creating package script '/home/bill7/billeagle_ws/lslidar_ws/install/lslidar_msgs/share/lslidar_msgs/package.zsh'
[3.781s] Level 1:colcon.colcon_core.environment:create_file_with_runtime_dependencies(/home/bill7/billeagle_ws/lslidar_ws/install/lslidar_msgs/share/colcon-core/packages/lslidar_msgs)
[3.781s] INFO:colcon.colcon_ros.task.ament_cmake.build:Building ROS package in '/home/bill7/billeagle_ws/lslidar_ws/src/LSLIDAR_M10_N10_V2.5.2_230110_ROS2/lslidar_driver' with build type 'ament_cmake'
[3.781s] INFO:colcon.colcon_cmake.task.cmake.build:Building CMake package in '/home/bill7/billeagle_ws/lslidar_ws/src/LSLIDAR_M10_N10_V2.5.2_230110_ROS2/lslidar_driver'
[3.781s] INFO:colcon.colcon_core.shell:Skip shell extension 'powershell' for command environment: Not usable outside of PowerShell
[3.781s] DEBUG:colcon.colcon_core.shell:Skip shell extension 'dsv' for command environment
[3.791s] DEBUG:colcon.colcon_core.event_handler.log_command:Invoking command in '/home/bill7/billeagle_ws/lslidar_ws/build/lslidar_driver': AMENT_PREFIX_PATH=/home/bill7/billeagle_ws/lslidar_ws/install/lslidar_msgs:${AMENT_PREFIX_PATH} CMAKE_PREFIX_PATH=/home/bill7/billeagle_ws/lslidar_ws/install/lslidar_msgs:/home/bill7/billeagle_ws/bill_ws/install/bill_slam:/home/bill7/billeagle_ws/bill_ws/install/bill_nav:/home/bill7/billeagle_ws/bill_ws/install/bill_description:/home/bill7/billeagle_ws/bill_ws/install/bill:/opt/ros/humble CONDA_PROMPT_MODIFIER=(bill) LD_LIBRARY_PATH=/home/bill7/billeagle_ws/lslidar_ws/install/lslidar_msgs/lib:${LD_LIBRARY_PATH} PYTHONPATH=/home/bill7/billeagle_ws/lslidar_ws/install/lslidar_msgs/lib/python3.10/site-packages:/opt/ros/humble/lib/python3.10/site-packages:/opt/ros/humble/local/lib/python3.10/dist-packages:/home/bill7/miniconda3/envs/bill/lib/python3.10/site-packages /usr/bin/cmake --build /home/bill7/billeagle_ws/lslidar_ws/build/lslidar_driver -- -j16 -l16
[14.341s] DEBUG:colcon.colcon_core.event_handler.log_command:Invoked command in '/home/bill7/billeagle_ws/lslidar_ws/build/lslidar_driver' returned '0': AMENT_PREFIX_PATH=/home/bill7/billeagle_ws/lslidar_ws/install/lslidar_msgs:${AMENT_PREFIX_PATH} CMAKE_PREFIX_PATH=/home/bill7/billeagle_ws/lslidar_ws/install/lslidar_msgs:/home/bill7/billeagle_ws/bill_ws/install/bill_slam:/home/bill7/billeagle_ws/bill_ws/install/bill_nav:/home/bill7/billeagle_ws/bill_ws/install/bill_description:/home/bill7/billeagle_ws/bill_ws/install/bill:/opt/ros/humble CONDA_PROMPT_MODIFIER=(bill) LD_LIBRARY_PATH=/home/bill7/billeagle_ws/lslidar_ws/install/lslidar_msgs/lib:${LD_LIBRARY_PATH} PYTHONPATH=/home/bill7/billeagle_ws/lslidar_ws/install/lslidar_msgs/lib/python3.10/site-packages:/opt/ros/humble/lib/python3.10/site-packages:/opt/ros/humble/local/lib/python3.10/dist-packages:/home/bill7/miniconda3/envs/bill/lib/python3.10/site-packages /usr/bin/cmake --build /home/bill7/billeagle_ws/lslidar_ws/build/lslidar_driver -- -j16 -l16
[14.342s] DEBUG:colcon.colcon_core.event_handler.log_command:Invoking command in '/home/bill7/billeagle_ws/lslidar_ws/build/lslidar_driver': AMENT_PREFIX_PATH=/home/bill7/billeagle_ws/lslidar_ws/install/lslidar_msgs:${AMENT_PREFIX_PATH} CMAKE_PREFIX_PATH=/home/bill7/billeagle_ws/lslidar_ws/install/lslidar_msgs:/home/bill7/billeagle_ws/bill_ws/install/bill_slam:/home/bill7/billeagle_ws/bill_ws/install/bill_nav:/home/bill7/billeagle_ws/bill_ws/install/bill_description:/home/bill7/billeagle_ws/bill_ws/install/bill:/opt/ros/humble CONDA_PROMPT_MODIFIER=(bill) LD_LIBRARY_PATH=/home/bill7/billeagle_ws/lslidar_ws/install/lslidar_msgs/lib:${LD_LIBRARY_PATH} PYTHONPATH=/home/bill7/billeagle_ws/lslidar_ws/install/lslidar_msgs/lib/python3.10/site-packages:/opt/ros/humble/lib/python3.10/site-packages:/opt/ros/humble/local/lib/python3.10/dist-packages:/home/bill7/miniconda3/envs/bill/lib/python3.10/site-packages /usr/bin/cmake --install /home/bill7/billeagle_ws/lslidar_ws/build/lslidar_driver
[14.359s] Level 1:colcon.colcon_core.environment:create_environment_scripts_only(lslidar_driver)
[14.359s] DEBUG:colcon.colcon_core.event_handler.log_command:Invoked command in '/home/bill7/billeagle_ws/lslidar_ws/build/lslidar_driver' returned '0': AMENT_PREFIX_PATH=/home/bill7/billeagle_ws/lslidar_ws/install/lslidar_msgs:${AMENT_PREFIX_PATH} CMAKE_PREFIX_PATH=/home/bill7/billeagle_ws/lslidar_ws/install/lslidar_msgs:/home/bill7/billeagle_ws/bill_ws/install/bill_slam:/home/bill7/billeagle_ws/bill_ws/install/bill_nav:/home/bill7/billeagle_ws/bill_ws/install/bill_description:/home/bill7/billeagle_ws/bill_ws/install/bill:/opt/ros/humble CONDA_PROMPT_MODIFIER=(bill) LD_LIBRARY_PATH=/home/bill7/billeagle_ws/lslidar_ws/install/lslidar_msgs/lib:${LD_LIBRARY_PATH} PYTHONPATH=/home/bill7/billeagle_ws/lslidar_ws/install/lslidar_msgs/lib/python3.10/site-packages:/opt/ros/humble/lib/python3.10/site-packages:/opt/ros/humble/local/lib/python3.10/dist-packages:/home/bill7/miniconda3/envs/bill/lib/python3.10/site-packages /usr/bin/cmake --install /home/bill7/billeagle_ws/lslidar_ws/build/lslidar_driver
[14.359s] Level 1:colcon.colcon_core.environment:checking '/home/bill7/billeagle_ws/lslidar_ws/install/lslidar_driver' for CMake module files
[14.360s] Level 1:colcon.colcon_core.environment:checking '/home/bill7/billeagle_ws/lslidar_ws/install/lslidar_driver' for CMake config files
[14.360s] Level 1:colcon.colcon_core.shell:create_environment_hook('lslidar_driver', 'cmake_prefix_path')
[14.361s] INFO:colcon.colcon_core.shell:Creating environment hook '/home/bill7/billeagle_ws/lslidar_ws/install/lslidar_driver/share/lslidar_driver/hook/cmake_prefix_path.ps1'
[14.361s] INFO:colcon.colcon_core.shell:Creating environment descriptor '/home/bill7/billeagle_ws/lslidar_ws/install/lslidar_driver/share/lslidar_driver/hook/cmake_prefix_path.dsv'
[14.362s] INFO:colcon.colcon_core.shell:Creating environment hook '/home/bill7/billeagle_ws/lslidar_ws/install/lslidar_driver/share/lslidar_driver/hook/cmake_prefix_path.sh'
[14.363s] Level 1:colcon.colcon_core.environment:checking '/home/bill7/billeagle_ws/lslidar_ws/install/lslidar_driver/lib'
[14.363s] Level 1:colcon.colcon_core.environment:checking '/home/bill7/billeagle_ws/lslidar_ws/install/lslidar_driver/bin'
[14.363s] Level 1:colcon.colcon_core.environment:checking '/home/bill7/billeagle_ws/lslidar_ws/install/lslidar_driver/lib/pkgconfig/lslidar_driver.pc'
[14.363s] Level 1:colcon.colcon_core.environment:checking '/home/bill7/billeagle_ws/lslidar_ws/install/lslidar_driver/lib/python3.10/site-packages'
[14.363s] Level 1:colcon.colcon_core.environment:checking '/home/bill7/billeagle_ws/lslidar_ws/install/lslidar_driver/bin'
[14.364s] INFO:colcon.colcon_core.shell:Creating package script '/home/bill7/billeagle_ws/lslidar_ws/install/lslidar_driver/share/lslidar_driver/package.ps1'
[14.364s] INFO:colcon.colcon_core.shell:Creating package descriptor '/home/bill7/billeagle_ws/lslidar_ws/install/lslidar_driver/share/lslidar_driver/package.dsv'
[14.365s] INFO:colcon.colcon_core.shell:Creating package script '/home/bill7/billeagle_ws/lslidar_ws/install/lslidar_driver/share/lslidar_driver/package.sh'
[14.365s] INFO:colcon.colcon_core.shell:Creating package script '/home/bill7/billeagle_ws/lslidar_ws/install/lslidar_driver/share/lslidar_driver/package.bash'
[14.366s] INFO:colcon.colcon_core.shell:Creating package script '/home/bill7/billeagle_ws/lslidar_ws/install/lslidar_driver/share/lslidar_driver/package.zsh'
[14.366s] Level 1:colcon.colcon_core.environment:create_file_with_runtime_dependencies(/home/bill7/billeagle_ws/lslidar_ws/install/lslidar_driver/share/colcon-core/packages/lslidar_driver)
[14.367s] Level 1:colcon.colcon_core.environment:create_environment_scripts_only(lslidar_driver)
[14.367s] Level 1:colcon.colcon_core.environment:checking '/home/bill7/billeagle_ws/lslidar_ws/install/lslidar_driver' for CMake module files
[14.367s] Level 1:colcon.colcon_core.environment:checking '/home/bill7/billeagle_ws/lslidar_ws/install/lslidar_driver' for CMake config files
[14.368s] Level 1:colcon.colcon_core.shell:create_environment_hook('lslidar_driver', 'cmake_prefix_path')
[14.368s] INFO:colcon.colcon_core.shell:Creating environment hook '/home/bill7/billeagle_ws/lslidar_ws/install/lslidar_driver/share/lslidar_driver/hook/cmake_prefix_path.ps1'
[14.368s] INFO:colcon.colcon_core.shell:Creating environment descriptor '/home/bill7/billeagle_ws/lslidar_ws/install/lslidar_driver/share/lslidar_driver/hook/cmake_prefix_path.dsv'
[14.369s] INFO:colcon.colcon_core.shell:Creating environment hook '/home/bill7/billeagle_ws/lslidar_ws/install/lslidar_driver/share/lslidar_driver/hook/cmake_prefix_path.sh'
[14.370s] Level 1:colcon.colcon_core.environment:checking '/home/bill7/billeagle_ws/lslidar_ws/install/lslidar_driver/lib'
[14.370s] Level 1:colcon.colcon_core.environment:checking '/home/bill7/billeagle_ws/lslidar_ws/install/lslidar_driver/bin'
[14.370s] Level 1:colcon.colcon_core.environment:checking '/home/bill7/billeagle_ws/lslidar_ws/install/lslidar_driver/lib/pkgconfig/lslidar_driver.pc'
[14.370s] Level 1:colcon.colcon_core.environment:checking '/home/bill7/billeagle_ws/lslidar_ws/install/lslidar_driver/lib/python3.10/site-packages'
[14.370s] Level 1:colcon.colcon_core.environment:checking '/home/bill7/billeagle_ws/lslidar_ws/install/lslidar_driver/bin'
[14.371s] INFO:colcon.colcon_core.shell:Creating package script '/home/bill7/billeagle_ws/lslidar_ws/install/lslidar_driver/share/lslidar_driver/package.ps1'
[14.371s] INFO:colcon.colcon_core.shell:Creating package descriptor '/home/bill7/billeagle_ws/lslidar_ws/install/lslidar_driver/share/lslidar_driver/package.dsv'
[14.372s] INFO:colcon.colcon_core.shell:Creating package script '/home/bill7/billeagle_ws/lslidar_ws/install/lslidar_driver/share/lslidar_driver/package.sh'
[14.372s] INFO:colcon.colcon_core.shell:Creating package script '/home/bill7/billeagle_ws/lslidar_ws/install/lslidar_driver/share/lslidar_driver/package.bash'
[14.372s] INFO:colcon.colcon_core.shell:Creating package script '/home/bill7/billeagle_ws/lslidar_ws/install/lslidar_driver/share/lslidar_driver/package.zsh'
[14.373s] Level 1:colcon.colcon_core.environment:create_file_with_runtime_dependencies(/home/bill7/billeagle_ws/lslidar_ws/install/lslidar_driver/share/colcon-core/packages/lslidar_driver)
[14.373s] DEBUG:colcon.colcon_parallel_executor.executor.parallel:closing loop
[14.373s] DEBUG:colcon.colcon_parallel_executor.executor.parallel:loop closed
[14.373s] DEBUG:colcon.colcon_parallel_executor.executor.parallel:run_until_complete finished with '0'
[14.373s] DEBUG:colcon.colcon_core.event_reactor:joining thread
[14.378s] INFO:colcon.colcon_core.plugin_system:Skipping extension 'colcon_notification.desktop_notification.terminal_notifier': Not used on non-Darwin systems
[14.379s] INFO:colcon.colcon_core.plugin_system:Skipping extension 'colcon_notification.desktop_notification.win32': Not used on non-Windows systems
[14.379s] INFO:colcon.colcon_notification.desktop_notification:Sending desktop notification using 'notify2'
[14.392s] DEBUG:colcon.colcon_core.event_reactor:joined thread
[14.392s] INFO:colcon.colcon_core.shell:Creating prefix script '/home/bill7/billeagle_ws/lslidar_ws/install/local_setup.ps1'
[14.393s] INFO:colcon.colcon_core.shell:Creating prefix util module '/home/bill7/billeagle_ws/lslidar_ws/install/_local_setup_util_ps1.py'
[14.395s] INFO:colcon.colcon_core.shell:Creating prefix chain script '/home/bill7/billeagle_ws/lslidar_ws/install/setup.ps1'
[14.395s] INFO:colcon.colcon_core.shell:Creating prefix script '/home/bill7/billeagle_ws/lslidar_ws/install/local_setup.sh'
[14.396s] INFO:colcon.colcon_core.shell:Creating prefix util module '/home/bill7/billeagle_ws/lslidar_ws/install/_local_setup_util_sh.py'
[14.396s] INFO:colcon.colcon_core.shell:Creating prefix chain script '/home/bill7/billeagle_ws/lslidar_ws/install/setup.sh'
[14.397s] INFO:colcon.colcon_core.shell:Creating prefix script '/home/bill7/billeagle_ws/lslidar_ws/install/local_setup.bash'
[14.397s] INFO:colcon.colcon_core.shell:Creating prefix chain script '/home/bill7/billeagle_ws/lslidar_ws/install/setup.bash'
[14.398s] INFO:colcon.colcon_core.shell:Creating prefix script '/home/bill7/billeagle_ws/lslidar_ws/install/local_setup.zsh'
[14.398s] INFO:colcon.colcon_core.shell:Creating prefix chain script '/home/bill7/billeagle_ws/lslidar_ws/install/setup.zsh'
