[0.018s] Invoking command in '/home/vfran/billeagle_ws/lslidar_ws/build/lslidar_driver': AMENT_PREFIX_PATH=/home/vfran/billeagle_ws/lslidar_ws/install/lslidar_msgs:${AMENT_PREFIX_PATH} CMAKE_PREFIX_PATH=/home/vfran/billeagle_ws/lslidar_ws/install/lslidar_msgs:/opt/ros/humble LD_LIBRARY_PATH=/home/vfran/billeagle_ws/lslidar_ws/install/lslidar_msgs/lib:${LD_LIBRARY_PATH} PYTHONPATH=/home/vfran/billeagle_ws/lslidar_ws/install/lslidar_msgs/local/lib/python3.10/dist-packages:${PYTHONPATH} /usr/local/bin/cmake /home/vfran/billeagle_ws/lslidar_ws/src/LSLIDAR_M10_N10_V2.5.2_230110_ROS2/lslidar_driver -DCMAKE_INSTALL_PREFIX=/home/vfran/billeagle_ws/lslidar_ws/install/lslidar_driver
[0.091s] -- The C compiler identification is GNU 11.4.0
[0.171s] -- The CXX compiler identification is GNU 11.4.0
[0.182s] -- Detecting C compiler ABI info
[0.263s] -- Detecting C compiler ABI info - done
[0.274s] -- Check for working C compiler: /usr/bin/cc - skipped
[0.274s] -- Detecting C compile features
[0.274s] -- Detecting C compile features - done
[0.278s] -- Detecting CXX compiler ABI info
[0.378s] -- Detecting CXX compiler ABI info - done
[0.389s] -- Check for working CXX compiler: /usr/bin/c++ - skipped
[0.389s] -- Detecting CXX compile features
[0.389s] -- Detecting CXX compile features - done
[0.592s] -- Found Boost: /usr/lib/x86_64-linux-gnu/cmake/Boost-1.74.0/BoostConfig.cmake (found version "1.74.0") found components: thread 
[0.598s] -- Found rclcpp: 16.0.11 (/opt/ros/humble/share/rclcpp/cmake)
[0.746s] -- Found Python3: /usr/bin/python3 (found version "3.10.12") found components: Interpreter 
[0.943s] -- Found rosidl_generator_c: 3.1.6 (/opt/ros/humble/share/rosidl_generator_c/cmake)
[0.951s] -- Found rosidl_adapter: 3.1.6 (/opt/ros/humble/share/rosidl_adapter/cmake)
[0.963s] -- Found rosidl_generator_cpp: 3.1.6 (/opt/ros/humble/share/rosidl_generator_cpp/cmake)
[0.981s] -- Using all available rosidl_typesupport_c: rosidl_typesupport_fastrtps_c;rosidl_typesupport_introspection_c
[1.005s] -- Using all available rosidl_typesupport_cpp: rosidl_typesupport_fastrtps_cpp;rosidl_typesupport_introspection_cpp
[1.087s] -- Found rmw_implementation_cmake: 6.1.2 (/opt/ros/humble/share/rmw_implementation_cmake/cmake)
[1.093s] -- Found rmw_fastrtps_cpp: 6.2.7 (/opt/ros/humble/share/rmw_fastrtps_cpp/cmake)
[1.244s] -- Found OpenSSL: /usr/lib/x86_64-linux-gnu/libcrypto.so (found version "3.0.2")  
[1.288s] -- Found FastRTPS: /opt/ros/humble/include  
[1.364s] -- Using RMW implementation 'rmw_fastrtps_cpp' as default
[1.379s] -- Found Threads: TRUE  
[1.482s] -- Checking for module 'eigen3'
[1.507s] --   Found eigen3, version 3.4.0
[1.574s] -- Found Eigen: /usr/include/eigen3 (Required is at least version "3.1") 
[1.574s] -- Eigen found (include: /usr/include/eigen3, version: 3.4.0)
[1.607s] -- Found Boost: /usr/lib/x86_64-linux-gnu/cmake/Boost-1.74.0/BoostConfig.cmake (found suitable version "1.74.0", minimum required is "1.65.0") found components: system filesystem date_time iostreams serialization 
[1.638s] -- Checking for module 'flann'
[1.663s] --   Found flann, version 1.9.1
[1.734s] -- Found FLANN: /usr/lib/x86_64-linux-gnu/libflann_cpp.so  
[1.734s] -- FLANN found (include: /usr/include, lib: /usr/lib/x86_64-linux-gnu/libflann_cpp.so)
[1.788s] -- Found GLEW: /usr/lib/x86_64-linux-gnu/libGLEW.so  
[1.796s] -- Found OpenGL: /usr/lib/x86_64-linux-gnu/libOpenGL.so  found components: OpenGL GLX 
[2.013s] -- Found MPI_C: /usr/lib/x86_64-linux-gnu/libmpi.so (found version "3.1") 
[2.013s] -- Found MPI: TRUE (found version "3.1") found components: C 
[2.017s] -- Found JsonCpp: /usr/lib/x86_64-linux-gnu/libjsoncpp.so (found suitable version "1.9.5", minimum required is "0.7.0") 
[2.029s] -- Found ZLIB: /usr/lib/x86_64-linux-gnu/libz.so (found version "1.2.11") 
[2.052s] -- Found PNG: /usr/lib/x86_64-linux-gnu/libpng.so (found version "1.6.37") 
[2.085s] -- Found Eigen3: /usr/include/eigen3 (found version "3.4.0") 
[2.237s] -- Found X11: /usr/include   
[2.238s] -- Looking for XOpenDisplay in /usr/lib/x86_64-linux-gnu/libX11.so;/usr/lib/x86_64-linux-gnu/libXext.so
[2.334s] -- Looking for XOpenDisplay in /usr/lib/x86_64-linux-gnu/libX11.so;/usr/lib/x86_64-linux-gnu/libXext.so - found
[2.334s] -- Looking for gethostbyname
[2.421s] -- Looking for gethostbyname - found
[2.421s] -- Looking for connect
[2.509s] -- Looking for connect - found
[2.510s] -- Looking for remove
[2.596s] -- Looking for remove - found
[2.597s] -- Looking for shmat
[2.681s] -- Looking for shmat - found
[2.682s] -- Looking for IceConnectionNumber in ICE
[2.767s] -- Looking for IceConnectionNumber in ICE - found
[2.904s] -- Found EXPAT: /usr/lib/x86_64-linux-gnu/libexpat.so (found version "2.4.7") 
[2.906s] -- Found double-conversion: /usr/lib/x86_64-linux-gnu/libdouble-conversion.so  
[2.910s] -- Found LZ4: /usr/lib/x86_64-linux-gnu/liblz4.so (found version "1.9.3") 
[2.912s] -- Found LZMA: /usr/lib/x86_64-linux-gnu/liblzma.so (found version "5.2.5") 
[2.962s] -- Found JPEG: /usr/lib/x86_64-linux-gnu/libjpeg.so (found version "80") 
[2.969s] -- Found TIFF: /usr/lib/x86_64-linux-gnu/libtiff.so (found version "4.3.0")  
[2.975s] -- Found Freetype: /usr/lib/x86_64-linux-gnu/libfreetype.so (found version "2.11.1") 
[2.983s] -- Found utf8cpp: /usr/include/utf8cpp  
[3.132s] -- Checking for module 'libusb-1.0'
[3.158s] --   Found libusb-1.0, version 1.0.25
[3.232s] -- Found libusb: /usr/lib/x86_64-linux-gnu/libusb-1.0.so  
[3.234s] -- Found OpenNI: /usr/lib/libOpenNI.so;libusb::libusb (found version "1.5.4.0") 
[3.234s] -- OpenNI found (version: 1.5.4.0, include: /usr/include/ni, lib: /usr/lib/libOpenNI.so;libusb::libusb)
[3.347s] -- Found OpenNI2: /usr/lib/x86_64-linux-gnu/libOpenNI2.so;libusb::libusb (found version "2.2.0.33") 
[3.348s] -- OpenNI2 found (version: 2.2.0.33, include: /usr/include/openni2, lib: /usr/lib/x86_64-linux-gnu/libOpenNI2.so;libusb::libusb)
[3.348s] [0m** WARNING ** io features related to pcap will be disabled[0m
[3.556s] -- Eigen found (include: /usr/include/eigen3, version: 3.4.0)
[3.566s] -- OpenNI found (version: 1.5.4.0, include: /usr/include/ni, lib: /usr/lib/libOpenNI.so;libusb::libusb)
[3.577s] -- OpenNI2 found (version: 2.2.0.33, include: /usr/include/openni2, lib: /usr/lib/x86_64-linux-gnu/libOpenNI2.so;libusb::libusb)
[3.782s] -- Found Qhull version 8.0.2
[3.987s] -- OpenNI found (version: 1.5.4.0, include: /usr/include/ni, lib: /usr/lib/libOpenNI.so;libusb::libusb)
[4.185s] -- looking for PCL_COMMON
[4.186s] -- Found PCL_COMMON: /usr/lib/x86_64-linux-gnu/libpcl_common.so  
[4.187s] -- looking for PCL_KDTREE
[4.194s] -- Found PCL_KDTREE: /usr/lib/x86_64-linux-gnu/libpcl_kdtree.so  
[4.194s] -- looking for PCL_OCTREE
[4.195s] -- Found PCL_OCTREE: /usr/lib/x86_64-linux-gnu/libpcl_octree.so  
[4.196s] -- looking for PCL_SEARCH
[4.197s] -- Found PCL_SEARCH: /usr/lib/x86_64-linux-gnu/libpcl_search.so  
[4.197s] -- looking for PCL_SAMPLE_CONSENSUS
[4.198s] -- Found PCL_SAMPLE_CONSENSUS: /usr/lib/x86_64-linux-gnu/libpcl_sample_consensus.so  
[4.198s] -- looking for PCL_FILTERS
[4.199s] -- Found PCL_FILTERS: /usr/lib/x86_64-linux-gnu/libpcl_filters.so  
[4.200s] -- looking for PCL_2D
[4.200s] -- Found PCL_2D: /usr/include/pcl-1.12  
[4.200s] -- looking for PCL_GEOMETRY
[4.201s] -- Found PCL_GEOMETRY: /usr/include/pcl-1.12  
[4.201s] -- looking for PCL_IO
[4.202s] -- Found PCL_IO: /usr/lib/x86_64-linux-gnu/libpcl_io.so  
[4.202s] -- looking for PCL_FEATURES
[4.203s] -- Found PCL_FEATURES: /usr/lib/x86_64-linux-gnu/libpcl_features.so  
[4.204s] -- looking for PCL_ML
[4.205s] -- Found PCL_ML: /usr/lib/x86_64-linux-gnu/libpcl_ml.so  
[4.205s] -- looking for PCL_SEGMENTATION
[4.206s] -- Found PCL_SEGMENTATION: /usr/lib/x86_64-linux-gnu/libpcl_segmentation.so  
[4.207s] -- looking for PCL_VISUALIZATION
[4.208s] -- Found PCL_VISUALIZATION: /usr/lib/x86_64-linux-gnu/libpcl_visualization.so  
[4.208s] -- looking for PCL_SURFACE
[4.209s] -- Found PCL_SURFACE: /usr/lib/x86_64-linux-gnu/libpcl_surface.so  
[4.209s] -- looking for PCL_REGISTRATION
[4.211s] -- Found PCL_REGISTRATION: /usr/lib/x86_64-linux-gnu/libpcl_registration.so  
[4.211s] -- looking for PCL_KEYPOINTS
[4.212s] -- Found PCL_KEYPOINTS: /usr/lib/x86_64-linux-gnu/libpcl_keypoints.so  
[4.212s] -- looking for PCL_TRACKING
[4.213s] -- Found PCL_TRACKING: /usr/lib/x86_64-linux-gnu/libpcl_tracking.so  
[4.214s] -- looking for PCL_RECOGNITION
[4.215s] -- Found PCL_RECOGNITION: /usr/lib/x86_64-linux-gnu/libpcl_recognition.so  
[4.215s] -- looking for PCL_STEREO
[4.216s] -- Found PCL_STEREO: /usr/lib/x86_64-linux-gnu/libpcl_stereo.so  
[4.216s] -- looking for PCL_APPS
[4.218s] -- Found PCL_APPS: /usr/lib/x86_64-linux-gnu/libpcl_apps.so  
[4.219s] -- looking for PCL_IN_HAND_SCANNER
[4.219s] -- Found PCL_IN_HAND_SCANNER: /usr/include/pcl-1.12  
[4.219s] -- looking for PCL_MODELER
[4.219s] -- Found PCL_MODELER: /usr/include/pcl-1.12  
[4.220s] -- looking for PCL_POINT_CLOUD_EDITOR
[4.221s] -- Found PCL_POINT_CLOUD_EDITOR: /usr/include/pcl-1.12  
[4.221s] -- looking for PCL_OUTOFCORE
[4.222s] -- Found PCL_OUTOFCORE: /usr/lib/x86_64-linux-gnu/libpcl_outofcore.so  
[4.222s] -- looking for PCL_PEOPLE
[4.224s] -- Found PCL_PEOPLE: /usr/lib/x86_64-linux-gnu/libpcl_people.so  
[4.225s] -- Found PCL: pcl_common;pcl_kdtree;pcl_octree;pcl_search;pcl_sample_consensus;pcl_filters;pcl_io;pcl_features;pcl_ml;pcl_segmentation;pcl_visualization;pcl_surface;pcl_registration;pcl_keypoints;pcl_tracking;pcl_recognition;pcl_stereo;pcl_apps;pcl_outofcore;pcl_people;Boost::system;Boost::filesystem;Boost::date_time;Boost::iostreams;Boost::serialization;/usr/lib/libOpenNI.so;libusb::libusb;/usr/lib/x86_64-linux-gnu/libOpenNI2.so;libusb::libusb;VTK::ChartsCore;VTK::CommonColor;VTK::CommonComputationalGeometry;VTK::CommonCore;VTK::CommonDataModel;VTK::CommonExecutionModel;VTK::CommonMath;VTK::CommonMisc;VTK::CommonTransforms;VTK::FiltersCore;VTK::FiltersExtraction;VTK::FiltersGeneral;VTK::FiltersGeometry;VTK::FiltersModeling;VTK::FiltersSources;VTK::ImagingCore;VTK::ImagingSources;VTK::InteractionImage;VTK::InteractionStyle;VTK::InteractionWidgets;VTK::IOCore;VTK::IOGeometry;VTK::IOImage;VTK::IOLegacy;VTK::IOPLY;VTK::RenderingAnnotation;VTK::RenderingCore;VTK::RenderingContext2D;VTK::RenderingLOD;VTK::RenderingFreeType;VTK::ViewsCore;VTK::ViewsContext2D;VTK::RenderingOpenGL2;VTK::GUISupportQt;FLANN::FLANN;QHULL::QHULL  
[4.229s] -- Found diagnostic_updater: 4.0.0 (/opt/ros/humble/share/diagnostic_updater/cmake)
[4.262s] -- Found lslidar_msgs: 1.2.0 (/home/vfran/billeagle_ws/lslidar_ws/install/lslidar_msgs/share/lslidar_msgs/cmake)
[4.283s] -- Found pluginlib: 5.1.0 (/opt/ros/humble/share/pluginlib/cmake)
[4.333s] -- Found pcl_conversions: 2.4.5 (/opt/ros/humble/share/pcl_conversions/cmake)
[4.512s] -- Configuring done
[4.680s] -- Generating done
[4.699s] -- Build files have been written to: /home/vfran/billeagle_ws/lslidar_ws/build/lslidar_driver
[4.723s] Invoked command in '/home/vfran/billeagle_ws/lslidar_ws/build/lslidar_driver' returned '0': AMENT_PREFIX_PATH=/home/vfran/billeagle_ws/lslidar_ws/install/lslidar_msgs:${AMENT_PREFIX_PATH} CMAKE_PREFIX_PATH=/home/vfran/billeagle_ws/lslidar_ws/install/lslidar_msgs:/opt/ros/humble LD_LIBRARY_PATH=/home/vfran/billeagle_ws/lslidar_ws/install/lslidar_msgs/lib:${LD_LIBRARY_PATH} PYTHONPATH=/home/vfran/billeagle_ws/lslidar_ws/install/lslidar_msgs/local/lib/python3.10/dist-packages:${PYTHONPATH} /usr/local/bin/cmake /home/vfran/billeagle_ws/lslidar_ws/src/LSLIDAR_M10_N10_V2.5.2_230110_ROS2/lslidar_driver -DCMAKE_INSTALL_PREFIX=/home/vfran/billeagle_ws/lslidar_ws/install/lslidar_driver
[4.725s] Invoking command in '/home/vfran/billeagle_ws/lslidar_ws/build/lslidar_driver': AMENT_PREFIX_PATH=/home/vfran/billeagle_ws/lslidar_ws/install/lslidar_msgs:${AMENT_PREFIX_PATH} CMAKE_PREFIX_PATH=/home/vfran/billeagle_ws/lslidar_ws/install/lslidar_msgs:/opt/ros/humble LD_LIBRARY_PATH=/home/vfran/billeagle_ws/lslidar_ws/install/lslidar_msgs/lib:${LD_LIBRARY_PATH} PYTHONPATH=/home/vfran/billeagle_ws/lslidar_ws/install/lslidar_msgs/local/lib/python3.10/dist-packages:${PYTHONPATH} /usr/local/bin/cmake --build /home/vfran/billeagle_ws/lslidar_ws/build/lslidar_driver -- -j16 -l16
[4.778s] [ 40%] [32mBuilding CXX object CMakeFiles/lslidar_driver_node.dir/src/lslidar_driver_node.cc.o[0m
[4.779s] [ 40%] [32mBuilding CXX object CMakeFiles/lslidar_driver_node.dir/src/lsiosr.cpp.o[0m
[4.779s] [ 60%] [32mBuilding CXX object CMakeFiles/lslidar_driver_node.dir/src/lslidar_driver.cc.o[0m
[4.779s] [ 80%] [32mBuilding CXX object CMakeFiles/lslidar_driver_node.dir/src/input.cc.o[0m
[18.756s] [100%] [32m[1mLinking CXX executable lslidar_driver_node[0m
[21.191s] [100%] Built target lslidar_driver_node
[21.200s] Invoked command in '/home/vfran/billeagle_ws/lslidar_ws/build/lslidar_driver' returned '0': AMENT_PREFIX_PATH=/home/vfran/billeagle_ws/lslidar_ws/install/lslidar_msgs:${AMENT_PREFIX_PATH} CMAKE_PREFIX_PATH=/home/vfran/billeagle_ws/lslidar_ws/install/lslidar_msgs:/opt/ros/humble LD_LIBRARY_PATH=/home/vfran/billeagle_ws/lslidar_ws/install/lslidar_msgs/lib:${LD_LIBRARY_PATH} PYTHONPATH=/home/vfran/billeagle_ws/lslidar_ws/install/lslidar_msgs/local/lib/python3.10/dist-packages:${PYTHONPATH} /usr/local/bin/cmake --build /home/vfran/billeagle_ws/lslidar_ws/build/lslidar_driver -- -j16 -l16
[21.202s] Invoking command in '/home/vfran/billeagle_ws/lslidar_ws/build/lslidar_driver': AMENT_PREFIX_PATH=/home/vfran/billeagle_ws/lslidar_ws/install/lslidar_msgs:${AMENT_PREFIX_PATH} CMAKE_PREFIX_PATH=/home/vfran/billeagle_ws/lslidar_ws/install/lslidar_msgs:/opt/ros/humble LD_LIBRARY_PATH=/home/vfran/billeagle_ws/lslidar_ws/install/lslidar_msgs/lib:${LD_LIBRARY_PATH} PYTHONPATH=/home/vfran/billeagle_ws/lslidar_ws/install/lslidar_msgs/local/lib/python3.10/dist-packages:${PYTHONPATH} /usr/local/bin/cmake --install /home/vfran/billeagle_ws/lslidar_ws/build/lslidar_driver
[21.206s] -- Install configuration: ""
[21.206s] -- Installing: /home/vfran/billeagle_ws/lslidar_ws/install/lslidar_driver/share/lslidar_driver/launch
[21.206s] -- Installing: /home/vfran/billeagle_ws/lslidar_ws/install/lslidar_driver/share/lslidar_driver/launch/lslidar_launch.py
[21.206s] -- Installing: /home/vfran/billeagle_ws/lslidar_ws/install/lslidar_driver/share/lslidar_driver/params
[21.206s] -- Installing: /home/vfran/billeagle_ws/lslidar_ws/install/lslidar_driver/share/lslidar_driver/params/lsx10.yaml
[21.207s] -- Installing: /home/vfran/billeagle_ws/lslidar_ws/install/lslidar_driver/share/lslidar_driver/params/lsx10_1.yaml
[21.207s] -- Installing: /home/vfran/billeagle_ws/lslidar_ws/install/lslidar_driver/share/lslidar_driver/params/lsx10_2.yaml
[21.207s] -- Installing: /home/vfran/billeagle_ws/lslidar_ws/install/lslidar_driver/share/lslidar_driver/rviz
[21.207s] -- Installing: /home/vfran/billeagle_ws/lslidar_ws/install/lslidar_driver/share/lslidar_driver/rviz/lslidar.rviz
[21.208s] -- Installing: /home/vfran/billeagle_ws/lslidar_ws/install/lslidar_driver/lib/lslidar_driver/lslidar_driver_node
[21.213s] -- Set runtime path of "/home/vfran/billeagle_ws/lslidar_ws/install/lslidar_driver/lib/lslidar_driver/lslidar_driver_node" to ""
[21.213s] -- Installing: /home/vfran/billeagle_ws/lslidar_ws/install/lslidar_driver/share/ament_index/resource_index/package_run_dependencies/lslidar_driver
[21.214s] -- Installing: /home/vfran/billeagle_ws/lslidar_ws/install/lslidar_driver/share/ament_index/resource_index/parent_prefix_path/lslidar_driver
[21.214s] -- Installing: /home/vfran/billeagle_ws/lslidar_ws/install/lslidar_driver/share/lslidar_driver/environment/ament_prefix_path.sh
[21.214s] -- Installing: /home/vfran/billeagle_ws/lslidar_ws/install/lslidar_driver/share/lslidar_driver/environment/ament_prefix_path.dsv
[21.214s] -- Installing: /home/vfran/billeagle_ws/lslidar_ws/install/lslidar_driver/share/lslidar_driver/environment/path.sh
[21.214s] -- Installing: /home/vfran/billeagle_ws/lslidar_ws/install/lslidar_driver/share/lslidar_driver/environment/path.dsv
[21.214s] -- Installing: /home/vfran/billeagle_ws/lslidar_ws/install/lslidar_driver/share/lslidar_driver/local_setup.bash
[21.215s] -- Installing: /home/vfran/billeagle_ws/lslidar_ws/install/lslidar_driver/share/lslidar_driver/local_setup.sh
[21.215s] -- Installing: /home/vfran/billeagle_ws/lslidar_ws/install/lslidar_driver/share/lslidar_driver/local_setup.zsh
[21.215s] -- Installing: /home/vfran/billeagle_ws/lslidar_ws/install/lslidar_driver/share/lslidar_driver/local_setup.dsv
[21.215s] -- Installing: /home/vfran/billeagle_ws/lslidar_ws/install/lslidar_driver/share/lslidar_driver/package.dsv
[21.215s] -- Installing: /home/vfran/billeagle_ws/lslidar_ws/install/lslidar_driver/share/ament_index/resource_index/packages/lslidar_driver
[21.215s] -- Installing: /home/vfran/billeagle_ws/lslidar_ws/install/lslidar_driver/share/lslidar_driver/cmake/ament_cmake_export_dependencies-extras.cmake
[21.215s] -- Installing: /home/vfran/billeagle_ws/lslidar_ws/install/lslidar_driver/share/lslidar_driver/cmake/ament_cmake_export_include_directories-extras.cmake
[21.215s] -- Installing: /home/vfran/billeagle_ws/lslidar_ws/install/lslidar_driver/share/lslidar_driver/cmake/lslidar_driverConfig.cmake
[21.215s] -- Installing: /home/vfran/billeagle_ws/lslidar_ws/install/lslidar_driver/share/lslidar_driver/cmake/lslidar_driverConfig-version.cmake
[21.215s] -- Installing: /home/vfran/billeagle_ws/lslidar_ws/install/lslidar_driver/share/lslidar_driver/package.xml
[21.218s] Invoked command in '/home/vfran/billeagle_ws/lslidar_ws/build/lslidar_driver' returned '0': AMENT_PREFIX_PATH=/home/vfran/billeagle_ws/lslidar_ws/install/lslidar_msgs:${AMENT_PREFIX_PATH} CMAKE_PREFIX_PATH=/home/vfran/billeagle_ws/lslidar_ws/install/lslidar_msgs:/opt/ros/humble LD_LIBRARY_PATH=/home/vfran/billeagle_ws/lslidar_ws/install/lslidar_msgs/lib:${LD_LIBRARY_PATH} PYTHONPATH=/home/vfran/billeagle_ws/lslidar_ws/install/lslidar_msgs/local/lib/python3.10/dist-packages:${PYTHONPATH} /usr/local/bin/cmake --install /home/vfran/billeagle_ws/lslidar_ws/build/lslidar_driver
