/home/vic/billeagle_ws/personal_ws/install/person_identification_mission/lib/python3.10/site-packages/person_identification_mission/face_recognition.py
/home/vic/billeagle_ws/personal_ws/install/person_identification_mission/lib/python3.10/site-packages/person_identification_mission/voice_speech_recognition.py
/home/vic/billeagle_ws/personal_ws/install/person_identification_mission/lib/python3.10/site-packages/person_identification_mission/navigation.py
/home/vic/billeagle_ws/personal_ws/install/person_identification_mission/lib/python3.10/site-packages/person_identification_mission/__init__.py
/home/vic/billeagle_ws/personal_ws/install/person_identification_mission/lib/python3.10/site-packages/person_identification_mission/control_panel.py
/home/vic/billeagle_ws/personal_ws/install/person_identification_mission/lib/python3.10/site-packages/person_identification_mission/mission_control.py
/home/vic/billeagle_ws/personal_ws/install/person_identification_mission/lib/python3.10/site-packages/person_identification_mission/__pycache__/face_recognition.cpython-310.pyc
/home/vic/billeagle_ws/personal_ws/install/person_identification_mission/lib/python3.10/site-packages/person_identification_mission/__pycache__/voice_speech_recognition.cpython-310.pyc
/home/vic/billeagle_ws/personal_ws/install/person_identification_mission/lib/python3.10/site-packages/person_identification_mission/__pycache__/navigation.cpython-310.pyc
/home/vic/billeagle_ws/personal_ws/install/person_identification_mission/lib/python3.10/site-packages/person_identification_mission/__pycache__/__init__.cpython-310.pyc
/home/vic/billeagle_ws/personal_ws/install/person_identification_mission/lib/python3.10/site-packages/person_identification_mission/__pycache__/control_panel.cpython-310.pyc
/home/vic/billeagle_ws/personal_ws/install/person_identification_mission/lib/python3.10/site-packages/person_identification_mission/__pycache__/mission_control.cpython-310.pyc
/home/vic/billeagle_ws/personal_ws/install/person_identification_mission/share/ament_index/resource_index/packages/person_identification_mission
/home/vic/billeagle_ws/personal_ws/install/person_identification_mission/share/person_identification_mission/package.xml
/home/vic/billeagle_ws/personal_ws/install/person_identification_mission/lib/python3.10/site-packages/person_identification_mission-0.0.0-py3.10.egg-info/zip-safe
/home/vic/billeagle_ws/personal_ws/install/person_identification_mission/lib/python3.10/site-packages/person_identification_mission-0.0.0-py3.10.egg-info/requires.txt
/home/vic/billeagle_ws/personal_ws/install/person_identification_mission/lib/python3.10/site-packages/person_identification_mission-0.0.0-py3.10.egg-info/PKG-INFO
/home/vic/billeagle_ws/personal_ws/install/person_identification_mission/lib/python3.10/site-packages/person_identification_mission-0.0.0-py3.10.egg-info/entry_points.txt
/home/vic/billeagle_ws/personal_ws/install/person_identification_mission/lib/python3.10/site-packages/person_identification_mission-0.0.0-py3.10.egg-info/dependency_links.txt
/home/vic/billeagle_ws/personal_ws/install/person_identification_mission/lib/python3.10/site-packages/person_identification_mission-0.0.0-py3.10.egg-info/top_level.txt
/home/vic/billeagle_ws/personal_ws/install/person_identification_mission/lib/python3.10/site-packages/person_identification_mission-0.0.0-py3.10.egg-info/SOURCES.txt
/home/vic/billeagle_ws/personal_ws/install/person_identification_mission/lib/person_identification_mission/control_panel
/home/vic/billeagle_ws/personal_ws/install/person_identification_mission/lib/person_identification_mission/face_recognition
/home/vic/billeagle_ws/personal_ws/install/person_identification_mission/lib/person_identification_mission/mission_control
/home/vic/billeagle_ws/personal_ws/install/person_identification_mission/lib/person_identification_mission/navigation
/home/vic/billeagle_ws/personal_ws/install/person_identification_mission/lib/person_identification_mission/voice_speech_recognition
