[0.885s] Invoking command in '/home/vfran/billeagle_ws/nav_ws/src/task_nav': PYTHONPATH=/home/vfran/billeagle_ws/nav_ws/build/task_nav/prefix_override:/usr/lib/python3/dist-packages/colcon_core/task/python/colcon_distutils_commands:/home/vfran/billeagle_ws/nav_ws/install/task_nav/lib/python3.10/site-packages:${PYTHONPATH} /usr/bin/python3 -W ignore:setup.py install is deprecated -W ignore:easy_install command is deprecated setup.py egg_info --egg-base ../../build/task_nav build --build-base /home/vfran/billeagle_ws/nav_ws/build/task_nav/build install --record /home/vfran/billeagle_ws/nav_ws/build/task_nav/install.log --single-version-externally-managed install_data
[1.200s] running egg_info
[1.201s] writing ../../build/task_nav/task_nav.egg-info/PKG-INFO
[1.201s] writing dependency_links to ../../build/task_nav/task_nav.egg-info/dependency_links.txt
[1.201s] writing entry points to ../../build/task_nav/task_nav.egg-info/entry_points.txt
[1.201s] writing requirements to ../../build/task_nav/task_nav.egg-info/requires.txt
[1.201s] writing top-level names to ../../build/task_nav/task_nav.egg-info/top_level.txt
[1.204s] reading manifest file '../../build/task_nav/task_nav.egg-info/SOURCES.txt'
[1.205s] writing manifest file '../../build/task_nav/task_nav.egg-info/SOURCES.txt'
[1.205s] running build
[1.205s] running build_py
[1.206s] copying task_nav/mecanum_drive.py -> /home/vfran/billeagle_ws/nav_ws/build/task_nav/build/lib/task_nav
[1.206s] running install
[1.206s] running install_lib
[1.208s] copying /home/vfran/billeagle_ws/nav_ws/build/task_nav/build/lib/task_nav/mecanum_drive.py -> /home/vfran/billeagle_ws/nav_ws/install/task_nav/lib/python3.10/site-packages/task_nav
[1.209s] byte-compiling /home/vfran/billeagle_ws/nav_ws/install/task_nav/lib/python3.10/site-packages/task_nav/mecanum_drive.py to mecanum_drive.cpython-310.pyc
[1.210s] running install_data
[1.210s] running install_egg_info
[1.212s] removing '/home/vfran/billeagle_ws/nav_ws/install/task_nav/lib/python3.10/site-packages/task_nav-0.0.0-py3.10.egg-info' (and everything under it)
[1.213s] Copying ../../build/task_nav/task_nav.egg-info to /home/vfran/billeagle_ws/nav_ws/install/task_nav/lib/python3.10/site-packages/task_nav-0.0.0-py3.10.egg-info
[1.214s] running install_scripts
[1.240s] Installing fake_node script to /home/vfran/billeagle_ws/nav_ws/install/task_nav/lib/task_nav
[1.241s] Installing goal_pose script to /home/vfran/billeagle_ws/nav_ws/install/task_nav/lib/task_nav
[1.241s] Installing init_pose script to /home/vfran/billeagle_ws/nav_ws/install/task_nav/lib/task_nav
[1.241s] Installing inspection_routine script to /home/vfran/billeagle_ws/nav_ws/install/task_nav/lib/task_nav
[1.241s] Installing mecanum_drive script to /home/vfran/billeagle_ws/nav_ws/install/task_nav/lib/task_nav
[1.242s] Installing object_avoidance script to /home/vfran/billeagle_ws/nav_ws/install/task_nav/lib/task_nav
[1.242s] Installing pub_turned script to /home/vfran/billeagle_ws/nav_ws/install/task_nav/lib/task_nav
[1.242s] Installing turn_around script to /home/vfran/billeagle_ws/nav_ws/install/task_nav/lib/task_nav
[1.242s] writing list of installed files to '/home/vfran/billeagle_ws/nav_ws/build/task_nav/install.log'
[1.283s] Invoked command in '/home/vfran/billeagle_ws/nav_ws/src/task_nav' returned '0': PYTHONPATH=/home/vfran/billeagle_ws/nav_ws/build/task_nav/prefix_override:/usr/lib/python3/dist-packages/colcon_core/task/python/colcon_distutils_commands:/home/vfran/billeagle_ws/nav_ws/install/task_nav/lib/python3.10/site-packages:${PYTHONPATH} /usr/bin/python3 -W ignore:setup.py install is deprecated -W ignore:easy_install command is deprecated setup.py egg_info --egg-base ../../build/task_nav build --build-base /home/vfran/billeagle_ws/nav_ws/build/task_nav/build install --record /home/vfran/billeagle_ws/nav_ws/build/task_nav/install.log --single-version-externally-managed install_data
