[0.143s] DEBUG:colcon:Command line arguments: ['/usr/bin/colcon', 'build']
[0.143s] DEBUG:colcon:Parsed command line arguments: Namespace(log_base=None, log_level=None, verb_name='build', build_base='build', install_base='install', merge_install=False, symlink_install=False, test_result_base=None, continue_on_error=False, executor='parallel', parallel_workers=16, event_handlers=None, ignore_user_meta=False, metas=['./colcon.meta'], base_paths=['.'], packages_ignore=None, packages_ignore_regex=None, paths=None, packages_up_to=None, packages_up_to_regex=None, packages_above=None, packages_above_and_dependencies=None, packages_above_depth=None, packages_select_by_dep=None, packages_skip_by_dep=None, packages_skip_up_to=None, packages_select_build_failed=False, packages_skip_build_finished=False, packages_select_test_failures=False, packages_skip_test_passed=False, packages_select=None, packages_skip=None, packages_select_regex=None, packages_skip_regex=None, packages_start=None, packages_end=None, allow_overriding=[], cmake_args=None, cmake_target=None, cmake_target_skip_unavailable=False, cmake_clean_cache=False, cmake_clean_first=False, cmake_force_configure=False, ament_cmake_args=None, catkin_cmake_args=None, catkin_skip_building_tests=False, mixin_files=None, mixin=None, verb_parser=<colcon_mixin.mixin.mixin_argument.MixinArgumentDecorator object at 0x73858dc6b190>, verb_extension=<colcon_core.verb.build.BuildVerb object at 0x73858dc6ace0>, main=<bound method BuildVerb.main of <colcon_core.verb.build.BuildVerb object at 0x73858dc6ace0>>, mixin_verb=('build',))
[0.174s] Level 1:colcon.colcon_core.package_discovery:discover_packages(colcon_meta) check parameters
[0.175s] Level 1:colcon.colcon_core.package_discovery:discover_packages(recursive) check parameters
[0.175s] Level 1:colcon.colcon_core.package_discovery:discover_packages(ignore) check parameters
[0.175s] Level 1:colcon.colcon_core.package_discovery:discover_packages(path) check parameters
[0.175s] Level 1:colcon.colcon_core.package_discovery:discover_packages(colcon_meta) discover
[0.175s] Level 1:colcon.colcon_core.package_discovery:discover_packages(recursive) discover
[0.175s] INFO:colcon.colcon_core.package_discovery:Crawling recursively for packages in '/home/bill7/billeagle_ws/bill_ws'
[0.175s] Level 1:colcon.colcon_core.package_identification:_identify(.) by extensions ['ignore', 'ignore_ament_install']
[0.175s] Level 1:colcon.colcon_core.package_identification:_identify(.) by extension 'ignore'
[0.175s] Level 1:colcon.colcon_core.package_identification:_identify(.) by extension 'ignore_ament_install'
[0.175s] Level 1:colcon.colcon_core.package_identification:_identify(.) by extensions ['colcon_pkg']
[0.175s] Level 1:colcon.colcon_core.package_identification:_identify(.) by extension 'colcon_pkg'
[0.175s] Level 1:colcon.colcon_core.package_identification:_identify(.) by extensions ['colcon_meta']
[0.175s] Level 1:colcon.colcon_core.package_identification:_identify(.) by extension 'colcon_meta'
[0.175s] Level 1:colcon.colcon_core.package_identification:_identify(.) by extensions ['ros']
[0.175s] Level 1:colcon.colcon_core.package_identification:_identify(.) by extension 'ros'
[0.192s] Level 1:colcon.colcon_core.package_identification:_identify(.) by extensions ['cmake', 'python']
[0.192s] Level 1:colcon.colcon_core.package_identification:_identify(.) by extension 'cmake'
[0.192s] Level 1:colcon.colcon_core.package_identification:_identify(.) by extension 'python'
[0.192s] Level 1:colcon.colcon_core.package_identification:_identify(.) by extensions ['python_setup_py']
[0.192s] Level 1:colcon.colcon_core.package_identification:_identify(.) by extension 'python_setup_py'
[0.192s] Level 1:colcon.colcon_core.package_identification:_identify(build) by extensions ['ignore', 'ignore_ament_install']
[0.192s] Level 1:colcon.colcon_core.package_identification:_identify(build) by extension 'ignore'
[0.192s] Level 1:colcon.colcon_core.package_identification:_identify(build) ignored
[0.192s] Level 1:colcon.colcon_core.package_identification:_identify(install) by extensions ['ignore', 'ignore_ament_install']
[0.192s] Level 1:colcon.colcon_core.package_identification:_identify(install) by extension 'ignore'
[0.192s] Level 1:colcon.colcon_core.package_identification:_identify(install) ignored
[0.192s] Level 1:colcon.colcon_core.package_identification:_identify(log) by extensions ['ignore', 'ignore_ament_install']
[0.192s] Level 1:colcon.colcon_core.package_identification:_identify(log) by extension 'ignore'
[0.192s] Level 1:colcon.colcon_core.package_identification:_identify(log) ignored
[0.192s] Level 1:colcon.colcon_core.package_identification:_identify(src) by extensions ['ignore', 'ignore_ament_install']
[0.192s] Level 1:colcon.colcon_core.package_identification:_identify(src) by extension 'ignore'
[0.192s] Level 1:colcon.colcon_core.package_identification:_identify(src) by extension 'ignore_ament_install'
[0.192s] Level 1:colcon.colcon_core.package_identification:_identify(src) by extensions ['colcon_pkg']
[0.192s] Level 1:colcon.colcon_core.package_identification:_identify(src) by extension 'colcon_pkg'
[0.192s] Level 1:colcon.colcon_core.package_identification:_identify(src) by extensions ['colcon_meta']
[0.192s] Level 1:colcon.colcon_core.package_identification:_identify(src) by extension 'colcon_meta'
[0.192s] Level 1:colcon.colcon_core.package_identification:_identify(src) by extensions ['ros']
[0.192s] Level 1:colcon.colcon_core.package_identification:_identify(src) by extension 'ros'
[0.192s] Level 1:colcon.colcon_core.package_identification:_identify(src) by extensions ['cmake', 'python']
[0.192s] Level 1:colcon.colcon_core.package_identification:_identify(src) by extension 'cmake'
[0.192s] Level 1:colcon.colcon_core.package_identification:_identify(src) by extension 'python'
[0.193s] Level 1:colcon.colcon_core.package_identification:_identify(src) by extensions ['python_setup_py']
[0.193s] Level 1:colcon.colcon_core.package_identification:_identify(src) by extension 'python_setup_py'
[0.193s] Level 1:colcon.colcon_core.package_identification:_identify(src/bill) by extensions ['ignore', 'ignore_ament_install']
[0.193s] Level 1:colcon.colcon_core.package_identification:_identify(src/bill) by extension 'ignore'
[0.193s] Level 1:colcon.colcon_core.package_identification:_identify(src/bill) by extension 'ignore_ament_install'
[0.193s] Level 1:colcon.colcon_core.package_identification:_identify(src/bill) by extensions ['colcon_pkg']
[0.193s] Level 1:colcon.colcon_core.package_identification:_identify(src/bill) by extension 'colcon_pkg'
[0.193s] Level 1:colcon.colcon_core.package_identification:_identify(src/bill) by extensions ['colcon_meta']
[0.193s] Level 1:colcon.colcon_core.package_identification:_identify(src/bill) by extension 'colcon_meta'
[0.193s] Level 1:colcon.colcon_core.package_identification:_identify(src/bill) by extensions ['ros']
[0.193s] Level 1:colcon.colcon_core.package_identification:_identify(src/bill) by extension 'ros'
[0.195s] DEBUG:colcon.colcon_core.package_identification:Package 'src/bill' with type 'ros.ament_cmake' and name 'bill'
[0.195s] Level 1:colcon.colcon_core.package_identification:_identify(src/bill_description) by extensions ['ignore', 'ignore_ament_install']
[0.195s] Level 1:colcon.colcon_core.package_identification:_identify(src/bill_description) by extension 'ignore'
[0.195s] Level 1:colcon.colcon_core.package_identification:_identify(src/bill_description) by extension 'ignore_ament_install'
[0.195s] Level 1:colcon.colcon_core.package_identification:_identify(src/bill_description) by extensions ['colcon_pkg']
[0.195s] Level 1:colcon.colcon_core.package_identification:_identify(src/bill_description) by extension 'colcon_pkg'
[0.195s] Level 1:colcon.colcon_core.package_identification:_identify(src/bill_description) by extensions ['colcon_meta']
[0.195s] Level 1:colcon.colcon_core.package_identification:_identify(src/bill_description) by extension 'colcon_meta'
[0.195s] Level 1:colcon.colcon_core.package_identification:_identify(src/bill_description) by extensions ['ros']
[0.195s] Level 1:colcon.colcon_core.package_identification:_identify(src/bill_description) by extension 'ros'
[0.195s] DEBUG:colcon.colcon_core.package_identification:Package 'src/bill_description' with type 'ros.ament_cmake' and name 'bill_description'
[0.195s] Level 1:colcon.colcon_core.package_identification:_identify(src/bill_nav) by extensions ['ignore', 'ignore_ament_install']
[0.195s] Level 1:colcon.colcon_core.package_identification:_identify(src/bill_nav) by extension 'ignore'
[0.195s] Level 1:colcon.colcon_core.package_identification:_identify(src/bill_nav) by extension 'ignore_ament_install'
[0.195s] Level 1:colcon.colcon_core.package_identification:_identify(src/bill_nav) by extensions ['colcon_pkg']
[0.195s] Level 1:colcon.colcon_core.package_identification:_identify(src/bill_nav) by extension 'colcon_pkg'
[0.195s] Level 1:colcon.colcon_core.package_identification:_identify(src/bill_nav) by extensions ['colcon_meta']
[0.195s] Level 1:colcon.colcon_core.package_identification:_identify(src/bill_nav) by extension 'colcon_meta'
[0.195s] Level 1:colcon.colcon_core.package_identification:_identify(src/bill_nav) by extensions ['ros']
[0.195s] Level 1:colcon.colcon_core.package_identification:_identify(src/bill_nav) by extension 'ros'
[0.196s] DEBUG:colcon.colcon_core.package_identification:Package 'src/bill_nav' with type 'ros.ament_cmake' and name 'bill_nav'
[0.196s] Level 1:colcon.colcon_core.package_identification:_identify(src/bill_slam) by extensions ['ignore', 'ignore_ament_install']
[0.196s] Level 1:colcon.colcon_core.package_identification:_identify(src/bill_slam) by extension 'ignore'
[0.196s] Level 1:colcon.colcon_core.package_identification:_identify(src/bill_slam) by extension 'ignore_ament_install'
[0.196s] Level 1:colcon.colcon_core.package_identification:_identify(src/bill_slam) by extensions ['colcon_pkg']
[0.196s] Level 1:colcon.colcon_core.package_identification:_identify(src/bill_slam) by extension 'colcon_pkg'
[0.196s] Level 1:colcon.colcon_core.package_identification:_identify(src/bill_slam) by extensions ['colcon_meta']
[0.196s] Level 1:colcon.colcon_core.package_identification:_identify(src/bill_slam) by extension 'colcon_meta'
[0.196s] Level 1:colcon.colcon_core.package_identification:_identify(src/bill_slam) by extensions ['ros']
[0.196s] Level 1:colcon.colcon_core.package_identification:_identify(src/bill_slam) by extension 'ros'
[0.196s] DEBUG:colcon.colcon_core.package_identification:Package 'src/bill_slam' with type 'ros.ament_cmake' and name 'bill_slam'
[0.196s] Level 1:colcon.colcon_core.package_discovery:discover_packages(recursive) using defaults
[0.196s] Level 1:colcon.colcon_core.package_discovery:discover_packages(ignore) discover
[0.196s] Level 1:colcon.colcon_core.package_discovery:discover_packages(ignore) using defaults
[0.196s] Level 1:colcon.colcon_core.package_discovery:discover_packages(path) discover
[0.196s] Level 1:colcon.colcon_core.package_discovery:discover_packages(path) using defaults
[0.211s] Level 1:colcon.colcon_core.package_discovery:discover_packages(prefix_path) check parameters
[0.211s] Level 1:colcon.colcon_core.package_discovery:discover_packages(prefix_path) discover
[0.213s] DEBUG:colcon.colcon_installed_package_information.package_discovery:Found 376 installed packages in /opt/ros/humble
[0.214s] Level 1:colcon.colcon_core.package_discovery:discover_packages(prefix_path) using defaults
[0.243s] Level 5:colcon.colcon_core.verb:set package 'bill' build argument 'cmake_args' from command line to 'None'
[0.243s] Level 5:colcon.colcon_core.verb:set package 'bill' build argument 'cmake_target' from command line to 'None'
[0.243s] Level 5:colcon.colcon_core.verb:set package 'bill' build argument 'cmake_target_skip_unavailable' from command line to 'False'
[0.243s] Level 5:colcon.colcon_core.verb:set package 'bill' build argument 'cmake_clean_cache' from command line to 'False'
[0.243s] Level 5:colcon.colcon_core.verb:set package 'bill' build argument 'cmake_clean_first' from command line to 'False'
[0.243s] Level 5:colcon.colcon_core.verb:set package 'bill' build argument 'cmake_force_configure' from command line to 'False'
[0.243s] Level 5:colcon.colcon_core.verb:set package 'bill' build argument 'ament_cmake_args' from command line to 'None'
[0.243s] Level 5:colcon.colcon_core.verb:set package 'bill' build argument 'catkin_cmake_args' from command line to 'None'
[0.243s] Level 5:colcon.colcon_core.verb:set package 'bill' build argument 'catkin_skip_building_tests' from command line to 'False'
[0.243s] DEBUG:colcon.colcon_core.verb:Building package 'bill' with the following arguments: {'ament_cmake_args': None, 'build_base': '/home/bill7/billeagle_ws/bill_ws/build/bill', 'catkin_cmake_args': None, 'catkin_skip_building_tests': False, 'cmake_args': None, 'cmake_clean_cache': False, 'cmake_clean_first': False, 'cmake_force_configure': False, 'cmake_target': None, 'cmake_target_skip_unavailable': False, 'install_base': '/home/bill7/billeagle_ws/bill_ws/install/bill', 'merge_install': False, 'path': '/home/bill7/billeagle_ws/bill_ws/src/bill', 'symlink_install': False, 'test_result_base': None}
[0.243s] Level 5:colcon.colcon_core.verb:set package 'bill_description' build argument 'cmake_args' from command line to 'None'
[0.243s] Level 5:colcon.colcon_core.verb:set package 'bill_description' build argument 'cmake_target' from command line to 'None'
[0.243s] Level 5:colcon.colcon_core.verb:set package 'bill_description' build argument 'cmake_target_skip_unavailable' from command line to 'False'
[0.243s] Level 5:colcon.colcon_core.verb:set package 'bill_description' build argument 'cmake_clean_cache' from command line to 'False'
[0.243s] Level 5:colcon.colcon_core.verb:set package 'bill_description' build argument 'cmake_clean_first' from command line to 'False'
[0.243s] Level 5:colcon.colcon_core.verb:set package 'bill_description' build argument 'cmake_force_configure' from command line to 'False'
[0.243s] Level 5:colcon.colcon_core.verb:set package 'bill_description' build argument 'ament_cmake_args' from command line to 'None'
[0.243s] Level 5:colcon.colcon_core.verb:set package 'bill_description' build argument 'catkin_cmake_args' from command line to 'None'
[0.243s] Level 5:colcon.colcon_core.verb:set package 'bill_description' build argument 'catkin_skip_building_tests' from command line to 'False'
[0.243s] DEBUG:colcon.colcon_core.verb:Building package 'bill_description' with the following arguments: {'ament_cmake_args': None, 'build_base': '/home/bill7/billeagle_ws/bill_ws/build/bill_description', 'catkin_cmake_args': None, 'catkin_skip_building_tests': False, 'cmake_args': None, 'cmake_clean_cache': False, 'cmake_clean_first': False, 'cmake_force_configure': False, 'cmake_target': None, 'cmake_target_skip_unavailable': False, 'install_base': '/home/bill7/billeagle_ws/bill_ws/install/bill_description', 'merge_install': False, 'path': '/home/bill7/billeagle_ws/bill_ws/src/bill_description', 'symlink_install': False, 'test_result_base': None}
[0.244s] Level 5:colcon.colcon_core.verb:set package 'bill_nav' build argument 'cmake_args' from command line to 'None'
[0.244s] Level 5:colcon.colcon_core.verb:set package 'bill_nav' build argument 'cmake_target' from command line to 'None'
[0.244s] Level 5:colcon.colcon_core.verb:set package 'bill_nav' build argument 'cmake_target_skip_unavailable' from command line to 'False'
[0.244s] Level 5:colcon.colcon_core.verb:set package 'bill_nav' build argument 'cmake_clean_cache' from command line to 'False'
[0.244s] Level 5:colcon.colcon_core.verb:set package 'bill_nav' build argument 'cmake_clean_first' from command line to 'False'
[0.244s] Level 5:colcon.colcon_core.verb:set package 'bill_nav' build argument 'cmake_force_configure' from command line to 'False'
[0.244s] Level 5:colcon.colcon_core.verb:set package 'bill_nav' build argument 'ament_cmake_args' from command line to 'None'
[0.244s] Level 5:colcon.colcon_core.verb:set package 'bill_nav' build argument 'catkin_cmake_args' from command line to 'None'
[0.244s] Level 5:colcon.colcon_core.verb:set package 'bill_nav' build argument 'catkin_skip_building_tests' from command line to 'False'
[0.244s] DEBUG:colcon.colcon_core.verb:Building package 'bill_nav' with the following arguments: {'ament_cmake_args': None, 'build_base': '/home/bill7/billeagle_ws/bill_ws/build/bill_nav', 'catkin_cmake_args': None, 'catkin_skip_building_tests': False, 'cmake_args': None, 'cmake_clean_cache': False, 'cmake_clean_first': False, 'cmake_force_configure': False, 'cmake_target': None, 'cmake_target_skip_unavailable': False, 'install_base': '/home/bill7/billeagle_ws/bill_ws/install/bill_nav', 'merge_install': False, 'path': '/home/bill7/billeagle_ws/bill_ws/src/bill_nav', 'symlink_install': False, 'test_result_base': None}
[0.244s] Level 5:colcon.colcon_core.verb:set package 'bill_slam' build argument 'cmake_args' from command line to 'None'
[0.244s] Level 5:colcon.colcon_core.verb:set package 'bill_slam' build argument 'cmake_target' from command line to 'None'
[0.244s] Level 5:colcon.colcon_core.verb:set package 'bill_slam' build argument 'cmake_target_skip_unavailable' from command line to 'False'
[0.244s] Level 5:colcon.colcon_core.verb:set package 'bill_slam' build argument 'cmake_clean_cache' from command line to 'False'
[0.244s] Level 5:colcon.colcon_core.verb:set package 'bill_slam' build argument 'cmake_clean_first' from command line to 'False'
[0.244s] Level 5:colcon.colcon_core.verb:set package 'bill_slam' build argument 'cmake_force_configure' from command line to 'False'
[0.244s] Level 5:colcon.colcon_core.verb:set package 'bill_slam' build argument 'ament_cmake_args' from command line to 'None'
[0.244s] Level 5:colcon.colcon_core.verb:set package 'bill_slam' build argument 'catkin_cmake_args' from command line to 'None'
[0.244s] Level 5:colcon.colcon_core.verb:set package 'bill_slam' build argument 'catkin_skip_building_tests' from command line to 'False'
[0.244s] DEBUG:colcon.colcon_core.verb:Building package 'bill_slam' with the following arguments: {'ament_cmake_args': None, 'build_base': '/home/bill7/billeagle_ws/bill_ws/build/bill_slam', 'catkin_cmake_args': None, 'catkin_skip_building_tests': False, 'cmake_args': None, 'cmake_clean_cache': False, 'cmake_clean_first': False, 'cmake_force_configure': False, 'cmake_target': None, 'cmake_target_skip_unavailable': False, 'install_base': '/home/bill7/billeagle_ws/bill_ws/install/bill_slam', 'merge_install': False, 'path': '/home/bill7/billeagle_ws/bill_ws/src/bill_slam', 'symlink_install': False, 'test_result_base': None}
[0.244s] INFO:colcon.colcon_core.executor:Executing jobs using 'parallel' executor
[0.245s] DEBUG:colcon.colcon_parallel_executor.executor.parallel:run_until_complete
[0.245s] INFO:colcon.colcon_ros.task.ament_cmake.build:Building ROS package in '/home/bill7/billeagle_ws/bill_ws/src/bill' with build type 'ament_cmake'
[0.245s] INFO:colcon.colcon_cmake.task.cmake.build:Building CMake package in '/home/bill7/billeagle_ws/bill_ws/src/bill'
[0.248s] INFO:colcon.colcon_core.plugin_system:Skipping extension 'colcon_core.shell.bat': Not used on non-Windows systems
[0.248s] INFO:colcon.colcon_core.shell:Skip shell extension 'powershell' for command environment: Not usable outside of PowerShell
[0.248s] DEBUG:colcon.colcon_core.shell:Skip shell extension 'dsv' for command environment
[0.250s] INFO:colcon.colcon_ros.task.ament_cmake.build:Building ROS package in '/home/bill7/billeagle_ws/bill_ws/src/bill_description' with build type 'ament_cmake'
[0.250s] INFO:colcon.colcon_cmake.task.cmake.build:Building CMake package in '/home/bill7/billeagle_ws/bill_ws/src/bill_description'
[0.250s] INFO:colcon.colcon_core.shell:Skip shell extension 'powershell' for command environment: Not usable outside of PowerShell
[0.250s] DEBUG:colcon.colcon_core.shell:Skip shell extension 'dsv' for command environment
[0.252s] INFO:colcon.colcon_ros.task.ament_cmake.build:Building ROS package in '/home/bill7/billeagle_ws/bill_ws/src/bill_nav' with build type 'ament_cmake'
[0.252s] INFO:colcon.colcon_cmake.task.cmake.build:Building CMake package in '/home/bill7/billeagle_ws/bill_ws/src/bill_nav'
[0.252s] INFO:colcon.colcon_core.shell:Skip shell extension 'powershell' for command environment: Not usable outside of PowerShell
[0.252s] DEBUG:colcon.colcon_core.shell:Skip shell extension 'dsv' for command environment
[0.254s] INFO:colcon.colcon_ros.task.ament_cmake.build:Building ROS package in '/home/bill7/billeagle_ws/bill_ws/src/bill_slam' with build type 'ament_cmake'
[0.254s] INFO:colcon.colcon_cmake.task.cmake.build:Building CMake package in '/home/bill7/billeagle_ws/bill_ws/src/bill_slam'
[0.254s] INFO:colcon.colcon_core.shell:Skip shell extension 'powershell' for command environment: Not usable outside of PowerShell
[0.254s] DEBUG:colcon.colcon_core.shell:Skip shell extension 'dsv' for command environment
[0.258s] DEBUG:colcon.colcon_core.event_handler.log_command:Invoking command in '/home/bill7/billeagle_ws/bill_ws/build/bill': CMAKE_PREFIX_PATH=/opt/ros/humble CONDA_PROMPT_MODIFIER=(bill) /usr/bin/cmake /home/bill7/billeagle_ws/bill_ws/src/bill -DCMAKE_INSTALL_PREFIX=/home/bill7/billeagle_ws/bill_ws/install/bill
[0.260s] DEBUG:colcon.colcon_core.event_handler.log_command:Invoking command in '/home/bill7/billeagle_ws/bill_ws/build/bill_description': CMAKE_PREFIX_PATH=/opt/ros/humble CONDA_PROMPT_MODIFIER=(bill) /usr/bin/cmake /home/bill7/billeagle_ws/bill_ws/src/bill_description -DCMAKE_INSTALL_PREFIX=/home/bill7/billeagle_ws/bill_ws/install/bill_description
[0.261s] DEBUG:colcon.colcon_core.event_handler.log_command:Invoking command in '/home/bill7/billeagle_ws/bill_ws/build/bill_nav': CMAKE_PREFIX_PATH=/opt/ros/humble CONDA_PROMPT_MODIFIER=(bill) /usr/bin/cmake /home/bill7/billeagle_ws/bill_ws/src/bill_nav -DCMAKE_INSTALL_PREFIX=/home/bill7/billeagle_ws/bill_ws/install/bill_nav
[0.264s] DEBUG:colcon.colcon_core.event_handler.log_command:Invoking command in '/home/bill7/billeagle_ws/bill_ws/build/bill_slam': CMAKE_PREFIX_PATH=/opt/ros/humble CONDA_PROMPT_MODIFIER=(bill) /usr/bin/cmake /home/bill7/billeagle_ws/bill_ws/src/bill_slam -DCMAKE_INSTALL_PREFIX=/home/bill7/billeagle_ws/bill_ws/install/bill_slam
[0.966s] DEBUG:colcon.colcon_core.event_handler.log_command:Invoked command in '/home/bill7/billeagle_ws/bill_ws/build/bill_slam' returned '0': CMAKE_PREFIX_PATH=/opt/ros/humble CONDA_PROMPT_MODIFIER=(bill) /usr/bin/cmake /home/bill7/billeagle_ws/bill_ws/src/bill_slam -DCMAKE_INSTALL_PREFIX=/home/bill7/billeagle_ws/bill_ws/install/bill_slam
[0.969s] DEBUG:colcon.colcon_core.event_handler.log_command:Invoking command in '/home/bill7/billeagle_ws/bill_ws/build/bill_slam': CMAKE_PREFIX_PATH=/opt/ros/humble CONDA_PROMPT_MODIFIER=(bill) /usr/bin/cmake --build /home/bill7/billeagle_ws/bill_ws/build/bill_slam -- -j16 -l16
[0.969s] DEBUG:colcon.colcon_core.event_handler.log_command:Invoked command in '/home/bill7/billeagle_ws/bill_ws/build/bill_description' returned '0': CMAKE_PREFIX_PATH=/opt/ros/humble CONDA_PROMPT_MODIFIER=(bill) /usr/bin/cmake /home/bill7/billeagle_ws/bill_ws/src/bill_description -DCMAKE_INSTALL_PREFIX=/home/bill7/billeagle_ws/bill_ws/install/bill_description
[0.971s] DEBUG:colcon.colcon_core.event_handler.log_command:Invoking command in '/home/bill7/billeagle_ws/bill_ws/build/bill_description': CMAKE_PREFIX_PATH=/opt/ros/humble CONDA_PROMPT_MODIFIER=(bill) /usr/bin/cmake --build /home/bill7/billeagle_ws/bill_ws/build/bill_description -- -j16 -l16
[0.972s] DEBUG:colcon.colcon_core.event_handler.log_command:Invoked command in '/home/bill7/billeagle_ws/bill_ws/build/bill' returned '0': CMAKE_PREFIX_PATH=/opt/ros/humble CONDA_PROMPT_MODIFIER=(bill) /usr/bin/cmake /home/bill7/billeagle_ws/bill_ws/src/bill -DCMAKE_INSTALL_PREFIX=/home/bill7/billeagle_ws/bill_ws/install/bill
[0.973s] DEBUG:colcon.colcon_core.event_handler.log_command:Invoking command in '/home/bill7/billeagle_ws/bill_ws/build/bill': CMAKE_PREFIX_PATH=/opt/ros/humble CONDA_PROMPT_MODIFIER=(bill) /usr/bin/cmake --build /home/bill7/billeagle_ws/bill_ws/build/bill -- -j16 -l16
[0.996s] DEBUG:colcon.colcon_core.event_handler.log_command:Invoked command in '/home/bill7/billeagle_ws/bill_ws/build/bill_nav' returned '0': CMAKE_PREFIX_PATH=/opt/ros/humble CONDA_PROMPT_MODIFIER=(bill) /usr/bin/cmake /home/bill7/billeagle_ws/bill_ws/src/bill_nav -DCMAKE_INSTALL_PREFIX=/home/bill7/billeagle_ws/bill_ws/install/bill_nav
[0.997s] DEBUG:colcon.colcon_core.event_handler.log_command:Invoking command in '/home/bill7/billeagle_ws/bill_ws/build/bill_nav': CMAKE_PREFIX_PATH=/opt/ros/humble CONDA_PROMPT_MODIFIER=(bill) /usr/bin/cmake --build /home/bill7/billeagle_ws/bill_ws/build/bill_nav -- -j16 -l16
[0.999s] DEBUG:colcon.colcon_core.event_handler.log_command:Invoked command in '/home/bill7/billeagle_ws/bill_ws/build/bill' returned '0': CMAKE_PREFIX_PATH=/opt/ros/humble CONDA_PROMPT_MODIFIER=(bill) /usr/bin/cmake --build /home/bill7/billeagle_ws/bill_ws/build/bill -- -j16 -l16
[1.007s] DEBUG:colcon.colcon_core.event_handler.log_command:Invoking command in '/home/bill7/billeagle_ws/bill_ws/build/bill': CMAKE_PREFIX_PATH=/opt/ros/humble CONDA_PROMPT_MODIFIER=(bill) /usr/bin/cmake --install /home/bill7/billeagle_ws/bill_ws/build/bill
[1.008s] DEBUG:colcon.colcon_core.event_handler.log_command:Invoked command in '/home/bill7/billeagle_ws/bill_ws/build/bill_slam' returned '0': CMAKE_PREFIX_PATH=/opt/ros/humble CONDA_PROMPT_MODIFIER=(bill) /usr/bin/cmake --build /home/bill7/billeagle_ws/bill_ws/build/bill_slam -- -j16 -l16
[1.010s] DEBUG:colcon.colcon_core.event_handler.log_command:Invoking command in '/home/bill7/billeagle_ws/bill_ws/build/bill_slam': CMAKE_PREFIX_PATH=/opt/ros/humble CONDA_PROMPT_MODIFIER=(bill) /usr/bin/cmake --install /home/bill7/billeagle_ws/bill_ws/build/bill_slam
[1.010s] DEBUG:colcon.colcon_core.event_handler.log_command:Invoked command in '/home/bill7/billeagle_ws/bill_ws/build/bill_description' returned '0': CMAKE_PREFIX_PATH=/opt/ros/humble CONDA_PROMPT_MODIFIER=(bill) /usr/bin/cmake --build /home/bill7/billeagle_ws/bill_ws/build/bill_description -- -j16 -l16
[1.013s] DEBUG:colcon.colcon_core.event_handler.log_command:Invoking command in '/home/bill7/billeagle_ws/bill_ws/build/bill_description': CMAKE_PREFIX_PATH=/opt/ros/humble CONDA_PROMPT_MODIFIER=(bill) /usr/bin/cmake --install /home/bill7/billeagle_ws/bill_ws/build/bill_description
[1.016s] Level 1:colcon.colcon_core.environment:create_environment_scripts_only(bill)
[1.019s] DEBUG:colcon.colcon_core.event_handler.log_command:Invoked command in '/home/bill7/billeagle_ws/bill_ws/build/bill' returned '0': CMAKE_PREFIX_PATH=/opt/ros/humble CONDA_PROMPT_MODIFIER=(bill) /usr/bin/cmake --install /home/bill7/billeagle_ws/bill_ws/build/bill
[1.025s] Level 1:colcon.colcon_core.environment:checking '/home/bill7/billeagle_ws/bill_ws/install/bill' for CMake module files
[1.026s] Level 1:colcon.colcon_core.environment:checking '/home/bill7/billeagle_ws/bill_ws/install/bill' for CMake config files
[1.026s] Level 1:colcon.colcon_core.shell:create_environment_hook('bill', 'cmake_prefix_path')
[1.026s] INFO:colcon.colcon_core.shell:Creating environment hook '/home/bill7/billeagle_ws/bill_ws/install/bill/share/bill/hook/cmake_prefix_path.ps1'
[1.027s] INFO:colcon.colcon_core.shell:Creating environment descriptor '/home/bill7/billeagle_ws/bill_ws/install/bill/share/bill/hook/cmake_prefix_path.dsv'
[1.027s] INFO:colcon.colcon_core.shell:Creating environment hook '/home/bill7/billeagle_ws/bill_ws/install/bill/share/bill/hook/cmake_prefix_path.sh'
[1.028s] Level 1:colcon.colcon_core.environment:checking '/home/bill7/billeagle_ws/bill_ws/install/bill/bin'
[1.028s] Level 1:colcon.colcon_core.environment:checking '/home/bill7/billeagle_ws/bill_ws/install/bill/lib/pkgconfig/bill.pc'
[1.028s] Level 1:colcon.colcon_core.environment:checking '/home/bill7/billeagle_ws/bill_ws/install/bill/lib/python3.10/site-packages'
[1.029s] Level 1:colcon.colcon_core.environment:checking '/home/bill7/billeagle_ws/bill_ws/install/bill/bin'
[1.029s] INFO:colcon.colcon_core.shell:Creating package script '/home/bill7/billeagle_ws/bill_ws/install/bill/share/bill/package.ps1'
[1.029s] INFO:colcon.colcon_core.shell:Creating package descriptor '/home/bill7/billeagle_ws/bill_ws/install/bill/share/bill/package.dsv'
[1.062s] INFO:colcon.colcon_core.shell:Creating package script '/home/bill7/billeagle_ws/bill_ws/install/bill/share/bill/package.sh'
[1.062s] INFO:colcon.colcon_core.shell:Creating package script '/home/bill7/billeagle_ws/bill_ws/install/bill/share/bill/package.bash'
[1.063s] INFO:colcon.colcon_core.shell:Creating package script '/home/bill7/billeagle_ws/bill_ws/install/bill/share/bill/package.zsh'
[1.065s] Level 1:colcon.colcon_core.environment:create_file_with_runtime_dependencies(/home/bill7/billeagle_ws/bill_ws/install/bill/share/colcon-core/packages/bill)
[1.066s] Level 1:colcon.colcon_core.environment:create_environment_scripts_only(bill)
[1.066s] Level 1:colcon.colcon_core.environment:checking '/home/bill7/billeagle_ws/bill_ws/install/bill' for CMake module files
[1.066s] Level 1:colcon.colcon_core.environment:checking '/home/bill7/billeagle_ws/bill_ws/install/bill' for CMake config files
[1.066s] Level 1:colcon.colcon_core.shell:create_environment_hook('bill', 'cmake_prefix_path')
[1.066s] INFO:colcon.colcon_core.shell:Creating environment hook '/home/bill7/billeagle_ws/bill_ws/install/bill/share/bill/hook/cmake_prefix_path.ps1'
[1.067s] INFO:colcon.colcon_core.shell:Creating environment descriptor '/home/bill7/billeagle_ws/bill_ws/install/bill/share/bill/hook/cmake_prefix_path.dsv'
[1.067s] INFO:colcon.colcon_core.shell:Creating environment hook '/home/bill7/billeagle_ws/bill_ws/install/bill/share/bill/hook/cmake_prefix_path.sh'
[1.067s] Level 1:colcon.colcon_core.environment:checking '/home/bill7/billeagle_ws/bill_ws/install/bill/bin'
[1.067s] Level 1:colcon.colcon_core.environment:checking '/home/bill7/billeagle_ws/bill_ws/install/bill/lib/pkgconfig/bill.pc'
[1.067s] Level 1:colcon.colcon_core.environment:checking '/home/bill7/billeagle_ws/bill_ws/install/bill/lib/python3.10/site-packages'
[1.067s] Level 1:colcon.colcon_core.environment:checking '/home/bill7/billeagle_ws/bill_ws/install/bill/bin'
[1.067s] INFO:colcon.colcon_core.shell:Creating package script '/home/bill7/billeagle_ws/bill_ws/install/bill/share/bill/package.ps1'
[1.068s] INFO:colcon.colcon_core.shell:Creating package descriptor '/home/bill7/billeagle_ws/bill_ws/install/bill/share/bill/package.dsv'
[1.068s] INFO:colcon.colcon_core.shell:Creating package script '/home/bill7/billeagle_ws/bill_ws/install/bill/share/bill/package.sh'
[1.068s] INFO:colcon.colcon_core.shell:Creating package script '/home/bill7/billeagle_ws/bill_ws/install/bill/share/bill/package.bash'
[1.068s] INFO:colcon.colcon_core.shell:Creating package script '/home/bill7/billeagle_ws/bill_ws/install/bill/share/bill/package.zsh'
[1.068s] Level 1:colcon.colcon_core.environment:create_file_with_runtime_dependencies(/home/bill7/billeagle_ws/bill_ws/install/bill/share/colcon-core/packages/bill)
[1.070s] Level 1:colcon.colcon_core.environment:create_environment_scripts_only(bill_description)
[1.070s] Level 1:colcon.colcon_core.environment:checking '/home/bill7/billeagle_ws/bill_ws/install/bill_description' for CMake module files
[1.071s] DEBUG:colcon.colcon_core.event_handler.log_command:Invoked command in '/home/bill7/billeagle_ws/bill_ws/build/bill_description' returned '0': CMAKE_PREFIX_PATH=/opt/ros/humble CONDA_PROMPT_MODIFIER=(bill) /usr/bin/cmake --install /home/bill7/billeagle_ws/bill_ws/build/bill_description
[1.071s] Level 1:colcon.colcon_core.environment:checking '/home/bill7/billeagle_ws/bill_ws/install/bill_description' for CMake config files
[1.071s] Level 1:colcon.colcon_core.shell:create_environment_hook('bill_description', 'cmake_prefix_path')
[1.071s] INFO:colcon.colcon_core.shell:Creating environment hook '/home/bill7/billeagle_ws/bill_ws/install/bill_description/share/bill_description/hook/cmake_prefix_path.ps1'
[1.071s] INFO:colcon.colcon_core.shell:Creating environment descriptor '/home/bill7/billeagle_ws/bill_ws/install/bill_description/share/bill_description/hook/cmake_prefix_path.dsv'
[1.072s] INFO:colcon.colcon_core.shell:Creating environment hook '/home/bill7/billeagle_ws/bill_ws/install/bill_description/share/bill_description/hook/cmake_prefix_path.sh'
[1.072s] Level 1:colcon.colcon_core.environment:checking '/home/bill7/billeagle_ws/bill_ws/install/bill_description/bin'
[1.072s] Level 1:colcon.colcon_core.environment:checking '/home/bill7/billeagle_ws/bill_ws/install/bill_description/lib/pkgconfig/bill_description.pc'
[1.072s] Level 1:colcon.colcon_core.environment:checking '/home/bill7/billeagle_ws/bill_ws/install/bill_description/lib/python3.10/site-packages'
[1.072s] Level 1:colcon.colcon_core.environment:checking '/home/bill7/billeagle_ws/bill_ws/install/bill_description/bin'
[1.072s] INFO:colcon.colcon_core.shell:Creating package script '/home/bill7/billeagle_ws/bill_ws/install/bill_description/share/bill_description/package.ps1'
[1.072s] INFO:colcon.colcon_core.shell:Creating package descriptor '/home/bill7/billeagle_ws/bill_ws/install/bill_description/share/bill_description/package.dsv'
[1.073s] INFO:colcon.colcon_core.shell:Creating package script '/home/bill7/billeagle_ws/bill_ws/install/bill_description/share/bill_description/package.sh'
[1.073s] INFO:colcon.colcon_core.shell:Creating package script '/home/bill7/billeagle_ws/bill_ws/install/bill_description/share/bill_description/package.bash'
[1.073s] INFO:colcon.colcon_core.shell:Creating package script '/home/bill7/billeagle_ws/bill_ws/install/bill_description/share/bill_description/package.zsh'
[1.073s] Level 1:colcon.colcon_core.environment:create_file_with_runtime_dependencies(/home/bill7/billeagle_ws/bill_ws/install/bill_description/share/colcon-core/packages/bill_description)
[1.073s] Level 1:colcon.colcon_core.environment:create_environment_scripts_only(bill_description)
[1.074s] Level 1:colcon.colcon_core.environment:checking '/home/bill7/billeagle_ws/bill_ws/install/bill_description' for CMake module files
[1.074s] Level 1:colcon.colcon_core.environment:checking '/home/bill7/billeagle_ws/bill_ws/install/bill_description' for CMake config files
[1.074s] Level 1:colcon.colcon_core.shell:create_environment_hook('bill_description', 'cmake_prefix_path')
[1.074s] INFO:colcon.colcon_core.shell:Creating environment hook '/home/bill7/billeagle_ws/bill_ws/install/bill_description/share/bill_description/hook/cmake_prefix_path.ps1'
[1.074s] INFO:colcon.colcon_core.shell:Creating environment descriptor '/home/bill7/billeagle_ws/bill_ws/install/bill_description/share/bill_description/hook/cmake_prefix_path.dsv'
[1.074s] INFO:colcon.colcon_core.shell:Creating environment hook '/home/bill7/billeagle_ws/bill_ws/install/bill_description/share/bill_description/hook/cmake_prefix_path.sh'
[1.075s] Level 1:colcon.colcon_core.environment:checking '/home/bill7/billeagle_ws/bill_ws/install/bill_description/bin'
[1.075s] Level 1:colcon.colcon_core.environment:checking '/home/bill7/billeagle_ws/bill_ws/install/bill_description/lib/pkgconfig/bill_description.pc'
[1.075s] Level 1:colcon.colcon_core.environment:checking '/home/bill7/billeagle_ws/bill_ws/install/bill_description/lib/python3.10/site-packages'
[1.075s] Level 1:colcon.colcon_core.environment:checking '/home/bill7/billeagle_ws/bill_ws/install/bill_description/bin'
[1.075s] INFO:colcon.colcon_core.shell:Creating package script '/home/bill7/billeagle_ws/bill_ws/install/bill_description/share/bill_description/package.ps1'
[1.076s] INFO:colcon.colcon_core.shell:Creating package descriptor '/home/bill7/billeagle_ws/bill_ws/install/bill_description/share/bill_description/package.dsv'
[1.076s] INFO:colcon.colcon_core.shell:Creating package script '/home/bill7/billeagle_ws/bill_ws/install/bill_description/share/bill_description/package.sh'
[1.076s] INFO:colcon.colcon_core.shell:Creating package script '/home/bill7/billeagle_ws/bill_ws/install/bill_description/share/bill_description/package.bash'
[1.076s] INFO:colcon.colcon_core.shell:Creating package script '/home/bill7/billeagle_ws/bill_ws/install/bill_description/share/bill_description/package.zsh'
[1.076s] Level 1:colcon.colcon_core.environment:create_file_with_runtime_dependencies(/home/bill7/billeagle_ws/bill_ws/install/bill_description/share/colcon-core/packages/bill_description)
[1.077s] DEBUG:colcon.colcon_core.event_handler.log_command:Invoked command in '/home/bill7/billeagle_ws/bill_ws/build/bill_nav' returned '0': CMAKE_PREFIX_PATH=/opt/ros/humble CONDA_PROMPT_MODIFIER=(bill) /usr/bin/cmake --build /home/bill7/billeagle_ws/bill_ws/build/bill_nav -- -j16 -l16
[1.078s] DEBUG:colcon.colcon_core.event_handler.log_command:Invoking command in '/home/bill7/billeagle_ws/bill_ws/build/bill_nav': CMAKE_PREFIX_PATH=/opt/ros/humble CONDA_PROMPT_MODIFIER=(bill) /usr/bin/cmake --install /home/bill7/billeagle_ws/bill_ws/build/bill_nav
[1.085s] Level 1:colcon.colcon_core.environment:create_environment_scripts_only(bill_nav)
[1.085s] DEBUG:colcon.colcon_core.event_handler.log_command:Invoked command in '/home/bill7/billeagle_ws/bill_ws/build/bill_nav' returned '0': CMAKE_PREFIX_PATH=/opt/ros/humble CONDA_PROMPT_MODIFIER=(bill) /usr/bin/cmake --install /home/bill7/billeagle_ws/bill_ws/build/bill_nav
[1.086s] Level 1:colcon.colcon_core.environment:checking '/home/bill7/billeagle_ws/bill_ws/install/bill_nav' for CMake module files
[1.086s] Level 1:colcon.colcon_core.environment:checking '/home/bill7/billeagle_ws/bill_ws/install/bill_nav' for CMake config files
[1.086s] Level 1:colcon.colcon_core.shell:create_environment_hook('bill_nav', 'cmake_prefix_path')
[1.087s] INFO:colcon.colcon_core.shell:Creating environment hook '/home/bill7/billeagle_ws/bill_ws/install/bill_nav/share/bill_nav/hook/cmake_prefix_path.ps1'
[1.087s] INFO:colcon.colcon_core.shell:Creating environment descriptor '/home/bill7/billeagle_ws/bill_ws/install/bill_nav/share/bill_nav/hook/cmake_prefix_path.dsv'
[1.088s] INFO:colcon.colcon_core.shell:Creating environment hook '/home/bill7/billeagle_ws/bill_ws/install/bill_nav/share/bill_nav/hook/cmake_prefix_path.sh'
[1.088s] Level 1:colcon.colcon_core.environment:checking '/home/bill7/billeagle_ws/bill_ws/install/bill_nav/bin'
[1.088s] Level 1:colcon.colcon_core.environment:checking '/home/bill7/billeagle_ws/bill_ws/install/bill_nav/lib/pkgconfig/bill_nav.pc'
[1.088s] Level 1:colcon.colcon_core.environment:checking '/home/bill7/billeagle_ws/bill_ws/install/bill_nav/lib/python3.10/site-packages'
[1.088s] Level 1:colcon.colcon_core.environment:checking '/home/bill7/billeagle_ws/bill_ws/install/bill_nav/bin'
[1.089s] INFO:colcon.colcon_core.shell:Creating package script '/home/bill7/billeagle_ws/bill_ws/install/bill_nav/share/bill_nav/package.ps1'
[1.089s] INFO:colcon.colcon_core.shell:Creating package descriptor '/home/bill7/billeagle_ws/bill_ws/install/bill_nav/share/bill_nav/package.dsv'
[1.089s] INFO:colcon.colcon_core.shell:Creating package script '/home/bill7/billeagle_ws/bill_ws/install/bill_nav/share/bill_nav/package.sh'
[1.090s] INFO:colcon.colcon_core.shell:Creating package script '/home/bill7/billeagle_ws/bill_ws/install/bill_nav/share/bill_nav/package.bash'
[1.090s] INFO:colcon.colcon_core.shell:Creating package script '/home/bill7/billeagle_ws/bill_ws/install/bill_nav/share/bill_nav/package.zsh'
[1.090s] Level 1:colcon.colcon_core.environment:create_file_with_runtime_dependencies(/home/bill7/billeagle_ws/bill_ws/install/bill_nav/share/colcon-core/packages/bill_nav)
[1.091s] Level 1:colcon.colcon_core.environment:create_environment_scripts_only(bill_nav)
[1.091s] Level 1:colcon.colcon_core.environment:checking '/home/bill7/billeagle_ws/bill_ws/install/bill_nav' for CMake module files
[1.092s] Level 1:colcon.colcon_core.environment:checking '/home/bill7/billeagle_ws/bill_ws/install/bill_nav' for CMake config files
[1.092s] Level 1:colcon.colcon_core.shell:create_environment_hook('bill_nav', 'cmake_prefix_path')
[1.092s] INFO:colcon.colcon_core.shell:Creating environment hook '/home/bill7/billeagle_ws/bill_ws/install/bill_nav/share/bill_nav/hook/cmake_prefix_path.ps1'
[1.093s] INFO:colcon.colcon_core.shell:Creating environment descriptor '/home/bill7/billeagle_ws/bill_ws/install/bill_nav/share/bill_nav/hook/cmake_prefix_path.dsv'
[1.093s] INFO:colcon.colcon_core.shell:Creating environment hook '/home/bill7/billeagle_ws/bill_ws/install/bill_nav/share/bill_nav/hook/cmake_prefix_path.sh'
[1.093s] Level 1:colcon.colcon_core.environment:checking '/home/bill7/billeagle_ws/bill_ws/install/bill_nav/bin'
[1.093s] Level 1:colcon.colcon_core.environment:checking '/home/bill7/billeagle_ws/bill_ws/install/bill_nav/lib/pkgconfig/bill_nav.pc'
[1.093s] Level 1:colcon.colcon_core.environment:checking '/home/bill7/billeagle_ws/bill_ws/install/bill_nav/lib/python3.10/site-packages'
[1.093s] Level 1:colcon.colcon_core.environment:checking '/home/bill7/billeagle_ws/bill_ws/install/bill_nav/bin'
[1.094s] INFO:colcon.colcon_core.shell:Creating package script '/home/bill7/billeagle_ws/bill_ws/install/bill_nav/share/bill_nav/package.ps1'
[1.094s] INFO:colcon.colcon_core.shell:Creating package descriptor '/home/bill7/billeagle_ws/bill_ws/install/bill_nav/share/bill_nav/package.dsv'
[1.094s] INFO:colcon.colcon_core.shell:Creating package script '/home/bill7/billeagle_ws/bill_ws/install/bill_nav/share/bill_nav/package.sh'
[1.094s] INFO:colcon.colcon_core.shell:Creating package script '/home/bill7/billeagle_ws/bill_ws/install/bill_nav/share/bill_nav/package.bash'
[1.094s] INFO:colcon.colcon_core.shell:Creating package script '/home/bill7/billeagle_ws/bill_ws/install/bill_nav/share/bill_nav/package.zsh'
[1.095s] Level 1:colcon.colcon_core.environment:create_file_with_runtime_dependencies(/home/bill7/billeagle_ws/bill_ws/install/bill_nav/share/colcon-core/packages/bill_nav)
[1.096s] Level 1:colcon.colcon_core.environment:create_environment_scripts_only(bill_slam)
[1.096s] Level 1:colcon.colcon_core.environment:checking '/home/bill7/billeagle_ws/bill_ws/install/bill_slam' for CMake module files
[1.096s] DEBUG:colcon.colcon_core.event_handler.log_command:Invoked command in '/home/bill7/billeagle_ws/bill_ws/build/bill_slam' returned '0': CMAKE_PREFIX_PATH=/opt/ros/humble CONDA_PROMPT_MODIFIER=(bill) /usr/bin/cmake --install /home/bill7/billeagle_ws/bill_ws/build/bill_slam
[1.096s] Level 1:colcon.colcon_core.environment:checking '/home/bill7/billeagle_ws/bill_ws/install/bill_slam' for CMake config files
[1.096s] Level 1:colcon.colcon_core.shell:create_environment_hook('bill_slam', 'cmake_prefix_path')
[1.096s] INFO:colcon.colcon_core.shell:Creating environment hook '/home/bill7/billeagle_ws/bill_ws/install/bill_slam/share/bill_slam/hook/cmake_prefix_path.ps1'
[1.097s] INFO:colcon.colcon_core.shell:Creating environment descriptor '/home/bill7/billeagle_ws/bill_ws/install/bill_slam/share/bill_slam/hook/cmake_prefix_path.dsv'
[1.097s] INFO:colcon.colcon_core.shell:Creating environment hook '/home/bill7/billeagle_ws/bill_ws/install/bill_slam/share/bill_slam/hook/cmake_prefix_path.sh'
[1.097s] Level 1:colcon.colcon_core.environment:checking '/home/bill7/billeagle_ws/bill_ws/install/bill_slam/bin'
[1.097s] Level 1:colcon.colcon_core.environment:checking '/home/bill7/billeagle_ws/bill_ws/install/bill_slam/lib/pkgconfig/bill_slam.pc'
[1.097s] Level 1:colcon.colcon_core.environment:checking '/home/bill7/billeagle_ws/bill_ws/install/bill_slam/lib/python3.10/site-packages'
[1.097s] Level 1:colcon.colcon_core.environment:checking '/home/bill7/billeagle_ws/bill_ws/install/bill_slam/bin'
[1.098s] INFO:colcon.colcon_core.shell:Creating package script '/home/bill7/billeagle_ws/bill_ws/install/bill_slam/share/bill_slam/package.ps1'
[1.098s] INFO:colcon.colcon_core.shell:Creating package descriptor '/home/bill7/billeagle_ws/bill_ws/install/bill_slam/share/bill_slam/package.dsv'
[1.098s] INFO:colcon.colcon_core.shell:Creating package script '/home/bill7/billeagle_ws/bill_ws/install/bill_slam/share/bill_slam/package.sh'
[1.098s] INFO:colcon.colcon_core.shell:Creating package script '/home/bill7/billeagle_ws/bill_ws/install/bill_slam/share/bill_slam/package.bash'
[1.098s] INFO:colcon.colcon_core.shell:Creating package script '/home/bill7/billeagle_ws/bill_ws/install/bill_slam/share/bill_slam/package.zsh'
[1.098s] Level 1:colcon.colcon_core.environment:create_file_with_runtime_dependencies(/home/bill7/billeagle_ws/bill_ws/install/bill_slam/share/colcon-core/packages/bill_slam)
[1.099s] Level 1:colcon.colcon_core.environment:create_environment_scripts_only(bill_slam)
[1.099s] Level 1:colcon.colcon_core.environment:checking '/home/bill7/billeagle_ws/bill_ws/install/bill_slam' for CMake module files
[1.099s] Level 1:colcon.colcon_core.environment:checking '/home/bill7/billeagle_ws/bill_ws/install/bill_slam' for CMake config files
[1.099s] Level 1:colcon.colcon_core.shell:create_environment_hook('bill_slam', 'cmake_prefix_path')
[1.099s] INFO:colcon.colcon_core.shell:Creating environment hook '/home/bill7/billeagle_ws/bill_ws/install/bill_slam/share/bill_slam/hook/cmake_prefix_path.ps1'
[1.100s] INFO:colcon.colcon_core.shell:Creating environment descriptor '/home/bill7/billeagle_ws/bill_ws/install/bill_slam/share/bill_slam/hook/cmake_prefix_path.dsv'
[1.100s] INFO:colcon.colcon_core.shell:Creating environment hook '/home/bill7/billeagle_ws/bill_ws/install/bill_slam/share/bill_slam/hook/cmake_prefix_path.sh'
[1.100s] Level 1:colcon.colcon_core.environment:checking '/home/bill7/billeagle_ws/bill_ws/install/bill_slam/bin'
[1.100s] Level 1:colcon.colcon_core.environment:checking '/home/bill7/billeagle_ws/bill_ws/install/bill_slam/lib/pkgconfig/bill_slam.pc'
[1.100s] Level 1:colcon.colcon_core.environment:checking '/home/bill7/billeagle_ws/bill_ws/install/bill_slam/lib/python3.10/site-packages'
[1.100s] Level 1:colcon.colcon_core.environment:checking '/home/bill7/billeagle_ws/bill_ws/install/bill_slam/bin'
[1.100s] INFO:colcon.colcon_core.shell:Creating package script '/home/bill7/billeagle_ws/bill_ws/install/bill_slam/share/bill_slam/package.ps1'
[1.101s] INFO:colcon.colcon_core.shell:Creating package descriptor '/home/bill7/billeagle_ws/bill_ws/install/bill_slam/share/bill_slam/package.dsv'
[1.101s] INFO:colcon.colcon_core.shell:Creating package script '/home/bill7/billeagle_ws/bill_ws/install/bill_slam/share/bill_slam/package.sh'
[1.101s] INFO:colcon.colcon_core.shell:Creating package script '/home/bill7/billeagle_ws/bill_ws/install/bill_slam/share/bill_slam/package.bash'
[1.101s] INFO:colcon.colcon_core.shell:Creating package script '/home/bill7/billeagle_ws/bill_ws/install/bill_slam/share/bill_slam/package.zsh'
[1.101s] Level 1:colcon.colcon_core.environment:create_file_with_runtime_dependencies(/home/bill7/billeagle_ws/bill_ws/install/bill_slam/share/colcon-core/packages/bill_slam)
[1.102s] DEBUG:colcon.colcon_parallel_executor.executor.parallel:closing loop
[1.102s] DEBUG:colcon.colcon_parallel_executor.executor.parallel:loop closed
[1.102s] DEBUG:colcon.colcon_parallel_executor.executor.parallel:run_until_complete finished with '0'
[1.102s] DEBUG:colcon.colcon_core.event_reactor:joining thread
[1.106s] INFO:colcon.colcon_core.plugin_system:Skipping extension 'colcon_notification.desktop_notification.terminal_notifier': Not used on non-Darwin systems
[1.106s] INFO:colcon.colcon_core.plugin_system:Skipping extension 'colcon_notification.desktop_notification.win32': Not used on non-Windows systems
[1.106s] INFO:colcon.colcon_notification.desktop_notification:Sending desktop notification using 'notify2'
[1.118s] DEBUG:colcon.colcon_core.event_reactor:joined thread
[1.118s] INFO:colcon.colcon_core.shell:Creating prefix script '/home/bill7/billeagle_ws/bill_ws/install/local_setup.ps1'
[1.119s] INFO:colcon.colcon_core.shell:Creating prefix util module '/home/bill7/billeagle_ws/bill_ws/install/_local_setup_util_ps1.py'
[1.119s] INFO:colcon.colcon_core.shell:Creating prefix chain script '/home/bill7/billeagle_ws/bill_ws/install/setup.ps1'
[1.120s] INFO:colcon.colcon_core.shell:Creating prefix script '/home/bill7/billeagle_ws/bill_ws/install/local_setup.sh'
[1.120s] INFO:colcon.colcon_core.shell:Creating prefix util module '/home/bill7/billeagle_ws/bill_ws/install/_local_setup_util_sh.py'
[1.120s] INFO:colcon.colcon_core.shell:Creating prefix chain script '/home/bill7/billeagle_ws/bill_ws/install/setup.sh'
[1.121s] INFO:colcon.colcon_core.shell:Creating prefix script '/home/bill7/billeagle_ws/bill_ws/install/local_setup.bash'
[1.122s] INFO:colcon.colcon_core.shell:Creating prefix chain script '/home/bill7/billeagle_ws/bill_ws/install/setup.bash'
[1.122s] INFO:colcon.colcon_core.shell:Creating prefix script '/home/bill7/billeagle_ws/bill_ws/install/local_setup.zsh'
[1.123s] INFO:colcon.colcon_core.shell:Creating prefix chain script '/home/bill7/billeagle_ws/bill_ws/install/setup.zsh'
