[0.092s] DEBUG:colcon:Command line arguments: ['/usr/bin/colcon', 'build']
[0.092s] DEBUG:colcon:Parsed command line arguments: Namespace(log_base=None, log_level=None, verb_name='build', build_base='build', install_base='install', merge_install=False, symlink_install=False, test_result_base=None, continue_on_error=False, executor='parallel', parallel_workers=16, event_handlers=None, ignore_user_meta=False, metas=['./colcon.meta'], base_paths=['.'], packages_ignore=None, packages_ignore_regex=None, paths=None, packages_up_to=None, packages_up_to_regex=None, packages_above=None, packages_above_and_dependencies=None, packages_above_depth=None, packages_select_by_dep=None, packages_skip_by_dep=None, packages_skip_up_to=None, packages_select_build_failed=False, packages_skip_build_finished=False, packages_select_test_failures=False, packages_skip_test_passed=False, packages_select=None, packages_skip=None, packages_select_regex=None, packages_skip_regex=None, packages_start=None, packages_end=None, allow_overriding=[], cmake_args=None, cmake_target=None, cmake_target_skip_unavailable=False, cmake_clean_cache=False, cmake_clean_first=False, cmake_force_configure=False, ament_cmake_args=None, catkin_cmake_args=None, catkin_skip_building_tests=False, verb_parser=<colcon_defaults.argument_parser.defaults.DefaultArgumentsDecorator object at 0x767321b6e650>, verb_extension=<colcon_core.verb.build.BuildVerb object at 0x767321ce6c20>, main=<bound method BuildVerb.main of <colcon_core.verb.build.BuildVerb object at 0x767321ce6c20>>)
[0.192s] Level 1:colcon.colcon_core.package_discovery:discover_packages(colcon_meta) check parameters
[0.193s] Level 1:colcon.colcon_core.package_discovery:discover_packages(recursive) check parameters
[0.193s] Level 1:colcon.colcon_core.package_discovery:discover_packages(ignore) check parameters
[0.193s] Level 1:colcon.colcon_core.package_discovery:discover_packages(path) check parameters
[0.193s] Level 1:colcon.colcon_core.package_discovery:discover_packages(colcon_meta) discover
[0.193s] Level 1:colcon.colcon_core.package_discovery:discover_packages(recursive) discover
[0.193s] INFO:colcon.colcon_core.package_discovery:Crawling recursively for packages in '/home/bill8/billeagle_ws/bill_ws'
[0.193s] Level 1:colcon.colcon_core.package_identification:_identify(.) by extensions ['ignore', 'ignore_ament_install']
[0.193s] Level 1:colcon.colcon_core.package_identification:_identify(.) by extension 'ignore'
[0.193s] Level 1:colcon.colcon_core.package_identification:_identify(.) by extension 'ignore_ament_install'
[0.193s] Level 1:colcon.colcon_core.package_identification:_identify(.) by extensions ['colcon_pkg']
[0.193s] Level 1:colcon.colcon_core.package_identification:_identify(.) by extension 'colcon_pkg'
[0.193s] Level 1:colcon.colcon_core.package_identification:_identify(.) by extensions ['colcon_meta']
[0.193s] Level 1:colcon.colcon_core.package_identification:_identify(.) by extension 'colcon_meta'
[0.193s] Level 1:colcon.colcon_core.package_identification:_identify(.) by extensions ['ros']
[0.193s] Level 1:colcon.colcon_core.package_identification:_identify(.) by extension 'ros'
[0.204s] Level 1:colcon.colcon_core.package_identification:_identify(.) by extensions ['cmake', 'python']
[0.204s] Level 1:colcon.colcon_core.package_identification:_identify(.) by extension 'cmake'
[0.204s] Level 1:colcon.colcon_core.package_identification:_identify(.) by extension 'python'
[0.204s] Level 1:colcon.colcon_core.package_identification:_identify(.) by extensions ['python_setup_py']
[0.204s] Level 1:colcon.colcon_core.package_identification:_identify(.) by extension 'python_setup_py'
[0.205s] Level 1:colcon.colcon_core.package_identification:_identify(build) by extensions ['ignore', 'ignore_ament_install']
[0.205s] Level 1:colcon.colcon_core.package_identification:_identify(build) by extension 'ignore'
[0.205s] Level 1:colcon.colcon_core.package_identification:_identify(build) ignored
[0.205s] Level 1:colcon.colcon_core.package_identification:_identify(install) by extensions ['ignore', 'ignore_ament_install']
[0.205s] Level 1:colcon.colcon_core.package_identification:_identify(install) by extension 'ignore'
[0.205s] Level 1:colcon.colcon_core.package_identification:_identify(install) ignored
[0.205s] Level 1:colcon.colcon_core.package_identification:_identify(log) by extensions ['ignore', 'ignore_ament_install']
[0.205s] Level 1:colcon.colcon_core.package_identification:_identify(log) by extension 'ignore'
[0.205s] Level 1:colcon.colcon_core.package_identification:_identify(log) ignored
[0.205s] Level 1:colcon.colcon_core.package_identification:_identify(src) by extensions ['ignore', 'ignore_ament_install']
[0.205s] Level 1:colcon.colcon_core.package_identification:_identify(src) by extension 'ignore'
[0.205s] Level 1:colcon.colcon_core.package_identification:_identify(src) by extension 'ignore_ament_install'
[0.205s] Level 1:colcon.colcon_core.package_identification:_identify(src) by extensions ['colcon_pkg']
[0.205s] Level 1:colcon.colcon_core.package_identification:_identify(src) by extension 'colcon_pkg'
[0.205s] Level 1:colcon.colcon_core.package_identification:_identify(src) by extensions ['colcon_meta']
[0.205s] Level 1:colcon.colcon_core.package_identification:_identify(src) by extension 'colcon_meta'
[0.205s] Level 1:colcon.colcon_core.package_identification:_identify(src) by extensions ['ros']
[0.205s] Level 1:colcon.colcon_core.package_identification:_identify(src) by extension 'ros'
[0.205s] Level 1:colcon.colcon_core.package_identification:_identify(src) by extensions ['cmake', 'python']
[0.205s] Level 1:colcon.colcon_core.package_identification:_identify(src) by extension 'cmake'
[0.205s] Level 1:colcon.colcon_core.package_identification:_identify(src) by extension 'python'
[0.205s] Level 1:colcon.colcon_core.package_identification:_identify(src) by extensions ['python_setup_py']
[0.205s] Level 1:colcon.colcon_core.package_identification:_identify(src) by extension 'python_setup_py'
[0.205s] Level 1:colcon.colcon_core.package_identification:_identify(src/bill) by extensions ['ignore', 'ignore_ament_install']
[0.205s] Level 1:colcon.colcon_core.package_identification:_identify(src/bill) by extension 'ignore'
[0.205s] Level 1:colcon.colcon_core.package_identification:_identify(src/bill) by extension 'ignore_ament_install'
[0.205s] Level 1:colcon.colcon_core.package_identification:_identify(src/bill) by extensions ['colcon_pkg']
[0.205s] Level 1:colcon.colcon_core.package_identification:_identify(src/bill) by extension 'colcon_pkg'
[0.205s] Level 1:colcon.colcon_core.package_identification:_identify(src/bill) by extensions ['colcon_meta']
[0.205s] Level 1:colcon.colcon_core.package_identification:_identify(src/bill) by extension 'colcon_meta'
[0.205s] Level 1:colcon.colcon_core.package_identification:_identify(src/bill) by extensions ['ros']
[0.205s] Level 1:colcon.colcon_core.package_identification:_identify(src/bill) by extension 'ros'
[0.207s] DEBUG:colcon.colcon_core.package_identification:Package 'src/bill' with type 'ros.ament_cmake' and name 'bill'
[0.207s] Level 1:colcon.colcon_core.package_identification:_identify(src/bill_description) by extensions ['ignore', 'ignore_ament_install']
[0.207s] Level 1:colcon.colcon_core.package_identification:_identify(src/bill_description) by extension 'ignore'
[0.207s] Level 1:colcon.colcon_core.package_identification:_identify(src/bill_description) by extension 'ignore_ament_install'
[0.207s] Level 1:colcon.colcon_core.package_identification:_identify(src/bill_description) by extensions ['colcon_pkg']
[0.207s] Level 1:colcon.colcon_core.package_identification:_identify(src/bill_description) by extension 'colcon_pkg'
[0.207s] Level 1:colcon.colcon_core.package_identification:_identify(src/bill_description) by extensions ['colcon_meta']
[0.207s] Level 1:colcon.colcon_core.package_identification:_identify(src/bill_description) by extension 'colcon_meta'
[0.207s] Level 1:colcon.colcon_core.package_identification:_identify(src/bill_description) by extensions ['ros']
[0.207s] Level 1:colcon.colcon_core.package_identification:_identify(src/bill_description) by extension 'ros'
[0.208s] DEBUG:colcon.colcon_core.package_identification:Package 'src/bill_description' with type 'ros.ament_cmake' and name 'bill_description'
[0.208s] Level 1:colcon.colcon_core.package_identification:_identify(src/bill_nav) by extensions ['ignore', 'ignore_ament_install']
[0.208s] Level 1:colcon.colcon_core.package_identification:_identify(src/bill_nav) by extension 'ignore'
[0.208s] Level 1:colcon.colcon_core.package_identification:_identify(src/bill_nav) by extension 'ignore_ament_install'
[0.208s] Level 1:colcon.colcon_core.package_identification:_identify(src/bill_nav) by extensions ['colcon_pkg']
[0.208s] Level 1:colcon.colcon_core.package_identification:_identify(src/bill_nav) by extension 'colcon_pkg'
[0.208s] Level 1:colcon.colcon_core.package_identification:_identify(src/bill_nav) by extensions ['colcon_meta']
[0.208s] Level 1:colcon.colcon_core.package_identification:_identify(src/bill_nav) by extension 'colcon_meta'
[0.208s] Level 1:colcon.colcon_core.package_identification:_identify(src/bill_nav) by extensions ['ros']
[0.208s] Level 1:colcon.colcon_core.package_identification:_identify(src/bill_nav) by extension 'ros'
[0.208s] DEBUG:colcon.colcon_core.package_identification:Package 'src/bill_nav' with type 'ros.ament_cmake' and name 'bill_nav'
[0.208s] Level 1:colcon.colcon_core.package_identification:_identify(src/bill_slam) by extensions ['ignore', 'ignore_ament_install']
[0.208s] Level 1:colcon.colcon_core.package_identification:_identify(src/bill_slam) by extension 'ignore'
[0.208s] Level 1:colcon.colcon_core.package_identification:_identify(src/bill_slam) by extension 'ignore_ament_install'
[0.208s] Level 1:colcon.colcon_core.package_identification:_identify(src/bill_slam) by extensions ['colcon_pkg']
[0.208s] Level 1:colcon.colcon_core.package_identification:_identify(src/bill_slam) by extension 'colcon_pkg'
[0.208s] Level 1:colcon.colcon_core.package_identification:_identify(src/bill_slam) by extensions ['colcon_meta']
[0.208s] Level 1:colcon.colcon_core.package_identification:_identify(src/bill_slam) by extension 'colcon_meta'
[0.208s] Level 1:colcon.colcon_core.package_identification:_identify(src/bill_slam) by extensions ['ros']
[0.208s] Level 1:colcon.colcon_core.package_identification:_identify(src/bill_slam) by extension 'ros'
[0.209s] DEBUG:colcon.colcon_core.package_identification:Package 'src/bill_slam' with type 'ros.ament_cmake' and name 'bill_slam'
[0.209s] Level 1:colcon.colcon_core.package_discovery:discover_packages(recursive) using defaults
[0.209s] Level 1:colcon.colcon_core.package_discovery:discover_packages(ignore) discover
[0.209s] Level 1:colcon.colcon_core.package_discovery:discover_packages(ignore) using defaults
[0.209s] Level 1:colcon.colcon_core.package_discovery:discover_packages(path) discover
[0.209s] Level 1:colcon.colcon_core.package_discovery:discover_packages(path) using defaults
[0.220s] Level 1:colcon.colcon_core.package_discovery:discover_packages(prefix_path) check parameters
[0.220s] Level 1:colcon.colcon_core.package_discovery:discover_packages(prefix_path) discover
[0.222s] DEBUG:colcon.colcon_installed_package_information.package_discovery:Found 4 installed packages in /home/bill8/billeagle_ws/bill_ws/install
[0.222s] DEBUG:colcon.colcon_installed_package_information.package_discovery:Found 3 installed packages in /home/bill8/microros_ws/install
[0.223s] DEBUG:colcon.colcon_installed_package_information.package_discovery:Found 329 installed packages in /opt/ros/humble
[0.224s] Level 1:colcon.colcon_core.package_discovery:discover_packages(prefix_path) using defaults
[0.246s] Level 5:colcon.colcon_core.verb:set package 'bill' build argument 'cmake_args' from command line to 'None'
[0.246s] Level 5:colcon.colcon_core.verb:set package 'bill' build argument 'cmake_target' from command line to 'None'
[0.246s] Level 5:colcon.colcon_core.verb:set package 'bill' build argument 'cmake_target_skip_unavailable' from command line to 'False'
[0.246s] Level 5:colcon.colcon_core.verb:set package 'bill' build argument 'cmake_clean_cache' from command line to 'False'
[0.246s] Level 5:colcon.colcon_core.verb:set package 'bill' build argument 'cmake_clean_first' from command line to 'False'
[0.246s] Level 5:colcon.colcon_core.verb:set package 'bill' build argument 'cmake_force_configure' from command line to 'False'
[0.246s] Level 5:colcon.colcon_core.verb:set package 'bill' build argument 'ament_cmake_args' from command line to 'None'
[0.246s] Level 5:colcon.colcon_core.verb:set package 'bill' build argument 'catkin_cmake_args' from command line to 'None'
[0.246s] Level 5:colcon.colcon_core.verb:set package 'bill' build argument 'catkin_skip_building_tests' from command line to 'False'
[0.246s] DEBUG:colcon.colcon_core.verb:Building package 'bill' with the following arguments: {'ament_cmake_args': None, 'build_base': '/home/bill8/billeagle_ws/bill_ws/build/bill', 'catkin_cmake_args': None, 'catkin_skip_building_tests': False, 'cmake_args': None, 'cmake_clean_cache': False, 'cmake_clean_first': False, 'cmake_force_configure': False, 'cmake_target': None, 'cmake_target_skip_unavailable': False, 'install_base': '/home/bill8/billeagle_ws/bill_ws/install/bill', 'merge_install': False, 'path': '/home/bill8/billeagle_ws/bill_ws/src/bill', 'symlink_install': False, 'test_result_base': None}
[0.246s] Level 5:colcon.colcon_core.verb:set package 'bill_description' build argument 'cmake_args' from command line to 'None'
[0.246s] Level 5:colcon.colcon_core.verb:set package 'bill_description' build argument 'cmake_target' from command line to 'None'
[0.246s] Level 5:colcon.colcon_core.verb:set package 'bill_description' build argument 'cmake_target_skip_unavailable' from command line to 'False'
[0.246s] Level 5:colcon.colcon_core.verb:set package 'bill_description' build argument 'cmake_clean_cache' from command line to 'False'
[0.246s] Level 5:colcon.colcon_core.verb:set package 'bill_description' build argument 'cmake_clean_first' from command line to 'False'
[0.246s] Level 5:colcon.colcon_core.verb:set package 'bill_description' build argument 'cmake_force_configure' from command line to 'False'
[0.246s] Level 5:colcon.colcon_core.verb:set package 'bill_description' build argument 'ament_cmake_args' from command line to 'None'
[0.246s] Level 5:colcon.colcon_core.verb:set package 'bill_description' build argument 'catkin_cmake_args' from command line to 'None'
[0.246s] Level 5:colcon.colcon_core.verb:set package 'bill_description' build argument 'catkin_skip_building_tests' from command line to 'False'
[0.246s] DEBUG:colcon.colcon_core.verb:Building package 'bill_description' with the following arguments: {'ament_cmake_args': None, 'build_base': '/home/bill8/billeagle_ws/bill_ws/build/bill_description', 'catkin_cmake_args': None, 'catkin_skip_building_tests': False, 'cmake_args': None, 'cmake_clean_cache': False, 'cmake_clean_first': False, 'cmake_force_configure': False, 'cmake_target': None, 'cmake_target_skip_unavailable': False, 'install_base': '/home/bill8/billeagle_ws/bill_ws/install/bill_description', 'merge_install': False, 'path': '/home/bill8/billeagle_ws/bill_ws/src/bill_description', 'symlink_install': False, 'test_result_base': None}
[0.246s] Level 5:colcon.colcon_core.verb:set package 'bill_nav' build argument 'cmake_args' from command line to 'None'
[0.246s] Level 5:colcon.colcon_core.verb:set package 'bill_nav' build argument 'cmake_target' from command line to 'None'
[0.246s] Level 5:colcon.colcon_core.verb:set package 'bill_nav' build argument 'cmake_target_skip_unavailable' from command line to 'False'
[0.246s] Level 5:colcon.colcon_core.verb:set package 'bill_nav' build argument 'cmake_clean_cache' from command line to 'False'
[0.246s] Level 5:colcon.colcon_core.verb:set package 'bill_nav' build argument 'cmake_clean_first' from command line to 'False'
[0.246s] Level 5:colcon.colcon_core.verb:set package 'bill_nav' build argument 'cmake_force_configure' from command line to 'False'
[0.246s] Level 5:colcon.colcon_core.verb:set package 'bill_nav' build argument 'ament_cmake_args' from command line to 'None'
[0.246s] Level 5:colcon.colcon_core.verb:set package 'bill_nav' build argument 'catkin_cmake_args' from command line to 'None'
[0.246s] Level 5:colcon.colcon_core.verb:set package 'bill_nav' build argument 'catkin_skip_building_tests' from command line to 'False'
[0.246s] DEBUG:colcon.colcon_core.verb:Building package 'bill_nav' with the following arguments: {'ament_cmake_args': None, 'build_base': '/home/bill8/billeagle_ws/bill_ws/build/bill_nav', 'catkin_cmake_args': None, 'catkin_skip_building_tests': False, 'cmake_args': None, 'cmake_clean_cache': False, 'cmake_clean_first': False, 'cmake_force_configure': False, 'cmake_target': None, 'cmake_target_skip_unavailable': False, 'install_base': '/home/bill8/billeagle_ws/bill_ws/install/bill_nav', 'merge_install': False, 'path': '/home/bill8/billeagle_ws/bill_ws/src/bill_nav', 'symlink_install': False, 'test_result_base': None}
[0.247s] Level 5:colcon.colcon_core.verb:set package 'bill_slam' build argument 'cmake_args' from command line to 'None'
[0.247s] Level 5:colcon.colcon_core.verb:set package 'bill_slam' build argument 'cmake_target' from command line to 'None'
[0.247s] Level 5:colcon.colcon_core.verb:set package 'bill_slam' build argument 'cmake_target_skip_unavailable' from command line to 'False'
[0.247s] Level 5:colcon.colcon_core.verb:set package 'bill_slam' build argument 'cmake_clean_cache' from command line to 'False'
[0.247s] Level 5:colcon.colcon_core.verb:set package 'bill_slam' build argument 'cmake_clean_first' from command line to 'False'
[0.247s] Level 5:colcon.colcon_core.verb:set package 'bill_slam' build argument 'cmake_force_configure' from command line to 'False'
[0.247s] Level 5:colcon.colcon_core.verb:set package 'bill_slam' build argument 'ament_cmake_args' from command line to 'None'
[0.247s] Level 5:colcon.colcon_core.verb:set package 'bill_slam' build argument 'catkin_cmake_args' from command line to 'None'
[0.247s] Level 5:colcon.colcon_core.verb:set package 'bill_slam' build argument 'catkin_skip_building_tests' from command line to 'False'
[0.247s] DEBUG:colcon.colcon_core.verb:Building package 'bill_slam' with the following arguments: {'ament_cmake_args': None, 'build_base': '/home/bill8/billeagle_ws/bill_ws/build/bill_slam', 'catkin_cmake_args': None, 'catkin_skip_building_tests': False, 'cmake_args': None, 'cmake_clean_cache': False, 'cmake_clean_first': False, 'cmake_force_configure': False, 'cmake_target': None, 'cmake_target_skip_unavailable': False, 'install_base': '/home/bill8/billeagle_ws/bill_ws/install/bill_slam', 'merge_install': False, 'path': '/home/bill8/billeagle_ws/bill_ws/src/bill_slam', 'symlink_install': False, 'test_result_base': None}
[0.247s] INFO:colcon.colcon_core.executor:Executing jobs using 'parallel' executor
[0.248s] DEBUG:colcon.colcon_parallel_executor.executor.parallel:run_until_complete
[0.248s] INFO:colcon.colcon_ros.task.ament_cmake.build:Building ROS package in '/home/bill8/billeagle_ws/bill_ws/src/bill' with build type 'ament_cmake'
[0.248s] INFO:colcon.colcon_cmake.task.cmake.build:Building CMake package in '/home/bill8/billeagle_ws/bill_ws/src/bill'
[0.249s] INFO:colcon.colcon_core.plugin_system:Skipping extension 'colcon_core.shell.bat': Not used on non-Windows systems
[0.249s] INFO:colcon.colcon_core.shell:Skip shell extension 'powershell' for command environment: Not usable outside of PowerShell
[0.249s] DEBUG:colcon.colcon_core.shell:Skip shell extension 'dsv' for command environment
[0.251s] INFO:colcon.colcon_ros.task.ament_cmake.build:Building ROS package in '/home/bill8/billeagle_ws/bill_ws/src/bill_description' with build type 'ament_cmake'
[0.251s] INFO:colcon.colcon_cmake.task.cmake.build:Building CMake package in '/home/bill8/billeagle_ws/bill_ws/src/bill_description'
[0.252s] INFO:colcon.colcon_core.shell:Skip shell extension 'powershell' for command environment: Not usable outside of PowerShell
[0.252s] DEBUG:colcon.colcon_core.shell:Skip shell extension 'dsv' for command environment
[0.254s] INFO:colcon.colcon_ros.task.ament_cmake.build:Building ROS package in '/home/bill8/billeagle_ws/bill_ws/src/bill_nav' with build type 'ament_cmake'
[0.254s] INFO:colcon.colcon_cmake.task.cmake.build:Building CMake package in '/home/bill8/billeagle_ws/bill_ws/src/bill_nav'
[0.254s] INFO:colcon.colcon_core.shell:Skip shell extension 'powershell' for command environment: Not usable outside of PowerShell
[0.254s] DEBUG:colcon.colcon_core.shell:Skip shell extension 'dsv' for command environment
[0.256s] INFO:colcon.colcon_ros.task.ament_cmake.build:Building ROS package in '/home/bill8/billeagle_ws/bill_ws/src/bill_slam' with build type 'ament_cmake'
[0.256s] INFO:colcon.colcon_cmake.task.cmake.build:Building CMake package in '/home/bill8/billeagle_ws/bill_ws/src/bill_slam'
[0.256s] INFO:colcon.colcon_core.shell:Skip shell extension 'powershell' for command environment: Not usable outside of PowerShell
[0.256s] DEBUG:colcon.colcon_core.shell:Skip shell extension 'dsv' for command environment
[0.260s] DEBUG:colcon.colcon_core.event_handler.log_command:Invoking command in '/home/bill8/billeagle_ws/bill_ws/build/bill': CMAKE_PREFIX_PATH=${CMAKE_PREFIX_PATH}:/opt/ros/humble /home/bill8/.local/bin/cmake --build /home/bill8/billeagle_ws/bill_ws/build/bill -- -j16 -l16
[0.262s] DEBUG:colcon.colcon_core.event_handler.log_command:Invoking command in '/home/bill8/billeagle_ws/bill_ws/build/bill_description': CMAKE_PREFIX_PATH=${CMAKE_PREFIX_PATH}:/opt/ros/humble /home/bill8/.local/bin/cmake --build /home/bill8/billeagle_ws/bill_ws/build/bill_description -- -j16 -l16
[0.265s] DEBUG:colcon.colcon_core.event_handler.log_command:Invoking command in '/home/bill8/billeagle_ws/bill_ws/build/bill_nav': CMAKE_PREFIX_PATH=${CMAKE_PREFIX_PATH}:/opt/ros/humble /home/bill8/.local/bin/cmake --build /home/bill8/billeagle_ws/bill_ws/build/bill_nav -- -j16 -l16
[0.267s] DEBUG:colcon.colcon_core.event_handler.log_command:Invoking command in '/home/bill8/billeagle_ws/bill_ws/build/bill_slam': CMAKE_PREFIX_PATH=${CMAKE_PREFIX_PATH}:/opt/ros/humble /home/bill8/.local/bin/cmake --build /home/bill8/billeagle_ws/bill_ws/build/bill_slam -- -j16 -l16
[0.325s] DEBUG:colcon.colcon_core.event_handler.log_command:Invoked command in '/home/bill8/billeagle_ws/bill_ws/build/bill' returned '0': CMAKE_PREFIX_PATH=${CMAKE_PREFIX_PATH}:/opt/ros/humble /home/bill8/.local/bin/cmake --build /home/bill8/billeagle_ws/bill_ws/build/bill -- -j16 -l16
[0.442s] DEBUG:colcon.colcon_core.event_handler.log_command:Invoking command in '/home/bill8/billeagle_ws/bill_ws/build/bill': CMAKE_PREFIX_PATH=${CMAKE_PREFIX_PATH}:/opt/ros/humble /home/bill8/.local/bin/cmake --install /home/bill8/billeagle_ws/bill_ws/build/bill
[0.443s] DEBUG:colcon.colcon_core.event_handler.log_command:Invoked command in '/home/bill8/billeagle_ws/bill_ws/build/bill_description' returned '0': CMAKE_PREFIX_PATH=${CMAKE_PREFIX_PATH}:/opt/ros/humble /home/bill8/.local/bin/cmake --build /home/bill8/billeagle_ws/bill_ws/build/bill_description -- -j16 -l16
[0.445s] DEBUG:colcon.colcon_core.event_handler.log_command:Invoking command in '/home/bill8/billeagle_ws/bill_ws/build/bill_description': CMAKE_PREFIX_PATH=${CMAKE_PREFIX_PATH}:/opt/ros/humble /home/bill8/.local/bin/cmake --install /home/bill8/billeagle_ws/bill_ws/build/bill_description
[0.447s] DEBUG:colcon.colcon_core.event_handler.log_command:Invoked command in '/home/bill8/billeagle_ws/bill_ws/build/bill_nav' returned '0': CMAKE_PREFIX_PATH=${CMAKE_PREFIX_PATH}:/opt/ros/humble /home/bill8/.local/bin/cmake --build /home/bill8/billeagle_ws/bill_ws/build/bill_nav -- -j16 -l16
[0.449s] DEBUG:colcon.colcon_core.event_handler.log_command:Invoking command in '/home/bill8/billeagle_ws/bill_ws/build/bill_nav': CMAKE_PREFIX_PATH=${CMAKE_PREFIX_PATH}:/opt/ros/humble /home/bill8/.local/bin/cmake --install /home/bill8/billeagle_ws/bill_ws/build/bill_nav
[0.452s] DEBUG:colcon.colcon_core.event_handler.log_command:Invoked command in '/home/bill8/billeagle_ws/bill_ws/build/bill_slam' returned '0': CMAKE_PREFIX_PATH=${CMAKE_PREFIX_PATH}:/opt/ros/humble /home/bill8/.local/bin/cmake --build /home/bill8/billeagle_ws/bill_ws/build/bill_slam -- -j16 -l16
[0.453s] DEBUG:colcon.colcon_core.event_handler.log_command:Invoking command in '/home/bill8/billeagle_ws/bill_ws/build/bill_slam': CMAKE_PREFIX_PATH=${CMAKE_PREFIX_PATH}:/opt/ros/humble /home/bill8/.local/bin/cmake --install /home/bill8/billeagle_ws/bill_ws/build/bill_slam
[0.538s] Level 1:colcon.colcon_core.environment:create_environment_scripts_only(bill)
[0.538s] DEBUG:colcon.colcon_core.event_handler.log_command:Invoked command in '/home/bill8/billeagle_ws/bill_ws/build/bill' returned '0': CMAKE_PREFIX_PATH=${CMAKE_PREFIX_PATH}:/opt/ros/humble /home/bill8/.local/bin/cmake --install /home/bill8/billeagle_ws/bill_ws/build/bill
[0.547s] Level 1:colcon.colcon_core.environment:checking '/home/bill8/billeagle_ws/bill_ws/install/bill' for CMake module files
[0.548s] Level 1:colcon.colcon_core.environment:checking '/home/bill8/billeagle_ws/bill_ws/install/bill' for CMake config files
[0.548s] Level 1:colcon.colcon_core.shell:create_environment_hook('bill', 'cmake_prefix_path')
[0.549s] INFO:colcon.colcon_core.shell:Creating environment hook '/home/bill8/billeagle_ws/bill_ws/install/bill/share/bill/hook/cmake_prefix_path.ps1'
[0.550s] INFO:colcon.colcon_core.shell:Creating environment descriptor '/home/bill8/billeagle_ws/bill_ws/install/bill/share/bill/hook/cmake_prefix_path.dsv'
[0.551s] INFO:colcon.colcon_core.shell:Creating environment hook '/home/bill8/billeagle_ws/bill_ws/install/bill/share/bill/hook/cmake_prefix_path.sh'
[0.552s] Level 1:colcon.colcon_core.environment:checking '/home/bill8/billeagle_ws/bill_ws/install/bill/bin'
[0.552s] Level 1:colcon.colcon_core.environment:checking '/home/bill8/billeagle_ws/bill_ws/install/bill/lib/pkgconfig/bill.pc'
[0.553s] Level 1:colcon.colcon_core.environment:checking '/home/bill8/billeagle_ws/bill_ws/install/bill/lib/python3.10/site-packages'
[0.553s] Level 1:colcon.colcon_core.environment:checking '/home/bill8/billeagle_ws/bill_ws/install/bill/bin'
[0.553s] INFO:colcon.colcon_core.shell:Creating package script '/home/bill8/billeagle_ws/bill_ws/install/bill/share/bill/package.ps1'
[0.555s] INFO:colcon.colcon_core.shell:Creating package descriptor '/home/bill8/billeagle_ws/bill_ws/install/bill/share/bill/package.dsv'
[0.555s] INFO:colcon.colcon_core.shell:Creating package script '/home/bill8/billeagle_ws/bill_ws/install/bill/share/bill/package.sh'
[0.556s] INFO:colcon.colcon_core.shell:Creating package script '/home/bill8/billeagle_ws/bill_ws/install/bill/share/bill/package.bash'
[0.558s] INFO:colcon.colcon_core.shell:Creating package script '/home/bill8/billeagle_ws/bill_ws/install/bill/share/bill/package.zsh'
[0.559s] Level 1:colcon.colcon_core.environment:create_file_with_runtime_dependencies(/home/bill8/billeagle_ws/bill_ws/install/bill/share/colcon-core/packages/bill)
[0.560s] Level 1:colcon.colcon_core.environment:create_environment_scripts_only(bill)
[0.560s] Level 1:colcon.colcon_core.environment:checking '/home/bill8/billeagle_ws/bill_ws/install/bill' for CMake module files
[0.560s] Level 1:colcon.colcon_core.environment:checking '/home/bill8/billeagle_ws/bill_ws/install/bill' for CMake config files
[0.561s] Level 1:colcon.colcon_core.shell:create_environment_hook('bill', 'cmake_prefix_path')
[0.561s] INFO:colcon.colcon_core.shell:Creating environment hook '/home/bill8/billeagle_ws/bill_ws/install/bill/share/bill/hook/cmake_prefix_path.ps1'
[0.562s] INFO:colcon.colcon_core.shell:Creating environment descriptor '/home/bill8/billeagle_ws/bill_ws/install/bill/share/bill/hook/cmake_prefix_path.dsv'
[0.562s] INFO:colcon.colcon_core.shell:Creating environment hook '/home/bill8/billeagle_ws/bill_ws/install/bill/share/bill/hook/cmake_prefix_path.sh'
[0.563s] Level 1:colcon.colcon_core.environment:checking '/home/bill8/billeagle_ws/bill_ws/install/bill/bin'
[0.563s] Level 1:colcon.colcon_core.environment:checking '/home/bill8/billeagle_ws/bill_ws/install/bill/lib/pkgconfig/bill.pc'
[0.563s] Level 1:colcon.colcon_core.environment:checking '/home/bill8/billeagle_ws/bill_ws/install/bill/lib/python3.10/site-packages'
[0.564s] Level 1:colcon.colcon_core.environment:checking '/home/bill8/billeagle_ws/bill_ws/install/bill/bin'
[0.564s] INFO:colcon.colcon_core.shell:Creating package script '/home/bill8/billeagle_ws/bill_ws/install/bill/share/bill/package.ps1'
[0.565s] INFO:colcon.colcon_core.shell:Creating package descriptor '/home/bill8/billeagle_ws/bill_ws/install/bill/share/bill/package.dsv'
[0.565s] INFO:colcon.colcon_core.shell:Creating package script '/home/bill8/billeagle_ws/bill_ws/install/bill/share/bill/package.sh'
[0.566s] INFO:colcon.colcon_core.shell:Creating package script '/home/bill8/billeagle_ws/bill_ws/install/bill/share/bill/package.bash'
[0.566s] INFO:colcon.colcon_core.shell:Creating package script '/home/bill8/billeagle_ws/bill_ws/install/bill/share/bill/package.zsh'
[0.567s] Level 1:colcon.colcon_core.environment:create_file_with_runtime_dependencies(/home/bill8/billeagle_ws/bill_ws/install/bill/share/colcon-core/packages/bill)
[0.568s] Level 1:colcon.colcon_core.environment:create_environment_scripts_only(bill_description)
[0.568s] Level 1:colcon.colcon_core.environment:checking '/home/bill8/billeagle_ws/bill_ws/install/bill_description' for CMake module files
[0.569s] DEBUG:colcon.colcon_core.event_handler.log_command:Invoked command in '/home/bill8/billeagle_ws/bill_ws/build/bill_description' returned '0': CMAKE_PREFIX_PATH=${CMAKE_PREFIX_PATH}:/opt/ros/humble /home/bill8/.local/bin/cmake --install /home/bill8/billeagle_ws/bill_ws/build/bill_description
[0.570s] Level 1:colcon.colcon_core.environment:checking '/home/bill8/billeagle_ws/bill_ws/install/bill_description' for CMake config files
[0.570s] Level 1:colcon.colcon_core.shell:create_environment_hook('bill_description', 'cmake_prefix_path')
[0.570s] INFO:colcon.colcon_core.shell:Creating environment hook '/home/bill8/billeagle_ws/bill_ws/install/bill_description/share/bill_description/hook/cmake_prefix_path.ps1'
[0.571s] INFO:colcon.colcon_core.shell:Creating environment descriptor '/home/bill8/billeagle_ws/bill_ws/install/bill_description/share/bill_description/hook/cmake_prefix_path.dsv'
[0.571s] INFO:colcon.colcon_core.shell:Creating environment hook '/home/bill8/billeagle_ws/bill_ws/install/bill_description/share/bill_description/hook/cmake_prefix_path.sh'
[0.572s] Level 1:colcon.colcon_core.environment:checking '/home/bill8/billeagle_ws/bill_ws/install/bill_description/bin'
[0.572s] Level 1:colcon.colcon_core.environment:checking '/home/bill8/billeagle_ws/bill_ws/install/bill_description/lib/pkgconfig/bill_description.pc'
[0.573s] Level 1:colcon.colcon_core.environment:checking '/home/bill8/billeagle_ws/bill_ws/install/bill_description/lib/python3.10/site-packages'
[0.573s] Level 1:colcon.colcon_core.environment:checking '/home/bill8/billeagle_ws/bill_ws/install/bill_description/bin'
[0.573s] INFO:colcon.colcon_core.shell:Creating package script '/home/bill8/billeagle_ws/bill_ws/install/bill_description/share/bill_description/package.ps1'
[0.574s] INFO:colcon.colcon_core.shell:Creating package descriptor '/home/bill8/billeagle_ws/bill_ws/install/bill_description/share/bill_description/package.dsv'
[0.575s] INFO:colcon.colcon_core.shell:Creating package script '/home/bill8/billeagle_ws/bill_ws/install/bill_description/share/bill_description/package.sh'
[0.575s] INFO:colcon.colcon_core.shell:Creating package script '/home/bill8/billeagle_ws/bill_ws/install/bill_description/share/bill_description/package.bash'
[0.576s] INFO:colcon.colcon_core.shell:Creating package script '/home/bill8/billeagle_ws/bill_ws/install/bill_description/share/bill_description/package.zsh'
[0.576s] Level 1:colcon.colcon_core.environment:create_file_with_runtime_dependencies(/home/bill8/billeagle_ws/bill_ws/install/bill_description/share/colcon-core/packages/bill_description)
[0.577s] Level 1:colcon.colcon_core.environment:create_environment_scripts_only(bill_description)
[0.577s] Level 1:colcon.colcon_core.environment:checking '/home/bill8/billeagle_ws/bill_ws/install/bill_description' for CMake module files
[0.578s] Level 1:colcon.colcon_core.environment:checking '/home/bill8/billeagle_ws/bill_ws/install/bill_description' for CMake config files
[0.578s] Level 1:colcon.colcon_core.shell:create_environment_hook('bill_description', 'cmake_prefix_path')
[0.578s] INFO:colcon.colcon_core.shell:Creating environment hook '/home/bill8/billeagle_ws/bill_ws/install/bill_description/share/bill_description/hook/cmake_prefix_path.ps1'
[0.579s] INFO:colcon.colcon_core.shell:Creating environment descriptor '/home/bill8/billeagle_ws/bill_ws/install/bill_description/share/bill_description/hook/cmake_prefix_path.dsv'
[0.579s] INFO:colcon.colcon_core.shell:Creating environment hook '/home/bill8/billeagle_ws/bill_ws/install/bill_description/share/bill_description/hook/cmake_prefix_path.sh'
[0.580s] Level 1:colcon.colcon_core.environment:checking '/home/bill8/billeagle_ws/bill_ws/install/bill_description/bin'
[0.580s] Level 1:colcon.colcon_core.environment:checking '/home/bill8/billeagle_ws/bill_ws/install/bill_description/lib/pkgconfig/bill_description.pc'
[0.580s] Level 1:colcon.colcon_core.environment:checking '/home/bill8/billeagle_ws/bill_ws/install/bill_description/lib/python3.10/site-packages'
[0.581s] Level 1:colcon.colcon_core.environment:checking '/home/bill8/billeagle_ws/bill_ws/install/bill_description/bin'
[0.581s] INFO:colcon.colcon_core.shell:Creating package script '/home/bill8/billeagle_ws/bill_ws/install/bill_description/share/bill_description/package.ps1'
[0.582s] INFO:colcon.colcon_core.shell:Creating package descriptor '/home/bill8/billeagle_ws/bill_ws/install/bill_description/share/bill_description/package.dsv'
[0.583s] INFO:colcon.colcon_core.shell:Creating package script '/home/bill8/billeagle_ws/bill_ws/install/bill_description/share/bill_description/package.sh'
[0.584s] INFO:colcon.colcon_core.shell:Creating package script '/home/bill8/billeagle_ws/bill_ws/install/bill_description/share/bill_description/package.bash'
[0.584s] INFO:colcon.colcon_core.shell:Creating package script '/home/bill8/billeagle_ws/bill_ws/install/bill_description/share/bill_description/package.zsh'
[0.585s] Level 1:colcon.colcon_core.environment:create_file_with_runtime_dependencies(/home/bill8/billeagle_ws/bill_ws/install/bill_description/share/colcon-core/packages/bill_description)
[0.588s] Level 1:colcon.colcon_core.environment:create_environment_scripts_only(bill_slam)
[0.588s] DEBUG:colcon.colcon_core.event_handler.log_command:Invoked command in '/home/bill8/billeagle_ws/bill_ws/build/bill_slam' returned '0': CMAKE_PREFIX_PATH=${CMAKE_PREFIX_PATH}:/opt/ros/humble /home/bill8/.local/bin/cmake --install /home/bill8/billeagle_ws/bill_ws/build/bill_slam
[0.589s] Level 1:colcon.colcon_core.environment:checking '/home/bill8/billeagle_ws/bill_ws/install/bill_slam' for CMake module files
[0.590s] Level 1:colcon.colcon_core.environment:checking '/home/bill8/billeagle_ws/bill_ws/install/bill_slam' for CMake config files
[0.590s] Level 1:colcon.colcon_core.shell:create_environment_hook('bill_slam', 'cmake_prefix_path')
[0.590s] INFO:colcon.colcon_core.shell:Creating environment hook '/home/bill8/billeagle_ws/bill_ws/install/bill_slam/share/bill_slam/hook/cmake_prefix_path.ps1'
[0.591s] INFO:colcon.colcon_core.shell:Creating environment descriptor '/home/bill8/billeagle_ws/bill_ws/install/bill_slam/share/bill_slam/hook/cmake_prefix_path.dsv'
[0.591s] INFO:colcon.colcon_core.shell:Creating environment hook '/home/bill8/billeagle_ws/bill_ws/install/bill_slam/share/bill_slam/hook/cmake_prefix_path.sh'
[0.592s] Level 1:colcon.colcon_core.environment:checking '/home/bill8/billeagle_ws/bill_ws/install/bill_slam/bin'
[0.592s] Level 1:colcon.colcon_core.environment:checking '/home/bill8/billeagle_ws/bill_ws/install/bill_slam/lib/pkgconfig/bill_slam.pc'
[0.593s] Level 1:colcon.colcon_core.environment:checking '/home/bill8/billeagle_ws/bill_ws/install/bill_slam/lib/python3.10/site-packages'
[0.593s] Level 1:colcon.colcon_core.environment:checking '/home/bill8/billeagle_ws/bill_ws/install/bill_slam/bin'
[0.593s] INFO:colcon.colcon_core.shell:Creating package script '/home/bill8/billeagle_ws/bill_ws/install/bill_slam/share/bill_slam/package.ps1'
[0.594s] INFO:colcon.colcon_core.shell:Creating package descriptor '/home/bill8/billeagle_ws/bill_ws/install/bill_slam/share/bill_slam/package.dsv'
[0.595s] INFO:colcon.colcon_core.shell:Creating package script '/home/bill8/billeagle_ws/bill_ws/install/bill_slam/share/bill_slam/package.sh'
[0.595s] INFO:colcon.colcon_core.shell:Creating package script '/home/bill8/billeagle_ws/bill_ws/install/bill_slam/share/bill_slam/package.bash'
[0.595s] INFO:colcon.colcon_core.shell:Creating package script '/home/bill8/billeagle_ws/bill_ws/install/bill_slam/share/bill_slam/package.zsh'
[0.596s] Level 1:colcon.colcon_core.environment:create_file_with_runtime_dependencies(/home/bill8/billeagle_ws/bill_ws/install/bill_slam/share/colcon-core/packages/bill_slam)
[0.596s] Level 1:colcon.colcon_core.environment:create_environment_scripts_only(bill_slam)
[0.597s] Level 1:colcon.colcon_core.environment:checking '/home/bill8/billeagle_ws/bill_ws/install/bill_slam' for CMake module files
[0.597s] Level 1:colcon.colcon_core.environment:checking '/home/bill8/billeagle_ws/bill_ws/install/bill_slam' for CMake config files
[0.598s] Level 1:colcon.colcon_core.shell:create_environment_hook('bill_slam', 'cmake_prefix_path')
[0.598s] INFO:colcon.colcon_core.shell:Creating environment hook '/home/bill8/billeagle_ws/bill_ws/install/bill_slam/share/bill_slam/hook/cmake_prefix_path.ps1'
[0.598s] INFO:colcon.colcon_core.shell:Creating environment descriptor '/home/bill8/billeagle_ws/bill_ws/install/bill_slam/share/bill_slam/hook/cmake_prefix_path.dsv'
[0.599s] INFO:colcon.colcon_core.shell:Creating environment hook '/home/bill8/billeagle_ws/bill_ws/install/bill_slam/share/bill_slam/hook/cmake_prefix_path.sh'
[0.599s] Level 1:colcon.colcon_core.environment:checking '/home/bill8/billeagle_ws/bill_ws/install/bill_slam/bin'
[0.600s] Level 1:colcon.colcon_core.environment:checking '/home/bill8/billeagle_ws/bill_ws/install/bill_slam/lib/pkgconfig/bill_slam.pc'
[0.600s] Level 1:colcon.colcon_core.environment:checking '/home/bill8/billeagle_ws/bill_ws/install/bill_slam/lib/python3.10/site-packages'
[0.600s] Level 1:colcon.colcon_core.environment:checking '/home/bill8/billeagle_ws/bill_ws/install/bill_slam/bin'
[0.600s] INFO:colcon.colcon_core.shell:Creating package script '/home/bill8/billeagle_ws/bill_ws/install/bill_slam/share/bill_slam/package.ps1'
[0.601s] INFO:colcon.colcon_core.shell:Creating package descriptor '/home/bill8/billeagle_ws/bill_ws/install/bill_slam/share/bill_slam/package.dsv'
[0.602s] INFO:colcon.colcon_core.shell:Creating package script '/home/bill8/billeagle_ws/bill_ws/install/bill_slam/share/bill_slam/package.sh'
[0.602s] INFO:colcon.colcon_core.shell:Creating package script '/home/bill8/billeagle_ws/bill_ws/install/bill_slam/share/bill_slam/package.bash'
[0.603s] INFO:colcon.colcon_core.shell:Creating package script '/home/bill8/billeagle_ws/bill_ws/install/bill_slam/share/bill_slam/package.zsh'
[0.603s] Level 1:colcon.colcon_core.environment:create_file_with_runtime_dependencies(/home/bill8/billeagle_ws/bill_ws/install/bill_slam/share/colcon-core/packages/bill_slam)
[0.603s] Level 1:colcon.colcon_core.environment:create_environment_scripts_only(bill_nav)
[0.604s] Level 1:colcon.colcon_core.environment:checking '/home/bill8/billeagle_ws/bill_ws/install/bill_nav' for CMake module files
[0.605s] DEBUG:colcon.colcon_core.event_handler.log_command:Invoked command in '/home/bill8/billeagle_ws/bill_ws/build/bill_nav' returned '0': CMAKE_PREFIX_PATH=${CMAKE_PREFIX_PATH}:/opt/ros/humble /home/bill8/.local/bin/cmake --install /home/bill8/billeagle_ws/bill_ws/build/bill_nav
[0.605s] Level 1:colcon.colcon_core.environment:checking '/home/bill8/billeagle_ws/bill_ws/install/bill_nav' for CMake config files
[0.605s] Level 1:colcon.colcon_core.shell:create_environment_hook('bill_nav', 'cmake_prefix_path')
[0.605s] INFO:colcon.colcon_core.shell:Creating environment hook '/home/bill8/billeagle_ws/bill_ws/install/bill_nav/share/bill_nav/hook/cmake_prefix_path.ps1'
[0.606s] INFO:colcon.colcon_core.shell:Creating environment descriptor '/home/bill8/billeagle_ws/bill_ws/install/bill_nav/share/bill_nav/hook/cmake_prefix_path.dsv'
[0.606s] INFO:colcon.colcon_core.shell:Creating environment hook '/home/bill8/billeagle_ws/bill_ws/install/bill_nav/share/bill_nav/hook/cmake_prefix_path.sh'
[0.607s] Level 1:colcon.colcon_core.environment:checking '/home/bill8/billeagle_ws/bill_ws/install/bill_nav/bin'
[0.607s] Level 1:colcon.colcon_core.environment:checking '/home/bill8/billeagle_ws/bill_ws/install/bill_nav/lib/pkgconfig/bill_nav.pc'
[0.607s] Level 1:colcon.colcon_core.environment:checking '/home/bill8/billeagle_ws/bill_ws/install/bill_nav/lib/python3.10/site-packages'
[0.607s] Level 1:colcon.colcon_core.environment:checking '/home/bill8/billeagle_ws/bill_ws/install/bill_nav/bin'
[0.608s] INFO:colcon.colcon_core.shell:Creating package script '/home/bill8/billeagle_ws/bill_ws/install/bill_nav/share/bill_nav/package.ps1'
[0.608s] INFO:colcon.colcon_core.shell:Creating package descriptor '/home/bill8/billeagle_ws/bill_ws/install/bill_nav/share/bill_nav/package.dsv'
[0.609s] INFO:colcon.colcon_core.shell:Creating package script '/home/bill8/billeagle_ws/bill_ws/install/bill_nav/share/bill_nav/package.sh'
[0.609s] INFO:colcon.colcon_core.shell:Creating package script '/home/bill8/billeagle_ws/bill_ws/install/bill_nav/share/bill_nav/package.bash'
[0.609s] INFO:colcon.colcon_core.shell:Creating package script '/home/bill8/billeagle_ws/bill_ws/install/bill_nav/share/bill_nav/package.zsh'
[0.610s] Level 1:colcon.colcon_core.environment:create_file_with_runtime_dependencies(/home/bill8/billeagle_ws/bill_ws/install/bill_nav/share/colcon-core/packages/bill_nav)
[0.610s] Level 1:colcon.colcon_core.environment:create_environment_scripts_only(bill_nav)
[0.610s] Level 1:colcon.colcon_core.environment:checking '/home/bill8/billeagle_ws/bill_ws/install/bill_nav' for CMake module files
[0.611s] Level 1:colcon.colcon_core.environment:checking '/home/bill8/billeagle_ws/bill_ws/install/bill_nav' for CMake config files
[0.611s] Level 1:colcon.colcon_core.shell:create_environment_hook('bill_nav', 'cmake_prefix_path')
[0.611s] INFO:colcon.colcon_core.shell:Creating environment hook '/home/bill8/billeagle_ws/bill_ws/install/bill_nav/share/bill_nav/hook/cmake_prefix_path.ps1'
[0.612s] INFO:colcon.colcon_core.shell:Creating environment descriptor '/home/bill8/billeagle_ws/bill_ws/install/bill_nav/share/bill_nav/hook/cmake_prefix_path.dsv'
[0.612s] INFO:colcon.colcon_core.shell:Creating environment hook '/home/bill8/billeagle_ws/bill_ws/install/bill_nav/share/bill_nav/hook/cmake_prefix_path.sh'
[0.612s] Level 1:colcon.colcon_core.environment:checking '/home/bill8/billeagle_ws/bill_ws/install/bill_nav/bin'
[0.613s] Level 1:colcon.colcon_core.environment:checking '/home/bill8/billeagle_ws/bill_ws/install/bill_nav/lib/pkgconfig/bill_nav.pc'
[0.613s] Level 1:colcon.colcon_core.environment:checking '/home/bill8/billeagle_ws/bill_ws/install/bill_nav/lib/python3.10/site-packages'
[0.613s] Level 1:colcon.colcon_core.environment:checking '/home/bill8/billeagle_ws/bill_ws/install/bill_nav/bin'
[0.613s] INFO:colcon.colcon_core.shell:Creating package script '/home/bill8/billeagle_ws/bill_ws/install/bill_nav/share/bill_nav/package.ps1'
[0.614s] INFO:colcon.colcon_core.shell:Creating package descriptor '/home/bill8/billeagle_ws/bill_ws/install/bill_nav/share/bill_nav/package.dsv'
[0.614s] INFO:colcon.colcon_core.shell:Creating package script '/home/bill8/billeagle_ws/bill_ws/install/bill_nav/share/bill_nav/package.sh'
[0.615s] INFO:colcon.colcon_core.shell:Creating package script '/home/bill8/billeagle_ws/bill_ws/install/bill_nav/share/bill_nav/package.bash'
[0.616s] INFO:colcon.colcon_core.shell:Creating package script '/home/bill8/billeagle_ws/bill_ws/install/bill_nav/share/bill_nav/package.zsh'
[0.616s] Level 1:colcon.colcon_core.environment:create_file_with_runtime_dependencies(/home/bill8/billeagle_ws/bill_ws/install/bill_nav/share/colcon-core/packages/bill_nav)
[0.616s] DEBUG:colcon.colcon_parallel_executor.executor.parallel:closing loop
[0.616s] DEBUG:colcon.colcon_parallel_executor.executor.parallel:loop closed
[0.617s] DEBUG:colcon.colcon_parallel_executor.executor.parallel:run_until_complete finished with '0'
[0.617s] DEBUG:colcon.colcon_core.event_reactor:joining thread
[0.624s] INFO:colcon.colcon_core.plugin_system:Skipping extension 'colcon_notification.desktop_notification.terminal_notifier': Not used on non-Darwin systems
[0.624s] INFO:colcon.colcon_core.plugin_system:Skipping extension 'colcon_notification.desktop_notification.win32': Not used on non-Windows systems
[0.624s] INFO:colcon.colcon_notification.desktop_notification:Sending desktop notification using 'notify2'
[0.666s] DEBUG:colcon.colcon_core.event_reactor:joined thread
[0.667s] INFO:colcon.colcon_core.shell:Creating prefix script '/home/bill8/billeagle_ws/bill_ws/install/local_setup.ps1'
[0.668s] INFO:colcon.colcon_core.shell:Creating prefix util module '/home/bill8/billeagle_ws/bill_ws/install/_local_setup_util_ps1.py'
[0.670s] INFO:colcon.colcon_core.shell:Creating prefix chain script '/home/bill8/billeagle_ws/bill_ws/install/setup.ps1'
[0.671s] INFO:colcon.colcon_core.shell:Creating prefix script '/home/bill8/billeagle_ws/bill_ws/install/local_setup.sh'
[0.672s] INFO:colcon.colcon_core.shell:Creating prefix util module '/home/bill8/billeagle_ws/bill_ws/install/_local_setup_util_sh.py'
[0.673s] INFO:colcon.colcon_core.shell:Creating prefix chain script '/home/bill8/billeagle_ws/bill_ws/install/setup.sh'
[0.674s] INFO:colcon.colcon_core.shell:Creating prefix script '/home/bill8/billeagle_ws/bill_ws/install/local_setup.bash'
[0.675s] INFO:colcon.colcon_core.shell:Creating prefix chain script '/home/bill8/billeagle_ws/bill_ws/install/setup.bash'
[0.677s] INFO:colcon.colcon_core.shell:Creating prefix script '/home/bill8/billeagle_ws/bill_ws/install/local_setup.zsh'
[0.677s] INFO:colcon.colcon_core.shell:Creating prefix chain script '/home/bill8/billeagle_ws/bill_ws/install/setup.zsh'
