[0.021s] Invoking command in '/home/vfran/billeagle_ws/microros_ws/build/micro_ros_msgs': CMAKE_PREFIX_PATH=/opt/ros/humble /usr/local/bin/cmake /home/vfran/billeagle_ws/microros_ws/src/uros/micro_ros_msgs -DCMAKE_INSTALL_PREFIX=/home/vfran/billeagle_ws/microros_ws/install/micro_ros_msgs
[0.097s] -- The C compiler identification is GNU 11.4.0
[0.181s] -- The CXX compiler identification is GNU 11.4.0
[0.192s] -- Detecting C compiler ABI info
[0.280s] -- Detecting C compiler ABI info - done
[0.291s] -- Check for working C compiler: /usr/bin/cc - skipped
[0.291s] -- Detecting C compile features
[0.291s] -- Detecting C compile features - done
[0.295s] -- Detecting CXX compiler ABI info
[0.399s] -- Detecting CXX compiler ABI info - done
[0.409s] -- Check for working CXX compiler: /usr/bin/c++ - skipped
[0.410s] -- Detecting CXX compile features
[0.410s] -- Detecting CXX compile features - done
[0.414s] -- Found ament_cmake: 1.3.11 (/opt/ros/humble/share/ament_cmake/cmake)
[0.570s] -- Found Python3: /usr/bin/python3 (found version "3.10.12") found components: Interpreter 
[0.698s] -- Found rosidl_default_generators: 1.2.0 (/opt/ros/humble/share/rosidl_default_generators/cmake)
[0.705s] -- Using all available rosidl_typesupport_c: rosidl_typesupport_fastrtps_c;rosidl_typesupport_introspection_c
[0.717s] -- Found rosidl_adapter: 3.1.6 (/opt/ros/humble/share/rosidl_adapter/cmake)
[0.791s] -- Using all available rosidl_typesupport_cpp: rosidl_typesupport_fastrtps_cpp;rosidl_typesupport_introspection_cpp
[0.849s] -- Found ament_lint_auto: 0.12.11 (/opt/ros/humble/share/ament_lint_auto/cmake)
[1.126s] -- Found ament_cmake_ros: 0.10.0 (/opt/ros/humble/share/ament_cmake_ros/cmake)
[1.249s] -- Using all available rosidl_typesupport_c: rosidl_typesupport_fastrtps_c;rosidl_typesupport_introspection_c
[1.396s] -- Using all available rosidl_typesupport_cpp: rosidl_typesupport_fastrtps_cpp;rosidl_typesupport_introspection_cpp
[1.426s] -- Found PythonInterp: /usr/bin/python3 (found suitable version "3.10.12", minimum required is "3.6") 
[1.429s] -- Found python_cmake_module: 0.10.0 (/opt/ros/humble/share/python_cmake_module/cmake)
[1.465s] -- Found PythonLibs: /usr/lib/x86_64-linux-gnu/libpython3.10.so (found suitable version "3.10.12", minimum required is "3.5") 
[1.466s] -- Using PYTHON_EXECUTABLE: /usr/bin/python3
[1.466s] -- Using PYTHON_INCLUDE_DIRS: /usr/include/python3.10
[1.466s] -- Using PYTHON_LIBRARIES: /usr/lib/x86_64-linux-gnu/libpython3.10.so
[1.493s] -- Found PythonExtra: .so  
[1.537s] -- Added test 'copyright' to check source files copyright and LICENSE
[1.551s] -- Added test 'lint_cmake' to check CMake code style
[1.558s] -- Added test 'xmllint' to check XML markup files
[1.567s] -- Configuring done
[1.613s] -- Generating done
[1.627s] -- Build files have been written to: /home/vfran/billeagle_ws/microros_ws/build/micro_ros_msgs
[1.638s] Invoked command in '/home/vfran/billeagle_ws/microros_ws/build/micro_ros_msgs' returned '0': CMAKE_PREFIX_PATH=/opt/ros/humble /usr/local/bin/cmake /home/vfran/billeagle_ws/microros_ws/src/uros/micro_ros_msgs -DCMAKE_INSTALL_PREFIX=/home/vfran/billeagle_ws/microros_ws/install/micro_ros_msgs
[1.641s] Invoking command in '/home/vfran/billeagle_ws/microros_ws/build/micro_ros_msgs': CMAKE_PREFIX_PATH=/opt/ros/humble /usr/local/bin/cmake --build /home/vfran/billeagle_ws/microros_ws/build/micro_ros_msgs -- -j16 -l16
[1.678s] [  2%] [34m[1mGenerating C code for ROS interfaces[0m
[1.687s] [  4%] [34m[1mGenerating C++ code for ROS interfaces[0m
[1.695s] [  4%] Built target ament_cmake_python_copy_micro_ros_msgs
[2.028s] running egg_info
[2.029s] creating micro_ros_msgs.egg-info
[2.029s] writing micro_ros_msgs.egg-info/PKG-INFO
[2.030s] writing dependency_links to micro_ros_msgs.egg-info/dependency_links.txt
[2.030s] writing top-level names to micro_ros_msgs.egg-info/top_level.txt
[2.030s] writing manifest file 'micro_ros_msgs.egg-info/SOURCES.txt'
[2.036s] reading manifest file 'micro_ros_msgs.egg-info/SOURCES.txt'
[2.037s] writing manifest file 'micro_ros_msgs.egg-info/SOURCES.txt'
[2.080s] [  4%] Built target ament_cmake_python_build_micro_ros_msgs_egg
[2.122s] [  6%] [32mBuilding C object CMakeFiles/micro_ros_msgs__rosidl_generator_c.dir/rosidl_generator_c/micro_ros_msgs/msg/detail/graph__functions.c.o[0m
[2.122s] [  8%] [32mBuilding C object CMakeFiles/micro_ros_msgs__rosidl_generator_c.dir/rosidl_generator_c/micro_ros_msgs/msg/detail/node__functions.c.o[0m
[2.123s] [ 10%] [32mBuilding C object CMakeFiles/micro_ros_msgs__rosidl_generator_c.dir/rosidl_generator_c/micro_ros_msgs/msg/detail/entity__functions.c.o[0m
[2.128s] [ 10%] Built target micro_ros_msgs__cpp
[2.136s] [ 14%] [34m[1mGenerating C++ type support dispatch for ROS interfaces[0m
[2.137s] [ 14%] [34m[1mGenerating C++ type support for eProsima Fast-RTPS[0m
[2.138s] [ 17%] [34m[1mGenerating C++ introspection for ROS interfaces[0m
[2.199s] [ 19%] [32m[1mLinking C shared library libmicro_ros_msgs__rosidl_generator_c.so[0m
[2.241s] [ 19%] Built target micro_ros_msgs__rosidl_generator_c
[2.249s] [ 23%] [34m[1mGenerating C introspection for ROS interfaces[0m
[2.249s] [ 23%] [34m[1mGenerating C type support for eProsima Fast-RTPS[0m
[2.250s] [ 25%] [34m[1mGenerating C type support dispatch for ROS interfaces[0m
[2.477s] [ 29%] [32mBuilding CXX object CMakeFiles/micro_ros_msgs__rosidl_typesupport_cpp.dir/rosidl_typesupport_cpp/micro_ros_msgs/msg/graph__type_support.cpp.o[0m
[2.477s] [ 29%] [32mBuilding CXX object CMakeFiles/micro_ros_msgs__rosidl_typesupport_cpp.dir/rosidl_typesupport_cpp/micro_ros_msgs/msg/entity__type_support.cpp.o[0m
[2.478s] [ 31%] [32mBuilding CXX object CMakeFiles/micro_ros_msgs__rosidl_typesupport_cpp.dir/rosidl_typesupport_cpp/micro_ros_msgs/msg/node__type_support.cpp.o[0m
[2.517s] [ 34%] [32mBuilding CXX object CMakeFiles/micro_ros_msgs__rosidl_typesupport_introspection_cpp.dir/rosidl_typesupport_introspection_cpp/micro_ros_msgs/msg/detail/node__type_support.cpp.o[0m
[2.518s] [ 36%] [32mBuilding CXX object CMakeFiles/micro_ros_msgs__rosidl_typesupport_introspection_cpp.dir/rosidl_typesupport_introspection_cpp/micro_ros_msgs/msg/detail/entity__type_support.cpp.o[0m
[2.518s] [ 38%] [32mBuilding CXX object CMakeFiles/micro_ros_msgs__rosidl_typesupport_introspection_cpp.dir/rosidl_typesupport_introspection_cpp/micro_ros_msgs/msg/detail/graph__type_support.cpp.o[0m
[2.545s] [ 44%] [32mBuilding CXX object CMakeFiles/micro_ros_msgs__rosidl_typesupport_fastrtps_cpp.dir/rosidl_typesupport_fastrtps_cpp/micro_ros_msgs/msg/detail/dds_fastrtps/node__type_support.cpp.o[0m
[2.545s] [ 44%] [32mBuilding CXX object CMakeFiles/micro_ros_msgs__rosidl_typesupport_fastrtps_cpp.dir/rosidl_typesupport_fastrtps_cpp/micro_ros_msgs/msg/detail/dds_fastrtps/graph__type_support.cpp.o[0m
[2.545s] [ 44%] [32mBuilding CXX object CMakeFiles/micro_ros_msgs__rosidl_typesupport_fastrtps_cpp.dir/rosidl_typesupport_fastrtps_cpp/micro_ros_msgs/msg/detail/dds_fastrtps/entity__type_support.cpp.o[0m
[2.622s] [ 46%] [32mBuilding CXX object CMakeFiles/micro_ros_msgs__rosidl_typesupport_c.dir/rosidl_typesupport_c/micro_ros_msgs/msg/node__type_support.cpp.o[0m
[2.622s] [ 48%] [32mBuilding CXX object CMakeFiles/micro_ros_msgs__rosidl_typesupport_c.dir/rosidl_typesupport_c/micro_ros_msgs/msg/graph__type_support.cpp.o[0m
[2.623s] [ 51%] [32mBuilding CXX object CMakeFiles/micro_ros_msgs__rosidl_typesupport_c.dir/rosidl_typesupport_c/micro_ros_msgs/msg/entity__type_support.cpp.o[0m
[2.677s] [ 53%] [32m[1mLinking CXX shared library libmicro_ros_msgs__rosidl_typesupport_c.so[0m
[2.703s] [ 57%] [32mBuilding C object CMakeFiles/micro_ros_msgs__rosidl_typesupport_introspection_c.dir/rosidl_typesupport_introspection_c/micro_ros_msgs/msg/detail/node__type_support.c.o[0m
[2.703s] [ 57%] [32mBuilding C object CMakeFiles/micro_ros_msgs__rosidl_typesupport_introspection_c.dir/rosidl_typesupport_introspection_c/micro_ros_msgs/msg/detail/graph__type_support.c.o[0m
[2.704s] [ 59%] [32mBuilding C object CMakeFiles/micro_ros_msgs__rosidl_typesupport_introspection_c.dir/rosidl_typesupport_introspection_c/micro_ros_msgs/msg/detail/entity__type_support.c.o[0m
[2.720s] [ 63%] [32mBuilding CXX object CMakeFiles/micro_ros_msgs__rosidl_typesupport_fastrtps_c.dir/rosidl_typesupport_fastrtps_c/micro_ros_msgs/msg/detail/entity__type_support_c.cpp.o[0m
[2.720s] [ 63%] [32mBuilding CXX object CMakeFiles/micro_ros_msgs__rosidl_typesupport_fastrtps_c.dir/rosidl_typesupport_fastrtps_c/micro_ros_msgs/msg/detail/graph__type_support_c.cpp.o[0m
[2.720s] [ 65%] [32mBuilding CXX object CMakeFiles/micro_ros_msgs__rosidl_typesupport_fastrtps_c.dir/rosidl_typesupport_fastrtps_c/micro_ros_msgs/msg/detail/node__type_support_c.cpp.o[0m
[2.738s] [ 65%] Built target micro_ros_msgs__rosidl_typesupport_c
[2.767s] [ 68%] [32m[1mLinking C shared library libmicro_ros_msgs__rosidl_typesupport_introspection_c.so[0m
[2.800s] [ 68%] Built target micro_ros_msgs__rosidl_typesupport_introspection_c
[3.020s] [ 70%] [32m[1mLinking CXX shared library libmicro_ros_msgs__rosidl_typesupport_cpp.so[0m
[3.088s] [ 70%] Built target micro_ros_msgs__rosidl_typesupport_cpp
[3.259s] [ 72%] [32m[1mLinking CXX shared library libmicro_ros_msgs__rosidl_typesupport_fastrtps_cpp.so[0m
[3.300s] [ 74%] [32m[1mLinking CXX shared library libmicro_ros_msgs__rosidl_typesupport_fastrtps_c.so[0m
[3.307s] [ 76%] [32m[1mLinking CXX shared library libmicro_ros_msgs__rosidl_typesupport_introspection_cpp.so[0m
[3.385s] [ 76%] Built target micro_ros_msgs__rosidl_typesupport_fastrtps_cpp
[3.412s] [ 76%] Built target micro_ros_msgs__rosidl_typesupport_fastrtps_c
[3.425s] [ 76%] Built target micro_ros_msgs__rosidl_typesupport_introspection_cpp
[3.444s] [ 76%] Built target micro_ros_msgs
[3.460s] [ 78%] [34m[1mGenerating Python code for ROS interfaces[0m
[4.047s] [ 78%] Built target micro_ros_msgs__py
[4.063s] [ 80%] [32mBuilding C object CMakeFiles/micro_ros_msgs__rosidl_generator_py.dir/rosidl_generator_py/micro_ros_msgs/msg/_graph_s.c.o[0m
[4.064s] [ 82%] [32mBuilding C object CMakeFiles/micro_ros_msgs__rosidl_generator_py.dir/rosidl_generator_py/micro_ros_msgs/msg/_node_s.c.o[0m
[4.065s] [ 85%] [32mBuilding C object CMakeFiles/micro_ros_msgs__rosidl_generator_py.dir/rosidl_generator_py/micro_ros_msgs/msg/_entity_s.c.o[0m
[4.211s] [ 87%] [32m[1mLinking C shared library rosidl_generator_py/micro_ros_msgs/libmicro_ros_msgs__rosidl_generator_py.so[0m
[4.259s] [ 87%] Built target micro_ros_msgs__rosidl_generator_py
[4.277s] [ 89%] [32mBuilding C object CMakeFiles/micro_ros_msgs__rosidl_typesupport_fastrtps_c__pyext.dir/rosidl_generator_py/micro_ros_msgs/_micro_ros_msgs_s.ep.rosidl_typesupport_fastrtps_c.c.o[0m
[4.277s] [ 91%] [32mBuilding C object CMakeFiles/micro_ros_msgs__rosidl_typesupport_introspection_c__pyext.dir/rosidl_generator_py/micro_ros_msgs/_micro_ros_msgs_s.ep.rosidl_typesupport_introspection_c.c.o[0m
[4.279s] [ 93%] [32mBuilding C object CMakeFiles/micro_ros_msgs__rosidl_typesupport_c__pyext.dir/rosidl_generator_py/micro_ros_msgs/_micro_ros_msgs_s.ep.rosidl_typesupport_c.c.o[0m
[4.394s] [ 95%] [32m[1mLinking C shared library rosidl_generator_py/micro_ros_msgs/micro_ros_msgs_s__rosidl_typesupport_introspection_c.cpython-310-x86_64-linux-gnu.so[0m
[4.394s] [ 97%] [32m[1mLinking C shared library rosidl_generator_py/micro_ros_msgs/micro_ros_msgs_s__rosidl_typesupport_c.cpython-310-x86_64-linux-gnu.so[0m
[4.402s] [100%] [32m[1mLinking C shared library rosidl_generator_py/micro_ros_msgs/micro_ros_msgs_s__rosidl_typesupport_fastrtps_c.cpython-310-x86_64-linux-gnu.so[0m
[4.430s] [100%] Built target micro_ros_msgs__rosidl_typesupport_introspection_c__pyext
[4.430s] [100%] Built target micro_ros_msgs__rosidl_typesupport_c__pyext
[4.440s] [100%] Built target micro_ros_msgs__rosidl_typesupport_fastrtps_c__pyext
[4.453s] Invoked command in '/home/vfran/billeagle_ws/microros_ws/build/micro_ros_msgs' returned '0': CMAKE_PREFIX_PATH=/opt/ros/humble /usr/local/bin/cmake --build /home/vfran/billeagle_ws/microros_ws/build/micro_ros_msgs -- -j16 -l16
[4.456s] Invoking command in '/home/vfran/billeagle_ws/microros_ws/build/micro_ros_msgs': CMAKE_PREFIX_PATH=/opt/ros/humble /usr/local/bin/cmake --install /home/vfran/billeagle_ws/microros_ws/build/micro_ros_msgs
[4.460s] -- Install configuration: ""
[4.461s] -- Installing: /home/vfran/billeagle_ws/microros_ws/install/micro_ros_msgs/share/ament_index/resource_index/rosidl_interfaces/micro_ros_msgs
[4.461s] -- Installing: /home/vfran/billeagle_ws/microros_ws/install/micro_ros_msgs/include/micro_ros_msgs/micro_ros_msgs
[4.461s] -- Installing: /home/vfran/billeagle_ws/microros_ws/install/micro_ros_msgs/include/micro_ros_msgs/micro_ros_msgs/msg
[4.461s] -- Installing: /home/vfran/billeagle_ws/microros_ws/install/micro_ros_msgs/include/micro_ros_msgs/micro_ros_msgs/msg/graph.h
[4.461s] -- Installing: /home/vfran/billeagle_ws/microros_ws/install/micro_ros_msgs/include/micro_ros_msgs/micro_ros_msgs/msg/entity.h
[4.461s] -- Installing: /home/vfran/billeagle_ws/microros_ws/install/micro_ros_msgs/include/micro_ros_msgs/micro_ros_msgs/msg/node.h
[4.462s] -- Installing: /home/vfran/billeagle_ws/microros_ws/install/micro_ros_msgs/include/micro_ros_msgs/micro_ros_msgs/msg/detail
[4.462s] -- Installing: /home/vfran/billeagle_ws/microros_ws/install/micro_ros_msgs/include/micro_ros_msgs/micro_ros_msgs/msg/detail/node__functions.c
[4.462s] -- Installing: /home/vfran/billeagle_ws/microros_ws/install/micro_ros_msgs/include/micro_ros_msgs/micro_ros_msgs/msg/detail/graph__struct.h
[4.462s] -- Installing: /home/vfran/billeagle_ws/microros_ws/install/micro_ros_msgs/include/micro_ros_msgs/micro_ros_msgs/msg/detail/entity__functions.c
[4.462s] -- Installing: /home/vfran/billeagle_ws/microros_ws/install/micro_ros_msgs/include/micro_ros_msgs/micro_ros_msgs/msg/detail/node__functions.h
[4.462s] -- Installing: /home/vfran/billeagle_ws/microros_ws/install/micro_ros_msgs/include/micro_ros_msgs/micro_ros_msgs/msg/detail/entity__functions.h
[4.463s] -- Installing: /home/vfran/billeagle_ws/microros_ws/install/micro_ros_msgs/include/micro_ros_msgs/micro_ros_msgs/msg/detail/node__type_support.h
[4.463s] -- Installing: /home/vfran/billeagle_ws/microros_ws/install/micro_ros_msgs/include/micro_ros_msgs/micro_ros_msgs/msg/detail/entity__type_support.h
[4.463s] -- Installing: /home/vfran/billeagle_ws/microros_ws/install/micro_ros_msgs/include/micro_ros_msgs/micro_ros_msgs/msg/detail/graph__functions.c
[4.463s] -- Installing: /home/vfran/billeagle_ws/microros_ws/install/micro_ros_msgs/include/micro_ros_msgs/micro_ros_msgs/msg/detail/graph__functions.h
[4.463s] -- Installing: /home/vfran/billeagle_ws/microros_ws/install/micro_ros_msgs/include/micro_ros_msgs/micro_ros_msgs/msg/detail/graph__type_support.h
[4.463s] -- Installing: /home/vfran/billeagle_ws/microros_ws/install/micro_ros_msgs/include/micro_ros_msgs/micro_ros_msgs/msg/detail/entity__struct.h
[4.464s] -- Installing: /home/vfran/billeagle_ws/microros_ws/install/micro_ros_msgs/include/micro_ros_msgs/micro_ros_msgs/msg/detail/node__struct.h
[4.464s] -- Installing: /home/vfran/billeagle_ws/microros_ws/install/micro_ros_msgs/include/micro_ros_msgs/micro_ros_msgs/msg/rosidl_generator_c__visibility_control.h
[4.464s] -- Installing: /home/vfran/billeagle_ws/microros_ws/install/micro_ros_msgs/share/micro_ros_msgs/environment/library_path.sh
[4.464s] -- Installing: /home/vfran/billeagle_ws/microros_ws/install/micro_ros_msgs/share/micro_ros_msgs/environment/library_path.dsv
[4.465s] -- Installing: /home/vfran/billeagle_ws/microros_ws/install/micro_ros_msgs/lib/libmicro_ros_msgs__rosidl_generator_c.so
[4.465s] -- Set runtime path of "/home/vfran/billeagle_ws/microros_ws/install/micro_ros_msgs/lib/libmicro_ros_msgs__rosidl_generator_c.so" to ""
[4.465s] -- Up-to-date: /home/vfran/billeagle_ws/microros_ws/install/micro_ros_msgs/include/micro_ros_msgs/micro_ros_msgs
[4.466s] -- Up-to-date: /home/vfran/billeagle_ws/microros_ws/install/micro_ros_msgs/include/micro_ros_msgs/micro_ros_msgs/msg
[4.466s] -- Installing: /home/vfran/billeagle_ws/microros_ws/install/micro_ros_msgs/include/micro_ros_msgs/micro_ros_msgs/msg/rosidl_typesupport_fastrtps_c__visibility_control.h
[4.466s] -- Up-to-date: /home/vfran/billeagle_ws/microros_ws/install/micro_ros_msgs/include/micro_ros_msgs/micro_ros_msgs/msg/detail
[4.466s] -- Installing: /home/vfran/billeagle_ws/microros_ws/install/micro_ros_msgs/include/micro_ros_msgs/micro_ros_msgs/msg/detail/entity__rosidl_typesupport_fastrtps_c.h
[4.466s] -- Installing: /home/vfran/billeagle_ws/microros_ws/install/micro_ros_msgs/include/micro_ros_msgs/micro_ros_msgs/msg/detail/graph__rosidl_typesupport_fastrtps_c.h
[4.466s] -- Installing: /home/vfran/billeagle_ws/microros_ws/install/micro_ros_msgs/include/micro_ros_msgs/micro_ros_msgs/msg/detail/node__rosidl_typesupport_fastrtps_c.h
[4.466s] -- Installing: /home/vfran/billeagle_ws/microros_ws/install/micro_ros_msgs/lib/libmicro_ros_msgs__rosidl_typesupport_fastrtps_c.so
[4.467s] -- Set runtime path of "/home/vfran/billeagle_ws/microros_ws/install/micro_ros_msgs/lib/libmicro_ros_msgs__rosidl_typesupport_fastrtps_c.so" to ""
[4.467s] -- Up-to-date: /home/vfran/billeagle_ws/microros_ws/install/micro_ros_msgs/include/micro_ros_msgs/micro_ros_msgs
[4.467s] -- Up-to-date: /home/vfran/billeagle_ws/microros_ws/install/micro_ros_msgs/include/micro_ros_msgs/micro_ros_msgs/msg
[4.467s] -- Installing: /home/vfran/billeagle_ws/microros_ws/install/micro_ros_msgs/include/micro_ros_msgs/micro_ros_msgs/msg/rosidl_typesupport_introspection_c__visibility_control.h
[4.467s] -- Up-to-date: /home/vfran/billeagle_ws/microros_ws/install/micro_ros_msgs/include/micro_ros_msgs/micro_ros_msgs/msg/detail
[4.467s] -- Installing: /home/vfran/billeagle_ws/microros_ws/install/micro_ros_msgs/include/micro_ros_msgs/micro_ros_msgs/msg/detail/node__rosidl_typesupport_introspection_c.h
[4.468s] -- Installing: /home/vfran/billeagle_ws/microros_ws/install/micro_ros_msgs/include/micro_ros_msgs/micro_ros_msgs/msg/detail/node__type_support.c
[4.468s] -- Installing: /home/vfran/billeagle_ws/microros_ws/install/micro_ros_msgs/include/micro_ros_msgs/micro_ros_msgs/msg/detail/entity__rosidl_typesupport_introspection_c.h
[4.468s] -- Installing: /home/vfran/billeagle_ws/microros_ws/install/micro_ros_msgs/include/micro_ros_msgs/micro_ros_msgs/msg/detail/graph__rosidl_typesupport_introspection_c.h
[4.468s] -- Installing: /home/vfran/billeagle_ws/microros_ws/install/micro_ros_msgs/include/micro_ros_msgs/micro_ros_msgs/msg/detail/graph__type_support.c
[4.468s] -- Installing: /home/vfran/billeagle_ws/microros_ws/install/micro_ros_msgs/include/micro_ros_msgs/micro_ros_msgs/msg/detail/entity__type_support.c
[4.468s] -- Installing: /home/vfran/billeagle_ws/microros_ws/install/micro_ros_msgs/lib/libmicro_ros_msgs__rosidl_typesupport_introspection_c.so
[4.469s] -- Set runtime path of "/home/vfran/billeagle_ws/microros_ws/install/micro_ros_msgs/lib/libmicro_ros_msgs__rosidl_typesupport_introspection_c.so" to ""
[4.469s] -- Installing: /home/vfran/billeagle_ws/microros_ws/install/micro_ros_msgs/lib/libmicro_ros_msgs__rosidl_typesupport_c.so
[4.470s] -- Set runtime path of "/home/vfran/billeagle_ws/microros_ws/install/micro_ros_msgs/lib/libmicro_ros_msgs__rosidl_typesupport_c.so" to ""
[4.470s] -- Up-to-date: /home/vfran/billeagle_ws/microros_ws/install/micro_ros_msgs/include/micro_ros_msgs/micro_ros_msgs
[4.470s] -- Up-to-date: /home/vfran/billeagle_ws/microros_ws/install/micro_ros_msgs/include/micro_ros_msgs/micro_ros_msgs/msg
[4.470s] -- Installing: /home/vfran/billeagle_ws/microros_ws/install/micro_ros_msgs/include/micro_ros_msgs/micro_ros_msgs/msg/rosidl_generator_cpp__visibility_control.hpp
[4.470s] -- Installing: /home/vfran/billeagle_ws/microros_ws/install/micro_ros_msgs/include/micro_ros_msgs/micro_ros_msgs/msg/graph.hpp
[4.470s] -- Installing: /home/vfran/billeagle_ws/microros_ws/install/micro_ros_msgs/include/micro_ros_msgs/micro_ros_msgs/msg/node.hpp
[4.470s] -- Up-to-date: /home/vfran/billeagle_ws/microros_ws/install/micro_ros_msgs/include/micro_ros_msgs/micro_ros_msgs/msg/detail
[4.470s] -- Installing: /home/vfran/billeagle_ws/microros_ws/install/micro_ros_msgs/include/micro_ros_msgs/micro_ros_msgs/msg/detail/entity__struct.hpp
[4.471s] -- Installing: /home/vfran/billeagle_ws/microros_ws/install/micro_ros_msgs/include/micro_ros_msgs/micro_ros_msgs/msg/detail/node__traits.hpp
[4.471s] -- Installing: /home/vfran/billeagle_ws/microros_ws/install/micro_ros_msgs/include/micro_ros_msgs/micro_ros_msgs/msg/detail/node__type_support.hpp
[4.471s] -- Installing: /home/vfran/billeagle_ws/microros_ws/install/micro_ros_msgs/include/micro_ros_msgs/micro_ros_msgs/msg/detail/graph__type_support.hpp
[4.471s] -- Installing: /home/vfran/billeagle_ws/microros_ws/install/micro_ros_msgs/include/micro_ros_msgs/micro_ros_msgs/msg/detail/entity__traits.hpp
[4.471s] -- Installing: /home/vfran/billeagle_ws/microros_ws/install/micro_ros_msgs/include/micro_ros_msgs/micro_ros_msgs/msg/detail/entity__builder.hpp
[4.472s] -- Installing: /home/vfran/billeagle_ws/microros_ws/install/micro_ros_msgs/include/micro_ros_msgs/micro_ros_msgs/msg/detail/entity__type_support.hpp
[4.472s] -- Installing: /home/vfran/billeagle_ws/microros_ws/install/micro_ros_msgs/include/micro_ros_msgs/micro_ros_msgs/msg/detail/node__builder.hpp
[4.472s] -- Installing: /home/vfran/billeagle_ws/microros_ws/install/micro_ros_msgs/include/micro_ros_msgs/micro_ros_msgs/msg/detail/graph__builder.hpp
[4.472s] -- Installing: /home/vfran/billeagle_ws/microros_ws/install/micro_ros_msgs/include/micro_ros_msgs/micro_ros_msgs/msg/detail/node__struct.hpp
[4.472s] -- Installing: /home/vfran/billeagle_ws/microros_ws/install/micro_ros_msgs/include/micro_ros_msgs/micro_ros_msgs/msg/detail/graph__traits.hpp
[4.472s] -- Installing: /home/vfran/billeagle_ws/microros_ws/install/micro_ros_msgs/include/micro_ros_msgs/micro_ros_msgs/msg/detail/graph__struct.hpp
[4.473s] -- Installing: /home/vfran/billeagle_ws/microros_ws/install/micro_ros_msgs/include/micro_ros_msgs/micro_ros_msgs/msg/entity.hpp
[4.473s] -- Up-to-date: /home/vfran/billeagle_ws/microros_ws/install/micro_ros_msgs/include/micro_ros_msgs/micro_ros_msgs
[4.473s] -- Up-to-date: /home/vfran/billeagle_ws/microros_ws/install/micro_ros_msgs/include/micro_ros_msgs/micro_ros_msgs/msg
[4.473s] -- Up-to-date: /home/vfran/billeagle_ws/microros_ws/install/micro_ros_msgs/include/micro_ros_msgs/micro_ros_msgs/msg/detail
[4.473s] -- Installing: /home/vfran/billeagle_ws/microros_ws/install/micro_ros_msgs/include/micro_ros_msgs/micro_ros_msgs/msg/detail/dds_fastrtps
[4.473s] -- Installing: /home/vfran/billeagle_ws/microros_ws/install/micro_ros_msgs/include/micro_ros_msgs/micro_ros_msgs/msg/detail/entity__rosidl_typesupport_fastrtps_cpp.hpp
[4.473s] -- Installing: /home/vfran/billeagle_ws/microros_ws/install/micro_ros_msgs/include/micro_ros_msgs/micro_ros_msgs/msg/detail/graph__rosidl_typesupport_fastrtps_cpp.hpp
[4.473s] -- Installing: /home/vfran/billeagle_ws/microros_ws/install/micro_ros_msgs/include/micro_ros_msgs/micro_ros_msgs/msg/detail/node__rosidl_typesupport_fastrtps_cpp.hpp
[4.474s] -- Installing: /home/vfran/billeagle_ws/microros_ws/install/micro_ros_msgs/include/micro_ros_msgs/micro_ros_msgs/msg/rosidl_typesupport_fastrtps_cpp__visibility_control.h
[4.474s] -- Installing: /home/vfran/billeagle_ws/microros_ws/install/micro_ros_msgs/lib/libmicro_ros_msgs__rosidl_typesupport_fastrtps_cpp.so
[4.475s] -- Set runtime path of "/home/vfran/billeagle_ws/microros_ws/install/micro_ros_msgs/lib/libmicro_ros_msgs__rosidl_typesupport_fastrtps_cpp.so" to ""
[4.475s] -- Up-to-date: /home/vfran/billeagle_ws/microros_ws/install/micro_ros_msgs/include/micro_ros_msgs/micro_ros_msgs
[4.475s] -- Up-to-date: /home/vfran/billeagle_ws/microros_ws/install/micro_ros_msgs/include/micro_ros_msgs/micro_ros_msgs/msg
[4.475s] -- Up-to-date: /home/vfran/billeagle_ws/microros_ws/install/micro_ros_msgs/include/micro_ros_msgs/micro_ros_msgs/msg/detail
[4.475s] -- Installing: /home/vfran/billeagle_ws/microros_ws/install/micro_ros_msgs/include/micro_ros_msgs/micro_ros_msgs/msg/detail/entity__rosidl_typesupport_introspection_cpp.hpp
[4.475s] -- Installing: /home/vfran/billeagle_ws/microros_ws/install/micro_ros_msgs/include/micro_ros_msgs/micro_ros_msgs/msg/detail/node__rosidl_typesupport_introspection_cpp.hpp
[4.475s] -- Installing: /home/vfran/billeagle_ws/microros_ws/install/micro_ros_msgs/include/micro_ros_msgs/micro_ros_msgs/msg/detail/graph__type_support.cpp
[4.476s] -- Installing: /home/vfran/billeagle_ws/microros_ws/install/micro_ros_msgs/include/micro_ros_msgs/micro_ros_msgs/msg/detail/node__type_support.cpp
[4.476s] -- Installing: /home/vfran/billeagle_ws/microros_ws/install/micro_ros_msgs/include/micro_ros_msgs/micro_ros_msgs/msg/detail/entity__type_support.cpp
[4.476s] -- Installing: /home/vfran/billeagle_ws/microros_ws/install/micro_ros_msgs/include/micro_ros_msgs/micro_ros_msgs/msg/detail/graph__rosidl_typesupport_introspection_cpp.hpp
[4.476s] -- Installing: /home/vfran/billeagle_ws/microros_ws/install/micro_ros_msgs/lib/libmicro_ros_msgs__rosidl_typesupport_introspection_cpp.so
[4.477s] -- Set runtime path of "/home/vfran/billeagle_ws/microros_ws/install/micro_ros_msgs/lib/libmicro_ros_msgs__rosidl_typesupport_introspection_cpp.so" to ""
[4.477s] -- Installing: /home/vfran/billeagle_ws/microros_ws/install/micro_ros_msgs/lib/libmicro_ros_msgs__rosidl_typesupport_cpp.so
[4.478s] -- Set runtime path of "/home/vfran/billeagle_ws/microros_ws/install/micro_ros_msgs/lib/libmicro_ros_msgs__rosidl_typesupport_cpp.so" to ""
[4.478s] -- Installing: /home/vfran/billeagle_ws/microros_ws/install/micro_ros_msgs/share/micro_ros_msgs/environment/pythonpath.sh
[4.478s] -- Installing: /home/vfran/billeagle_ws/microros_ws/install/micro_ros_msgs/share/micro_ros_msgs/environment/pythonpath.dsv
[4.478s] -- Installing: /home/vfran/billeagle_ws/microros_ws/install/micro_ros_msgs/local/lib/python3.10/dist-packages/micro_ros_msgs-3.0.1-py3.10.egg-info
[4.478s] -- Installing: /home/vfran/billeagle_ws/microros_ws/install/micro_ros_msgs/local/lib/python3.10/dist-packages/micro_ros_msgs-3.0.1-py3.10.egg-info/top_level.txt
[4.479s] -- Installing: /home/vfran/billeagle_ws/microros_ws/install/micro_ros_msgs/local/lib/python3.10/dist-packages/micro_ros_msgs-3.0.1-py3.10.egg-info/PKG-INFO
[4.479s] -- Installing: /home/vfran/billeagle_ws/microros_ws/install/micro_ros_msgs/local/lib/python3.10/dist-packages/micro_ros_msgs-3.0.1-py3.10.egg-info/dependency_links.txt
[4.479s] -- Installing: /home/vfran/billeagle_ws/microros_ws/install/micro_ros_msgs/local/lib/python3.10/dist-packages/micro_ros_msgs-3.0.1-py3.10.egg-info/SOURCES.txt
[4.479s] -- Installing: /home/vfran/billeagle_ws/microros_ws/install/micro_ros_msgs/local/lib/python3.10/dist-packages/micro_ros_msgs
[4.479s] -- Installing: /home/vfran/billeagle_ws/microros_ws/install/micro_ros_msgs/local/lib/python3.10/dist-packages/micro_ros_msgs/libmicro_ros_msgs__rosidl_generator_py.so
[4.479s] -- Installing: /home/vfran/billeagle_ws/microros_ws/install/micro_ros_msgs/local/lib/python3.10/dist-packages/micro_ros_msgs/__init__.py
[4.480s] -- Installing: /home/vfran/billeagle_ws/microros_ws/install/micro_ros_msgs/local/lib/python3.10/dist-packages/micro_ros_msgs/micro_ros_msgs_s__rosidl_typesupport_introspection_c.cpython-310-x86_64-linux-gnu.so
[4.480s] -- Installing: /home/vfran/billeagle_ws/microros_ws/install/micro_ros_msgs/local/lib/python3.10/dist-packages/micro_ros_msgs/micro_ros_msgs_s__rosidl_typesupport_fastrtps_c.cpython-310-x86_64-linux-gnu.so
[4.480s] -- Installing: /home/vfran/billeagle_ws/microros_ws/install/micro_ros_msgs/local/lib/python3.10/dist-packages/micro_ros_msgs/_micro_ros_msgs_s.ep.rosidl_typesupport_fastrtps_c.c
[4.480s] -- Installing: /home/vfran/billeagle_ws/microros_ws/install/micro_ros_msgs/local/lib/python3.10/dist-packages/micro_ros_msgs/_micro_ros_msgs_s.ep.rosidl_typesupport_introspection_c.c
[4.480s] -- Installing: /home/vfran/billeagle_ws/microros_ws/install/micro_ros_msgs/local/lib/python3.10/dist-packages/micro_ros_msgs/msg
[4.481s] -- Installing: /home/vfran/billeagle_ws/microros_ws/install/micro_ros_msgs/local/lib/python3.10/dist-packages/micro_ros_msgs/msg/__init__.py
[4.481s] -- Installing: /home/vfran/billeagle_ws/microros_ws/install/micro_ros_msgs/local/lib/python3.10/dist-packages/micro_ros_msgs/msg/_entity.py
[4.481s] -- Installing: /home/vfran/billeagle_ws/microros_ws/install/micro_ros_msgs/local/lib/python3.10/dist-packages/micro_ros_msgs/msg/_entity_s.c
[4.481s] -- Installing: /home/vfran/billeagle_ws/microros_ws/install/micro_ros_msgs/local/lib/python3.10/dist-packages/micro_ros_msgs/msg/_node_s.c
[4.481s] -- Installing: /home/vfran/billeagle_ws/microros_ws/install/micro_ros_msgs/local/lib/python3.10/dist-packages/micro_ros_msgs/msg/_node.py
[4.481s] -- Installing: /home/vfran/billeagle_ws/microros_ws/install/micro_ros_msgs/local/lib/python3.10/dist-packages/micro_ros_msgs/msg/_graph_s.c
[4.482s] -- Installing: /home/vfran/billeagle_ws/microros_ws/install/micro_ros_msgs/local/lib/python3.10/dist-packages/micro_ros_msgs/msg/_graph.py
[4.482s] -- Installing: /home/vfran/billeagle_ws/microros_ws/install/micro_ros_msgs/local/lib/python3.10/dist-packages/micro_ros_msgs/_micro_ros_msgs_s.ep.rosidl_typesupport_c.c
[4.482s] -- Installing: /home/vfran/billeagle_ws/microros_ws/install/micro_ros_msgs/local/lib/python3.10/dist-packages/micro_ros_msgs/micro_ros_msgs_s__rosidl_typesupport_c.cpython-310-x86_64-linux-gnu.so
[4.523s] Listing '/home/vfran/billeagle_ws/microros_ws/install/micro_ros_msgs/local/lib/python3.10/dist-packages/micro_ros_msgs'...
[4.523s] Compiling '/home/vfran/billeagle_ws/microros_ws/install/micro_ros_msgs/local/lib/python3.10/dist-packages/micro_ros_msgs/__init__.py'...
[4.524s] Listing '/home/vfran/billeagle_ws/microros_ws/install/micro_ros_msgs/local/lib/python3.10/dist-packages/micro_ros_msgs/msg'...
[4.524s] Compiling '/home/vfran/billeagle_ws/microros_ws/install/micro_ros_msgs/local/lib/python3.10/dist-packages/micro_ros_msgs/msg/__init__.py'...
[4.524s] Compiling '/home/vfran/billeagle_ws/microros_ws/install/micro_ros_msgs/local/lib/python3.10/dist-packages/micro_ros_msgs/msg/_entity.py'...
[4.524s] Compiling '/home/vfran/billeagle_ws/microros_ws/install/micro_ros_msgs/local/lib/python3.10/dist-packages/micro_ros_msgs/msg/_graph.py'...
[4.524s] Compiling '/home/vfran/billeagle_ws/microros_ws/install/micro_ros_msgs/local/lib/python3.10/dist-packages/micro_ros_msgs/msg/_node.py'...
[4.530s] -- Installing: /home/vfran/billeagle_ws/microros_ws/install/micro_ros_msgs/local/lib/python3.10/dist-packages/micro_ros_msgs/micro_ros_msgs_s__rosidl_typesupport_fastrtps_c.cpython-310-x86_64-linux-gnu.so
[4.530s] -- Set runtime path of "/home/vfran/billeagle_ws/microros_ws/install/micro_ros_msgs/local/lib/python3.10/dist-packages/micro_ros_msgs/micro_ros_msgs_s__rosidl_typesupport_fastrtps_c.cpython-310-x86_64-linux-gnu.so" to ""
[4.530s] -- Installing: /home/vfran/billeagle_ws/microros_ws/install/micro_ros_msgs/local/lib/python3.10/dist-packages/micro_ros_msgs/micro_ros_msgs_s__rosidl_typesupport_introspection_c.cpython-310-x86_64-linux-gnu.so
[4.531s] -- Set runtime path of "/home/vfran/billeagle_ws/microros_ws/install/micro_ros_msgs/local/lib/python3.10/dist-packages/micro_ros_msgs/micro_ros_msgs_s__rosidl_typesupport_introspection_c.cpython-310-x86_64-linux-gnu.so" to ""
[4.531s] -- Installing: /home/vfran/billeagle_ws/microros_ws/install/micro_ros_msgs/local/lib/python3.10/dist-packages/micro_ros_msgs/micro_ros_msgs_s__rosidl_typesupport_c.cpython-310-x86_64-linux-gnu.so
[4.531s] -- Set runtime path of "/home/vfran/billeagle_ws/microros_ws/install/micro_ros_msgs/local/lib/python3.10/dist-packages/micro_ros_msgs/micro_ros_msgs_s__rosidl_typesupport_c.cpython-310-x86_64-linux-gnu.so" to ""
[4.532s] -- Installing: /home/vfran/billeagle_ws/microros_ws/install/micro_ros_msgs/lib/libmicro_ros_msgs__rosidl_generator_py.so
[4.532s] -- Set runtime path of "/home/vfran/billeagle_ws/microros_ws/install/micro_ros_msgs/lib/libmicro_ros_msgs__rosidl_generator_py.so" to ""
[4.532s] -- Installing: /home/vfran/billeagle_ws/microros_ws/install/micro_ros_msgs/share/micro_ros_msgs/msg/Graph.idl
[4.533s] -- Installing: /home/vfran/billeagle_ws/microros_ws/install/micro_ros_msgs/share/micro_ros_msgs/msg/Node.idl
[4.533s] -- Installing: /home/vfran/billeagle_ws/microros_ws/install/micro_ros_msgs/share/micro_ros_msgs/msg/Entity.idl
[4.533s] -- Installing: /home/vfran/billeagle_ws/microros_ws/install/micro_ros_msgs/share/micro_ros_msgs/msg/Graph.msg
[4.533s] -- Installing: /home/vfran/billeagle_ws/microros_ws/install/micro_ros_msgs/share/micro_ros_msgs/msg/Node.msg
[4.533s] -- Installing: /home/vfran/billeagle_ws/microros_ws/install/micro_ros_msgs/share/micro_ros_msgs/msg/Entity.msg
[4.534s] -- Installing: /home/vfran/billeagle_ws/microros_ws/install/micro_ros_msgs/share/ament_index/resource_index/package_run_dependencies/micro_ros_msgs
[4.534s] -- Installing: /home/vfran/billeagle_ws/microros_ws/install/micro_ros_msgs/share/ament_index/resource_index/parent_prefix_path/micro_ros_msgs
[4.534s] -- Installing: /home/vfran/billeagle_ws/microros_ws/install/micro_ros_msgs/share/micro_ros_msgs/environment/ament_prefix_path.sh
[4.535s] -- Installing: /home/vfran/billeagle_ws/microros_ws/install/micro_ros_msgs/share/micro_ros_msgs/environment/ament_prefix_path.dsv
[4.535s] -- Installing: /home/vfran/billeagle_ws/microros_ws/install/micro_ros_msgs/share/micro_ros_msgs/environment/path.sh
[4.535s] -- Installing: /home/vfran/billeagle_ws/microros_ws/install/micro_ros_msgs/share/micro_ros_msgs/environment/path.dsv
[4.535s] -- Installing: /home/vfran/billeagle_ws/microros_ws/install/micro_ros_msgs/share/micro_ros_msgs/local_setup.bash
[4.535s] -- Installing: /home/vfran/billeagle_ws/microros_ws/install/micro_ros_msgs/share/micro_ros_msgs/local_setup.sh
[4.536s] -- Installing: /home/vfran/billeagle_ws/microros_ws/install/micro_ros_msgs/share/micro_ros_msgs/local_setup.zsh
[4.536s] -- Installing: /home/vfran/billeagle_ws/microros_ws/install/micro_ros_msgs/share/micro_ros_msgs/local_setup.dsv
[4.536s] -- Installing: /home/vfran/billeagle_ws/microros_ws/install/micro_ros_msgs/share/micro_ros_msgs/package.dsv
[4.536s] -- Installing: /home/vfran/billeagle_ws/microros_ws/install/micro_ros_msgs/share/ament_index/resource_index/packages/micro_ros_msgs
[4.537s] -- Installing: /home/vfran/billeagle_ws/microros_ws/install/micro_ros_msgs/share/micro_ros_msgs/cmake/export_micro_ros_msgs__rosidl_generator_cExport.cmake
[4.537s] -- Installing: /home/vfran/billeagle_ws/microros_ws/install/micro_ros_msgs/share/micro_ros_msgs/cmake/export_micro_ros_msgs__rosidl_generator_cExport-noconfig.cmake
[4.537s] -- Installing: /home/vfran/billeagle_ws/microros_ws/install/micro_ros_msgs/share/micro_ros_msgs/cmake/export_micro_ros_msgs__rosidl_typesupport_fastrtps_cExport.cmake
[4.538s] -- Installing: /home/vfran/billeagle_ws/microros_ws/install/micro_ros_msgs/share/micro_ros_msgs/cmake/export_micro_ros_msgs__rosidl_typesupport_fastrtps_cExport-noconfig.cmake
[4.538s] -- Installing: /home/vfran/billeagle_ws/microros_ws/install/micro_ros_msgs/share/micro_ros_msgs/cmake/micro_ros_msgs__rosidl_typesupport_introspection_cExport.cmake
[4.538s] -- Installing: /home/vfran/billeagle_ws/microros_ws/install/micro_ros_msgs/share/micro_ros_msgs/cmake/micro_ros_msgs__rosidl_typesupport_introspection_cExport-noconfig.cmake
[4.538s] -- Installing: /home/vfran/billeagle_ws/microros_ws/install/micro_ros_msgs/share/micro_ros_msgs/cmake/micro_ros_msgs__rosidl_typesupport_cExport.cmake
[4.538s] -- Installing: /home/vfran/billeagle_ws/microros_ws/install/micro_ros_msgs/share/micro_ros_msgs/cmake/micro_ros_msgs__rosidl_typesupport_cExport-noconfig.cmake
[4.539s] -- Installing: /home/vfran/billeagle_ws/microros_ws/install/micro_ros_msgs/share/micro_ros_msgs/cmake/export_micro_ros_msgs__rosidl_generator_cppExport.cmake
[4.539s] -- Installing: /home/vfran/billeagle_ws/microros_ws/install/micro_ros_msgs/share/micro_ros_msgs/cmake/export_micro_ros_msgs__rosidl_typesupport_fastrtps_cppExport.cmake
[4.539s] -- Installing: /home/vfran/billeagle_ws/microros_ws/install/micro_ros_msgs/share/micro_ros_msgs/cmake/export_micro_ros_msgs__rosidl_typesupport_fastrtps_cppExport-noconfig.cmake
[4.539s] -- Installing: /home/vfran/billeagle_ws/microros_ws/install/micro_ros_msgs/share/micro_ros_msgs/cmake/micro_ros_msgs__rosidl_typesupport_introspection_cppExport.cmake
[4.540s] -- Installing: /home/vfran/billeagle_ws/microros_ws/install/micro_ros_msgs/share/micro_ros_msgs/cmake/micro_ros_msgs__rosidl_typesupport_introspection_cppExport-noconfig.cmake
[4.540s] -- Installing: /home/vfran/billeagle_ws/microros_ws/install/micro_ros_msgs/share/micro_ros_msgs/cmake/micro_ros_msgs__rosidl_typesupport_cppExport.cmake
[4.540s] -- Installing: /home/vfran/billeagle_ws/microros_ws/install/micro_ros_msgs/share/micro_ros_msgs/cmake/micro_ros_msgs__rosidl_typesupport_cppExport-noconfig.cmake
[4.541s] -- Installing: /home/vfran/billeagle_ws/microros_ws/install/micro_ros_msgs/share/micro_ros_msgs/cmake/export_micro_ros_msgs__rosidl_generator_pyExport.cmake
[4.541s] -- Installing: /home/vfran/billeagle_ws/microros_ws/install/micro_ros_msgs/share/micro_ros_msgs/cmake/export_micro_ros_msgs__rosidl_generator_pyExport-noconfig.cmake
[4.541s] -- Installing: /home/vfran/billeagle_ws/microros_ws/install/micro_ros_msgs/share/micro_ros_msgs/cmake/rosidl_cmake-extras.cmake
[4.541s] -- Installing: /home/vfran/billeagle_ws/microros_ws/install/micro_ros_msgs/share/micro_ros_msgs/cmake/ament_cmake_export_include_directories-extras.cmake
[4.541s] -- Installing: /home/vfran/billeagle_ws/microros_ws/install/micro_ros_msgs/share/micro_ros_msgs/cmake/ament_cmake_export_libraries-extras.cmake
[4.542s] -- Installing: /home/vfran/billeagle_ws/microros_ws/install/micro_ros_msgs/share/micro_ros_msgs/cmake/ament_cmake_export_targets-extras.cmake
[4.542s] -- Installing: /home/vfran/billeagle_ws/microros_ws/install/micro_ros_msgs/share/micro_ros_msgs/cmake/rosidl_cmake_export_typesupport_targets-extras.cmake
[4.542s] -- Installing: /home/vfran/billeagle_ws/microros_ws/install/micro_ros_msgs/share/micro_ros_msgs/cmake/ament_cmake_export_dependencies-extras.cmake
[4.542s] -- Installing: /home/vfran/billeagle_ws/microros_ws/install/micro_ros_msgs/share/micro_ros_msgs/cmake/rosidl_cmake_export_typesupport_libraries-extras.cmake
[4.543s] -- Installing: /home/vfran/billeagle_ws/microros_ws/install/micro_ros_msgs/share/micro_ros_msgs/cmake/micro_ros_msgsConfig.cmake
[4.543s] -- Installing: /home/vfran/billeagle_ws/microros_ws/install/micro_ros_msgs/share/micro_ros_msgs/cmake/micro_ros_msgsConfig-version.cmake
[4.543s] -- Installing: /home/vfran/billeagle_ws/microros_ws/install/micro_ros_msgs/share/micro_ros_msgs/package.xml
[4.546s] Invoked command in '/home/vfran/billeagle_ws/microros_ws/build/micro_ros_msgs' returned '0': CMAKE_PREFIX_PATH=/opt/ros/humble /usr/local/bin/cmake --install /home/vfran/billeagle_ws/microros_ws/build/micro_ros_msgs
