[0.057s] DEBUG:colcon:Command line arguments: ['/usr/bin/colcon', 'build']
[0.057s] DEBUG:colcon:Parsed command line arguments: Namespace(log_base=None, log_level=None, verb_name='build', build_base='build', install_base='install', merge_install=False, symlink_install=False, test_result_base=None, continue_on_error=False, executor='parallel', parallel_workers=16, event_handlers=None, ignore_user_meta=False, metas=['./colcon.meta'], base_paths=['.'], packages_ignore=None, packages_ignore_regex=None, paths=None, packages_up_to=None, packages_up_to_regex=None, packages_above=None, packages_above_and_dependencies=None, packages_above_depth=None, packages_select_by_dep=None, packages_skip_by_dep=None, packages_skip_up_to=None, packages_select_build_failed=False, packages_skip_build_finished=False, packages_select_test_failures=False, packages_skip_test_passed=False, packages_select=None, packages_skip=None, packages_select_regex=None, packages_skip_regex=None, packages_start=None, packages_end=None, allow_overriding=[], cmake_args=None, cmake_target=None, cmake_target_skip_unavailable=False, cmake_clean_cache=False, cmake_clean_first=False, cmake_force_configure=False, ament_cmake_args=None, catkin_cmake_args=None, catkin_skip_building_tests=False, mixin_files=None, mixin=None, verb_parser=<colcon_mixin.mixin.mixin_argument.MixinArgumentDecorator object at 0x7db883e718a0>, verb_extension=<colcon_core.verb.build.BuildVerb object at 0x7db883e70e20>, main=<bound method BuildVerb.main of <colcon_core.verb.build.BuildVerb object at 0x7db883e70e20>>, mixin_verb=('build',))
[0.141s] Level 1:colcon.colcon_core.package_discovery:discover_packages(colcon_meta) check parameters
[0.141s] Level 1:colcon.colcon_core.package_discovery:discover_packages(recursive) check parameters
[0.141s] Level 1:colcon.colcon_core.package_discovery:discover_packages(ignore) check parameters
[0.141s] Level 1:colcon.colcon_core.package_discovery:discover_packages(path) check parameters
[0.141s] Level 1:colcon.colcon_core.package_discovery:discover_packages(colcon_meta) discover
[0.141s] Level 1:colcon.colcon_core.package_discovery:discover_packages(recursive) discover
[0.141s] INFO:colcon.colcon_core.package_discovery:Crawling recursively for packages in '/home/vic/billeagle_ws/personal_ws'
[0.141s] Level 1:colcon.colcon_core.package_identification:_identify(.) by extensions ['ignore', 'ignore_ament_install']
[0.141s] Level 1:colcon.colcon_core.package_identification:_identify(.) by extension 'ignore'
[0.141s] Level 1:colcon.colcon_core.package_identification:_identify(.) by extension 'ignore_ament_install'
[0.141s] Level 1:colcon.colcon_core.package_identification:_identify(.) by extensions ['colcon_pkg']
[0.141s] Level 1:colcon.colcon_core.package_identification:_identify(.) by extension 'colcon_pkg'
[0.141s] Level 1:colcon.colcon_core.package_identification:_identify(.) by extensions ['colcon_meta']
[0.141s] Level 1:colcon.colcon_core.package_identification:_identify(.) by extension 'colcon_meta'
[0.141s] Level 1:colcon.colcon_core.package_identification:_identify(.) by extensions ['ros']
[0.141s] Level 1:colcon.colcon_core.package_identification:_identify(.) by extension 'ros'
[0.147s] Level 1:colcon.colcon_core.package_identification:_identify(.) by extensions ['cmake', 'python']
[0.147s] Level 1:colcon.colcon_core.package_identification:_identify(.) by extension 'cmake'
[0.147s] Level 1:colcon.colcon_core.package_identification:_identify(.) by extension 'python'
[0.147s] Level 1:colcon.colcon_core.package_identification:_identify(.) by extensions ['python_setup_py']
[0.147s] Level 1:colcon.colcon_core.package_identification:_identify(.) by extension 'python_setup_py'
[0.147s] Level 1:colcon.colcon_core.package_identification:_identify(build) by extensions ['ignore', 'ignore_ament_install']
[0.147s] Level 1:colcon.colcon_core.package_identification:_identify(build) by extension 'ignore'
[0.147s] Level 1:colcon.colcon_core.package_identification:_identify(build) ignored
[0.147s] Level 1:colcon.colcon_core.package_identification:_identify(install) by extensions ['ignore', 'ignore_ament_install']
[0.147s] Level 1:colcon.colcon_core.package_identification:_identify(install) by extension 'ignore'
[0.147s] Level 1:colcon.colcon_core.package_identification:_identify(install) ignored
[0.147s] Level 1:colcon.colcon_core.package_identification:_identify(log) by extensions ['ignore', 'ignore_ament_install']
[0.147s] Level 1:colcon.colcon_core.package_identification:_identify(log) by extension 'ignore'
[0.147s] Level 1:colcon.colcon_core.package_identification:_identify(log) ignored
[0.147s] Level 1:colcon.colcon_core.package_identification:_identify(src) by extensions ['ignore', 'ignore_ament_install']
[0.148s] Level 1:colcon.colcon_core.package_identification:_identify(src) by extension 'ignore'
[0.148s] Level 1:colcon.colcon_core.package_identification:_identify(src) by extension 'ignore_ament_install'
[0.148s] Level 1:colcon.colcon_core.package_identification:_identify(src) by extensions ['colcon_pkg']
[0.148s] Level 1:colcon.colcon_core.package_identification:_identify(src) by extension 'colcon_pkg'
[0.148s] Level 1:colcon.colcon_core.package_identification:_identify(src) by extensions ['colcon_meta']
[0.148s] Level 1:colcon.colcon_core.package_identification:_identify(src) by extension 'colcon_meta'
[0.148s] Level 1:colcon.colcon_core.package_identification:_identify(src) by extensions ['ros']
[0.148s] Level 1:colcon.colcon_core.package_identification:_identify(src) by extension 'ros'
[0.148s] Level 1:colcon.colcon_core.package_identification:_identify(src) by extensions ['cmake', 'python']
[0.148s] Level 1:colcon.colcon_core.package_identification:_identify(src) by extension 'cmake'
[0.148s] Level 1:colcon.colcon_core.package_identification:_identify(src) by extension 'python'
[0.148s] Level 1:colcon.colcon_core.package_identification:_identify(src) by extensions ['python_setup_py']
[0.148s] Level 1:colcon.colcon_core.package_identification:_identify(src) by extension 'python_setup_py'
[0.148s] Level 1:colcon.colcon_core.package_identification:_identify(src/bill_bringup) by extensions ['ignore', 'ignore_ament_install']
[0.148s] Level 1:colcon.colcon_core.package_identification:_identify(src/bill_bringup) by extension 'ignore'
[0.148s] Level 1:colcon.colcon_core.package_identification:_identify(src/bill_bringup) by extension 'ignore_ament_install'
[0.148s] Level 1:colcon.colcon_core.package_identification:_identify(src/bill_bringup) by extensions ['colcon_pkg']
[0.148s] Level 1:colcon.colcon_core.package_identification:_identify(src/bill_bringup) by extension 'colcon_pkg'
[0.148s] Level 1:colcon.colcon_core.package_identification:_identify(src/bill_bringup) by extensions ['colcon_meta']
[0.148s] Level 1:colcon.colcon_core.package_identification:_identify(src/bill_bringup) by extension 'colcon_meta'
[0.148s] Level 1:colcon.colcon_core.package_identification:_identify(src/bill_bringup) by extensions ['ros']
[0.148s] Level 1:colcon.colcon_core.package_identification:_identify(src/bill_bringup) by extension 'ros'
[0.149s] DEBUG:colcon.colcon_core.package_identification:Package 'src/bill_bringup' with type 'ros.ament_cmake' and name 'bill_bringup'
[0.149s] Level 1:colcon.colcon_core.package_identification:_identify(src/bill_interfaces) by extensions ['ignore', 'ignore_ament_install']
[0.149s] Level 1:colcon.colcon_core.package_identification:_identify(src/bill_interfaces) by extension 'ignore'
[0.149s] Level 1:colcon.colcon_core.package_identification:_identify(src/bill_interfaces) by extension 'ignore_ament_install'
[0.149s] Level 1:colcon.colcon_core.package_identification:_identify(src/bill_interfaces) by extensions ['colcon_pkg']
[0.149s] Level 1:colcon.colcon_core.package_identification:_identify(src/bill_interfaces) by extension 'colcon_pkg'
[0.150s] Level 1:colcon.colcon_core.package_identification:_identify(src/bill_interfaces) by extensions ['colcon_meta']
[0.150s] Level 1:colcon.colcon_core.package_identification:_identify(src/bill_interfaces) by extension 'colcon_meta'
[0.150s] Level 1:colcon.colcon_core.package_identification:_identify(src/bill_interfaces) by extensions ['ros']
[0.150s] Level 1:colcon.colcon_core.package_identification:_identify(src/bill_interfaces) by extension 'ros'
[0.150s] DEBUG:colcon.colcon_core.package_identification:Package 'src/bill_interfaces' with type 'ros.ament_cmake' and name 'bill_interfaces'
[0.150s] Level 1:colcon.colcon_core.package_identification:_identify(src/person_identification_mission) by extensions ['ignore', 'ignore_ament_install']
[0.150s] Level 1:colcon.colcon_core.package_identification:_identify(src/person_identification_mission) by extension 'ignore'
[0.150s] Level 1:colcon.colcon_core.package_identification:_identify(src/person_identification_mission) by extension 'ignore_ament_install'
[0.150s] Level 1:colcon.colcon_core.package_identification:_identify(src/person_identification_mission) by extensions ['colcon_pkg']
[0.150s] Level 1:colcon.colcon_core.package_identification:_identify(src/person_identification_mission) by extension 'colcon_pkg'
[0.150s] Level 1:colcon.colcon_core.package_identification:_identify(src/person_identification_mission) by extensions ['colcon_meta']
[0.150s] Level 1:colcon.colcon_core.package_identification:_identify(src/person_identification_mission) by extension 'colcon_meta'
[0.150s] Level 1:colcon.colcon_core.package_identification:_identify(src/person_identification_mission) by extensions ['ros']
[0.150s] Level 1:colcon.colcon_core.package_identification:_identify(src/person_identification_mission) by extension 'ros'
[0.150s] DEBUG:colcon.colcon_core.package_identification:Package 'src/person_identification_mission' with type 'ros.ament_python' and name 'person_identification_mission'
[0.150s] Level 1:colcon.colcon_core.package_discovery:discover_packages(recursive) using defaults
[0.150s] Level 1:colcon.colcon_core.package_discovery:discover_packages(ignore) discover
[0.150s] Level 1:colcon.colcon_core.package_discovery:discover_packages(ignore) using defaults
[0.150s] Level 1:colcon.colcon_core.package_discovery:discover_packages(path) discover
[0.150s] Level 1:colcon.colcon_core.package_discovery:discover_packages(path) using defaults
[0.168s] Level 1:colcon.colcon_core.package_discovery:discover_packages(prefix_path) check parameters
[0.168s] Level 1:colcon.colcon_core.package_discovery:discover_packages(prefix_path) discover
[0.169s] WARNING:colcon.colcon_ros.prefix_path.ament:The path '/home/vic/billeagle_ws/personal_ws/install/bill_bringup' in the environment variable AMENT_PREFIX_PATH doesn't exist
[0.169s] WARNING:colcon.colcon_ros.prefix_path.ament:The path '/home/vic/billeagle_ws/personal_ws/install/person_identification_mission' in the environment variable AMENT_PREFIX_PATH doesn't exist
[0.169s] WARNING:colcon.colcon_ros.prefix_path.ament:The path '/home/vic/billeagle_ws/personal_ws/install/bill_interfaces' in the environment variable AMENT_PREFIX_PATH doesn't exist
[0.169s] WARNING:colcon.colcon_ros.prefix_path.catkin:The path '/home/vic/billeagle_ws/personal_ws/install/bill_bringup' in the environment variable CMAKE_PREFIX_PATH doesn't exist
[0.169s] WARNING:colcon.colcon_ros.prefix_path.catkin:The path '/home/vic/billeagle_ws/personal_ws/install/bill_interfaces' in the environment variable CMAKE_PREFIX_PATH doesn't exist
[0.169s] DEBUG:colcon.colcon_installed_package_information.package_discovery:Found 0 installed packages in /home/vic/billeagle_ws/personal_ws/install
[0.170s] DEBUG:colcon.colcon_installed_package_information.package_discovery:Found 329 installed packages in /opt/ros/humble
[0.171s] Level 1:colcon.colcon_core.package_discovery:discover_packages(prefix_path) using defaults
[0.191s] Level 5:colcon.colcon_core.verb:set package 'bill_interfaces' build argument 'cmake_args' from command line to 'None'
[0.191s] Level 5:colcon.colcon_core.verb:set package 'bill_interfaces' build argument 'cmake_target' from command line to 'None'
[0.191s] Level 5:colcon.colcon_core.verb:set package 'bill_interfaces' build argument 'cmake_target_skip_unavailable' from command line to 'False'
[0.191s] Level 5:colcon.colcon_core.verb:set package 'bill_interfaces' build argument 'cmake_clean_cache' from command line to 'False'
[0.191s] Level 5:colcon.colcon_core.verb:set package 'bill_interfaces' build argument 'cmake_clean_first' from command line to 'False'
[0.191s] Level 5:colcon.colcon_core.verb:set package 'bill_interfaces' build argument 'cmake_force_configure' from command line to 'False'
[0.191s] Level 5:colcon.colcon_core.verb:set package 'bill_interfaces' build argument 'ament_cmake_args' from command line to 'None'
[0.191s] Level 5:colcon.colcon_core.verb:set package 'bill_interfaces' build argument 'catkin_cmake_args' from command line to 'None'
[0.191s] Level 5:colcon.colcon_core.verb:set package 'bill_interfaces' build argument 'catkin_skip_building_tests' from command line to 'False'
[0.191s] DEBUG:colcon.colcon_core.verb:Building package 'bill_interfaces' with the following arguments: {'ament_cmake_args': None, 'build_base': '/home/vic/billeagle_ws/personal_ws/build/bill_interfaces', 'catkin_cmake_args': None, 'catkin_skip_building_tests': False, 'cmake_args': None, 'cmake_clean_cache': False, 'cmake_clean_first': False, 'cmake_force_configure': False, 'cmake_target': None, 'cmake_target_skip_unavailable': False, 'install_base': '/home/vic/billeagle_ws/personal_ws/install/bill_interfaces', 'merge_install': False, 'path': '/home/vic/billeagle_ws/personal_ws/src/bill_interfaces', 'symlink_install': False, 'test_result_base': None}
[0.192s] Level 5:colcon.colcon_core.verb:set package 'person_identification_mission' build argument 'cmake_args' from command line to 'None'
[0.192s] Level 5:colcon.colcon_core.verb:set package 'person_identification_mission' build argument 'cmake_target' from command line to 'None'
[0.192s] Level 5:colcon.colcon_core.verb:set package 'person_identification_mission' build argument 'cmake_target_skip_unavailable' from command line to 'False'
[0.192s] Level 5:colcon.colcon_core.verb:set package 'person_identification_mission' build argument 'cmake_clean_cache' from command line to 'False'
[0.192s] Level 5:colcon.colcon_core.verb:set package 'person_identification_mission' build argument 'cmake_clean_first' from command line to 'False'
[0.192s] Level 5:colcon.colcon_core.verb:set package 'person_identification_mission' build argument 'cmake_force_configure' from command line to 'False'
[0.192s] Level 5:colcon.colcon_core.verb:set package 'person_identification_mission' build argument 'ament_cmake_args' from command line to 'None'
[0.192s] Level 5:colcon.colcon_core.verb:set package 'person_identification_mission' build argument 'catkin_cmake_args' from command line to 'None'
[0.192s] Level 5:colcon.colcon_core.verb:set package 'person_identification_mission' build argument 'catkin_skip_building_tests' from command line to 'False'
[0.192s] DEBUG:colcon.colcon_core.verb:Building package 'person_identification_mission' with the following arguments: {'ament_cmake_args': None, 'build_base': '/home/vic/billeagle_ws/personal_ws/build/person_identification_mission', 'catkin_cmake_args': None, 'catkin_skip_building_tests': False, 'cmake_args': None, 'cmake_clean_cache': False, 'cmake_clean_first': False, 'cmake_force_configure': False, 'cmake_target': None, 'cmake_target_skip_unavailable': False, 'install_base': '/home/vic/billeagle_ws/personal_ws/install/person_identification_mission', 'merge_install': False, 'path': '/home/vic/billeagle_ws/personal_ws/src/person_identification_mission', 'symlink_install': False, 'test_result_base': None}
[0.192s] Level 5:colcon.colcon_core.verb:set package 'bill_bringup' build argument 'cmake_args' from command line to 'None'
[0.192s] Level 5:colcon.colcon_core.verb:set package 'bill_bringup' build argument 'cmake_target' from command line to 'None'
[0.192s] Level 5:colcon.colcon_core.verb:set package 'bill_bringup' build argument 'cmake_target_skip_unavailable' from command line to 'False'
[0.192s] Level 5:colcon.colcon_core.verb:set package 'bill_bringup' build argument 'cmake_clean_cache' from command line to 'False'
[0.192s] Level 5:colcon.colcon_core.verb:set package 'bill_bringup' build argument 'cmake_clean_first' from command line to 'False'
[0.192s] Level 5:colcon.colcon_core.verb:set package 'bill_bringup' build argument 'cmake_force_configure' from command line to 'False'
[0.192s] Level 5:colcon.colcon_core.verb:set package 'bill_bringup' build argument 'ament_cmake_args' from command line to 'None'
[0.192s] Level 5:colcon.colcon_core.verb:set package 'bill_bringup' build argument 'catkin_cmake_args' from command line to 'None'
[0.192s] Level 5:colcon.colcon_core.verb:set package 'bill_bringup' build argument 'catkin_skip_building_tests' from command line to 'False'
[0.192s] DEBUG:colcon.colcon_core.verb:Building package 'bill_bringup' with the following arguments: {'ament_cmake_args': None, 'build_base': '/home/vic/billeagle_ws/personal_ws/build/bill_bringup', 'catkin_cmake_args': None, 'catkin_skip_building_tests': False, 'cmake_args': None, 'cmake_clean_cache': False, 'cmake_clean_first': False, 'cmake_force_configure': False, 'cmake_target': None, 'cmake_target_skip_unavailable': False, 'install_base': '/home/vic/billeagle_ws/personal_ws/install/bill_bringup', 'merge_install': False, 'path': '/home/vic/billeagle_ws/personal_ws/src/bill_bringup', 'symlink_install': False, 'test_result_base': None}
[0.192s] INFO:colcon.colcon_core.executor:Executing jobs using 'parallel' executor
[0.193s] DEBUG:colcon.colcon_parallel_executor.executor.parallel:run_until_complete
[0.193s] INFO:colcon.colcon_ros.task.ament_cmake.build:Building ROS package in '/home/vic/billeagle_ws/personal_ws/src/bill_interfaces' with build type 'ament_cmake'
[0.193s] INFO:colcon.colcon_cmake.task.cmake.build:Building CMake package in '/home/vic/billeagle_ws/personal_ws/src/bill_interfaces'
[0.194s] INFO:colcon.colcon_core.plugin_system:Skipping extension 'colcon_core.shell.bat': Not used on non-Windows systems
[0.194s] INFO:colcon.colcon_core.shell:Skip shell extension 'powershell' for command environment: Not usable outside of PowerShell
[0.194s] DEBUG:colcon.colcon_core.shell:Skip shell extension 'dsv' for command environment
[0.200s] DEBUG:colcon.colcon_core.event_handler.log_command:Invoking command in '/home/vic/billeagle_ws/personal_ws/build/bill_interfaces': CMAKE_PREFIX_PATH=${CMAKE_PREFIX_PATH}:/home/vic/billeagle_ws/personal_ws/install/person_identification_mission /usr/bin/cmake /home/vic/billeagle_ws/personal_ws/src/bill_interfaces -DCMAKE_INSTALL_PREFIX=/home/vic/billeagle_ws/personal_ws/install/bill_interfaces
[1.182s] DEBUG:colcon.colcon_core.event_handler.log_command:Invoked command in '/home/vic/billeagle_ws/personal_ws/build/bill_interfaces' returned '0': CMAKE_PREFIX_PATH=${CMAKE_PREFIX_PATH}:/home/vic/billeagle_ws/personal_ws/install/person_identification_mission /usr/bin/cmake /home/vic/billeagle_ws/personal_ws/src/bill_interfaces -DCMAKE_INSTALL_PREFIX=/home/vic/billeagle_ws/personal_ws/install/bill_interfaces
[1.184s] DEBUG:colcon.colcon_core.event_handler.log_command:Invoking command in '/home/vic/billeagle_ws/personal_ws/build/bill_interfaces': CMAKE_PREFIX_PATH=${CMAKE_PREFIX_PATH}:/home/vic/billeagle_ws/personal_ws/install/person_identification_mission /usr/bin/cmake --build /home/vic/billeagle_ws/personal_ws/build/bill_interfaces -- -j16 -l16
[3.388s] DEBUG:colcon.colcon_core.event_handler.log_command:Invoked command in '/home/vic/billeagle_ws/personal_ws/build/bill_interfaces' returned '0': CMAKE_PREFIX_PATH=${CMAKE_PREFIX_PATH}:/home/vic/billeagle_ws/personal_ws/install/person_identification_mission /usr/bin/cmake --build /home/vic/billeagle_ws/personal_ws/build/bill_interfaces -- -j16 -l16
[3.395s] DEBUG:colcon.colcon_core.event_handler.log_command:Invoking command in '/home/vic/billeagle_ws/personal_ws/build/bill_interfaces': CMAKE_PREFIX_PATH=${CMAKE_PREFIX_PATH}:/home/vic/billeagle_ws/personal_ws/install/person_identification_mission /usr/bin/cmake --install /home/vic/billeagle_ws/personal_ws/build/bill_interfaces
[3.440s] Level 1:colcon.colcon_core.environment:create_environment_scripts_only(bill_interfaces)
[3.440s] DEBUG:colcon.colcon_core.event_handler.log_command:Invoked command in '/home/vic/billeagle_ws/personal_ws/build/bill_interfaces' returned '0': CMAKE_PREFIX_PATH=${CMAKE_PREFIX_PATH}:/home/vic/billeagle_ws/personal_ws/install/person_identification_mission /usr/bin/cmake --install /home/vic/billeagle_ws/personal_ws/build/bill_interfaces
[3.442s] Level 1:colcon.colcon_core.environment:checking '/home/vic/billeagle_ws/personal_ws/install/bill_interfaces' for CMake module files
[3.442s] Level 1:colcon.colcon_core.environment:checking '/home/vic/billeagle_ws/personal_ws/install/bill_interfaces' for CMake config files
[3.442s] Level 1:colcon.colcon_core.shell:create_environment_hook('bill_interfaces', 'cmake_prefix_path')
[3.442s] INFO:colcon.colcon_core.shell:Creating environment hook '/home/vic/billeagle_ws/personal_ws/install/bill_interfaces/share/bill_interfaces/hook/cmake_prefix_path.ps1'
[3.443s] INFO:colcon.colcon_core.shell:Creating environment descriptor '/home/vic/billeagle_ws/personal_ws/install/bill_interfaces/share/bill_interfaces/hook/cmake_prefix_path.dsv'
[3.443s] INFO:colcon.colcon_core.shell:Creating environment hook '/home/vic/billeagle_ws/personal_ws/install/bill_interfaces/share/bill_interfaces/hook/cmake_prefix_path.sh'
[3.443s] Level 1:colcon.colcon_core.environment:checking '/home/vic/billeagle_ws/personal_ws/install/bill_interfaces/lib'
[3.443s] Level 1:colcon.colcon_core.shell:create_environment_hook('bill_interfaces', 'ld_library_path_lib')
[3.443s] INFO:colcon.colcon_core.shell:Creating environment hook '/home/vic/billeagle_ws/personal_ws/install/bill_interfaces/share/bill_interfaces/hook/ld_library_path_lib.ps1'
[3.444s] INFO:colcon.colcon_core.shell:Creating environment descriptor '/home/vic/billeagle_ws/personal_ws/install/bill_interfaces/share/bill_interfaces/hook/ld_library_path_lib.dsv'
[3.444s] INFO:colcon.colcon_core.shell:Creating environment hook '/home/vic/billeagle_ws/personal_ws/install/bill_interfaces/share/bill_interfaces/hook/ld_library_path_lib.sh'
[3.444s] Level 1:colcon.colcon_core.environment:checking '/home/vic/billeagle_ws/personal_ws/install/bill_interfaces/bin'
[3.444s] Level 1:colcon.colcon_core.environment:checking '/home/vic/billeagle_ws/personal_ws/install/bill_interfaces/lib/pkgconfig/bill_interfaces.pc'
[3.444s] Level 1:colcon.colcon_core.environment:checking '/home/vic/billeagle_ws/personal_ws/install/bill_interfaces/lib/python3.10/site-packages'
[3.444s] Level 1:colcon.colcon_core.environment:checking '/home/vic/billeagle_ws/personal_ws/install/bill_interfaces/bin'
[3.444s] INFO:colcon.colcon_core.shell:Creating package script '/home/vic/billeagle_ws/personal_ws/install/bill_interfaces/share/bill_interfaces/package.ps1'
[3.445s] INFO:colcon.colcon_core.shell:Creating package descriptor '/home/vic/billeagle_ws/personal_ws/install/bill_interfaces/share/bill_interfaces/package.dsv'
[3.445s] INFO:colcon.colcon_core.shell:Creating package script '/home/vic/billeagle_ws/personal_ws/install/bill_interfaces/share/bill_interfaces/package.sh'
[3.445s] INFO:colcon.colcon_core.shell:Creating package script '/home/vic/billeagle_ws/personal_ws/install/bill_interfaces/share/bill_interfaces/package.bash'
[3.446s] INFO:colcon.colcon_core.shell:Creating package script '/home/vic/billeagle_ws/personal_ws/install/bill_interfaces/share/bill_interfaces/package.zsh'
[3.446s] Level 1:colcon.colcon_core.environment:create_file_with_runtime_dependencies(/home/vic/billeagle_ws/personal_ws/install/bill_interfaces/share/colcon-core/packages/bill_interfaces)
[3.446s] Level 1:colcon.colcon_core.environment:create_environment_scripts_only(bill_interfaces)
[3.446s] Level 1:colcon.colcon_core.environment:checking '/home/vic/billeagle_ws/personal_ws/install/bill_interfaces' for CMake module files
[3.447s] Level 1:colcon.colcon_core.environment:checking '/home/vic/billeagle_ws/personal_ws/install/bill_interfaces' for CMake config files
[3.447s] Level 1:colcon.colcon_core.shell:create_environment_hook('bill_interfaces', 'cmake_prefix_path')
[3.447s] INFO:colcon.colcon_core.shell:Creating environment hook '/home/vic/billeagle_ws/personal_ws/install/bill_interfaces/share/bill_interfaces/hook/cmake_prefix_path.ps1'
[3.447s] INFO:colcon.colcon_core.shell:Creating environment descriptor '/home/vic/billeagle_ws/personal_ws/install/bill_interfaces/share/bill_interfaces/hook/cmake_prefix_path.dsv'
[3.447s] INFO:colcon.colcon_core.shell:Creating environment hook '/home/vic/billeagle_ws/personal_ws/install/bill_interfaces/share/bill_interfaces/hook/cmake_prefix_path.sh'
[3.447s] Level 1:colcon.colcon_core.environment:checking '/home/vic/billeagle_ws/personal_ws/install/bill_interfaces/lib'
[3.447s] Level 1:colcon.colcon_core.shell:create_environment_hook('bill_interfaces', 'ld_library_path_lib')
[3.448s] INFO:colcon.colcon_core.shell:Creating environment hook '/home/vic/billeagle_ws/personal_ws/install/bill_interfaces/share/bill_interfaces/hook/ld_library_path_lib.ps1'
[3.448s] INFO:colcon.colcon_core.shell:Creating environment descriptor '/home/vic/billeagle_ws/personal_ws/install/bill_interfaces/share/bill_interfaces/hook/ld_library_path_lib.dsv'
[3.448s] INFO:colcon.colcon_core.shell:Creating environment hook '/home/vic/billeagle_ws/personal_ws/install/bill_interfaces/share/bill_interfaces/hook/ld_library_path_lib.sh'
[3.448s] Level 1:colcon.colcon_core.environment:checking '/home/vic/billeagle_ws/personal_ws/install/bill_interfaces/bin'
[3.448s] Level 1:colcon.colcon_core.environment:checking '/home/vic/billeagle_ws/personal_ws/install/bill_interfaces/lib/pkgconfig/bill_interfaces.pc'
[3.448s] Level 1:colcon.colcon_core.environment:checking '/home/vic/billeagle_ws/personal_ws/install/bill_interfaces/lib/python3.10/site-packages'
[3.448s] Level 1:colcon.colcon_core.environment:checking '/home/vic/billeagle_ws/personal_ws/install/bill_interfaces/bin'
[3.449s] INFO:colcon.colcon_core.shell:Creating package script '/home/vic/billeagle_ws/personal_ws/install/bill_interfaces/share/bill_interfaces/package.ps1'
[3.449s] INFO:colcon.colcon_core.shell:Creating package descriptor '/home/vic/billeagle_ws/personal_ws/install/bill_interfaces/share/bill_interfaces/package.dsv'
[3.449s] INFO:colcon.colcon_core.shell:Creating package script '/home/vic/billeagle_ws/personal_ws/install/bill_interfaces/share/bill_interfaces/package.sh'
[3.449s] INFO:colcon.colcon_core.shell:Creating package script '/home/vic/billeagle_ws/personal_ws/install/bill_interfaces/share/bill_interfaces/package.bash'
[3.449s] INFO:colcon.colcon_core.shell:Creating package script '/home/vic/billeagle_ws/personal_ws/install/bill_interfaces/share/bill_interfaces/package.zsh'
[3.450s] Level 1:colcon.colcon_core.environment:create_file_with_runtime_dependencies(/home/vic/billeagle_ws/personal_ws/install/bill_interfaces/share/colcon-core/packages/bill_interfaces)
[3.450s] INFO:colcon.colcon_ros.task.ament_python.build:Building ROS package in '/home/vic/billeagle_ws/personal_ws/src/person_identification_mission' with build type 'ament_python'
[3.450s] Level 1:colcon.colcon_core.shell:create_environment_hook('person_identification_mission', 'ament_prefix_path')
[3.450s] INFO:colcon.colcon_core.shell:Creating environment hook '/home/vic/billeagle_ws/personal_ws/install/person_identification_mission/share/person_identification_mission/hook/ament_prefix_path.ps1'
[3.450s] INFO:colcon.colcon_core.shell:Creating environment descriptor '/home/vic/billeagle_ws/personal_ws/install/person_identification_mission/share/person_identification_mission/hook/ament_prefix_path.dsv'
[3.451s] INFO:colcon.colcon_core.shell:Creating environment hook '/home/vic/billeagle_ws/personal_ws/install/person_identification_mission/share/person_identification_mission/hook/ament_prefix_path.sh'
[3.451s] INFO:colcon.colcon_core.shell:Skip shell extension 'powershell' for command environment: Not usable outside of PowerShell
[3.451s] DEBUG:colcon.colcon_core.shell:Skip shell extension 'dsv' for command environment
[3.589s] INFO:colcon.colcon_core.task.python.build:Building Python package in '/home/vic/billeagle_ws/personal_ws/src/person_identification_mission'
[3.589s] INFO:colcon.colcon_core.shell:Skip shell extension 'powershell' for command environment: Not usable outside of PowerShell
[3.589s] DEBUG:colcon.colcon_core.shell:Skip shell extension 'dsv' for command environment
[3.780s] DEBUG:colcon.colcon_core.event_handler.log_command:Invoking command in '/home/vic/billeagle_ws/personal_ws/src/person_identification_mission': CMAKE_PREFIX_PATH=/home/vic/billeagle_ws/personal_ws/install/bill_interfaces:/home/vic/billeagle_ws/personal_ws/install/bill_bringup:/opt/ros/humble PYTHONPATH=/home/vic/billeagle_ws/personal_ws/build/person_identification_mission/prefix_override:/usr/lib/python3/dist-packages/colcon_core/task/python/colcon_distutils_commands:/home/vic/billeagle_ws/personal_ws/install/person_identification_mission/lib/python3.10/site-packages:${PYTHONPATH} /usr/bin/python3 -W ignore:setup.py install is deprecated -W ignore:easy_install command is deprecated setup.py egg_info --egg-base ../../build/person_identification_mission build --build-base /home/vic/billeagle_ws/personal_ws/build/person_identification_mission/build install --record /home/vic/billeagle_ws/personal_ws/build/person_identification_mission/install.log --single-version-externally-managed install_data
[3.935s] Level 1:colcon.colcon_core.environment:checking '/home/vic/billeagle_ws/personal_ws/install/person_identification_mission' for CMake module files
[3.936s] DEBUG:colcon.colcon_core.event_handler.log_command:Invoked command in '/home/vic/billeagle_ws/personal_ws/src/person_identification_mission' returned '0': CMAKE_PREFIX_PATH=/home/vic/billeagle_ws/personal_ws/install/bill_interfaces:/home/vic/billeagle_ws/personal_ws/install/bill_bringup:/opt/ros/humble PYTHONPATH=/home/vic/billeagle_ws/personal_ws/build/person_identification_mission/prefix_override:/usr/lib/python3/dist-packages/colcon_core/task/python/colcon_distutils_commands:/home/vic/billeagle_ws/personal_ws/install/person_identification_mission/lib/python3.10/site-packages:${PYTHONPATH} /usr/bin/python3 -W ignore:setup.py install is deprecated -W ignore:easy_install command is deprecated setup.py egg_info --egg-base ../../build/person_identification_mission build --build-base /home/vic/billeagle_ws/personal_ws/build/person_identification_mission/build install --record /home/vic/billeagle_ws/personal_ws/build/person_identification_mission/install.log --single-version-externally-managed install_data
[3.936s] Level 1:colcon.colcon_core.environment:checking '/home/vic/billeagle_ws/personal_ws/install/person_identification_mission' for CMake config files
[3.936s] Level 1:colcon.colcon_core.environment:checking '/home/vic/billeagle_ws/personal_ws/install/person_identification_mission/lib'
[3.936s] Level 1:colcon.colcon_core.environment:checking '/home/vic/billeagle_ws/personal_ws/install/person_identification_mission/bin'
[3.936s] Level 1:colcon.colcon_core.environment:checking '/home/vic/billeagle_ws/personal_ws/install/person_identification_mission/lib/pkgconfig/person_identification_mission.pc'
[3.936s] Level 1:colcon.colcon_core.environment:checking '/home/vic/billeagle_ws/personal_ws/install/person_identification_mission/lib/python3.10/site-packages'
[3.936s] Level 1:colcon.colcon_core.shell:create_environment_hook('person_identification_mission', 'pythonpath')
[3.936s] INFO:colcon.colcon_core.shell:Creating environment hook '/home/vic/billeagle_ws/personal_ws/install/person_identification_mission/share/person_identification_mission/hook/pythonpath.ps1'
[3.937s] INFO:colcon.colcon_core.shell:Creating environment descriptor '/home/vic/billeagle_ws/personal_ws/install/person_identification_mission/share/person_identification_mission/hook/pythonpath.dsv'
[3.937s] INFO:colcon.colcon_core.shell:Creating environment hook '/home/vic/billeagle_ws/personal_ws/install/person_identification_mission/share/person_identification_mission/hook/pythonpath.sh'
[3.937s] Level 1:colcon.colcon_core.environment:checking '/home/vic/billeagle_ws/personal_ws/install/person_identification_mission/bin'
[3.937s] Level 1:colcon.colcon_core.environment:create_environment_scripts_only(person_identification_mission)
[3.937s] INFO:colcon.colcon_core.shell:Creating package script '/home/vic/billeagle_ws/personal_ws/install/person_identification_mission/share/person_identification_mission/package.ps1'
[3.938s] INFO:colcon.colcon_core.shell:Creating package descriptor '/home/vic/billeagle_ws/personal_ws/install/person_identification_mission/share/person_identification_mission/package.dsv'
[3.938s] INFO:colcon.colcon_core.shell:Creating package script '/home/vic/billeagle_ws/personal_ws/install/person_identification_mission/share/person_identification_mission/package.sh'
[3.938s] INFO:colcon.colcon_core.shell:Creating package script '/home/vic/billeagle_ws/personal_ws/install/person_identification_mission/share/person_identification_mission/package.bash'
[3.938s] INFO:colcon.colcon_core.shell:Creating package script '/home/vic/billeagle_ws/personal_ws/install/person_identification_mission/share/person_identification_mission/package.zsh'
[3.938s] Level 1:colcon.colcon_core.environment:create_file_with_runtime_dependencies(/home/vic/billeagle_ws/personal_ws/install/person_identification_mission/share/colcon-core/packages/person_identification_mission)
[3.938s] INFO:colcon.colcon_ros.task.ament_cmake.build:Building ROS package in '/home/vic/billeagle_ws/personal_ws/src/bill_bringup' with build type 'ament_cmake'
[3.938s] INFO:colcon.colcon_cmake.task.cmake.build:Building CMake package in '/home/vic/billeagle_ws/personal_ws/src/bill_bringup'
[3.939s] INFO:colcon.colcon_core.shell:Skip shell extension 'powershell' for command environment: Not usable outside of PowerShell
[3.939s] DEBUG:colcon.colcon_core.shell:Skip shell extension 'dsv' for command environment
[3.945s] DEBUG:colcon.colcon_core.event_handler.log_command:Invoking command in '/home/vic/billeagle_ws/personal_ws/build/bill_bringup': AMENT_PREFIX_PATH=/home/vic/billeagle_ws/personal_ws/install/person_identification_mission:/home/vic/billeagle_ws/personal_ws/install/bill_bringup:/home/vic/billeagle_ws/personal_ws/install/bill_interfaces:/opt/ros/humble CMAKE_PREFIX_PATH=/home/vic/billeagle_ws/personal_ws/install/bill_interfaces:/home/vic/billeagle_ws/personal_ws/install/bill_bringup:/opt/ros/humble:/home/vic/billeagle_ws/personal_ws/install/person_identification_mission /usr/bin/cmake /home/vic/billeagle_ws/personal_ws/src/bill_bringup -DCMAKE_INSTALL_PREFIX=/home/vic/billeagle_ws/personal_ws/install/bill_bringup
[4.373s] DEBUG:colcon.colcon_core.event_handler.log_command:Invoked command in '/home/vic/billeagle_ws/personal_ws/build/bill_bringup' returned '0': AMENT_PREFIX_PATH=/home/vic/billeagle_ws/personal_ws/install/person_identification_mission:/home/vic/billeagle_ws/personal_ws/install/bill_bringup:/home/vic/billeagle_ws/personal_ws/install/bill_interfaces:/opt/ros/humble CMAKE_PREFIX_PATH=/home/vic/billeagle_ws/personal_ws/install/bill_interfaces:/home/vic/billeagle_ws/personal_ws/install/bill_bringup:/opt/ros/humble:/home/vic/billeagle_ws/personal_ws/install/person_identification_mission /usr/bin/cmake /home/vic/billeagle_ws/personal_ws/src/bill_bringup -DCMAKE_INSTALL_PREFIX=/home/vic/billeagle_ws/personal_ws/install/bill_bringup
[4.373s] DEBUG:colcon.colcon_core.event_handler.log_command:Invoking command in '/home/vic/billeagle_ws/personal_ws/build/bill_bringup': AMENT_PREFIX_PATH=/home/vic/billeagle_ws/personal_ws/install/person_identification_mission:/home/vic/billeagle_ws/personal_ws/install/bill_bringup:/home/vic/billeagle_ws/personal_ws/install/bill_interfaces:/opt/ros/humble CMAKE_PREFIX_PATH=/home/vic/billeagle_ws/personal_ws/install/bill_interfaces:/home/vic/billeagle_ws/personal_ws/install/bill_bringup:/opt/ros/humble:/home/vic/billeagle_ws/personal_ws/install/person_identification_mission /usr/bin/cmake --build /home/vic/billeagle_ws/personal_ws/build/bill_bringup -- -j16 -l16
[4.401s] DEBUG:colcon.colcon_core.event_handler.log_command:Invoked command in '/home/vic/billeagle_ws/personal_ws/build/bill_bringup' returned '0': AMENT_PREFIX_PATH=/home/vic/billeagle_ws/personal_ws/install/person_identification_mission:/home/vic/billeagle_ws/personal_ws/install/bill_bringup:/home/vic/billeagle_ws/personal_ws/install/bill_interfaces:/opt/ros/humble CMAKE_PREFIX_PATH=/home/vic/billeagle_ws/personal_ws/install/bill_interfaces:/home/vic/billeagle_ws/personal_ws/install/bill_bringup:/opt/ros/humble:/home/vic/billeagle_ws/personal_ws/install/person_identification_mission /usr/bin/cmake --build /home/vic/billeagle_ws/personal_ws/build/bill_bringup -- -j16 -l16
[4.401s] DEBUG:colcon.colcon_core.event_handler.log_command:Invoking command in '/home/vic/billeagle_ws/personal_ws/build/bill_bringup': AMENT_PREFIX_PATH=/home/vic/billeagle_ws/personal_ws/install/person_identification_mission:/home/vic/billeagle_ws/personal_ws/install/bill_bringup:/home/vic/billeagle_ws/personal_ws/install/bill_interfaces:/opt/ros/humble CMAKE_PREFIX_PATH=/home/vic/billeagle_ws/personal_ws/install/bill_interfaces:/home/vic/billeagle_ws/personal_ws/install/bill_bringup:/opt/ros/humble:/home/vic/billeagle_ws/personal_ws/install/person_identification_mission /usr/bin/cmake --install /home/vic/billeagle_ws/personal_ws/build/bill_bringup
[4.408s] Level 1:colcon.colcon_core.environment:create_environment_scripts_only(bill_bringup)
[4.408s] Level 1:colcon.colcon_core.environment:checking '/home/vic/billeagle_ws/personal_ws/install/bill_bringup' for CMake module files
[4.409s] DEBUG:colcon.colcon_core.event_handler.log_command:Invoked command in '/home/vic/billeagle_ws/personal_ws/build/bill_bringup' returned '0': AMENT_PREFIX_PATH=/home/vic/billeagle_ws/personal_ws/install/person_identification_mission:/home/vic/billeagle_ws/personal_ws/install/bill_bringup:/home/vic/billeagle_ws/personal_ws/install/bill_interfaces:/opt/ros/humble CMAKE_PREFIX_PATH=/home/vic/billeagle_ws/personal_ws/install/bill_interfaces:/home/vic/billeagle_ws/personal_ws/install/bill_bringup:/opt/ros/humble:/home/vic/billeagle_ws/personal_ws/install/person_identification_mission /usr/bin/cmake --install /home/vic/billeagle_ws/personal_ws/build/bill_bringup
[4.409s] Level 1:colcon.colcon_core.environment:checking '/home/vic/billeagle_ws/personal_ws/install/bill_bringup' for CMake config files
[4.409s] Level 1:colcon.colcon_core.shell:create_environment_hook('bill_bringup', 'cmake_prefix_path')
[4.409s] INFO:colcon.colcon_core.shell:Creating environment hook '/home/vic/billeagle_ws/personal_ws/install/bill_bringup/share/bill_bringup/hook/cmake_prefix_path.ps1'
[4.409s] INFO:colcon.colcon_core.shell:Creating environment descriptor '/home/vic/billeagle_ws/personal_ws/install/bill_bringup/share/bill_bringup/hook/cmake_prefix_path.dsv'
[4.410s] INFO:colcon.colcon_core.shell:Creating environment hook '/home/vic/billeagle_ws/personal_ws/install/bill_bringup/share/bill_bringup/hook/cmake_prefix_path.sh'
[4.410s] Level 1:colcon.colcon_core.environment:checking '/home/vic/billeagle_ws/personal_ws/install/bill_bringup/bin'
[4.410s] Level 1:colcon.colcon_core.environment:checking '/home/vic/billeagle_ws/personal_ws/install/bill_bringup/lib/pkgconfig/bill_bringup.pc'
[4.410s] Level 1:colcon.colcon_core.environment:checking '/home/vic/billeagle_ws/personal_ws/install/bill_bringup/lib/python3.10/site-packages'
[4.410s] Level 1:colcon.colcon_core.environment:checking '/home/vic/billeagle_ws/personal_ws/install/bill_bringup/bin'
[4.410s] INFO:colcon.colcon_core.shell:Creating package script '/home/vic/billeagle_ws/personal_ws/install/bill_bringup/share/bill_bringup/package.ps1'
[4.410s] INFO:colcon.colcon_core.shell:Creating package descriptor '/home/vic/billeagle_ws/personal_ws/install/bill_bringup/share/bill_bringup/package.dsv'
[4.411s] INFO:colcon.colcon_core.shell:Creating package script '/home/vic/billeagle_ws/personal_ws/install/bill_bringup/share/bill_bringup/package.sh'
[4.411s] INFO:colcon.colcon_core.shell:Creating package script '/home/vic/billeagle_ws/personal_ws/install/bill_bringup/share/bill_bringup/package.bash'
[4.411s] INFO:colcon.colcon_core.shell:Creating package script '/home/vic/billeagle_ws/personal_ws/install/bill_bringup/share/bill_bringup/package.zsh'
[4.411s] Level 1:colcon.colcon_core.environment:create_file_with_runtime_dependencies(/home/vic/billeagle_ws/personal_ws/install/bill_bringup/share/colcon-core/packages/bill_bringup)
[4.412s] Level 1:colcon.colcon_core.environment:create_environment_scripts_only(bill_bringup)
[4.412s] Level 1:colcon.colcon_core.environment:checking '/home/vic/billeagle_ws/personal_ws/install/bill_bringup' for CMake module files
[4.412s] Level 1:colcon.colcon_core.environment:checking '/home/vic/billeagle_ws/personal_ws/install/bill_bringup' for CMake config files
[4.412s] Level 1:colcon.colcon_core.shell:create_environment_hook('bill_bringup', 'cmake_prefix_path')
[4.412s] INFO:colcon.colcon_core.shell:Creating environment hook '/home/vic/billeagle_ws/personal_ws/install/bill_bringup/share/bill_bringup/hook/cmake_prefix_path.ps1'
[4.412s] INFO:colcon.colcon_core.shell:Creating environment descriptor '/home/vic/billeagle_ws/personal_ws/install/bill_bringup/share/bill_bringup/hook/cmake_prefix_path.dsv'
[4.413s] INFO:colcon.colcon_core.shell:Creating environment hook '/home/vic/billeagle_ws/personal_ws/install/bill_bringup/share/bill_bringup/hook/cmake_prefix_path.sh'
[4.413s] Level 1:colcon.colcon_core.environment:checking '/home/vic/billeagle_ws/personal_ws/install/bill_bringup/bin'
[4.413s] Level 1:colcon.colcon_core.environment:checking '/home/vic/billeagle_ws/personal_ws/install/bill_bringup/lib/pkgconfig/bill_bringup.pc'
[4.413s] Level 1:colcon.colcon_core.environment:checking '/home/vic/billeagle_ws/personal_ws/install/bill_bringup/lib/python3.10/site-packages'
[4.413s] Level 1:colcon.colcon_core.environment:checking '/home/vic/billeagle_ws/personal_ws/install/bill_bringup/bin'
[4.413s] INFO:colcon.colcon_core.shell:Creating package script '/home/vic/billeagle_ws/personal_ws/install/bill_bringup/share/bill_bringup/package.ps1'
[4.413s] INFO:colcon.colcon_core.shell:Creating package descriptor '/home/vic/billeagle_ws/personal_ws/install/bill_bringup/share/bill_bringup/package.dsv'
[4.414s] INFO:colcon.colcon_core.shell:Creating package script '/home/vic/billeagle_ws/personal_ws/install/bill_bringup/share/bill_bringup/package.sh'
[4.414s] INFO:colcon.colcon_core.shell:Creating package script '/home/vic/billeagle_ws/personal_ws/install/bill_bringup/share/bill_bringup/package.bash'
[4.414s] INFO:colcon.colcon_core.shell:Creating package script '/home/vic/billeagle_ws/personal_ws/install/bill_bringup/share/bill_bringup/package.zsh'
[4.414s] Level 1:colcon.colcon_core.environment:create_file_with_runtime_dependencies(/home/vic/billeagle_ws/personal_ws/install/bill_bringup/share/colcon-core/packages/bill_bringup)
[4.414s] DEBUG:colcon.colcon_parallel_executor.executor.parallel:closing loop
[4.415s] DEBUG:colcon.colcon_parallel_executor.executor.parallel:loop closed
[4.415s] DEBUG:colcon.colcon_parallel_executor.executor.parallel:run_until_complete finished with '0'
[4.415s] DEBUG:colcon.colcon_core.event_reactor:joining thread
[4.417s] INFO:colcon.colcon_core.plugin_system:Skipping extension 'colcon_notification.desktop_notification.terminal_notifier': Not used on non-Darwin systems
[4.417s] INFO:colcon.colcon_core.plugin_system:Skipping extension 'colcon_notification.desktop_notification.win32': Not used on non-Windows systems
[4.417s] INFO:colcon.colcon_notification.desktop_notification:Sending desktop notification using 'notify2'
[4.427s] DEBUG:colcon.colcon_core.event_reactor:joined thread
[4.428s] INFO:colcon.colcon_core.shell:Creating prefix script '/home/vic/billeagle_ws/personal_ws/install/local_setup.ps1'
[4.428s] INFO:colcon.colcon_core.shell:Creating prefix util module '/home/vic/billeagle_ws/personal_ws/install/_local_setup_util_ps1.py'
[4.429s] INFO:colcon.colcon_core.shell:Creating prefix chain script '/home/vic/billeagle_ws/personal_ws/install/setup.ps1'
[4.429s] INFO:colcon.colcon_core.shell:Creating prefix script '/home/vic/billeagle_ws/personal_ws/install/local_setup.sh'
[4.430s] INFO:colcon.colcon_core.shell:Creating prefix util module '/home/vic/billeagle_ws/personal_ws/install/_local_setup_util_sh.py'
[4.430s] INFO:colcon.colcon_core.shell:Creating prefix chain script '/home/vic/billeagle_ws/personal_ws/install/setup.sh'
[4.430s] INFO:colcon.colcon_core.shell:Creating prefix script '/home/vic/billeagle_ws/personal_ws/install/local_setup.bash'
[4.431s] INFO:colcon.colcon_core.shell:Creating prefix chain script '/home/vic/billeagle_ws/personal_ws/install/setup.bash'
[4.431s] INFO:colcon.colcon_core.shell:Creating prefix script '/home/vic/billeagle_ws/personal_ws/install/local_setup.zsh'
[4.431s] INFO:colcon.colcon_core.shell:Creating prefix chain script '/home/vic/billeagle_ws/personal_ws/install/setup.zsh'
