[0.012s] Invoking command in '/home/bill8/billeagle_ws/bill_ws/build/bill_description': CMAKE_PREFIX_PATH=${CMAKE_PREFIX_PATH}:/opt/ros/humble /home/bill8/.local/bin/cmake --build /home/bill8/billeagle_ws/bill_ws/build/bill_description -- -j16 -l16
[0.120s] Invoked command in '/home/bill8/billeagle_ws/bill_ws/build/bill_description' returned '0': CMAKE_PREFIX_PATH=${CMAKE_PREFIX_PATH}:/opt/ros/humble /home/bill8/.local/bin/cmake --build /home/bill8/billeagle_ws/bill_ws/build/bill_description -- -j16 -l16
[0.120s] Invoking command in '/home/bill8/billeagle_ws/bill_ws/build/bill_description': CMAKE_PREFIX_PATH=${CMAKE_PREFIX_PATH}:/opt/ros/humble /home/bill8/.local/bin/cmake --install /home/bill8/billeagle_ws/bill_ws/build/bill_description
[0.174s] -- Install configuration: ""
[0.174s] -- Up-to-date: /home/bill8/billeagle_ws/bill_ws/install/bill_description/share/bill_description/launch
[0.174s] -- Up-to-date: /home/bill8/billeagle_ws/bill_ws/install/bill_description/share/bill_description/launch/rsp.launch.py
[0.175s] -- Up-to-date: /home/bill8/billeagle_ws/bill_ws/install/bill_description/share/bill_description/launch/robot.launch.py
[0.175s] -- Up-to-date: /home/bill8/billeagle_ws/bill_ws/install/bill_description/share/bill_description/description
[0.176s] -- Up-to-date: /home/bill8/billeagle_ws/bill_ws/install/bill_description/share/bill_description/description/ros2_control.xacro
[0.176s] -- Up-to-date: /home/bill8/billeagle_ws/bill_ws/install/bill_description/share/bill_description/description/robot_core.xacro
[0.176s] -- Up-to-date: /home/bill8/billeagle_ws/bill_ws/install/bill_description/share/bill_description/description/gazebo_control.xacro
[0.176s] -- Up-to-date: /home/bill8/billeagle_ws/bill_ws/install/bill_description/share/bill_description/description/robot.urdf.xacro
[0.176s] -- Up-to-date: /home/bill8/billeagle_ws/bill_ws/install/bill_description/share/bill_description/description/common.xacro
[0.177s] -- Up-to-date: /home/bill8/billeagle_ws/bill_ws/install/bill_description/share/bill_description/description/lidar.xacro
[0.177s] -- Up-to-date: /home/bill8/billeagle_ws/bill_ws/install/bill_description/share/bill_description/rviz
[0.177s] -- Up-to-date: /home/bill8/billeagle_ws/bill_ws/install/bill_description/share/bill_description/rviz/sim_map.config.rviz
[0.177s] -- Up-to-date: /home/bill8/billeagle_ws/bill_ws/install/bill_description/share/bill_description/rviz/bot.rviz
[0.177s] -- Up-to-date: /home/bill8/billeagle_ws/bill_ws/install/bill_description/share/bill_description/rviz/config.rviz
[0.177s] -- Up-to-date: /home/bill8/billeagle_ws/bill_ws/install/bill_description/share/bill_description/rviz/nav.config.rviz
[0.178s] -- Up-to-date: /home/bill8/billeagle_ws/bill_ws/install/bill_description/share/bill_description/rviz/sim.config.rviz
[0.178s] -- Up-to-date: /home/bill8/billeagle_ws/bill_ws/install/bill_description/share/bill_description/config
[0.178s] -- Up-to-date: /home/bill8/billeagle_ws/bill_ws/install/bill_description/share/bill_description/config/gazebo_params.yaml
[0.178s] -- Up-to-date: /home/bill8/billeagle_ws/bill_ws/install/bill_description/share/bill_description/config/mecanum_drive_controller.yaml
[0.178s] -- Up-to-date: /home/bill8/billeagle_ws/bill_ws/install/bill_description/share/bill_description/config/twist_mux_params.yaml
[0.178s] -- Up-to-date: /home/bill8/billeagle_ws/bill_ws/install/bill_description/share/ament_index/resource_index/package_run_dependencies/bill_description
[0.178s] -- Up-to-date: /home/bill8/billeagle_ws/bill_ws/install/bill_description/share/ament_index/resource_index/parent_prefix_path/bill_description
[0.178s] -- Up-to-date: /home/bill8/billeagle_ws/bill_ws/install/bill_description/share/bill_description/environment/ament_prefix_path.sh
[0.178s] -- Up-to-date: /home/bill8/billeagle_ws/bill_ws/install/bill_description/share/bill_description/environment/ament_prefix_path.dsv
[0.179s] -- Up-to-date: /home/bill8/billeagle_ws/bill_ws/install/bill_description/share/bill_description/environment/path.sh
[0.179s] -- Up-to-date: /home/bill8/billeagle_ws/bill_ws/install/bill_description/share/bill_description/environment/path.dsv
[0.179s] -- Up-to-date: /home/bill8/billeagle_ws/bill_ws/install/bill_description/share/bill_description/local_setup.bash
[0.179s] -- Up-to-date: /home/bill8/billeagle_ws/bill_ws/install/bill_description/share/bill_description/local_setup.sh
[0.179s] -- Up-to-date: /home/bill8/billeagle_ws/bill_ws/install/bill_description/share/bill_description/local_setup.zsh
[0.179s] -- Up-to-date: /home/bill8/billeagle_ws/bill_ws/install/bill_description/share/bill_description/local_setup.dsv
[0.180s] -- Installing: /home/bill8/billeagle_ws/bill_ws/install/bill_description/share/bill_description/package.dsv
[0.180s] -- Up-to-date: /home/bill8/billeagle_ws/bill_ws/install/bill_description/share/ament_index/resource_index/packages/bill_description
[0.180s] -- Up-to-date: /home/bill8/billeagle_ws/bill_ws/install/bill_description/share/bill_description/cmake/bill_descriptionConfig.cmake
[0.181s] -- Up-to-date: /home/bill8/billeagle_ws/bill_ws/install/bill_description/share/bill_description/cmake/bill_descriptionConfig-version.cmake
[0.181s] -- Up-to-date: /home/bill8/billeagle_ws/bill_ws/install/bill_description/share/bill_description/package.xml
[0.191s] Invoked command in '/home/bill8/billeagle_ws/bill_ws/build/bill_description' returned '0': CMAKE_PREFIX_PATH=${CMAKE_PREFIX_PATH}:/opt/ros/humble /home/bill8/.local/bin/cmake --install /home/bill8/billeagle_ws/bill_ws/build/bill_description
