[0.072s] DEBUG:colcon:Command line arguments: ['/usr/bin/colcon', 'build']
[0.072s] DEBUG:colcon:Parsed command line arguments: Namespace(log_base=None, log_level=None, verb_name='build', build_base='build', install_base='install', merge_install=False, symlink_install=False, test_result_base=None, continue_on_error=False, executor='parallel', parallel_workers=16, event_handlers=None, ignore_user_meta=False, metas=['./colcon.meta'], base_paths=['.'], packages_ignore=None, packages_ignore_regex=None, paths=None, packages_up_to=None, packages_up_to_regex=None, packages_above=None, packages_above_and_dependencies=None, packages_above_depth=None, packages_select_by_dep=None, packages_skip_by_dep=None, packages_skip_up_to=None, packages_select_build_failed=False, packages_skip_build_finished=False, packages_select_test_failures=False, packages_skip_test_passed=False, packages_select=None, packages_skip=None, packages_select_regex=None, packages_skip_regex=None, packages_start=None, packages_end=None, allow_overriding=[], cmake_args=None, cmake_target=None, cmake_target_skip_unavailable=False, cmake_clean_cache=False, cmake_clean_first=False, cmake_force_configure=False, ament_cmake_args=None, catkin_cmake_args=None, catkin_skip_building_tests=False, mixin_files=None, mixin=None, verb_parser=<colcon_mixin.mixin.mixin_argument.MixinArgumentDecorator object at 0x7b7aa4468df0>, verb_extension=<colcon_core.verb.build.BuildVerb object at 0x7b7aa4468370>, main=<bound method BuildVerb.main of <colcon_core.verb.build.BuildVerb object at 0x7b7aa4468370>>, mixin_verb=('build',))
[0.243s] Level 1:colcon.colcon_core.package_discovery:discover_packages(colcon_meta) check parameters
[0.243s] Level 1:colcon.colcon_core.package_discovery:discover_packages(recursive) check parameters
[0.243s] Level 1:colcon.colcon_core.package_discovery:discover_packages(ignore) check parameters
[0.243s] Level 1:colcon.colcon_core.package_discovery:discover_packages(path) check parameters
[0.243s] Level 1:colcon.colcon_core.package_discovery:discover_packages(colcon_meta) discover
[0.243s] Level 1:colcon.colcon_core.package_discovery:discover_packages(recursive) discover
[0.243s] INFO:colcon.colcon_core.package_discovery:Crawling recursively for packages in '/home/vic/billeagle_ws/bill_ws'
[0.243s] Level 1:colcon.colcon_core.package_identification:_identify(.) by extensions ['ignore', 'ignore_ament_install']
[0.244s] Level 1:colcon.colcon_core.package_identification:_identify(.) by extension 'ignore'
[0.244s] Level 1:colcon.colcon_core.package_identification:_identify(.) by extension 'ignore_ament_install'
[0.244s] Level 1:colcon.colcon_core.package_identification:_identify(.) by extensions ['colcon_pkg']
[0.244s] Level 1:colcon.colcon_core.package_identification:_identify(.) by extension 'colcon_pkg'
[0.244s] Level 1:colcon.colcon_core.package_identification:_identify(.) by extensions ['colcon_meta']
[0.244s] Level 1:colcon.colcon_core.package_identification:_identify(.) by extension 'colcon_meta'
[0.244s] Level 1:colcon.colcon_core.package_identification:_identify(.) by extensions ['ros']
[0.244s] Level 1:colcon.colcon_core.package_identification:_identify(.) by extension 'ros'
[0.250s] Level 1:colcon.colcon_core.package_identification:_identify(.) by extensions ['cmake', 'python']
[0.250s] Level 1:colcon.colcon_core.package_identification:_identify(.) by extension 'cmake'
[0.250s] Level 1:colcon.colcon_core.package_identification:_identify(.) by extension 'python'
[0.250s] Level 1:colcon.colcon_core.package_identification:_identify(.) by extensions ['python_setup_py']
[0.250s] Level 1:colcon.colcon_core.package_identification:_identify(.) by extension 'python_setup_py'
[0.250s] Level 1:colcon.colcon_core.package_identification:_identify(build) by extensions ['ignore', 'ignore_ament_install']
[0.250s] Level 1:colcon.colcon_core.package_identification:_identify(build) by extension 'ignore'
[0.250s] Level 1:colcon.colcon_core.package_identification:_identify(build) ignored
[0.250s] Level 1:colcon.colcon_core.package_identification:_identify(install) by extensions ['ignore', 'ignore_ament_install']
[0.250s] Level 1:colcon.colcon_core.package_identification:_identify(install) by extension 'ignore'
[0.250s] Level 1:colcon.colcon_core.package_identification:_identify(install) ignored
[0.250s] Level 1:colcon.colcon_core.package_identification:_identify(log) by extensions ['ignore', 'ignore_ament_install']
[0.250s] Level 1:colcon.colcon_core.package_identification:_identify(log) by extension 'ignore'
[0.250s] Level 1:colcon.colcon_core.package_identification:_identify(log) ignored
[0.250s] Level 1:colcon.colcon_core.package_identification:_identify(src) by extensions ['ignore', 'ignore_ament_install']
[0.251s] Level 1:colcon.colcon_core.package_identification:_identify(src) by extension 'ignore'
[0.251s] Level 1:colcon.colcon_core.package_identification:_identify(src) by extension 'ignore_ament_install'
[0.251s] Level 1:colcon.colcon_core.package_identification:_identify(src) by extensions ['colcon_pkg']
[0.251s] Level 1:colcon.colcon_core.package_identification:_identify(src) by extension 'colcon_pkg'
[0.251s] Level 1:colcon.colcon_core.package_identification:_identify(src) by extensions ['colcon_meta']
[0.251s] Level 1:colcon.colcon_core.package_identification:_identify(src) by extension 'colcon_meta'
[0.251s] Level 1:colcon.colcon_core.package_identification:_identify(src) by extensions ['ros']
[0.251s] Level 1:colcon.colcon_core.package_identification:_identify(src) by extension 'ros'
[0.251s] Level 1:colcon.colcon_core.package_identification:_identify(src) by extensions ['cmake', 'python']
[0.251s] Level 1:colcon.colcon_core.package_identification:_identify(src) by extension 'cmake'
[0.251s] Level 1:colcon.colcon_core.package_identification:_identify(src) by extension 'python'
[0.251s] Level 1:colcon.colcon_core.package_identification:_identify(src) by extensions ['python_setup_py']
[0.251s] Level 1:colcon.colcon_core.package_identification:_identify(src) by extension 'python_setup_py'
[0.251s] Level 1:colcon.colcon_core.package_identification:_identify(src/bill) by extensions ['ignore', 'ignore_ament_install']
[0.251s] Level 1:colcon.colcon_core.package_identification:_identify(src/bill) by extension 'ignore'
[0.251s] Level 1:colcon.colcon_core.package_identification:_identify(src/bill) by extension 'ignore_ament_install'
[0.251s] Level 1:colcon.colcon_core.package_identification:_identify(src/bill) by extensions ['colcon_pkg']
[0.251s] Level 1:colcon.colcon_core.package_identification:_identify(src/bill) by extension 'colcon_pkg'
[0.251s] Level 1:colcon.colcon_core.package_identification:_identify(src/bill) by extensions ['colcon_meta']
[0.251s] Level 1:colcon.colcon_core.package_identification:_identify(src/bill) by extension 'colcon_meta'
[0.251s] Level 1:colcon.colcon_core.package_identification:_identify(src/bill) by extensions ['ros']
[0.251s] Level 1:colcon.colcon_core.package_identification:_identify(src/bill) by extension 'ros'
[0.253s] DEBUG:colcon.colcon_core.package_identification:Package 'src/bill' with type 'ros.ament_cmake' and name 'bill'
[0.253s] Level 1:colcon.colcon_core.package_identification:_identify(src/rf2o_laser_odometry) by extensions ['ignore', 'ignore_ament_install']
[0.253s] Level 1:colcon.colcon_core.package_identification:_identify(src/rf2o_laser_odometry) by extension 'ignore'
[0.253s] Level 1:colcon.colcon_core.package_identification:_identify(src/rf2o_laser_odometry) by extension 'ignore_ament_install'
[0.253s] Level 1:colcon.colcon_core.package_identification:_identify(src/rf2o_laser_odometry) by extensions ['colcon_pkg']
[0.253s] Level 1:colcon.colcon_core.package_identification:_identify(src/rf2o_laser_odometry) by extension 'colcon_pkg'
[0.253s] Level 1:colcon.colcon_core.package_identification:_identify(src/rf2o_laser_odometry) by extensions ['colcon_meta']
[0.253s] Level 1:colcon.colcon_core.package_identification:_identify(src/rf2o_laser_odometry) by extension 'colcon_meta'
[0.253s] Level 1:colcon.colcon_core.package_identification:_identify(src/rf2o_laser_odometry) by extensions ['ros']
[0.253s] Level 1:colcon.colcon_core.package_identification:_identify(src/rf2o_laser_odometry) by extension 'ros'
[0.253s] DEBUG:colcon.colcon_core.package_identification:Package 'src/rf2o_laser_odometry' with type 'ros.ament_cmake' and name 'rf2o_laser_odometry'
[0.253s] Level 1:colcon.colcon_core.package_discovery:discover_packages(recursive) using defaults
[0.254s] Level 1:colcon.colcon_core.package_discovery:discover_packages(ignore) discover
[0.254s] Level 1:colcon.colcon_core.package_discovery:discover_packages(ignore) using defaults
[0.254s] Level 1:colcon.colcon_core.package_discovery:discover_packages(path) discover
[0.254s] Level 1:colcon.colcon_core.package_discovery:discover_packages(path) using defaults
[0.274s] Level 1:colcon.colcon_core.package_discovery:discover_packages(prefix_path) check parameters
[0.274s] Level 1:colcon.colcon_core.package_discovery:discover_packages(prefix_path) discover
[0.276s] DEBUG:colcon.colcon_installed_package_information.package_discovery:Found 329 installed packages in /opt/ros/humble
[0.277s] Level 1:colcon.colcon_core.package_discovery:discover_packages(prefix_path) using defaults
[0.298s] Level 5:colcon.colcon_core.verb:set package 'bill' build argument 'cmake_args' from command line to 'None'
[0.298s] Level 5:colcon.colcon_core.verb:set package 'bill' build argument 'cmake_target' from command line to 'None'
[0.298s] Level 5:colcon.colcon_core.verb:set package 'bill' build argument 'cmake_target_skip_unavailable' from command line to 'False'
[0.298s] Level 5:colcon.colcon_core.verb:set package 'bill' build argument 'cmake_clean_cache' from command line to 'False'
[0.298s] Level 5:colcon.colcon_core.verb:set package 'bill' build argument 'cmake_clean_first' from command line to 'False'
[0.298s] Level 5:colcon.colcon_core.verb:set package 'bill' build argument 'cmake_force_configure' from command line to 'False'
[0.298s] Level 5:colcon.colcon_core.verb:set package 'bill' build argument 'ament_cmake_args' from command line to 'None'
[0.298s] Level 5:colcon.colcon_core.verb:set package 'bill' build argument 'catkin_cmake_args' from command line to 'None'
[0.298s] Level 5:colcon.colcon_core.verb:set package 'bill' build argument 'catkin_skip_building_tests' from command line to 'False'
[0.298s] DEBUG:colcon.colcon_core.verb:Building package 'bill' with the following arguments: {'ament_cmake_args': None, 'build_base': '/home/vic/billeagle_ws/bill_ws/build/bill', 'catkin_cmake_args': None, 'catkin_skip_building_tests': False, 'cmake_args': None, 'cmake_clean_cache': False, 'cmake_clean_first': False, 'cmake_force_configure': False, 'cmake_target': None, 'cmake_target_skip_unavailable': False, 'install_base': '/home/vic/billeagle_ws/bill_ws/install/bill', 'merge_install': False, 'path': '/home/vic/billeagle_ws/bill_ws/src/bill', 'symlink_install': False, 'test_result_base': None}
[0.298s] Level 5:colcon.colcon_core.verb:set package 'rf2o_laser_odometry' build argument 'cmake_args' from command line to 'None'
[0.298s] Level 5:colcon.colcon_core.verb:set package 'rf2o_laser_odometry' build argument 'cmake_target' from command line to 'None'
[0.298s] Level 5:colcon.colcon_core.verb:set package 'rf2o_laser_odometry' build argument 'cmake_target_skip_unavailable' from command line to 'False'
[0.298s] Level 5:colcon.colcon_core.verb:set package 'rf2o_laser_odometry' build argument 'cmake_clean_cache' from command line to 'False'
[0.299s] Level 5:colcon.colcon_core.verb:set package 'rf2o_laser_odometry' build argument 'cmake_clean_first' from command line to 'False'
[0.299s] Level 5:colcon.colcon_core.verb:set package 'rf2o_laser_odometry' build argument 'cmake_force_configure' from command line to 'False'
[0.299s] Level 5:colcon.colcon_core.verb:set package 'rf2o_laser_odometry' build argument 'ament_cmake_args' from command line to 'None'
[0.299s] Level 5:colcon.colcon_core.verb:set package 'rf2o_laser_odometry' build argument 'catkin_cmake_args' from command line to 'None'
[0.299s] Level 5:colcon.colcon_core.verb:set package 'rf2o_laser_odometry' build argument 'catkin_skip_building_tests' from command line to 'False'
[0.299s] DEBUG:colcon.colcon_core.verb:Building package 'rf2o_laser_odometry' with the following arguments: {'ament_cmake_args': None, 'build_base': '/home/vic/billeagle_ws/bill_ws/build/rf2o_laser_odometry', 'catkin_cmake_args': None, 'catkin_skip_building_tests': False, 'cmake_args': None, 'cmake_clean_cache': False, 'cmake_clean_first': False, 'cmake_force_configure': False, 'cmake_target': None, 'cmake_target_skip_unavailable': False, 'install_base': '/home/vic/billeagle_ws/bill_ws/install/rf2o_laser_odometry', 'merge_install': False, 'path': '/home/vic/billeagle_ws/bill_ws/src/rf2o_laser_odometry', 'symlink_install': False, 'test_result_base': None}
[0.299s] INFO:colcon.colcon_core.executor:Executing jobs using 'parallel' executor
[0.299s] DEBUG:colcon.colcon_parallel_executor.executor.parallel:run_until_complete
[0.299s] INFO:colcon.colcon_ros.task.ament_cmake.build:Building ROS package in '/home/vic/billeagle_ws/bill_ws/src/bill' with build type 'ament_cmake'
[0.299s] INFO:colcon.colcon_cmake.task.cmake.build:Building CMake package in '/home/vic/billeagle_ws/bill_ws/src/bill'
[0.302s] INFO:colcon.colcon_core.plugin_system:Skipping extension 'colcon_core.shell.bat': Not used on non-Windows systems
[0.302s] INFO:colcon.colcon_core.shell:Skip shell extension 'powershell' for command environment: Not usable outside of PowerShell
[0.302s] DEBUG:colcon.colcon_core.shell:Skip shell extension 'dsv' for command environment
[0.305s] INFO:colcon.colcon_ros.task.ament_cmake.build:Building ROS package in '/home/vic/billeagle_ws/bill_ws/src/rf2o_laser_odometry' with build type 'ament_cmake'
[0.305s] INFO:colcon.colcon_cmake.task.cmake.build:Building CMake package in '/home/vic/billeagle_ws/bill_ws/src/rf2o_laser_odometry'
[0.305s] INFO:colcon.colcon_core.shell:Skip shell extension 'powershell' for command environment: Not usable outside of PowerShell
[0.305s] DEBUG:colcon.colcon_core.shell:Skip shell extension 'dsv' for command environment
[0.311s] DEBUG:colcon.colcon_core.event_handler.log_command:Invoking command in '/home/vic/billeagle_ws/bill_ws/build/bill': /usr/bin/cmake --build /home/vic/billeagle_ws/bill_ws/build/bill -- -j16 -l16
[0.313s] DEBUG:colcon.colcon_core.event_handler.log_command:Invoking command in '/home/vic/billeagle_ws/bill_ws/build/rf2o_laser_odometry': /usr/bin/cmake /home/vic/billeagle_ws/bill_ws/src/rf2o_laser_odometry -DCMAKE_INSTALL_PREFIX=/home/vic/billeagle_ws/bill_ws/install/rf2o_laser_odometry
[0.388s] DEBUG:colcon.colcon_core.event_handler.log_command:Invoked command in '/home/vic/billeagle_ws/bill_ws/build/bill' returned '0': /usr/bin/cmake --build /home/vic/billeagle_ws/bill_ws/build/bill -- -j16 -l16
[0.425s] DEBUG:colcon.colcon_core.event_handler.log_command:Invoking command in '/home/vic/billeagle_ws/bill_ws/build/bill': /usr/bin/cmake --install /home/vic/billeagle_ws/bill_ws/build/bill
[0.435s] Level 1:colcon.colcon_core.environment:create_environment_scripts_only(bill)
[0.435s] DEBUG:colcon.colcon_core.event_handler.log_command:Invoked command in '/home/vic/billeagle_ws/bill_ws/build/bill' returned '0': /usr/bin/cmake --install /home/vic/billeagle_ws/bill_ws/build/bill
[0.445s] Level 1:colcon.colcon_core.environment:checking '/home/vic/billeagle_ws/bill_ws/install/bill' for CMake module files
[0.445s] Level 1:colcon.colcon_core.environment:checking '/home/vic/billeagle_ws/bill_ws/install/bill' for CMake config files
[0.445s] Level 1:colcon.colcon_core.shell:create_environment_hook('bill', 'cmake_prefix_path')
[0.446s] INFO:colcon.colcon_core.shell:Creating environment hook '/home/vic/billeagle_ws/bill_ws/install/bill/share/bill/hook/cmake_prefix_path.ps1'
[0.446s] INFO:colcon.colcon_core.shell:Creating environment descriptor '/home/vic/billeagle_ws/bill_ws/install/bill/share/bill/hook/cmake_prefix_path.dsv'
[0.447s] INFO:colcon.colcon_core.shell:Creating environment hook '/home/vic/billeagle_ws/bill_ws/install/bill/share/bill/hook/cmake_prefix_path.sh'
[0.448s] Level 1:colcon.colcon_core.environment:checking '/home/vic/billeagle_ws/bill_ws/install/bill/bin'
[0.448s] Level 1:colcon.colcon_core.environment:checking '/home/vic/billeagle_ws/bill_ws/install/bill/lib/pkgconfig/bill.pc'
[0.448s] Level 1:colcon.colcon_core.environment:checking '/home/vic/billeagle_ws/bill_ws/install/bill/lib/python3.10/site-packages'
[0.448s] Level 1:colcon.colcon_core.environment:checking '/home/vic/billeagle_ws/bill_ws/install/bill/bin'
[0.448s] INFO:colcon.colcon_core.shell:Creating package script '/home/vic/billeagle_ws/bill_ws/install/bill/share/bill/package.ps1'
[0.449s] INFO:colcon.colcon_core.shell:Creating package descriptor '/home/vic/billeagle_ws/bill_ws/install/bill/share/bill/package.dsv'
[0.449s] INFO:colcon.colcon_core.shell:Creating package script '/home/vic/billeagle_ws/bill_ws/install/bill/share/bill/package.sh'
[0.450s] INFO:colcon.colcon_core.shell:Creating package script '/home/vic/billeagle_ws/bill_ws/install/bill/share/bill/package.bash'
[0.451s] INFO:colcon.colcon_core.shell:Creating package script '/home/vic/billeagle_ws/bill_ws/install/bill/share/bill/package.zsh'
[0.451s] Level 1:colcon.colcon_core.environment:create_file_with_runtime_dependencies(/home/vic/billeagle_ws/bill_ws/install/bill/share/colcon-core/packages/bill)
[0.451s] Level 1:colcon.colcon_core.environment:create_environment_scripts_only(bill)
[0.452s] Level 1:colcon.colcon_core.environment:checking '/home/vic/billeagle_ws/bill_ws/install/bill' for CMake module files
[0.452s] Level 1:colcon.colcon_core.environment:checking '/home/vic/billeagle_ws/bill_ws/install/bill' for CMake config files
[0.452s] Level 1:colcon.colcon_core.shell:create_environment_hook('bill', 'cmake_prefix_path')
[0.452s] INFO:colcon.colcon_core.shell:Creating environment hook '/home/vic/billeagle_ws/bill_ws/install/bill/share/bill/hook/cmake_prefix_path.ps1'
[0.452s] INFO:colcon.colcon_core.shell:Creating environment descriptor '/home/vic/billeagle_ws/bill_ws/install/bill/share/bill/hook/cmake_prefix_path.dsv'
[0.452s] INFO:colcon.colcon_core.shell:Creating environment hook '/home/vic/billeagle_ws/bill_ws/install/bill/share/bill/hook/cmake_prefix_path.sh'
[0.453s] Level 1:colcon.colcon_core.environment:checking '/home/vic/billeagle_ws/bill_ws/install/bill/bin'
[0.453s] Level 1:colcon.colcon_core.environment:checking '/home/vic/billeagle_ws/bill_ws/install/bill/lib/pkgconfig/bill.pc'
[0.453s] Level 1:colcon.colcon_core.environment:checking '/home/vic/billeagle_ws/bill_ws/install/bill/lib/python3.10/site-packages'
[0.453s] Level 1:colcon.colcon_core.environment:checking '/home/vic/billeagle_ws/bill_ws/install/bill/bin'
[0.453s] INFO:colcon.colcon_core.shell:Creating package script '/home/vic/billeagle_ws/bill_ws/install/bill/share/bill/package.ps1'
[0.453s] INFO:colcon.colcon_core.shell:Creating package descriptor '/home/vic/billeagle_ws/bill_ws/install/bill/share/bill/package.dsv'
[0.453s] INFO:colcon.colcon_core.shell:Creating package script '/home/vic/billeagle_ws/bill_ws/install/bill/share/bill/package.sh'
[0.454s] INFO:colcon.colcon_core.shell:Creating package script '/home/vic/billeagle_ws/bill_ws/install/bill/share/bill/package.bash'
[0.454s] INFO:colcon.colcon_core.shell:Creating package script '/home/vic/billeagle_ws/bill_ws/install/bill/share/bill/package.zsh'
[0.454s] Level 1:colcon.colcon_core.environment:create_file_with_runtime_dependencies(/home/vic/billeagle_ws/bill_ws/install/bill/share/colcon-core/packages/bill)
[1.402s] DEBUG:colcon.colcon_core.event_handler.log_command:Invoked command in '/home/vic/billeagle_ws/bill_ws/build/rf2o_laser_odometry' returned '0': /usr/bin/cmake /home/vic/billeagle_ws/bill_ws/src/rf2o_laser_odometry -DCMAKE_INSTALL_PREFIX=/home/vic/billeagle_ws/bill_ws/install/rf2o_laser_odometry
[1.402s] DEBUG:colcon.colcon_core.event_handler.log_command:Invoking command in '/home/vic/billeagle_ws/bill_ws/build/rf2o_laser_odometry': /usr/bin/cmake --build /home/vic/billeagle_ws/bill_ws/build/rf2o_laser_odometry -- -j16 -l16
[14.832s] DEBUG:colcon.colcon_core.event_handler.log_command:Invoked command in '/home/vic/billeagle_ws/bill_ws/build/rf2o_laser_odometry' returned '0': /usr/bin/cmake --build /home/vic/billeagle_ws/bill_ws/build/rf2o_laser_odometry -- -j16 -l16
[14.833s] DEBUG:colcon.colcon_core.event_handler.log_command:Invoking command in '/home/vic/billeagle_ws/bill_ws/build/rf2o_laser_odometry': /usr/bin/cmake --install /home/vic/billeagle_ws/bill_ws/build/rf2o_laser_odometry
[14.849s] Level 1:colcon.colcon_core.environment:create_environment_scripts_only(rf2o_laser_odometry)
[14.849s] Level 1:colcon.colcon_core.environment:checking '/home/vic/billeagle_ws/bill_ws/install/rf2o_laser_odometry' for CMake module files
[14.849s] DEBUG:colcon.colcon_core.event_handler.log_command:Invoked command in '/home/vic/billeagle_ws/bill_ws/build/rf2o_laser_odometry' returned '0': /usr/bin/cmake --install /home/vic/billeagle_ws/bill_ws/build/rf2o_laser_odometry
[14.850s] Level 1:colcon.colcon_core.environment:checking '/home/vic/billeagle_ws/bill_ws/install/rf2o_laser_odometry' for CMake config files
[14.850s] Level 1:colcon.colcon_core.shell:create_environment_hook('rf2o_laser_odometry', 'cmake_prefix_path')
[14.850s] INFO:colcon.colcon_core.shell:Creating environment hook '/home/vic/billeagle_ws/bill_ws/install/rf2o_laser_odometry/share/rf2o_laser_odometry/hook/cmake_prefix_path.ps1'
[14.850s] INFO:colcon.colcon_core.shell:Creating environment descriptor '/home/vic/billeagle_ws/bill_ws/install/rf2o_laser_odometry/share/rf2o_laser_odometry/hook/cmake_prefix_path.dsv'
[14.850s] INFO:colcon.colcon_core.shell:Creating environment hook '/home/vic/billeagle_ws/bill_ws/install/rf2o_laser_odometry/share/rf2o_laser_odometry/hook/cmake_prefix_path.sh'
[14.850s] Level 1:colcon.colcon_core.environment:checking '/home/vic/billeagle_ws/bill_ws/install/rf2o_laser_odometry/lib'
[14.851s] Level 1:colcon.colcon_core.environment:checking '/home/vic/billeagle_ws/bill_ws/install/rf2o_laser_odometry/bin'
[14.851s] Level 1:colcon.colcon_core.environment:checking '/home/vic/billeagle_ws/bill_ws/install/rf2o_laser_odometry/lib/pkgconfig/rf2o_laser_odometry.pc'
[14.851s] Level 1:colcon.colcon_core.environment:checking '/home/vic/billeagle_ws/bill_ws/install/rf2o_laser_odometry/lib/python3.10/site-packages'
[14.851s] Level 1:colcon.colcon_core.environment:checking '/home/vic/billeagle_ws/bill_ws/install/rf2o_laser_odometry/bin'
[14.851s] INFO:colcon.colcon_core.shell:Creating package script '/home/vic/billeagle_ws/bill_ws/install/rf2o_laser_odometry/share/rf2o_laser_odometry/package.ps1'
[14.851s] INFO:colcon.colcon_core.shell:Creating package descriptor '/home/vic/billeagle_ws/bill_ws/install/rf2o_laser_odometry/share/rf2o_laser_odometry/package.dsv'
[14.852s] INFO:colcon.colcon_core.shell:Creating package script '/home/vic/billeagle_ws/bill_ws/install/rf2o_laser_odometry/share/rf2o_laser_odometry/package.sh'
[14.852s] INFO:colcon.colcon_core.shell:Creating package script '/home/vic/billeagle_ws/bill_ws/install/rf2o_laser_odometry/share/rf2o_laser_odometry/package.bash'
[14.852s] INFO:colcon.colcon_core.shell:Creating package script '/home/vic/billeagle_ws/bill_ws/install/rf2o_laser_odometry/share/rf2o_laser_odometry/package.zsh'
[14.852s] Level 1:colcon.colcon_core.environment:create_file_with_runtime_dependencies(/home/vic/billeagle_ws/bill_ws/install/rf2o_laser_odometry/share/colcon-core/packages/rf2o_laser_odometry)
[14.852s] Level 1:colcon.colcon_core.environment:create_environment_scripts_only(rf2o_laser_odometry)
[14.853s] Level 1:colcon.colcon_core.environment:checking '/home/vic/billeagle_ws/bill_ws/install/rf2o_laser_odometry' for CMake module files
[14.853s] Level 1:colcon.colcon_core.environment:checking '/home/vic/billeagle_ws/bill_ws/install/rf2o_laser_odometry' for CMake config files
[14.853s] Level 1:colcon.colcon_core.shell:create_environment_hook('rf2o_laser_odometry', 'cmake_prefix_path')
[14.853s] INFO:colcon.colcon_core.shell:Creating environment hook '/home/vic/billeagle_ws/bill_ws/install/rf2o_laser_odometry/share/rf2o_laser_odometry/hook/cmake_prefix_path.ps1'
[14.853s] INFO:colcon.colcon_core.shell:Creating environment descriptor '/home/vic/billeagle_ws/bill_ws/install/rf2o_laser_odometry/share/rf2o_laser_odometry/hook/cmake_prefix_path.dsv'
[14.853s] INFO:colcon.colcon_core.shell:Creating environment hook '/home/vic/billeagle_ws/bill_ws/install/rf2o_laser_odometry/share/rf2o_laser_odometry/hook/cmake_prefix_path.sh'
[14.854s] Level 1:colcon.colcon_core.environment:checking '/home/vic/billeagle_ws/bill_ws/install/rf2o_laser_odometry/lib'
[14.854s] Level 1:colcon.colcon_core.environment:checking '/home/vic/billeagle_ws/bill_ws/install/rf2o_laser_odometry/bin'
[14.854s] Level 1:colcon.colcon_core.environment:checking '/home/vic/billeagle_ws/bill_ws/install/rf2o_laser_odometry/lib/pkgconfig/rf2o_laser_odometry.pc'
[14.854s] Level 1:colcon.colcon_core.environment:checking '/home/vic/billeagle_ws/bill_ws/install/rf2o_laser_odometry/lib/python3.10/site-packages'
[14.854s] Level 1:colcon.colcon_core.environment:checking '/home/vic/billeagle_ws/bill_ws/install/rf2o_laser_odometry/bin'
[14.854s] INFO:colcon.colcon_core.shell:Creating package script '/home/vic/billeagle_ws/bill_ws/install/rf2o_laser_odometry/share/rf2o_laser_odometry/package.ps1'
[14.854s] INFO:colcon.colcon_core.shell:Creating package descriptor '/home/vic/billeagle_ws/bill_ws/install/rf2o_laser_odometry/share/rf2o_laser_odometry/package.dsv'
[14.854s] INFO:colcon.colcon_core.shell:Creating package script '/home/vic/billeagle_ws/bill_ws/install/rf2o_laser_odometry/share/rf2o_laser_odometry/package.sh'
[14.855s] INFO:colcon.colcon_core.shell:Creating package script '/home/vic/billeagle_ws/bill_ws/install/rf2o_laser_odometry/share/rf2o_laser_odometry/package.bash'
[14.855s] INFO:colcon.colcon_core.shell:Creating package script '/home/vic/billeagle_ws/bill_ws/install/rf2o_laser_odometry/share/rf2o_laser_odometry/package.zsh'
[14.855s] Level 1:colcon.colcon_core.environment:create_file_with_runtime_dependencies(/home/vic/billeagle_ws/bill_ws/install/rf2o_laser_odometry/share/colcon-core/packages/rf2o_laser_odometry)
[14.855s] DEBUG:colcon.colcon_parallel_executor.executor.parallel:closing loop
[14.855s] DEBUG:colcon.colcon_parallel_executor.executor.parallel:loop closed
[14.855s] DEBUG:colcon.colcon_parallel_executor.executor.parallel:run_until_complete finished with '0'
[14.855s] DEBUG:colcon.colcon_core.event_reactor:joining thread
[14.859s] INFO:colcon.colcon_core.plugin_system:Skipping extension 'colcon_notification.desktop_notification.terminal_notifier': Not used on non-Darwin systems
[14.859s] INFO:colcon.colcon_core.plugin_system:Skipping extension 'colcon_notification.desktop_notification.win32': Not used on non-Windows systems
[14.859s] INFO:colcon.colcon_notification.desktop_notification:Sending desktop notification using 'notify2'
[14.877s] DEBUG:colcon.colcon_core.event_reactor:joined thread
[14.877s] INFO:colcon.colcon_core.shell:Creating prefix script '/home/vic/billeagle_ws/bill_ws/install/local_setup.ps1'
[14.878s] INFO:colcon.colcon_core.shell:Creating prefix util module '/home/vic/billeagle_ws/bill_ws/install/_local_setup_util_ps1.py'
[14.879s] INFO:colcon.colcon_core.shell:Creating prefix chain script '/home/vic/billeagle_ws/bill_ws/install/setup.ps1'
[14.880s] INFO:colcon.colcon_core.shell:Creating prefix script '/home/vic/billeagle_ws/bill_ws/install/local_setup.sh'
[14.880s] INFO:colcon.colcon_core.shell:Creating prefix util module '/home/vic/billeagle_ws/bill_ws/install/_local_setup_util_sh.py'
[14.881s] INFO:colcon.colcon_core.shell:Creating prefix chain script '/home/vic/billeagle_ws/bill_ws/install/setup.sh'
[14.881s] INFO:colcon.colcon_core.shell:Creating prefix script '/home/vic/billeagle_ws/bill_ws/install/local_setup.bash'
[14.882s] INFO:colcon.colcon_core.shell:Creating prefix chain script '/home/vic/billeagle_ws/bill_ws/install/setup.bash'
[14.883s] INFO:colcon.colcon_core.shell:Creating prefix script '/home/vic/billeagle_ws/bill_ws/install/local_setup.zsh'
[14.883s] INFO:colcon.colcon_core.shell:Creating prefix chain script '/home/vic/billeagle_ws/bill_ws/install/setup.zsh'
