[0.058s] DEBUG:colcon:Command line arguments: ['/usr/bin/colcon', 'build']
[0.058s] DEBUG:colcon:Parsed command line arguments: Namespace(log_base=None, log_level=None, verb_name='build', build_base='build', install_base='install', merge_install=False, symlink_install=False, test_result_base=None, continue_on_error=False, executor='parallel', parallel_workers=16, event_handlers=None, ignore_user_meta=False, metas=['./colcon.meta'], base_paths=['.'], packages_ignore=None, packages_ignore_regex=None, paths=None, packages_up_to=None, packages_up_to_regex=None, packages_above=None, packages_above_and_dependencies=None, packages_above_depth=None, packages_select_by_dep=None, packages_skip_by_dep=None, packages_skip_up_to=None, packages_select_build_failed=False, packages_skip_build_finished=False, packages_select_test_failures=False, packages_skip_test_passed=False, packages_select=None, packages_skip=None, packages_select_regex=None, packages_skip_regex=None, packages_start=None, packages_end=None, allow_overriding=[], cmake_args=None, cmake_target=None, cmake_target_skip_unavailable=False, cmake_clean_cache=False, cmake_clean_first=False, cmake_force_configure=False, ament_cmake_args=None, catkin_cmake_args=None, catkin_skip_building_tests=False, mixin_files=None, mixin=None, verb_parser=<colcon_mixin.mixin.mixin_argument.MixinArgumentDecorator object at 0x74094ed72c50>, verb_extension=<colcon_core.verb.build.BuildVerb object at 0x74094ed727a0>, main=<bound method BuildVerb.main of <colcon_core.verb.build.BuildVerb object at 0x74094ed727a0>>, mixin_verb=('build',))
[0.147s] Level 1:colcon.colcon_core.package_discovery:discover_packages(colcon_meta) check parameters
[0.147s] Level 1:colcon.colcon_core.package_discovery:discover_packages(recursive) check parameters
[0.147s] Level 1:colcon.colcon_core.package_discovery:discover_packages(ignore) check parameters
[0.147s] Level 1:colcon.colcon_core.package_discovery:discover_packages(path) check parameters
[0.147s] Level 1:colcon.colcon_core.package_discovery:discover_packages(colcon_meta) discover
[0.147s] Level 1:colcon.colcon_core.package_discovery:discover_packages(recursive) discover
[0.147s] INFO:colcon.colcon_core.package_discovery:Crawling recursively for packages in '/home/bill8/billeagle_ws/bill_ws'
[0.147s] Level 1:colcon.colcon_core.package_identification:_identify(.) by extensions ['ignore', 'ignore_ament_install']
[0.147s] Level 1:colcon.colcon_core.package_identification:_identify(.) by extension 'ignore'
[0.147s] Level 1:colcon.colcon_core.package_identification:_identify(.) by extension 'ignore_ament_install'
[0.147s] Level 1:colcon.colcon_core.package_identification:_identify(.) by extensions ['colcon_pkg']
[0.147s] Level 1:colcon.colcon_core.package_identification:_identify(.) by extension 'colcon_pkg'
[0.147s] Level 1:colcon.colcon_core.package_identification:_identify(.) by extensions ['colcon_meta']
[0.147s] Level 1:colcon.colcon_core.package_identification:_identify(.) by extension 'colcon_meta'
[0.147s] Level 1:colcon.colcon_core.package_identification:_identify(.) by extensions ['ros']
[0.147s] Level 1:colcon.colcon_core.package_identification:_identify(.) by extension 'ros'
[0.158s] Level 1:colcon.colcon_core.package_identification:_identify(.) by extensions ['cmake', 'python']
[0.159s] Level 1:colcon.colcon_core.package_identification:_identify(.) by extension 'cmake'
[0.159s] Level 1:colcon.colcon_core.package_identification:_identify(.) by extension 'python'
[0.159s] Level 1:colcon.colcon_core.package_identification:_identify(.) by extensions ['python_setup_py']
[0.159s] Level 1:colcon.colcon_core.package_identification:_identify(.) by extension 'python_setup_py'
[0.159s] Level 1:colcon.colcon_core.package_identification:_identify(build) by extensions ['ignore', 'ignore_ament_install']
[0.159s] Level 1:colcon.colcon_core.package_identification:_identify(build) by extension 'ignore'
[0.159s] Level 1:colcon.colcon_core.package_identification:_identify(build) ignored
[0.159s] Level 1:colcon.colcon_core.package_identification:_identify(install) by extensions ['ignore', 'ignore_ament_install']
[0.159s] Level 1:colcon.colcon_core.package_identification:_identify(install) by extension 'ignore'
[0.159s] Level 1:colcon.colcon_core.package_identification:_identify(install) ignored
[0.159s] Level 1:colcon.colcon_core.package_identification:_identify(log) by extensions ['ignore', 'ignore_ament_install']
[0.159s] Level 1:colcon.colcon_core.package_identification:_identify(log) by extension 'ignore'
[0.159s] Level 1:colcon.colcon_core.package_identification:_identify(log) ignored
[0.159s] Level 1:colcon.colcon_core.package_identification:_identify(src) by extensions ['ignore', 'ignore_ament_install']
[0.159s] Level 1:colcon.colcon_core.package_identification:_identify(src) by extension 'ignore'
[0.159s] Level 1:colcon.colcon_core.package_identification:_identify(src) by extension 'ignore_ament_install'
[0.159s] Level 1:colcon.colcon_core.package_identification:_identify(src) by extensions ['colcon_pkg']
[0.159s] Level 1:colcon.colcon_core.package_identification:_identify(src) by extension 'colcon_pkg'
[0.159s] Level 1:colcon.colcon_core.package_identification:_identify(src) by extensions ['colcon_meta']
[0.159s] Level 1:colcon.colcon_core.package_identification:_identify(src) by extension 'colcon_meta'
[0.159s] Level 1:colcon.colcon_core.package_identification:_identify(src) by extensions ['ros']
[0.159s] Level 1:colcon.colcon_core.package_identification:_identify(src) by extension 'ros'
[0.159s] Level 1:colcon.colcon_core.package_identification:_identify(src) by extensions ['cmake', 'python']
[0.159s] Level 1:colcon.colcon_core.package_identification:_identify(src) by extension 'cmake'
[0.159s] Level 1:colcon.colcon_core.package_identification:_identify(src) by extension 'python'
[0.159s] Level 1:colcon.colcon_core.package_identification:_identify(src) by extensions ['python_setup_py']
[0.159s] Level 1:colcon.colcon_core.package_identification:_identify(src) by extension 'python_setup_py'
[0.159s] Level 1:colcon.colcon_core.package_identification:_identify(src/bill) by extensions ['ignore', 'ignore_ament_install']
[0.159s] Level 1:colcon.colcon_core.package_identification:_identify(src/bill) by extension 'ignore'
[0.159s] Level 1:colcon.colcon_core.package_identification:_identify(src/bill) by extension 'ignore_ament_install'
[0.159s] Level 1:colcon.colcon_core.package_identification:_identify(src/bill) by extensions ['colcon_pkg']
[0.159s] Level 1:colcon.colcon_core.package_identification:_identify(src/bill) by extension 'colcon_pkg'
[0.159s] Level 1:colcon.colcon_core.package_identification:_identify(src/bill) by extensions ['colcon_meta']
[0.159s] Level 1:colcon.colcon_core.package_identification:_identify(src/bill) by extension 'colcon_meta'
[0.159s] Level 1:colcon.colcon_core.package_identification:_identify(src/bill) by extensions ['ros']
[0.159s] Level 1:colcon.colcon_core.package_identification:_identify(src/bill) by extension 'ros'
[0.161s] DEBUG:colcon.colcon_core.package_identification:Package 'src/bill' with type 'ros.ament_cmake' and name 'bill'
[0.161s] Level 1:colcon.colcon_core.package_identification:_identify(src/rf2o_laser_odometry) by extensions ['ignore', 'ignore_ament_install']
[0.161s] Level 1:colcon.colcon_core.package_identification:_identify(src/rf2o_laser_odometry) by extension 'ignore'
[0.161s] Level 1:colcon.colcon_core.package_identification:_identify(src/rf2o_laser_odometry) by extension 'ignore_ament_install'
[0.161s] Level 1:colcon.colcon_core.package_identification:_identify(src/rf2o_laser_odometry) by extensions ['colcon_pkg']
[0.161s] Level 1:colcon.colcon_core.package_identification:_identify(src/rf2o_laser_odometry) by extension 'colcon_pkg'
[0.161s] Level 1:colcon.colcon_core.package_identification:_identify(src/rf2o_laser_odometry) by extensions ['colcon_meta']
[0.161s] Level 1:colcon.colcon_core.package_identification:_identify(src/rf2o_laser_odometry) by extension 'colcon_meta'
[0.161s] Level 1:colcon.colcon_core.package_identification:_identify(src/rf2o_laser_odometry) by extensions ['ros']
[0.161s] Level 1:colcon.colcon_core.package_identification:_identify(src/rf2o_laser_odometry) by extension 'ros'
[0.162s] DEBUG:colcon.colcon_core.package_identification:Package 'src/rf2o_laser_odometry' with type 'ros.ament_cmake' and name 'rf2o_laser_odometry'
[0.162s] Level 1:colcon.colcon_core.package_discovery:discover_packages(recursive) using defaults
[0.162s] Level 1:colcon.colcon_core.package_discovery:discover_packages(ignore) discover
[0.162s] Level 1:colcon.colcon_core.package_discovery:discover_packages(ignore) using defaults
[0.162s] Level 1:colcon.colcon_core.package_discovery:discover_packages(path) discover
[0.162s] Level 1:colcon.colcon_core.package_discovery:discover_packages(path) using defaults
[0.173s] Level 1:colcon.colcon_core.package_discovery:discover_packages(prefix_path) check parameters
[0.173s] Level 1:colcon.colcon_core.package_discovery:discover_packages(prefix_path) discover
[0.174s] WARNING:colcon.colcon_ros.prefix_path.ament:The path '/home/bill8/billeagle_ws/bill_ws/install/bill' in the environment variable AMENT_PREFIX_PATH doesn't exist
[0.174s] WARNING:colcon.colcon_ros.prefix_path.catkin:The path '/home/bill8/billeagle_ws/bill_ws/install/bill' in the environment variable CMAKE_PREFIX_PATH doesn't exist
[0.174s] DEBUG:colcon.colcon_installed_package_information.package_discovery:Found 0 installed packages in /home/bill8/billeagle_ws/bill_ws/install
[0.174s] DEBUG:colcon.colcon_installed_package_information.package_discovery:Found 3 installed packages in /home/bill8/microros_ws/install
[0.175s] DEBUG:colcon.colcon_installed_package_information.package_discovery:Found 273 installed packages in /opt/ros/humble
[0.176s] Level 1:colcon.colcon_core.package_discovery:discover_packages(prefix_path) using defaults
[0.193s] Level 5:colcon.colcon_core.verb:set package 'bill' build argument 'cmake_args' from command line to 'None'
[0.193s] Level 5:colcon.colcon_core.verb:set package 'bill' build argument 'cmake_target' from command line to 'None'
[0.193s] Level 5:colcon.colcon_core.verb:set package 'bill' build argument 'cmake_target_skip_unavailable' from command line to 'False'
[0.194s] Level 5:colcon.colcon_core.verb:set package 'bill' build argument 'cmake_clean_cache' from command line to 'False'
[0.194s] Level 5:colcon.colcon_core.verb:set package 'bill' build argument 'cmake_clean_first' from command line to 'False'
[0.194s] Level 5:colcon.colcon_core.verb:set package 'bill' build argument 'cmake_force_configure' from command line to 'False'
[0.194s] Level 5:colcon.colcon_core.verb:set package 'bill' build argument 'ament_cmake_args' from command line to 'None'
[0.194s] Level 5:colcon.colcon_core.verb:set package 'bill' build argument 'catkin_cmake_args' from command line to 'None'
[0.194s] Level 5:colcon.colcon_core.verb:set package 'bill' build argument 'catkin_skip_building_tests' from command line to 'False'
[0.194s] DEBUG:colcon.colcon_core.verb:Building package 'bill' with the following arguments: {'ament_cmake_args': None, 'build_base': '/home/bill8/billeagle_ws/bill_ws/build/bill', 'catkin_cmake_args': None, 'catkin_skip_building_tests': False, 'cmake_args': None, 'cmake_clean_cache': False, 'cmake_clean_first': False, 'cmake_force_configure': False, 'cmake_target': None, 'cmake_target_skip_unavailable': False, 'install_base': '/home/bill8/billeagle_ws/bill_ws/install/bill', 'merge_install': False, 'path': '/home/bill8/billeagle_ws/bill_ws/src/bill', 'symlink_install': False, 'test_result_base': None}
[0.194s] Level 5:colcon.colcon_core.verb:set package 'rf2o_laser_odometry' build argument 'cmake_args' from command line to 'None'
[0.194s] Level 5:colcon.colcon_core.verb:set package 'rf2o_laser_odometry' build argument 'cmake_target' from command line to 'None'
[0.194s] Level 5:colcon.colcon_core.verb:set package 'rf2o_laser_odometry' build argument 'cmake_target_skip_unavailable' from command line to 'False'
[0.194s] Level 5:colcon.colcon_core.verb:set package 'rf2o_laser_odometry' build argument 'cmake_clean_cache' from command line to 'False'
[0.194s] Level 5:colcon.colcon_core.verb:set package 'rf2o_laser_odometry' build argument 'cmake_clean_first' from command line to 'False'
[0.194s] Level 5:colcon.colcon_core.verb:set package 'rf2o_laser_odometry' build argument 'cmake_force_configure' from command line to 'False'
[0.194s] Level 5:colcon.colcon_core.verb:set package 'rf2o_laser_odometry' build argument 'ament_cmake_args' from command line to 'None'
[0.194s] Level 5:colcon.colcon_core.verb:set package 'rf2o_laser_odometry' build argument 'catkin_cmake_args' from command line to 'None'
[0.194s] Level 5:colcon.colcon_core.verb:set package 'rf2o_laser_odometry' build argument 'catkin_skip_building_tests' from command line to 'False'
[0.194s] DEBUG:colcon.colcon_core.verb:Building package 'rf2o_laser_odometry' with the following arguments: {'ament_cmake_args': None, 'build_base': '/home/bill8/billeagle_ws/bill_ws/build/rf2o_laser_odometry', 'catkin_cmake_args': None, 'catkin_skip_building_tests': False, 'cmake_args': None, 'cmake_clean_cache': False, 'cmake_clean_first': False, 'cmake_force_configure': False, 'cmake_target': None, 'cmake_target_skip_unavailable': False, 'install_base': '/home/bill8/billeagle_ws/bill_ws/install/rf2o_laser_odometry', 'merge_install': False, 'path': '/home/bill8/billeagle_ws/bill_ws/src/rf2o_laser_odometry', 'symlink_install': False, 'test_result_base': None}
[0.194s] INFO:colcon.colcon_core.executor:Executing jobs using 'parallel' executor
[0.195s] DEBUG:colcon.colcon_parallel_executor.executor.parallel:run_until_complete
[0.195s] INFO:colcon.colcon_ros.task.ament_cmake.build:Building ROS package in '/home/bill8/billeagle_ws/bill_ws/src/bill' with build type 'ament_cmake'
[0.195s] INFO:colcon.colcon_cmake.task.cmake.build:Building CMake package in '/home/bill8/billeagle_ws/bill_ws/src/bill'
[0.196s] INFO:colcon.colcon_core.plugin_system:Skipping extension 'colcon_core.shell.bat': Not used on non-Windows systems
[0.196s] INFO:colcon.colcon_core.shell:Skip shell extension 'powershell' for command environment: Not usable outside of PowerShell
[0.196s] DEBUG:colcon.colcon_core.shell:Skip shell extension 'dsv' for command environment
[0.198s] INFO:colcon.colcon_ros.task.ament_cmake.build:Building ROS package in '/home/bill8/billeagle_ws/bill_ws/src/rf2o_laser_odometry' with build type 'ament_cmake'
[0.198s] INFO:colcon.colcon_cmake.task.cmake.build:Building CMake package in '/home/bill8/billeagle_ws/bill_ws/src/rf2o_laser_odometry'
[0.198s] INFO:colcon.colcon_core.shell:Skip shell extension 'powershell' for command environment: Not usable outside of PowerShell
[0.198s] DEBUG:colcon.colcon_core.shell:Skip shell extension 'dsv' for command environment
[0.203s] DEBUG:colcon.colcon_core.event_handler.log_command:Invoking command in '/home/bill8/billeagle_ws/bill_ws/build/bill': CMAKE_PREFIX_PATH=${CMAKE_PREFIX_PATH}:/opt/ros/humble /usr/bin/cmake /home/bill8/billeagle_ws/bill_ws/src/bill -DCMAKE_INSTALL_PREFIX=/home/bill8/billeagle_ws/bill_ws/install/bill
[0.205s] DEBUG:colcon.colcon_core.event_handler.log_command:Invoking command in '/home/bill8/billeagle_ws/bill_ws/build/rf2o_laser_odometry': CMAKE_PREFIX_PATH=${CMAKE_PREFIX_PATH}:/opt/ros/humble /usr/bin/cmake /home/bill8/billeagle_ws/bill_ws/src/rf2o_laser_odometry -DCMAKE_INSTALL_PREFIX=/home/bill8/billeagle_ws/bill_ws/install/rf2o_laser_odometry
[0.699s] DEBUG:colcon.colcon_core.event_handler.log_command:Invoked command in '/home/bill8/billeagle_ws/bill_ws/build/bill' returned '0': CMAKE_PREFIX_PATH=${CMAKE_PREFIX_PATH}:/opt/ros/humble /usr/bin/cmake /home/bill8/billeagle_ws/bill_ws/src/bill -DCMAKE_INSTALL_PREFIX=/home/bill8/billeagle_ws/bill_ws/install/bill
[0.701s] DEBUG:colcon.colcon_core.event_handler.log_command:Invoking command in '/home/bill8/billeagle_ws/bill_ws/build/bill': CMAKE_PREFIX_PATH=${CMAKE_PREFIX_PATH}:/opt/ros/humble /usr/bin/cmake --build /home/bill8/billeagle_ws/bill_ws/build/bill -- -j16 -l16
[0.729s] DEBUG:colcon.colcon_core.event_handler.log_command:Invoked command in '/home/bill8/billeagle_ws/bill_ws/build/bill' returned '0': CMAKE_PREFIX_PATH=${CMAKE_PREFIX_PATH}:/opt/ros/humble /usr/bin/cmake --build /home/bill8/billeagle_ws/bill_ws/build/bill -- -j16 -l16
[0.735s] DEBUG:colcon.colcon_core.event_handler.log_command:Invoking command in '/home/bill8/billeagle_ws/bill_ws/build/bill': CMAKE_PREFIX_PATH=${CMAKE_PREFIX_PATH}:/opt/ros/humble /usr/bin/cmake --install /home/bill8/billeagle_ws/bill_ws/build/bill
[0.746s] Level 1:colcon.colcon_core.environment:create_environment_scripts_only(bill)
[0.747s] DEBUG:colcon.colcon_core.event_handler.log_command:Invoked command in '/home/bill8/billeagle_ws/bill_ws/build/bill' returned '0': CMAKE_PREFIX_PATH=${CMAKE_PREFIX_PATH}:/opt/ros/humble /usr/bin/cmake --install /home/bill8/billeagle_ws/bill_ws/build/bill
[0.749s] Level 1:colcon.colcon_core.environment:checking '/home/bill8/billeagle_ws/bill_ws/install/bill' for CMake module files
[0.749s] Level 1:colcon.colcon_core.environment:checking '/home/bill8/billeagle_ws/bill_ws/install/bill' for CMake config files
[0.749s] Level 1:colcon.colcon_core.shell:create_environment_hook('bill', 'cmake_prefix_path')
[0.749s] INFO:colcon.colcon_core.shell:Creating environment hook '/home/bill8/billeagle_ws/bill_ws/install/bill/share/bill/hook/cmake_prefix_path.ps1'
[0.750s] INFO:colcon.colcon_core.shell:Creating environment descriptor '/home/bill8/billeagle_ws/bill_ws/install/bill/share/bill/hook/cmake_prefix_path.dsv'
[0.750s] INFO:colcon.colcon_core.shell:Creating environment hook '/home/bill8/billeagle_ws/bill_ws/install/bill/share/bill/hook/cmake_prefix_path.sh'
[0.751s] Level 1:colcon.colcon_core.environment:checking '/home/bill8/billeagle_ws/bill_ws/install/bill/bin'
[0.751s] Level 1:colcon.colcon_core.environment:checking '/home/bill8/billeagle_ws/bill_ws/install/bill/lib/pkgconfig/bill.pc'
[0.751s] Level 1:colcon.colcon_core.environment:checking '/home/bill8/billeagle_ws/bill_ws/install/bill/lib/python3.10/site-packages'
[0.752s] Level 1:colcon.colcon_core.environment:checking '/home/bill8/billeagle_ws/bill_ws/install/bill/bin'
[0.752s] INFO:colcon.colcon_core.shell:Creating package script '/home/bill8/billeagle_ws/bill_ws/install/bill/share/bill/package.ps1'
[0.752s] INFO:colcon.colcon_core.shell:Creating package descriptor '/home/bill8/billeagle_ws/bill_ws/install/bill/share/bill/package.dsv'
[0.753s] INFO:colcon.colcon_core.shell:Creating package script '/home/bill8/billeagle_ws/bill_ws/install/bill/share/bill/package.sh'
[0.753s] INFO:colcon.colcon_core.shell:Creating package script '/home/bill8/billeagle_ws/bill_ws/install/bill/share/bill/package.bash'
[0.753s] INFO:colcon.colcon_core.shell:Creating package script '/home/bill8/billeagle_ws/bill_ws/install/bill/share/bill/package.zsh'
[0.754s] Level 1:colcon.colcon_core.environment:create_file_with_runtime_dependencies(/home/bill8/billeagle_ws/bill_ws/install/bill/share/colcon-core/packages/bill)
[0.754s] Level 1:colcon.colcon_core.environment:create_environment_scripts_only(bill)
[0.754s] Level 1:colcon.colcon_core.environment:checking '/home/bill8/billeagle_ws/bill_ws/install/bill' for CMake module files
[0.754s] Level 1:colcon.colcon_core.environment:checking '/home/bill8/billeagle_ws/bill_ws/install/bill' for CMake config files
[0.755s] Level 1:colcon.colcon_core.shell:create_environment_hook('bill', 'cmake_prefix_path')
[0.755s] INFO:colcon.colcon_core.shell:Creating environment hook '/home/bill8/billeagle_ws/bill_ws/install/bill/share/bill/hook/cmake_prefix_path.ps1'
[0.755s] INFO:colcon.colcon_core.shell:Creating environment descriptor '/home/bill8/billeagle_ws/bill_ws/install/bill/share/bill/hook/cmake_prefix_path.dsv'
[0.755s] INFO:colcon.colcon_core.shell:Creating environment hook '/home/bill8/billeagle_ws/bill_ws/install/bill/share/bill/hook/cmake_prefix_path.sh'
[0.755s] Level 1:colcon.colcon_core.environment:checking '/home/bill8/billeagle_ws/bill_ws/install/bill/bin'
[0.755s] Level 1:colcon.colcon_core.environment:checking '/home/bill8/billeagle_ws/bill_ws/install/bill/lib/pkgconfig/bill.pc'
[0.755s] Level 1:colcon.colcon_core.environment:checking '/home/bill8/billeagle_ws/bill_ws/install/bill/lib/python3.10/site-packages'
[0.755s] Level 1:colcon.colcon_core.environment:checking '/home/bill8/billeagle_ws/bill_ws/install/bill/bin'
[0.756s] INFO:colcon.colcon_core.shell:Creating package script '/home/bill8/billeagle_ws/bill_ws/install/bill/share/bill/package.ps1'
[0.756s] INFO:colcon.colcon_core.shell:Creating package descriptor '/home/bill8/billeagle_ws/bill_ws/install/bill/share/bill/package.dsv'
[0.756s] INFO:colcon.colcon_core.shell:Creating package script '/home/bill8/billeagle_ws/bill_ws/install/bill/share/bill/package.sh'
[0.756s] INFO:colcon.colcon_core.shell:Creating package script '/home/bill8/billeagle_ws/bill_ws/install/bill/share/bill/package.bash'
[0.756s] INFO:colcon.colcon_core.shell:Creating package script '/home/bill8/billeagle_ws/bill_ws/install/bill/share/bill/package.zsh'
[0.757s] Level 1:colcon.colcon_core.environment:create_file_with_runtime_dependencies(/home/bill8/billeagle_ws/bill_ws/install/bill/share/colcon-core/packages/bill)
[1.159s] DEBUG:colcon.colcon_core.event_handler.log_command:Invoked command in '/home/bill8/billeagle_ws/bill_ws/build/rf2o_laser_odometry' returned '0': CMAKE_PREFIX_PATH=${CMAKE_PREFIX_PATH}:/opt/ros/humble /usr/bin/cmake /home/bill8/billeagle_ws/bill_ws/src/rf2o_laser_odometry -DCMAKE_INSTALL_PREFIX=/home/bill8/billeagle_ws/bill_ws/install/rf2o_laser_odometry
[1.160s] DEBUG:colcon.colcon_core.event_handler.log_command:Invoking command in '/home/bill8/billeagle_ws/bill_ws/build/rf2o_laser_odometry': CMAKE_PREFIX_PATH=${CMAKE_PREFIX_PATH}:/opt/ros/humble /usr/bin/cmake --build /home/bill8/billeagle_ws/bill_ws/build/rf2o_laser_odometry -- -j16 -l16
[14.171s] DEBUG:colcon.colcon_core.event_handler.log_command:Invoked command in '/home/bill8/billeagle_ws/bill_ws/build/rf2o_laser_odometry' returned '0': CMAKE_PREFIX_PATH=${CMAKE_PREFIX_PATH}:/opt/ros/humble /usr/bin/cmake --build /home/bill8/billeagle_ws/bill_ws/build/rf2o_laser_odometry -- -j16 -l16
[14.172s] DEBUG:colcon.colcon_core.event_handler.log_command:Invoking command in '/home/bill8/billeagle_ws/bill_ws/build/rf2o_laser_odometry': CMAKE_PREFIX_PATH=${CMAKE_PREFIX_PATH}:/opt/ros/humble /usr/bin/cmake --install /home/bill8/billeagle_ws/bill_ws/build/rf2o_laser_odometry
[14.186s] Level 1:colcon.colcon_core.environment:create_environment_scripts_only(rf2o_laser_odometry)
[14.186s] Level 1:colcon.colcon_core.environment:checking '/home/bill8/billeagle_ws/bill_ws/install/rf2o_laser_odometry' for CMake module files
[14.186s] DEBUG:colcon.colcon_core.event_handler.log_command:Invoked command in '/home/bill8/billeagle_ws/bill_ws/build/rf2o_laser_odometry' returned '0': CMAKE_PREFIX_PATH=${CMAKE_PREFIX_PATH}:/opt/ros/humble /usr/bin/cmake --install /home/bill8/billeagle_ws/bill_ws/build/rf2o_laser_odometry
[14.186s] Level 1:colcon.colcon_core.environment:checking '/home/bill8/billeagle_ws/bill_ws/install/rf2o_laser_odometry' for CMake config files
[14.186s] Level 1:colcon.colcon_core.shell:create_environment_hook('rf2o_laser_odometry', 'cmake_prefix_path')
[14.186s] INFO:colcon.colcon_core.shell:Creating environment hook '/home/bill8/billeagle_ws/bill_ws/install/rf2o_laser_odometry/share/rf2o_laser_odometry/hook/cmake_prefix_path.ps1'
[14.187s] INFO:colcon.colcon_core.shell:Creating environment descriptor '/home/bill8/billeagle_ws/bill_ws/install/rf2o_laser_odometry/share/rf2o_laser_odometry/hook/cmake_prefix_path.dsv'
[14.187s] INFO:colcon.colcon_core.shell:Creating environment hook '/home/bill8/billeagle_ws/bill_ws/install/rf2o_laser_odometry/share/rf2o_laser_odometry/hook/cmake_prefix_path.sh'
[14.187s] Level 1:colcon.colcon_core.environment:checking '/home/bill8/billeagle_ws/bill_ws/install/rf2o_laser_odometry/lib'
[14.187s] Level 1:colcon.colcon_core.environment:checking '/home/bill8/billeagle_ws/bill_ws/install/rf2o_laser_odometry/bin'
[14.187s] Level 1:colcon.colcon_core.environment:checking '/home/bill8/billeagle_ws/bill_ws/install/rf2o_laser_odometry/lib/pkgconfig/rf2o_laser_odometry.pc'
[14.187s] Level 1:colcon.colcon_core.environment:checking '/home/bill8/billeagle_ws/bill_ws/install/rf2o_laser_odometry/lib/python3.10/site-packages'
[14.188s] Level 1:colcon.colcon_core.environment:checking '/home/bill8/billeagle_ws/bill_ws/install/rf2o_laser_odometry/bin'
[14.188s] INFO:colcon.colcon_core.shell:Creating package script '/home/bill8/billeagle_ws/bill_ws/install/rf2o_laser_odometry/share/rf2o_laser_odometry/package.ps1'
[14.188s] INFO:colcon.colcon_core.shell:Creating package descriptor '/home/bill8/billeagle_ws/bill_ws/install/rf2o_laser_odometry/share/rf2o_laser_odometry/package.dsv'
[14.188s] INFO:colcon.colcon_core.shell:Creating package script '/home/bill8/billeagle_ws/bill_ws/install/rf2o_laser_odometry/share/rf2o_laser_odometry/package.sh'
[14.188s] INFO:colcon.colcon_core.shell:Creating package script '/home/bill8/billeagle_ws/bill_ws/install/rf2o_laser_odometry/share/rf2o_laser_odometry/package.bash'
[14.188s] INFO:colcon.colcon_core.shell:Creating package script '/home/bill8/billeagle_ws/bill_ws/install/rf2o_laser_odometry/share/rf2o_laser_odometry/package.zsh'
[14.189s] Level 1:colcon.colcon_core.environment:create_file_with_runtime_dependencies(/home/bill8/billeagle_ws/bill_ws/install/rf2o_laser_odometry/share/colcon-core/packages/rf2o_laser_odometry)
[14.189s] Level 1:colcon.colcon_core.environment:create_environment_scripts_only(rf2o_laser_odometry)
[14.189s] Level 1:colcon.colcon_core.environment:checking '/home/bill8/billeagle_ws/bill_ws/install/rf2o_laser_odometry' for CMake module files
[14.189s] Level 1:colcon.colcon_core.environment:checking '/home/bill8/billeagle_ws/bill_ws/install/rf2o_laser_odometry' for CMake config files
[14.189s] Level 1:colcon.colcon_core.shell:create_environment_hook('rf2o_laser_odometry', 'cmake_prefix_path')
[14.189s] INFO:colcon.colcon_core.shell:Creating environment hook '/home/bill8/billeagle_ws/bill_ws/install/rf2o_laser_odometry/share/rf2o_laser_odometry/hook/cmake_prefix_path.ps1'
[14.190s] INFO:colcon.colcon_core.shell:Creating environment descriptor '/home/bill8/billeagle_ws/bill_ws/install/rf2o_laser_odometry/share/rf2o_laser_odometry/hook/cmake_prefix_path.dsv'
[14.190s] INFO:colcon.colcon_core.shell:Creating environment hook '/home/bill8/billeagle_ws/bill_ws/install/rf2o_laser_odometry/share/rf2o_laser_odometry/hook/cmake_prefix_path.sh'
[14.190s] Level 1:colcon.colcon_core.environment:checking '/home/bill8/billeagle_ws/bill_ws/install/rf2o_laser_odometry/lib'
[14.190s] Level 1:colcon.colcon_core.environment:checking '/home/bill8/billeagle_ws/bill_ws/install/rf2o_laser_odometry/bin'
[14.190s] Level 1:colcon.colcon_core.environment:checking '/home/bill8/billeagle_ws/bill_ws/install/rf2o_laser_odometry/lib/pkgconfig/rf2o_laser_odometry.pc'
[14.190s] Level 1:colcon.colcon_core.environment:checking '/home/bill8/billeagle_ws/bill_ws/install/rf2o_laser_odometry/lib/python3.10/site-packages'
[14.190s] Level 1:colcon.colcon_core.environment:checking '/home/bill8/billeagle_ws/bill_ws/install/rf2o_laser_odometry/bin'
[14.190s] INFO:colcon.colcon_core.shell:Creating package script '/home/bill8/billeagle_ws/bill_ws/install/rf2o_laser_odometry/share/rf2o_laser_odometry/package.ps1'
[14.191s] INFO:colcon.colcon_core.shell:Creating package descriptor '/home/bill8/billeagle_ws/bill_ws/install/rf2o_laser_odometry/share/rf2o_laser_odometry/package.dsv'
[14.191s] INFO:colcon.colcon_core.shell:Creating package script '/home/bill8/billeagle_ws/bill_ws/install/rf2o_laser_odometry/share/rf2o_laser_odometry/package.sh'
[14.191s] INFO:colcon.colcon_core.shell:Creating package script '/home/bill8/billeagle_ws/bill_ws/install/rf2o_laser_odometry/share/rf2o_laser_odometry/package.bash'
[14.191s] INFO:colcon.colcon_core.shell:Creating package script '/home/bill8/billeagle_ws/bill_ws/install/rf2o_laser_odometry/share/rf2o_laser_odometry/package.zsh'
[14.191s] Level 1:colcon.colcon_core.environment:create_file_with_runtime_dependencies(/home/bill8/billeagle_ws/bill_ws/install/rf2o_laser_odometry/share/colcon-core/packages/rf2o_laser_odometry)
[14.191s] DEBUG:colcon.colcon_parallel_executor.executor.parallel:closing loop
[14.191s] DEBUG:colcon.colcon_parallel_executor.executor.parallel:loop closed
[14.192s] DEBUG:colcon.colcon_parallel_executor.executor.parallel:run_until_complete finished with '0'
[14.192s] DEBUG:colcon.colcon_core.event_reactor:joining thread
[14.195s] INFO:colcon.colcon_core.plugin_system:Skipping extension 'colcon_notification.desktop_notification.terminal_notifier': Not used on non-Darwin systems
[14.195s] INFO:colcon.colcon_core.plugin_system:Skipping extension 'colcon_notification.desktop_notification.win32': Not used on non-Windows systems
[14.195s] INFO:colcon.colcon_notification.desktop_notification:Sending desktop notification using 'notify2'
[14.209s] DEBUG:colcon.colcon_core.event_reactor:joined thread
[14.210s] INFO:colcon.colcon_core.shell:Creating prefix script '/home/bill8/billeagle_ws/bill_ws/install/local_setup.ps1'
[14.211s] INFO:colcon.colcon_core.shell:Creating prefix util module '/home/bill8/billeagle_ws/bill_ws/install/_local_setup_util_ps1.py'
[14.212s] INFO:colcon.colcon_core.shell:Creating prefix chain script '/home/bill8/billeagle_ws/bill_ws/install/setup.ps1'
[14.213s] INFO:colcon.colcon_core.shell:Creating prefix script '/home/bill8/billeagle_ws/bill_ws/install/local_setup.sh'
[14.214s] INFO:colcon.colcon_core.shell:Creating prefix util module '/home/bill8/billeagle_ws/bill_ws/install/_local_setup_util_sh.py'
[14.214s] INFO:colcon.colcon_core.shell:Creating prefix chain script '/home/bill8/billeagle_ws/bill_ws/install/setup.sh'
[14.215s] INFO:colcon.colcon_core.shell:Creating prefix script '/home/bill8/billeagle_ws/bill_ws/install/local_setup.bash'
[14.216s] INFO:colcon.colcon_core.shell:Creating prefix chain script '/home/bill8/billeagle_ws/bill_ws/install/setup.bash'
[14.217s] INFO:colcon.colcon_core.shell:Creating prefix script '/home/bill8/billeagle_ws/bill_ws/install/local_setup.zsh'
[14.217s] INFO:colcon.colcon_core.shell:Creating prefix chain script '/home/bill8/billeagle_ws/bill_ws/install/setup.zsh'
