[0.023s] Invoking command in '/home/bill8/billeagle_ws/bill_ws/build/bill_description': CMAKE_PREFIX_PATH=${CMAKE_PREFIX_PATH}:/opt/ros/humble CONDA_PROMPT_MODIFIER=(base) /home/bill8/.local/bin/cmake /home/bill8/billeagle_ws/bill_ws/src/bill_description -DCMAKE_INSTALL_PREFIX=/home/bill8/billeagle_ws/bill_ws/install/bill_description
[0.180s] [0mCMake Deprecation Warning at CMakeLists.txt:1 (cmake_minimum_required):
[0.180s]   Compatibility with CMake < 3.10 will be removed from a future version of
[0.180s]   CMake.
[0.181s] 
[0.181s]   Update the VERSION argument <min> value.  Or, use the <min>...<max> syntax
[0.181s]   to tell CMake that the project requires at least <min> but has been updated
[0.181s]   to work with policies introduced by <max> or earlier.
[0.181s] 
[0.181s] [0m
[0.332s] -- The C compiler identification is GNU 11.4.0
[0.476s] -- The CXX compiler identification is GNU 11.4.0
[0.494s] -- Detecting C compiler ABI info
[0.609s] -- Detecting C compiler ABI info - done
[0.644s] -- Check for working C compiler: /usr/bin/cc - skipped
[0.645s] -- Detecting C compile features
[0.646s] -- Detecting C compile features - done
[0.670s] -- Detecting CXX compiler ABI info
[0.803s] -- Detecting CXX compiler ABI info - done
[0.838s] -- Check for working CXX compiler: /usr/bin/c++ - skipped
[0.839s] -- Detecting CXX compile features
[0.840s] -- Detecting CXX compile features - done
[0.860s] -- Found ament_cmake: 1.3.11 (/opt/ros/humble/share/ament_cmake/cmake)
[1.105s] -- Found Python3: /home/bill8/miniconda3/bin/python3 (found version "3.12.9") found components: Interpreter
[1.325s] -- Found ament_lint_auto: 0.12.11 (/opt/ros/humble/share/ament_lint_auto/cmake)
[1.367s] Traceback (most recent call last):
[1.367s]   File "/opt/ros/humble/share/ament_cmake_core/cmake/core/package_xml_2_cmake.py", line 22, in <module>
[1.367s]     from catkin_pkg.package import parse_package_string
[1.367s] ModuleNotFoundError: No module named 'catkin_pkg'
[1.375s] [31mCMake Error at /opt/ros/humble/share/ament_cmake_core/cmake/core/ament_package_xml.cmake:95 (message):
[1.375s]   execute_process(/home/bill8/miniconda3/bin/python3
[1.375s]   /opt/ros/humble/share/ament_cmake_core/cmake/core/package_xml_2_cmake.py
[1.375s]   /home/bill8/billeagle_ws/bill_ws/src/bill_description/package.xml
[1.375s]   /home/bill8/billeagle_ws/bill_ws/build/bill_description/ament_cmake_core/package.cmake)
[1.375s]   returned error code 1
[1.376s] Call Stack (most recent call first):
[1.376s]   /opt/ros/humble/share/ament_cmake_core/cmake/core/ament_package_xml.cmake:49 (_ament_package_xml)
[1.376s]   /opt/ros/humble/share/ament_lint_auto/cmake/ament_lint_auto_find_test_dependencies.cmake:31 (ament_package_xml)
[1.376s]   CMakeLists.txt:29 (ament_lint_auto_find_test_dependencies)
[1.376s] 
[1.376s] [0m
[1.378s] -- Configuring incomplete, errors occurred!
[1.396s] Invoked command in '/home/bill8/billeagle_ws/bill_ws/build/bill_description' returned '1': CMAKE_PREFIX_PATH=${CMAKE_PREFIX_PATH}:/opt/ros/humble CONDA_PROMPT_MODIFIER=(base) /home/bill8/.local/bin/cmake /home/bill8/billeagle_ws/bill_ws/src/bill_description -DCMAKE_INSTALL_PREFIX=/home/bill8/billeagle_ws/bill_ws/install/bill_description
