[0.007s] Invoking command in '/home/vic/billeagle_ws/bill_ws/build/rf2o_laser_odometry': /usr/bin/cmake --build /home/vic/billeagle_ws/bill_ws/build/rf2o_laser_odometry -- -j16 -l16
[0.051s] [ 40%] Built target rf2o_laser_odometry
[0.056s] [100%] Built target rf2o_laser_odometry_node
[0.062s] Invoked command in '/home/vic/billeagle_ws/bill_ws/build/rf2o_laser_odometry' returned '0': /usr/bin/cmake --build /home/vic/billeagle_ws/bill_ws/build/rf2o_laser_odometry -- -j16 -l16
[0.063s] Invoking command in '/home/vic/billeagle_ws/bill_ws/build/rf2o_laser_odometry': /usr/bin/cmake --install /home/vic/billeagle_ws/bill_ws/build/rf2o_laser_odometry
[0.068s] -- Install configuration: ""
[0.068s] -- Up-to-date: /home/vic/billeagle_ws/bill_ws/install/rf2o_laser_odometry/lib/rf2o_laser_odometry/rf2o_laser_odometry_node
[0.068s] -- Up-to-date: /home/vic/billeagle_ws/bill_ws/install/rf2o_laser_odometry/share/rf2o_laser_odometry/launch
[0.068s] -- Up-to-date: /home/vic/billeagle_ws/bill_ws/install/rf2o_laser_odometry/share/rf2o_laser_odometry/launch/rf2o_laser_odometry.launch.py
[0.068s] -- Up-to-date: /home/vic/billeagle_ws/bill_ws/install/rf2o_laser_odometry/share/ament_index/resource_index/package_run_dependencies/rf2o_laser_odometry
[0.068s] -- Up-to-date: /home/vic/billeagle_ws/bill_ws/install/rf2o_laser_odometry/share/ament_index/resource_index/parent_prefix_path/rf2o_laser_odometry
[0.068s] -- Up-to-date: /home/vic/billeagle_ws/bill_ws/install/rf2o_laser_odometry/share/rf2o_laser_odometry/environment/ament_prefix_path.sh
[0.068s] -- Up-to-date: /home/vic/billeagle_ws/bill_ws/install/rf2o_laser_odometry/share/rf2o_laser_odometry/environment/ament_prefix_path.dsv
[0.068s] -- Up-to-date: /home/vic/billeagle_ws/bill_ws/install/rf2o_laser_odometry/share/rf2o_laser_odometry/environment/path.sh
[0.068s] -- Up-to-date: /home/vic/billeagle_ws/bill_ws/install/rf2o_laser_odometry/share/rf2o_laser_odometry/environment/path.dsv
[0.068s] -- Up-to-date: /home/vic/billeagle_ws/bill_ws/install/rf2o_laser_odometry/share/rf2o_laser_odometry/local_setup.bash
[0.068s] -- Up-to-date: /home/vic/billeagle_ws/bill_ws/install/rf2o_laser_odometry/share/rf2o_laser_odometry/local_setup.sh
[0.068s] -- Up-to-date: /home/vic/billeagle_ws/bill_ws/install/rf2o_laser_odometry/share/rf2o_laser_odometry/local_setup.zsh
[0.068s] -- Up-to-date: /home/vic/billeagle_ws/bill_ws/install/rf2o_laser_odometry/share/rf2o_laser_odometry/local_setup.dsv
[0.068s] -- Installing: /home/vic/billeagle_ws/bill_ws/install/rf2o_laser_odometry/share/rf2o_laser_odometry/package.dsv
[0.069s] -- Up-to-date: /home/vic/billeagle_ws/bill_ws/install/rf2o_laser_odometry/share/ament_index/resource_index/packages/rf2o_laser_odometry
[0.069s] -- Up-to-date: /home/vic/billeagle_ws/bill_ws/install/rf2o_laser_odometry/share/rf2o_laser_odometry/cmake/rf2o_laser_odometryConfig.cmake
[0.069s] -- Up-to-date: /home/vic/billeagle_ws/bill_ws/install/rf2o_laser_odometry/share/rf2o_laser_odometry/cmake/rf2o_laser_odometryConfig-version.cmake
[0.069s] -- Up-to-date: /home/vic/billeagle_ws/bill_ws/install/rf2o_laser_odometry/share/rf2o_laser_odometry/package.xml
[0.069s] Invoked command in '/home/vic/billeagle_ws/bill_ws/build/rf2o_laser_odometry' returned '0': /usr/bin/cmake --install /home/vic/billeagle_ws/bill_ws/build/rf2o_laser_odometry
