[0.114s] DEBUG:colcon:Command line arguments: ['/usr/bin/colcon', 'build']
[0.114s] DEBUG:colcon:Parsed command line arguments: Namespace(log_base=None, log_level=None, verb_name='build', build_base='build', install_base='install', merge_install=False, symlink_install=False, test_result_base=None, continue_on_error=False, executor='parallel', parallel_workers=16, event_handlers=None, ignore_user_meta=False, metas=['./colcon.meta'], base_paths=['.'], packages_ignore=None, packages_ignore_regex=None, paths=None, packages_up_to=None, packages_up_to_regex=None, packages_above=None, packages_above_and_dependencies=None, packages_above_depth=None, packages_select_by_dep=None, packages_skip_by_dep=None, packages_skip_up_to=None, packages_select_build_failed=False, packages_skip_build_finished=False, packages_select_test_failures=False, packages_skip_test_passed=False, packages_select=None, packages_skip=None, packages_select_regex=None, packages_skip_regex=None, packages_start=None, packages_end=None, allow_overriding=[], cmake_args=None, cmake_target=None, cmake_target_skip_unavailable=False, cmake_clean_cache=False, cmake_clean_first=False, cmake_force_configure=False, ament_cmake_args=None, catkin_cmake_args=None, catkin_skip_building_tests=False, verb_parser=<colcon_defaults.argument_parser.defaults.DefaultArgumentsDecorator object at 0x79c475312890>, verb_extension=<colcon_core.verb.build.BuildVerb object at 0x79c4754e6e60>, main=<bound method BuildVerb.main of <colcon_core.verb.build.BuildVerb object at 0x79c4754e6e60>>)
[0.309s] Level 1:colcon.colcon_core.package_discovery:discover_packages(colcon_meta) check parameters
[0.309s] Level 1:colcon.colcon_core.package_discovery:discover_packages(recursive) check parameters
[0.309s] Level 1:colcon.colcon_core.package_discovery:discover_packages(ignore) check parameters
[0.309s] Level 1:colcon.colcon_core.package_discovery:discover_packages(path) check parameters
[0.309s] Level 1:colcon.colcon_core.package_discovery:discover_packages(colcon_meta) discover
[0.309s] Level 1:colcon.colcon_core.package_discovery:discover_packages(recursive) discover
[0.309s] INFO:colcon.colcon_core.package_discovery:Crawling recursively for packages in '/home/bill8/billeagle_ws/bill_ws'
[0.309s] Level 1:colcon.colcon_core.package_identification:_identify(.) by extensions ['ignore', 'ignore_ament_install']
[0.309s] Level 1:colcon.colcon_core.package_identification:_identify(.) by extension 'ignore'
[0.309s] Level 1:colcon.colcon_core.package_identification:_identify(.) by extension 'ignore_ament_install'
[0.309s] Level 1:colcon.colcon_core.package_identification:_identify(.) by extensions ['colcon_pkg']
[0.309s] Level 1:colcon.colcon_core.package_identification:_identify(.) by extension 'colcon_pkg'
[0.309s] Level 1:colcon.colcon_core.package_identification:_identify(.) by extensions ['colcon_meta']
[0.309s] Level 1:colcon.colcon_core.package_identification:_identify(.) by extension 'colcon_meta'
[0.309s] Level 1:colcon.colcon_core.package_identification:_identify(.) by extensions ['ros']
[0.309s] Level 1:colcon.colcon_core.package_identification:_identify(.) by extension 'ros'
[0.331s] Level 1:colcon.colcon_core.package_identification:_identify(.) by extensions ['cmake', 'python']
[0.331s] Level 1:colcon.colcon_core.package_identification:_identify(.) by extension 'cmake'
[0.331s] Level 1:colcon.colcon_core.package_identification:_identify(.) by extension 'python'
[0.331s] Level 1:colcon.colcon_core.package_identification:_identify(.) by extensions ['python_setup_py']
[0.331s] Level 1:colcon.colcon_core.package_identification:_identify(.) by extension 'python_setup_py'
[0.331s] Level 1:colcon.colcon_core.package_identification:_identify(build) by extensions ['ignore', 'ignore_ament_install']
[0.331s] Level 1:colcon.colcon_core.package_identification:_identify(build) by extension 'ignore'
[0.331s] Level 1:colcon.colcon_core.package_identification:_identify(build) ignored
[0.331s] Level 1:colcon.colcon_core.package_identification:_identify(install) by extensions ['ignore', 'ignore_ament_install']
[0.331s] Level 1:colcon.colcon_core.package_identification:_identify(install) by extension 'ignore'
[0.331s] Level 1:colcon.colcon_core.package_identification:_identify(install) ignored
[0.331s] Level 1:colcon.colcon_core.package_identification:_identify(log) by extensions ['ignore', 'ignore_ament_install']
[0.331s] Level 1:colcon.colcon_core.package_identification:_identify(log) by extension 'ignore'
[0.332s] Level 1:colcon.colcon_core.package_identification:_identify(log) ignored
[0.332s] Level 1:colcon.colcon_core.package_identification:_identify(src) by extensions ['ignore', 'ignore_ament_install']
[0.332s] Level 1:colcon.colcon_core.package_identification:_identify(src) by extension 'ignore'
[0.332s] Level 1:colcon.colcon_core.package_identification:_identify(src) by extension 'ignore_ament_install'
[0.332s] Level 1:colcon.colcon_core.package_identification:_identify(src) by extensions ['colcon_pkg']
[0.332s] Level 1:colcon.colcon_core.package_identification:_identify(src) by extension 'colcon_pkg'
[0.332s] Level 1:colcon.colcon_core.package_identification:_identify(src) by extensions ['colcon_meta']
[0.332s] Level 1:colcon.colcon_core.package_identification:_identify(src) by extension 'colcon_meta'
[0.332s] Level 1:colcon.colcon_core.package_identification:_identify(src) by extensions ['ros']
[0.332s] Level 1:colcon.colcon_core.package_identification:_identify(src) by extension 'ros'
[0.332s] Level 1:colcon.colcon_core.package_identification:_identify(src) by extensions ['cmake', 'python']
[0.332s] Level 1:colcon.colcon_core.package_identification:_identify(src) by extension 'cmake'
[0.332s] Level 1:colcon.colcon_core.package_identification:_identify(src) by extension 'python'
[0.332s] Level 1:colcon.colcon_core.package_identification:_identify(src) by extensions ['python_setup_py']
[0.332s] Level 1:colcon.colcon_core.package_identification:_identify(src) by extension 'python_setup_py'
[0.332s] Level 1:colcon.colcon_core.package_identification:_identify(src/bill) by extensions ['ignore', 'ignore_ament_install']
[0.332s] Level 1:colcon.colcon_core.package_identification:_identify(src/bill) by extension 'ignore'
[0.332s] Level 1:colcon.colcon_core.package_identification:_identify(src/bill) by extension 'ignore_ament_install'
[0.332s] Level 1:colcon.colcon_core.package_identification:_identify(src/bill) by extensions ['colcon_pkg']
[0.332s] Level 1:colcon.colcon_core.package_identification:_identify(src/bill) by extension 'colcon_pkg'
[0.332s] Level 1:colcon.colcon_core.package_identification:_identify(src/bill) by extensions ['colcon_meta']
[0.332s] Level 1:colcon.colcon_core.package_identification:_identify(src/bill) by extension 'colcon_meta'
[0.333s] Level 1:colcon.colcon_core.package_identification:_identify(src/bill) by extensions ['ros']
[0.333s] Level 1:colcon.colcon_core.package_identification:_identify(src/bill) by extension 'ros'
[0.336s] DEBUG:colcon.colcon_core.package_identification:Package 'src/bill' with type 'ros.ament_cmake' and name 'bill'
[0.336s] Level 1:colcon.colcon_core.package_identification:_identify(src/bill_description) by extensions ['ignore', 'ignore_ament_install']
[0.336s] Level 1:colcon.colcon_core.package_identification:_identify(src/bill_description) by extension 'ignore'
[0.336s] Level 1:colcon.colcon_core.package_identification:_identify(src/bill_description) by extension 'ignore_ament_install'
[0.336s] Level 1:colcon.colcon_core.package_identification:_identify(src/bill_description) by extensions ['colcon_pkg']
[0.336s] Level 1:colcon.colcon_core.package_identification:_identify(src/bill_description) by extension 'colcon_pkg'
[0.336s] Level 1:colcon.colcon_core.package_identification:_identify(src/bill_description) by extensions ['colcon_meta']
[0.336s] Level 1:colcon.colcon_core.package_identification:_identify(src/bill_description) by extension 'colcon_meta'
[0.336s] Level 1:colcon.colcon_core.package_identification:_identify(src/bill_description) by extensions ['ros']
[0.336s] Level 1:colcon.colcon_core.package_identification:_identify(src/bill_description) by extension 'ros'
[0.337s] DEBUG:colcon.colcon_core.package_identification:Package 'src/bill_description' with type 'ros.ament_cmake' and name 'bill_description'
[0.337s] Level 1:colcon.colcon_core.package_identification:_identify(src/bill_nav) by extensions ['ignore', 'ignore_ament_install']
[0.337s] Level 1:colcon.colcon_core.package_identification:_identify(src/bill_nav) by extension 'ignore'
[0.337s] Level 1:colcon.colcon_core.package_identification:_identify(src/bill_nav) by extension 'ignore_ament_install'
[0.337s] Level 1:colcon.colcon_core.package_identification:_identify(src/bill_nav) by extensions ['colcon_pkg']
[0.337s] Level 1:colcon.colcon_core.package_identification:_identify(src/bill_nav) by extension 'colcon_pkg'
[0.338s] Level 1:colcon.colcon_core.package_identification:_identify(src/bill_nav) by extensions ['colcon_meta']
[0.338s] Level 1:colcon.colcon_core.package_identification:_identify(src/bill_nav) by extension 'colcon_meta'
[0.338s] Level 1:colcon.colcon_core.package_identification:_identify(src/bill_nav) by extensions ['ros']
[0.338s] Level 1:colcon.colcon_core.package_identification:_identify(src/bill_nav) by extension 'ros'
[0.338s] DEBUG:colcon.colcon_core.package_identification:Package 'src/bill_nav' with type 'ros.ament_cmake' and name 'bill_nav'
[0.338s] Level 1:colcon.colcon_core.package_identification:_identify(src/bill_slam) by extensions ['ignore', 'ignore_ament_install']
[0.339s] Level 1:colcon.colcon_core.package_identification:_identify(src/bill_slam) by extension 'ignore'
[0.339s] Level 1:colcon.colcon_core.package_identification:_identify(src/bill_slam) by extension 'ignore_ament_install'
[0.339s] Level 1:colcon.colcon_core.package_identification:_identify(src/bill_slam) by extensions ['colcon_pkg']
[0.339s] Level 1:colcon.colcon_core.package_identification:_identify(src/bill_slam) by extension 'colcon_pkg'
[0.339s] Level 1:colcon.colcon_core.package_identification:_identify(src/bill_slam) by extensions ['colcon_meta']
[0.339s] Level 1:colcon.colcon_core.package_identification:_identify(src/bill_slam) by extension 'colcon_meta'
[0.339s] Level 1:colcon.colcon_core.package_identification:_identify(src/bill_slam) by extensions ['ros']
[0.339s] Level 1:colcon.colcon_core.package_identification:_identify(src/bill_slam) by extension 'ros'
[0.339s] DEBUG:colcon.colcon_core.package_identification:Package 'src/bill_slam' with type 'ros.ament_cmake' and name 'bill_slam'
[0.339s] Level 1:colcon.colcon_core.package_discovery:discover_packages(recursive) using defaults
[0.340s] Level 1:colcon.colcon_core.package_discovery:discover_packages(ignore) discover
[0.340s] Level 1:colcon.colcon_core.package_discovery:discover_packages(ignore) using defaults
[0.340s] Level 1:colcon.colcon_core.package_discovery:discover_packages(path) discover
[0.340s] Level 1:colcon.colcon_core.package_discovery:discover_packages(path) using defaults
[0.363s] Level 1:colcon.colcon_core.package_discovery:discover_packages(prefix_path) check parameters
[0.364s] Level 1:colcon.colcon_core.package_discovery:discover_packages(prefix_path) discover
[0.365s] DEBUG:colcon.colcon_installed_package_information.package_discovery:Found 3 installed packages in /home/bill8/microros_ws/install
[0.367s] DEBUG:colcon.colcon_installed_package_information.package_discovery:Found 329 installed packages in /opt/ros/humble
[0.368s] Level 1:colcon.colcon_core.package_discovery:discover_packages(prefix_path) using defaults
[0.410s] Level 5:colcon.colcon_core.verb:set package 'bill' build argument 'cmake_args' from command line to 'None'
[0.410s] Level 5:colcon.colcon_core.verb:set package 'bill' build argument 'cmake_target' from command line to 'None'
[0.410s] Level 5:colcon.colcon_core.verb:set package 'bill' build argument 'cmake_target_skip_unavailable' from command line to 'False'
[0.410s] Level 5:colcon.colcon_core.verb:set package 'bill' build argument 'cmake_clean_cache' from command line to 'False'
[0.410s] Level 5:colcon.colcon_core.verb:set package 'bill' build argument 'cmake_clean_first' from command line to 'False'
[0.410s] Level 5:colcon.colcon_core.verb:set package 'bill' build argument 'cmake_force_configure' from command line to 'False'
[0.410s] Level 5:colcon.colcon_core.verb:set package 'bill' build argument 'ament_cmake_args' from command line to 'None'
[0.410s] Level 5:colcon.colcon_core.verb:set package 'bill' build argument 'catkin_cmake_args' from command line to 'None'
[0.410s] Level 5:colcon.colcon_core.verb:set package 'bill' build argument 'catkin_skip_building_tests' from command line to 'False'
[0.410s] DEBUG:colcon.colcon_core.verb:Building package 'bill' with the following arguments: {'ament_cmake_args': None, 'build_base': '/home/bill8/billeagle_ws/bill_ws/build/bill', 'catkin_cmake_args': None, 'catkin_skip_building_tests': False, 'cmake_args': None, 'cmake_clean_cache': False, 'cmake_clean_first': False, 'cmake_force_configure': False, 'cmake_target': None, 'cmake_target_skip_unavailable': False, 'install_base': '/home/bill8/billeagle_ws/bill_ws/install/bill', 'merge_install': False, 'path': '/home/bill8/billeagle_ws/bill_ws/src/bill', 'symlink_install': False, 'test_result_base': None}
[0.411s] Level 5:colcon.colcon_core.verb:set package 'bill_description' build argument 'cmake_args' from command line to 'None'
[0.411s] Level 5:colcon.colcon_core.verb:set package 'bill_description' build argument 'cmake_target' from command line to 'None'
[0.411s] Level 5:colcon.colcon_core.verb:set package 'bill_description' build argument 'cmake_target_skip_unavailable' from command line to 'False'
[0.411s] Level 5:colcon.colcon_core.verb:set package 'bill_description' build argument 'cmake_clean_cache' from command line to 'False'
[0.411s] Level 5:colcon.colcon_core.verb:set package 'bill_description' build argument 'cmake_clean_first' from command line to 'False'
[0.411s] Level 5:colcon.colcon_core.verb:set package 'bill_description' build argument 'cmake_force_configure' from command line to 'False'
[0.411s] Level 5:colcon.colcon_core.verb:set package 'bill_description' build argument 'ament_cmake_args' from command line to 'None'
[0.411s] Level 5:colcon.colcon_core.verb:set package 'bill_description' build argument 'catkin_cmake_args' from command line to 'None'
[0.411s] Level 5:colcon.colcon_core.verb:set package 'bill_description' build argument 'catkin_skip_building_tests' from command line to 'False'
[0.411s] DEBUG:colcon.colcon_core.verb:Building package 'bill_description' with the following arguments: {'ament_cmake_args': None, 'build_base': '/home/bill8/billeagle_ws/bill_ws/build/bill_description', 'catkin_cmake_args': None, 'catkin_skip_building_tests': False, 'cmake_args': None, 'cmake_clean_cache': False, 'cmake_clean_first': False, 'cmake_force_configure': False, 'cmake_target': None, 'cmake_target_skip_unavailable': False, 'install_base': '/home/bill8/billeagle_ws/bill_ws/install/bill_description', 'merge_install': False, 'path': '/home/bill8/billeagle_ws/bill_ws/src/bill_description', 'symlink_install': False, 'test_result_base': None}
[0.411s] Level 5:colcon.colcon_core.verb:set package 'bill_nav' build argument 'cmake_args' from command line to 'None'
[0.411s] Level 5:colcon.colcon_core.verb:set package 'bill_nav' build argument 'cmake_target' from command line to 'None'
[0.411s] Level 5:colcon.colcon_core.verb:set package 'bill_nav' build argument 'cmake_target_skip_unavailable' from command line to 'False'
[0.411s] Level 5:colcon.colcon_core.verb:set package 'bill_nav' build argument 'cmake_clean_cache' from command line to 'False'
[0.411s] Level 5:colcon.colcon_core.verb:set package 'bill_nav' build argument 'cmake_clean_first' from command line to 'False'
[0.412s] Level 5:colcon.colcon_core.verb:set package 'bill_nav' build argument 'cmake_force_configure' from command line to 'False'
[0.412s] Level 5:colcon.colcon_core.verb:set package 'bill_nav' build argument 'ament_cmake_args' from command line to 'None'
[0.412s] Level 5:colcon.colcon_core.verb:set package 'bill_nav' build argument 'catkin_cmake_args' from command line to 'None'
[0.412s] Level 5:colcon.colcon_core.verb:set package 'bill_nav' build argument 'catkin_skip_building_tests' from command line to 'False'
[0.412s] DEBUG:colcon.colcon_core.verb:Building package 'bill_nav' with the following arguments: {'ament_cmake_args': None, 'build_base': '/home/bill8/billeagle_ws/bill_ws/build/bill_nav', 'catkin_cmake_args': None, 'catkin_skip_building_tests': False, 'cmake_args': None, 'cmake_clean_cache': False, 'cmake_clean_first': False, 'cmake_force_configure': False, 'cmake_target': None, 'cmake_target_skip_unavailable': False, 'install_base': '/home/bill8/billeagle_ws/bill_ws/install/bill_nav', 'merge_install': False, 'path': '/home/bill8/billeagle_ws/bill_ws/src/bill_nav', 'symlink_install': False, 'test_result_base': None}
[0.412s] Level 5:colcon.colcon_core.verb:set package 'bill_slam' build argument 'cmake_args' from command line to 'None'
[0.412s] Level 5:colcon.colcon_core.verb:set package 'bill_slam' build argument 'cmake_target' from command line to 'None'
[0.412s] Level 5:colcon.colcon_core.verb:set package 'bill_slam' build argument 'cmake_target_skip_unavailable' from command line to 'False'
[0.412s] Level 5:colcon.colcon_core.verb:set package 'bill_slam' build argument 'cmake_clean_cache' from command line to 'False'
[0.412s] Level 5:colcon.colcon_core.verb:set package 'bill_slam' build argument 'cmake_clean_first' from command line to 'False'
[0.412s] Level 5:colcon.colcon_core.verb:set package 'bill_slam' build argument 'cmake_force_configure' from command line to 'False'
[0.412s] Level 5:colcon.colcon_core.verb:set package 'bill_slam' build argument 'ament_cmake_args' from command line to 'None'
[0.412s] Level 5:colcon.colcon_core.verb:set package 'bill_slam' build argument 'catkin_cmake_args' from command line to 'None'
[0.412s] Level 5:colcon.colcon_core.verb:set package 'bill_slam' build argument 'catkin_skip_building_tests' from command line to 'False'
[0.412s] DEBUG:colcon.colcon_core.verb:Building package 'bill_slam' with the following arguments: {'ament_cmake_args': None, 'build_base': '/home/bill8/billeagle_ws/bill_ws/build/bill_slam', 'catkin_cmake_args': None, 'catkin_skip_building_tests': False, 'cmake_args': None, 'cmake_clean_cache': False, 'cmake_clean_first': False, 'cmake_force_configure': False, 'cmake_target': None, 'cmake_target_skip_unavailable': False, 'install_base': '/home/bill8/billeagle_ws/bill_ws/install/bill_slam', 'merge_install': False, 'path': '/home/bill8/billeagle_ws/bill_ws/src/bill_slam', 'symlink_install': False, 'test_result_base': None}
[0.412s] INFO:colcon.colcon_core.executor:Executing jobs using 'parallel' executor
[0.414s] DEBUG:colcon.colcon_parallel_executor.executor.parallel:run_until_complete
[0.414s] INFO:colcon.colcon_ros.task.ament_cmake.build:Building ROS package in '/home/bill8/billeagle_ws/bill_ws/src/bill' with build type 'ament_cmake'
[0.414s] INFO:colcon.colcon_cmake.task.cmake.build:Building CMake package in '/home/bill8/billeagle_ws/bill_ws/src/bill'
[0.416s] INFO:colcon.colcon_core.plugin_system:Skipping extension 'colcon_core.shell.bat': Not used on non-Windows systems
[0.416s] INFO:colcon.colcon_core.shell:Skip shell extension 'powershell' for command environment: Not usable outside of PowerShell
[0.416s] DEBUG:colcon.colcon_core.shell:Skip shell extension 'dsv' for command environment
[0.420s] INFO:colcon.colcon_ros.task.ament_cmake.build:Building ROS package in '/home/bill8/billeagle_ws/bill_ws/src/bill_description' with build type 'ament_cmake'
[0.420s] INFO:colcon.colcon_cmake.task.cmake.build:Building CMake package in '/home/bill8/billeagle_ws/bill_ws/src/bill_description'
[0.420s] INFO:colcon.colcon_core.shell:Skip shell extension 'powershell' for command environment: Not usable outside of PowerShell
[0.421s] DEBUG:colcon.colcon_core.shell:Skip shell extension 'dsv' for command environment
[0.424s] INFO:colcon.colcon_ros.task.ament_cmake.build:Building ROS package in '/home/bill8/billeagle_ws/bill_ws/src/bill_nav' with build type 'ament_cmake'
[0.424s] INFO:colcon.colcon_cmake.task.cmake.build:Building CMake package in '/home/bill8/billeagle_ws/bill_ws/src/bill_nav'
[0.424s] INFO:colcon.colcon_core.shell:Skip shell extension 'powershell' for command environment: Not usable outside of PowerShell
[0.425s] DEBUG:colcon.colcon_core.shell:Skip shell extension 'dsv' for command environment
[0.428s] INFO:colcon.colcon_ros.task.ament_cmake.build:Building ROS package in '/home/bill8/billeagle_ws/bill_ws/src/bill_slam' with build type 'ament_cmake'
[0.428s] INFO:colcon.colcon_cmake.task.cmake.build:Building CMake package in '/home/bill8/billeagle_ws/bill_ws/src/bill_slam'
[0.428s] INFO:colcon.colcon_core.shell:Skip shell extension 'powershell' for command environment: Not usable outside of PowerShell
[0.429s] DEBUG:colcon.colcon_core.shell:Skip shell extension 'dsv' for command environment
[0.438s] DEBUG:colcon.colcon_core.event_handler.log_command:Invoking command in '/home/bill8/billeagle_ws/bill_ws/build/bill': CMAKE_PREFIX_PATH=${CMAKE_PREFIX_PATH}:/opt/ros/humble CONDA_PROMPT_MODIFIER=(base) /home/bill8/.local/bin/cmake /home/bill8/billeagle_ws/bill_ws/src/bill -DCMAKE_INSTALL_PREFIX=/home/bill8/billeagle_ws/bill_ws/install/bill
[0.443s] DEBUG:colcon.colcon_core.event_handler.log_command:Invoking command in '/home/bill8/billeagle_ws/bill_ws/build/bill_description': CMAKE_PREFIX_PATH=${CMAKE_PREFIX_PATH}:/opt/ros/humble CONDA_PROMPT_MODIFIER=(base) /home/bill8/.local/bin/cmake /home/bill8/billeagle_ws/bill_ws/src/bill_description -DCMAKE_INSTALL_PREFIX=/home/bill8/billeagle_ws/bill_ws/install/bill_description
[0.447s] DEBUG:colcon.colcon_core.event_handler.log_command:Invoking command in '/home/bill8/billeagle_ws/bill_ws/build/bill_nav': CMAKE_PREFIX_PATH=${CMAKE_PREFIX_PATH}:/opt/ros/humble CONDA_PROMPT_MODIFIER=(base) /home/bill8/.local/bin/cmake /home/bill8/billeagle_ws/bill_ws/src/bill_nav -DCMAKE_INSTALL_PREFIX=/home/bill8/billeagle_ws/bill_ws/install/bill_nav
[0.455s] DEBUG:colcon.colcon_core.event_handler.log_command:Invoking command in '/home/bill8/billeagle_ws/bill_ws/build/bill_slam': CMAKE_PREFIX_PATH=${CMAKE_PREFIX_PATH}:/opt/ros/humble CONDA_PROMPT_MODIFIER=(base) /home/bill8/.local/bin/cmake /home/bill8/billeagle_ws/bill_ws/src/bill_slam -DCMAKE_INSTALL_PREFIX=/home/bill8/billeagle_ws/bill_ws/install/bill_slam
[1.235s] DEBUG:colcon.colcon_core.event_handler.log_command:Invoked command in '/home/bill8/billeagle_ws/bill_ws/build/bill_nav' returned '0': CMAKE_PREFIX_PATH=${CMAKE_PREFIX_PATH}:/opt/ros/humble CONDA_PROMPT_MODIFIER=(base) /home/bill8/.local/bin/cmake /home/bill8/billeagle_ws/bill_ws/src/bill_nav -DCMAKE_INSTALL_PREFIX=/home/bill8/billeagle_ws/bill_ws/install/bill_nav
[1.239s] DEBUG:colcon.colcon_core.event_handler.log_command:Invoking command in '/home/bill8/billeagle_ws/bill_ws/build/bill_nav': CMAKE_PREFIX_PATH=${CMAKE_PREFIX_PATH}:/opt/ros/humble CONDA_PROMPT_MODIFIER=(base) /home/bill8/.local/bin/cmake --build /home/bill8/billeagle_ws/bill_ws/build/bill_nav -- -j16 -l16
[1.241s] DEBUG:colcon.colcon_core.event_handler.log_command:Invoked command in '/home/bill8/billeagle_ws/bill_ws/build/bill_slam' returned '0': CMAKE_PREFIX_PATH=${CMAKE_PREFIX_PATH}:/opt/ros/humble CONDA_PROMPT_MODIFIER=(base) /home/bill8/.local/bin/cmake /home/bill8/billeagle_ws/bill_ws/src/bill_slam -DCMAKE_INSTALL_PREFIX=/home/bill8/billeagle_ws/bill_ws/install/bill_slam
[1.243s] DEBUG:colcon.colcon_core.event_handler.log_command:Invoking command in '/home/bill8/billeagle_ws/bill_ws/build/bill_slam': CMAKE_PREFIX_PATH=${CMAKE_PREFIX_PATH}:/opt/ros/humble CONDA_PROMPT_MODIFIER=(base) /home/bill8/.local/bin/cmake --build /home/bill8/billeagle_ws/bill_ws/build/bill_slam -- -j16 -l16
[1.246s] DEBUG:colcon.colcon_core.event_handler.log_command:Invoked command in '/home/bill8/billeagle_ws/bill_ws/build/bill' returned '0': CMAKE_PREFIX_PATH=${CMAKE_PREFIX_PATH}:/opt/ros/humble CONDA_PROMPT_MODIFIER=(base) /home/bill8/.local/bin/cmake /home/bill8/billeagle_ws/bill_ws/src/bill -DCMAKE_INSTALL_PREFIX=/home/bill8/billeagle_ws/bill_ws/install/bill
[1.250s] DEBUG:colcon.colcon_core.event_handler.log_command:Invoking command in '/home/bill8/billeagle_ws/bill_ws/build/bill': CMAKE_PREFIX_PATH=${CMAKE_PREFIX_PATH}:/opt/ros/humble CONDA_PROMPT_MODIFIER=(base) /home/bill8/.local/bin/cmake --build /home/bill8/billeagle_ws/bill_ws/build/bill -- -j16 -l16
[1.251s] DEBUG:colcon.colcon_core.event_handler.log_command:Invoked command in '/home/bill8/billeagle_ws/bill_ws/build/bill_description' returned '0': CMAKE_PREFIX_PATH=${CMAKE_PREFIX_PATH}:/opt/ros/humble CONDA_PROMPT_MODIFIER=(base) /home/bill8/.local/bin/cmake /home/bill8/billeagle_ws/bill_ws/src/bill_description -DCMAKE_INSTALL_PREFIX=/home/bill8/billeagle_ws/bill_ws/install/bill_description
[1.254s] DEBUG:colcon.colcon_core.event_handler.log_command:Invoking command in '/home/bill8/billeagle_ws/bill_ws/build/bill_description': CMAKE_PREFIX_PATH=${CMAKE_PREFIX_PATH}:/opt/ros/humble CONDA_PROMPT_MODIFIER=(base) /home/bill8/.local/bin/cmake --build /home/bill8/billeagle_ws/bill_ws/build/bill_description -- -j16 -l16
[1.411s] DEBUG:colcon.colcon_core.event_handler.log_command:Invoked command in '/home/bill8/billeagle_ws/bill_ws/build/bill_nav' returned '0': CMAKE_PREFIX_PATH=${CMAKE_PREFIX_PATH}:/opt/ros/humble CONDA_PROMPT_MODIFIER=(base) /home/bill8/.local/bin/cmake --build /home/bill8/billeagle_ws/bill_ws/build/bill_nav -- -j16 -l16
[1.520s] DEBUG:colcon.colcon_core.event_handler.log_command:Invoking command in '/home/bill8/billeagle_ws/bill_ws/build/bill_nav': CMAKE_PREFIX_PATH=${CMAKE_PREFIX_PATH}:/opt/ros/humble CONDA_PROMPT_MODIFIER=(base) /home/bill8/.local/bin/cmake --install /home/bill8/billeagle_ws/bill_ws/build/bill_nav
[1.523s] DEBUG:colcon.colcon_core.event_handler.log_command:Invoked command in '/home/bill8/billeagle_ws/bill_ws/build/bill_slam' returned '0': CMAKE_PREFIX_PATH=${CMAKE_PREFIX_PATH}:/opt/ros/humble CONDA_PROMPT_MODIFIER=(base) /home/bill8/.local/bin/cmake --build /home/bill8/billeagle_ws/bill_ws/build/bill_slam -- -j16 -l16
[1.524s] DEBUG:colcon.colcon_core.event_handler.log_command:Invoking command in '/home/bill8/billeagle_ws/bill_ws/build/bill_slam': CMAKE_PREFIX_PATH=${CMAKE_PREFIX_PATH}:/opt/ros/humble CONDA_PROMPT_MODIFIER=(base) /home/bill8/.local/bin/cmake --install /home/bill8/billeagle_ws/bill_ws/build/bill_slam
[1.524s] DEBUG:colcon.colcon_core.event_handler.log_command:Invoked command in '/home/bill8/billeagle_ws/bill_ws/build/bill' returned '0': CMAKE_PREFIX_PATH=${CMAKE_PREFIX_PATH}:/opt/ros/humble CONDA_PROMPT_MODIFIER=(base) /home/bill8/.local/bin/cmake --build /home/bill8/billeagle_ws/bill_ws/build/bill -- -j16 -l16
[1.527s] DEBUG:colcon.colcon_core.event_handler.log_command:Invoking command in '/home/bill8/billeagle_ws/bill_ws/build/bill': CMAKE_PREFIX_PATH=${CMAKE_PREFIX_PATH}:/opt/ros/humble CONDA_PROMPT_MODIFIER=(base) /home/bill8/.local/bin/cmake --install /home/bill8/billeagle_ws/bill_ws/build/bill
[1.528s] DEBUG:colcon.colcon_core.event_handler.log_command:Invoked command in '/home/bill8/billeagle_ws/bill_ws/build/bill_description' returned '0': CMAKE_PREFIX_PATH=${CMAKE_PREFIX_PATH}:/opt/ros/humble CONDA_PROMPT_MODIFIER=(base) /home/bill8/.local/bin/cmake --build /home/bill8/billeagle_ws/bill_ws/build/bill_description -- -j16 -l16
[1.529s] DEBUG:colcon.colcon_core.event_handler.log_command:Invoking command in '/home/bill8/billeagle_ws/bill_ws/build/bill_description': CMAKE_PREFIX_PATH=${CMAKE_PREFIX_PATH}:/opt/ros/humble CONDA_PROMPT_MODIFIER=(base) /home/bill8/.local/bin/cmake --install /home/bill8/billeagle_ws/bill_ws/build/bill_description
[1.675s] Level 1:colcon.colcon_core.environment:create_environment_scripts_only(bill_nav)
[1.686s] Level 1:colcon.colcon_core.environment:checking '/home/bill8/billeagle_ws/bill_ws/install/bill_nav' for CMake module files
[1.688s] Level 1:colcon.colcon_core.environment:checking '/home/bill8/billeagle_ws/bill_ws/install/bill_nav' for CMake config files
[1.691s] Level 1:colcon.colcon_core.shell:create_environment_hook('bill_nav', 'cmake_prefix_path')
[1.692s] INFO:colcon.colcon_core.shell:Creating environment hook '/home/bill8/billeagle_ws/bill_ws/install/bill_nav/share/bill_nav/hook/cmake_prefix_path.ps1'
[1.694s] INFO:colcon.colcon_core.shell:Creating environment descriptor '/home/bill8/billeagle_ws/bill_ws/install/bill_nav/share/bill_nav/hook/cmake_prefix_path.dsv'
[1.696s] INFO:colcon.colcon_core.shell:Creating environment hook '/home/bill8/billeagle_ws/bill_ws/install/bill_nav/share/bill_nav/hook/cmake_prefix_path.sh'
[1.699s] Level 1:colcon.colcon_core.environment:checking '/home/bill8/billeagle_ws/bill_ws/install/bill_nav/bin'
[1.700s] Level 1:colcon.colcon_core.environment:checking '/home/bill8/billeagle_ws/bill_ws/install/bill_nav/lib/pkgconfig/bill_nav.pc'
[1.700s] Level 1:colcon.colcon_core.environment:checking '/home/bill8/billeagle_ws/bill_ws/install/bill_nav/lib/python3.10/site-packages'
[1.701s] Level 1:colcon.colcon_core.environment:checking '/home/bill8/billeagle_ws/bill_ws/install/bill_nav/bin'
[1.702s] INFO:colcon.colcon_core.shell:Creating package script '/home/bill8/billeagle_ws/bill_ws/install/bill_nav/share/bill_nav/package.ps1'
[1.704s] INFO:colcon.colcon_core.shell:Creating package descriptor '/home/bill8/billeagle_ws/bill_ws/install/bill_nav/share/bill_nav/package.dsv'
[1.705s] DEBUG:colcon.colcon_core.event_handler.log_command:Invoked command in '/home/bill8/billeagle_ws/bill_ws/build/bill_nav' returned '0': CMAKE_PREFIX_PATH=${CMAKE_PREFIX_PATH}:/opt/ros/humble CONDA_PROMPT_MODIFIER=(base) /home/bill8/.local/bin/cmake --install /home/bill8/billeagle_ws/bill_ws/build/bill_nav
[1.709s] INFO:colcon.colcon_core.shell:Creating package script '/home/bill8/billeagle_ws/bill_ws/install/bill_nav/share/bill_nav/package.sh'
[1.711s] INFO:colcon.colcon_core.shell:Creating package script '/home/bill8/billeagle_ws/bill_ws/install/bill_nav/share/bill_nav/package.bash'
[1.714s] INFO:colcon.colcon_core.shell:Creating package script '/home/bill8/billeagle_ws/bill_ws/install/bill_nav/share/bill_nav/package.zsh'
[1.718s] Level 1:colcon.colcon_core.environment:create_file_with_runtime_dependencies(/home/bill8/billeagle_ws/bill_ws/install/bill_nav/share/colcon-core/packages/bill_nav)
[1.719s] Level 1:colcon.colcon_core.environment:create_environment_scripts_only(bill_nav)
[1.719s] Level 1:colcon.colcon_core.environment:checking '/home/bill8/billeagle_ws/bill_ws/install/bill_nav' for CMake module files
[1.720s] Level 1:colcon.colcon_core.environment:checking '/home/bill8/billeagle_ws/bill_ws/install/bill_nav' for CMake config files
[1.720s] Level 1:colcon.colcon_core.shell:create_environment_hook('bill_nav', 'cmake_prefix_path')
[1.721s] INFO:colcon.colcon_core.shell:Creating environment hook '/home/bill8/billeagle_ws/bill_ws/install/bill_nav/share/bill_nav/hook/cmake_prefix_path.ps1'
[1.722s] INFO:colcon.colcon_core.shell:Creating environment descriptor '/home/bill8/billeagle_ws/bill_ws/install/bill_nav/share/bill_nav/hook/cmake_prefix_path.dsv'
[1.722s] INFO:colcon.colcon_core.shell:Creating environment hook '/home/bill8/billeagle_ws/bill_ws/install/bill_nav/share/bill_nav/hook/cmake_prefix_path.sh'
[1.723s] Level 1:colcon.colcon_core.environment:checking '/home/bill8/billeagle_ws/bill_ws/install/bill_nav/bin'
[1.723s] Level 1:colcon.colcon_core.environment:checking '/home/bill8/billeagle_ws/bill_ws/install/bill_nav/lib/pkgconfig/bill_nav.pc'
[1.723s] Level 1:colcon.colcon_core.environment:checking '/home/bill8/billeagle_ws/bill_ws/install/bill_nav/lib/python3.10/site-packages'
[1.724s] Level 1:colcon.colcon_core.environment:checking '/home/bill8/billeagle_ws/bill_ws/install/bill_nav/bin'
[1.724s] INFO:colcon.colcon_core.shell:Creating package script '/home/bill8/billeagle_ws/bill_ws/install/bill_nav/share/bill_nav/package.ps1'
[1.725s] INFO:colcon.colcon_core.shell:Creating package descriptor '/home/bill8/billeagle_ws/bill_ws/install/bill_nav/share/bill_nav/package.dsv'
[1.725s] INFO:colcon.colcon_core.shell:Creating package script '/home/bill8/billeagle_ws/bill_ws/install/bill_nav/share/bill_nav/package.sh'
[1.726s] INFO:colcon.colcon_core.shell:Creating package script '/home/bill8/billeagle_ws/bill_ws/install/bill_nav/share/bill_nav/package.bash'
[1.726s] INFO:colcon.colcon_core.shell:Creating package script '/home/bill8/billeagle_ws/bill_ws/install/bill_nav/share/bill_nav/package.zsh'
[1.727s] Level 1:colcon.colcon_core.environment:create_file_with_runtime_dependencies(/home/bill8/billeagle_ws/bill_ws/install/bill_nav/share/colcon-core/packages/bill_nav)
[1.729s] Level 1:colcon.colcon_core.environment:create_environment_scripts_only(bill_description)
[1.730s] Level 1:colcon.colcon_core.environment:checking '/home/bill8/billeagle_ws/bill_ws/install/bill_description' for CMake module files
[1.730s] DEBUG:colcon.colcon_core.event_handler.log_command:Invoked command in '/home/bill8/billeagle_ws/bill_ws/build/bill_description' returned '0': CMAKE_PREFIX_PATH=${CMAKE_PREFIX_PATH}:/opt/ros/humble CONDA_PROMPT_MODIFIER=(base) /home/bill8/.local/bin/cmake --install /home/bill8/billeagle_ws/bill_ws/build/bill_description
[1.731s] Level 1:colcon.colcon_core.environment:checking '/home/bill8/billeagle_ws/bill_ws/install/bill_description' for CMake config files
[1.731s] Level 1:colcon.colcon_core.shell:create_environment_hook('bill_description', 'cmake_prefix_path')
[1.732s] INFO:colcon.colcon_core.shell:Creating environment hook '/home/bill8/billeagle_ws/bill_ws/install/bill_description/share/bill_description/hook/cmake_prefix_path.ps1'
[1.732s] INFO:colcon.colcon_core.shell:Creating environment descriptor '/home/bill8/billeagle_ws/bill_ws/install/bill_description/share/bill_description/hook/cmake_prefix_path.dsv'
[1.732s] INFO:colcon.colcon_core.shell:Creating environment hook '/home/bill8/billeagle_ws/bill_ws/install/bill_description/share/bill_description/hook/cmake_prefix_path.sh'
[1.733s] Level 1:colcon.colcon_core.environment:checking '/home/bill8/billeagle_ws/bill_ws/install/bill_description/bin'
[1.733s] Level 1:colcon.colcon_core.environment:checking '/home/bill8/billeagle_ws/bill_ws/install/bill_description/lib/pkgconfig/bill_description.pc'
[1.734s] Level 1:colcon.colcon_core.environment:checking '/home/bill8/billeagle_ws/bill_ws/install/bill_description/lib/python3.10/site-packages'
[1.734s] Level 1:colcon.colcon_core.environment:checking '/home/bill8/billeagle_ws/bill_ws/install/bill_description/bin'
[1.734s] INFO:colcon.colcon_core.shell:Creating package script '/home/bill8/billeagle_ws/bill_ws/install/bill_description/share/bill_description/package.ps1'
[1.735s] INFO:colcon.colcon_core.shell:Creating package descriptor '/home/bill8/billeagle_ws/bill_ws/install/bill_description/share/bill_description/package.dsv'
[1.735s] INFO:colcon.colcon_core.shell:Creating package script '/home/bill8/billeagle_ws/bill_ws/install/bill_description/share/bill_description/package.sh'
[1.736s] INFO:colcon.colcon_core.shell:Creating package script '/home/bill8/billeagle_ws/bill_ws/install/bill_description/share/bill_description/package.bash'
[1.736s] INFO:colcon.colcon_core.shell:Creating package script '/home/bill8/billeagle_ws/bill_ws/install/bill_description/share/bill_description/package.zsh'
[1.737s] Level 1:colcon.colcon_core.environment:create_file_with_runtime_dependencies(/home/bill8/billeagle_ws/bill_ws/install/bill_description/share/colcon-core/packages/bill_description)
[1.737s] Level 1:colcon.colcon_core.environment:create_environment_scripts_only(bill_description)
[1.738s] Level 1:colcon.colcon_core.environment:checking '/home/bill8/billeagle_ws/bill_ws/install/bill_description' for CMake module files
[1.738s] Level 1:colcon.colcon_core.environment:checking '/home/bill8/billeagle_ws/bill_ws/install/bill_description' for CMake config files
[1.738s] Level 1:colcon.colcon_core.shell:create_environment_hook('bill_description', 'cmake_prefix_path')
[1.739s] INFO:colcon.colcon_core.shell:Creating environment hook '/home/bill8/billeagle_ws/bill_ws/install/bill_description/share/bill_description/hook/cmake_prefix_path.ps1'
[1.739s] INFO:colcon.colcon_core.shell:Creating environment descriptor '/home/bill8/billeagle_ws/bill_ws/install/bill_description/share/bill_description/hook/cmake_prefix_path.dsv'
[1.740s] INFO:colcon.colcon_core.shell:Creating environment hook '/home/bill8/billeagle_ws/bill_ws/install/bill_description/share/bill_description/hook/cmake_prefix_path.sh'
[1.740s] Level 1:colcon.colcon_core.environment:checking '/home/bill8/billeagle_ws/bill_ws/install/bill_description/bin'
[1.740s] Level 1:colcon.colcon_core.environment:checking '/home/bill8/billeagle_ws/bill_ws/install/bill_description/lib/pkgconfig/bill_description.pc'
[1.741s] Level 1:colcon.colcon_core.environment:checking '/home/bill8/billeagle_ws/bill_ws/install/bill_description/lib/python3.10/site-packages'
[1.741s] Level 1:colcon.colcon_core.environment:checking '/home/bill8/billeagle_ws/bill_ws/install/bill_description/bin'
[1.741s] INFO:colcon.colcon_core.shell:Creating package script '/home/bill8/billeagle_ws/bill_ws/install/bill_description/share/bill_description/package.ps1'
[1.742s] INFO:colcon.colcon_core.shell:Creating package descriptor '/home/bill8/billeagle_ws/bill_ws/install/bill_description/share/bill_description/package.dsv'
[1.743s] INFO:colcon.colcon_core.shell:Creating package script '/home/bill8/billeagle_ws/bill_ws/install/bill_description/share/bill_description/package.sh'
[1.743s] INFO:colcon.colcon_core.shell:Creating package script '/home/bill8/billeagle_ws/bill_ws/install/bill_description/share/bill_description/package.bash'
[1.743s] INFO:colcon.colcon_core.shell:Creating package script '/home/bill8/billeagle_ws/bill_ws/install/bill_description/share/bill_description/package.zsh'
[1.744s] Level 1:colcon.colcon_core.environment:create_file_with_runtime_dependencies(/home/bill8/billeagle_ws/bill_ws/install/bill_description/share/colcon-core/packages/bill_description)
[1.744s] Level 1:colcon.colcon_core.environment:create_environment_scripts_only(bill)
[1.744s] Level 1:colcon.colcon_core.environment:checking '/home/bill8/billeagle_ws/bill_ws/install/bill' for CMake module files
[1.745s] Level 1:colcon.colcon_core.environment:checking '/home/bill8/billeagle_ws/bill_ws/install/bill' for CMake config files
[1.746s] DEBUG:colcon.colcon_core.event_handler.log_command:Invoked command in '/home/bill8/billeagle_ws/bill_ws/build/bill' returned '0': CMAKE_PREFIX_PATH=${CMAKE_PREFIX_PATH}:/opt/ros/humble CONDA_PROMPT_MODIFIER=(base) /home/bill8/.local/bin/cmake --install /home/bill8/billeagle_ws/bill_ws/build/bill
[1.746s] Level 1:colcon.colcon_core.shell:create_environment_hook('bill', 'cmake_prefix_path')
[1.746s] INFO:colcon.colcon_core.shell:Creating environment hook '/home/bill8/billeagle_ws/bill_ws/install/bill/share/bill/hook/cmake_prefix_path.ps1'
[1.747s] INFO:colcon.colcon_core.shell:Creating environment descriptor '/home/bill8/billeagle_ws/bill_ws/install/bill/share/bill/hook/cmake_prefix_path.dsv'
[1.747s] INFO:colcon.colcon_core.shell:Creating environment hook '/home/bill8/billeagle_ws/bill_ws/install/bill/share/bill/hook/cmake_prefix_path.sh'
[1.748s] Level 1:colcon.colcon_core.environment:checking '/home/bill8/billeagle_ws/bill_ws/install/bill/bin'
[1.748s] Level 1:colcon.colcon_core.environment:checking '/home/bill8/billeagle_ws/bill_ws/install/bill/lib/pkgconfig/bill.pc'
[1.748s] Level 1:colcon.colcon_core.environment:checking '/home/bill8/billeagle_ws/bill_ws/install/bill/lib/python3.10/site-packages'
[1.749s] Level 1:colcon.colcon_core.environment:checking '/home/bill8/billeagle_ws/bill_ws/install/bill/bin'
[1.749s] INFO:colcon.colcon_core.shell:Creating package script '/home/bill8/billeagle_ws/bill_ws/install/bill/share/bill/package.ps1'
[1.750s] INFO:colcon.colcon_core.shell:Creating package descriptor '/home/bill8/billeagle_ws/bill_ws/install/bill/share/bill/package.dsv'
[1.750s] INFO:colcon.colcon_core.shell:Creating package script '/home/bill8/billeagle_ws/bill_ws/install/bill/share/bill/package.sh'
[1.750s] INFO:colcon.colcon_core.shell:Creating package script '/home/bill8/billeagle_ws/bill_ws/install/bill/share/bill/package.bash'
[1.751s] INFO:colcon.colcon_core.shell:Creating package script '/home/bill8/billeagle_ws/bill_ws/install/bill/share/bill/package.zsh'
[1.751s] Level 1:colcon.colcon_core.environment:create_file_with_runtime_dependencies(/home/bill8/billeagle_ws/bill_ws/install/bill/share/colcon-core/packages/bill)
[1.752s] Level 1:colcon.colcon_core.environment:create_environment_scripts_only(bill)
[1.752s] Level 1:colcon.colcon_core.environment:checking '/home/bill8/billeagle_ws/bill_ws/install/bill' for CMake module files
[1.753s] Level 1:colcon.colcon_core.environment:checking '/home/bill8/billeagle_ws/bill_ws/install/bill' for CMake config files
[1.753s] Level 1:colcon.colcon_core.shell:create_environment_hook('bill', 'cmake_prefix_path')
[1.753s] INFO:colcon.colcon_core.shell:Creating environment hook '/home/bill8/billeagle_ws/bill_ws/install/bill/share/bill/hook/cmake_prefix_path.ps1'
[1.754s] INFO:colcon.colcon_core.shell:Creating environment descriptor '/home/bill8/billeagle_ws/bill_ws/install/bill/share/bill/hook/cmake_prefix_path.dsv'
[1.754s] INFO:colcon.colcon_core.shell:Creating environment hook '/home/bill8/billeagle_ws/bill_ws/install/bill/share/bill/hook/cmake_prefix_path.sh'
[1.755s] Level 1:colcon.colcon_core.environment:checking '/home/bill8/billeagle_ws/bill_ws/install/bill/bin'
[1.755s] Level 1:colcon.colcon_core.environment:checking '/home/bill8/billeagle_ws/bill_ws/install/bill/lib/pkgconfig/bill.pc'
[1.755s] Level 1:colcon.colcon_core.environment:checking '/home/bill8/billeagle_ws/bill_ws/install/bill/lib/python3.10/site-packages'
[1.755s] Level 1:colcon.colcon_core.environment:checking '/home/bill8/billeagle_ws/bill_ws/install/bill/bin'
[1.756s] INFO:colcon.colcon_core.shell:Creating package script '/home/bill8/billeagle_ws/bill_ws/install/bill/share/bill/package.ps1'
[1.756s] INFO:colcon.colcon_core.shell:Creating package descriptor '/home/bill8/billeagle_ws/bill_ws/install/bill/share/bill/package.dsv'
[1.757s] INFO:colcon.colcon_core.shell:Creating package script '/home/bill8/billeagle_ws/bill_ws/install/bill/share/bill/package.sh'
[1.757s] INFO:colcon.colcon_core.shell:Creating package script '/home/bill8/billeagle_ws/bill_ws/install/bill/share/bill/package.bash'
[1.758s] INFO:colcon.colcon_core.shell:Creating package script '/home/bill8/billeagle_ws/bill_ws/install/bill/share/bill/package.zsh'
[1.758s] Level 1:colcon.colcon_core.environment:create_file_with_runtime_dependencies(/home/bill8/billeagle_ws/bill_ws/install/bill/share/colcon-core/packages/bill)
[1.758s] Level 1:colcon.colcon_core.environment:create_environment_scripts_only(bill_slam)
[1.759s] Level 1:colcon.colcon_core.environment:checking '/home/bill8/billeagle_ws/bill_ws/install/bill_slam' for CMake module files
[1.760s] DEBUG:colcon.colcon_core.event_handler.log_command:Invoked command in '/home/bill8/billeagle_ws/bill_ws/build/bill_slam' returned '0': CMAKE_PREFIX_PATH=${CMAKE_PREFIX_PATH}:/opt/ros/humble CONDA_PROMPT_MODIFIER=(base) /home/bill8/.local/bin/cmake --install /home/bill8/billeagle_ws/bill_ws/build/bill_slam
[1.760s] Level 1:colcon.colcon_core.environment:checking '/home/bill8/billeagle_ws/bill_ws/install/bill_slam' for CMake config files
[1.760s] Level 1:colcon.colcon_core.shell:create_environment_hook('bill_slam', 'cmake_prefix_path')
[1.760s] INFO:colcon.colcon_core.shell:Creating environment hook '/home/bill8/billeagle_ws/bill_ws/install/bill_slam/share/bill_slam/hook/cmake_prefix_path.ps1'
[1.761s] INFO:colcon.colcon_core.shell:Creating environment descriptor '/home/bill8/billeagle_ws/bill_ws/install/bill_slam/share/bill_slam/hook/cmake_prefix_path.dsv'
[1.761s] INFO:colcon.colcon_core.shell:Creating environment hook '/home/bill8/billeagle_ws/bill_ws/install/bill_slam/share/bill_slam/hook/cmake_prefix_path.sh'
[1.762s] Level 1:colcon.colcon_core.environment:checking '/home/bill8/billeagle_ws/bill_ws/install/bill_slam/bin'
[1.762s] Level 1:colcon.colcon_core.environment:checking '/home/bill8/billeagle_ws/bill_ws/install/bill_slam/lib/pkgconfig/bill_slam.pc'
[1.762s] Level 1:colcon.colcon_core.environment:checking '/home/bill8/billeagle_ws/bill_ws/install/bill_slam/lib/python3.10/site-packages'
[1.762s] Level 1:colcon.colcon_core.environment:checking '/home/bill8/billeagle_ws/bill_ws/install/bill_slam/bin'
[1.763s] INFO:colcon.colcon_core.shell:Creating package script '/home/bill8/billeagle_ws/bill_ws/install/bill_slam/share/bill_slam/package.ps1'
[1.763s] INFO:colcon.colcon_core.shell:Creating package descriptor '/home/bill8/billeagle_ws/bill_ws/install/bill_slam/share/bill_slam/package.dsv'
[1.764s] INFO:colcon.colcon_core.shell:Creating package script '/home/bill8/billeagle_ws/bill_ws/install/bill_slam/share/bill_slam/package.sh'
[1.764s] INFO:colcon.colcon_core.shell:Creating package script '/home/bill8/billeagle_ws/bill_ws/install/bill_slam/share/bill_slam/package.bash'
[1.764s] INFO:colcon.colcon_core.shell:Creating package script '/home/bill8/billeagle_ws/bill_ws/install/bill_slam/share/bill_slam/package.zsh'
[1.765s] Level 1:colcon.colcon_core.environment:create_file_with_runtime_dependencies(/home/bill8/billeagle_ws/bill_ws/install/bill_slam/share/colcon-core/packages/bill_slam)
[1.765s] Level 1:colcon.colcon_core.environment:create_environment_scripts_only(bill_slam)
[1.766s] Level 1:colcon.colcon_core.environment:checking '/home/bill8/billeagle_ws/bill_ws/install/bill_slam' for CMake module files
[1.766s] Level 1:colcon.colcon_core.environment:checking '/home/bill8/billeagle_ws/bill_ws/install/bill_slam' for CMake config files
[1.766s] Level 1:colcon.colcon_core.shell:create_environment_hook('bill_slam', 'cmake_prefix_path')
[1.767s] INFO:colcon.colcon_core.shell:Creating environment hook '/home/bill8/billeagle_ws/bill_ws/install/bill_slam/share/bill_slam/hook/cmake_prefix_path.ps1'
[1.767s] INFO:colcon.colcon_core.shell:Creating environment descriptor '/home/bill8/billeagle_ws/bill_ws/install/bill_slam/share/bill_slam/hook/cmake_prefix_path.dsv'
[1.767s] INFO:colcon.colcon_core.shell:Creating environment hook '/home/bill8/billeagle_ws/bill_ws/install/bill_slam/share/bill_slam/hook/cmake_prefix_path.sh'
[1.768s] Level 1:colcon.colcon_core.environment:checking '/home/bill8/billeagle_ws/bill_ws/install/bill_slam/bin'
[1.768s] Level 1:colcon.colcon_core.environment:checking '/home/bill8/billeagle_ws/bill_ws/install/bill_slam/lib/pkgconfig/bill_slam.pc'
[1.768s] Level 1:colcon.colcon_core.environment:checking '/home/bill8/billeagle_ws/bill_ws/install/bill_slam/lib/python3.10/site-packages'
[1.769s] Level 1:colcon.colcon_core.environment:checking '/home/bill8/billeagle_ws/bill_ws/install/bill_slam/bin'
[1.769s] INFO:colcon.colcon_core.shell:Creating package script '/home/bill8/billeagle_ws/bill_ws/install/bill_slam/share/bill_slam/package.ps1'
[1.770s] INFO:colcon.colcon_core.shell:Creating package descriptor '/home/bill8/billeagle_ws/bill_ws/install/bill_slam/share/bill_slam/package.dsv'
[1.770s] INFO:colcon.colcon_core.shell:Creating package script '/home/bill8/billeagle_ws/bill_ws/install/bill_slam/share/bill_slam/package.sh'
[1.771s] INFO:colcon.colcon_core.shell:Creating package script '/home/bill8/billeagle_ws/bill_ws/install/bill_slam/share/bill_slam/package.bash'
[1.771s] INFO:colcon.colcon_core.shell:Creating package script '/home/bill8/billeagle_ws/bill_ws/install/bill_slam/share/bill_slam/package.zsh'
[1.771s] Level 1:colcon.colcon_core.environment:create_file_with_runtime_dependencies(/home/bill8/billeagle_ws/bill_ws/install/bill_slam/share/colcon-core/packages/bill_slam)
[1.772s] DEBUG:colcon.colcon_parallel_executor.executor.parallel:closing loop
[1.772s] DEBUG:colcon.colcon_parallel_executor.executor.parallel:loop closed
[1.772s] DEBUG:colcon.colcon_parallel_executor.executor.parallel:run_until_complete finished with '0'
[1.772s] DEBUG:colcon.colcon_core.event_reactor:joining thread
[1.778s] INFO:colcon.colcon_core.plugin_system:Skipping extension 'colcon_notification.desktop_notification.terminal_notifier': Not used on non-Darwin systems
[1.778s] INFO:colcon.colcon_core.plugin_system:Skipping extension 'colcon_notification.desktop_notification.win32': Not used on non-Windows systems
[1.778s] INFO:colcon.colcon_notification.desktop_notification:Sending desktop notification using 'notify2'
[1.796s] DEBUG:colcon.colcon_core.event_reactor:joined thread
[1.796s] INFO:colcon.colcon_core.shell:Creating prefix script '/home/bill8/billeagle_ws/bill_ws/install/local_setup.ps1'
[1.797s] INFO:colcon.colcon_core.shell:Creating prefix util module '/home/bill8/billeagle_ws/bill_ws/install/_local_setup_util_ps1.py'
[1.799s] INFO:colcon.colcon_core.shell:Creating prefix chain script '/home/bill8/billeagle_ws/bill_ws/install/setup.ps1'
[1.800s] INFO:colcon.colcon_core.shell:Creating prefix script '/home/bill8/billeagle_ws/bill_ws/install/local_setup.sh'
[1.801s] INFO:colcon.colcon_core.shell:Creating prefix util module '/home/bill8/billeagle_ws/bill_ws/install/_local_setup_util_sh.py'
[1.802s] INFO:colcon.colcon_core.shell:Creating prefix chain script '/home/bill8/billeagle_ws/bill_ws/install/setup.sh'
[1.803s] INFO:colcon.colcon_core.shell:Creating prefix script '/home/bill8/billeagle_ws/bill_ws/install/local_setup.bash'
[1.804s] INFO:colcon.colcon_core.shell:Creating prefix chain script '/home/bill8/billeagle_ws/bill_ws/install/setup.bash'
[1.805s] INFO:colcon.colcon_core.shell:Creating prefix script '/home/bill8/billeagle_ws/bill_ws/install/local_setup.zsh'
[1.806s] INFO:colcon.colcon_core.shell:Creating prefix chain script '/home/bill8/billeagle_ws/bill_ws/install/setup.zsh'
