[0.008s] Invoking command in '/home/vic/billeagle_ws/bill_ws/build/rf2o_laser_odometry': /usr/bin/cmake /home/vic/billeagle_ws/bill_ws/src/rf2o_laser_odometry -DCMAKE_INSTALL_PREFIX=/home/vic/billeagle_ws/bill_ws/install/rf2o_laser_odometry
[0.178s] -- The C compiler identification is GNU 11.4.0
[0.243s] -- The CXX compiler identification is GNU 11.4.0
[0.249s] -- Detecting C compiler ABI info
[0.301s] -- Detecting C compiler ABI info - done
[0.307s] -- Check for working C compiler: /usr/bin/cc - skipped
[0.308s] -- Detecting C compile features
[0.309s] -- Detecting C compile features - done
[0.311s] -- Detecting CXX compiler ABI info
[0.367s] -- Detecting CXX compiler ABI info - done
[0.372s] -- Check for working CXX compiler: /usr/bin/c++ - skipped
[0.372s] -- Detecting CXX compile features
[0.373s] -- Detecting CXX compile features - done
[0.375s] -- Found ament_cmake: 1.3.11 (/opt/ros/humble/share/ament_cmake/cmake)
[0.472s] -- Found Python3: /usr/bin/python3 (found version "3.10.12") found components: Interpreter 
[0.530s] -- Found rclcpp: 16.0.11 (/opt/ros/humble/share/rclcpp/cmake)
[0.565s] -- Found rosidl_generator_c: 3.1.6 (/opt/ros/humble/share/rosidl_generator_c/cmake)
[0.570s] -- Found rosidl_adapter: 3.1.6 (/opt/ros/humble/share/rosidl_adapter/cmake)
[0.578s] -- Found rosidl_generator_cpp: 3.1.6 (/opt/ros/humble/share/rosidl_generator_cpp/cmake)
[0.586s] -- Using all available rosidl_typesupport_c: rosidl_typesupport_fastrtps_c;rosidl_typesupport_introspection_c
[0.597s] -- Using all available rosidl_typesupport_cpp: rosidl_typesupport_fastrtps_cpp;rosidl_typesupport_introspection_cpp
[0.627s] -- Found rmw_implementation_cmake: 6.1.2 (/opt/ros/humble/share/rmw_implementation_cmake/cmake)
[0.629s] -- Found rmw_fastrtps_cpp: 6.2.7 (/opt/ros/humble/share/rmw_fastrtps_cpp/cmake)
[0.695s] -- Found OpenSSL: /usr/lib/x86_64-linux-gnu/libcrypto.so (found version "3.0.2")  
[0.714s] -- Found FastRTPS: /opt/ros/humble/include  
[0.741s] -- Using RMW implementation 'rmw_fastrtps_cpp' as default
[0.761s] -- Looking for pthread.h
[0.826s] -- Looking for pthread.h - found
[0.826s] -- Performing Test CMAKE_HAVE_LIBC_PTHREAD
[0.879s] -- Performing Test CMAKE_HAVE_LIBC_PTHREAD - Success
[0.880s] -- Found Threads: TRUE  
[0.918s] -- Found geometry_msgs: 4.2.4 (/opt/ros/humble/share/geometry_msgs/cmake)
[0.926s] -- Found tf2_geometry_msgs: 0.25.11 (/opt/ros/humble/share/tf2_geometry_msgs/cmake)
[0.935s] -- Found eigen3_cmake_module: 0.1.1 (/opt/ros/humble/share/eigen3_cmake_module/cmake)
[0.936s] -- Found Eigen3: TRUE (found version "3.4.0") 
[0.936s] -- Ensuring Eigen3 include directory is part of orocos-kdl CMake target
[1.007s] -- Found sensor_msgs: 4.2.4 (/opt/ros/humble/share/sensor_msgs/cmake)
[1.018s] -- Found nav_msgs: 4.2.4 (/opt/ros/humble/share/nav_msgs/cmake)
[1.035s] -- Found Boost: /usr/lib/x86_64-linux-gnu/cmake/Boost-1.74.0/BoostConfig.cmake (found version "1.74.0")  
[1.078s] -- Configuring done
[1.087s] -- Generating done
[1.090s] -- Build files have been written to: /home/vic/billeagle_ws/bill_ws/build/rf2o_laser_odometry
[1.097s] Invoked command in '/home/vic/billeagle_ws/bill_ws/build/rf2o_laser_odometry' returned '0': /usr/bin/cmake /home/vic/billeagle_ws/bill_ws/src/rf2o_laser_odometry -DCMAKE_INSTALL_PREFIX=/home/vic/billeagle_ws/bill_ws/install/rf2o_laser_odometry
[1.097s] Invoking command in '/home/vic/billeagle_ws/bill_ws/build/rf2o_laser_odometry': /usr/bin/cmake --build /home/vic/billeagle_ws/bill_ws/build/rf2o_laser_odometry -- -j16 -l16
[1.134s] [ 60%] [32mBuilding CXX object CMakeFiles/rf2o_laser_odometry_node.dir/src/CLaserOdometry2DNode.cpp.o[0m
[1.134s] [ 60%] [32mBuilding CXX object CMakeFiles/rf2o_laser_odometry_node.dir/src/CLaserOdometry2D.cpp.o[0m
[1.134s] [ 60%] [32mBuilding CXX object CMakeFiles/rf2o_laser_odometry.dir/src/CLaserOdometry2D.cpp.o[0m
[13.824s] [ 80%] [32m[1mLinking CXX executable rf2o_laser_odometry_node[0m
[13.904s] [100%] [32m[1mLinking CXX static library librf2o_laser_odometry.a[0m
[14.153s] [100%] Built target rf2o_laser_odometry
[14.517s] [100%] Built target rf2o_laser_odometry_node
[14.527s] Invoked command in '/home/vic/billeagle_ws/bill_ws/build/rf2o_laser_odometry' returned '0': /usr/bin/cmake --build /home/vic/billeagle_ws/bill_ws/build/rf2o_laser_odometry -- -j16 -l16
[14.528s] Invoking command in '/home/vic/billeagle_ws/bill_ws/build/rf2o_laser_odometry': /usr/bin/cmake --install /home/vic/billeagle_ws/bill_ws/build/rf2o_laser_odometry
[14.534s] -- Install configuration: ""
[14.535s] -- Installing: /home/vic/billeagle_ws/bill_ws/install/rf2o_laser_odometry/lib/rf2o_laser_odometry/rf2o_laser_odometry_node
[14.542s] -- Set runtime path of "/home/vic/billeagle_ws/bill_ws/install/rf2o_laser_odometry/lib/rf2o_laser_odometry/rf2o_laser_odometry_node" to ""
[14.542s] -- Installing: /home/vic/billeagle_ws/bill_ws/install/rf2o_laser_odometry/share/rf2o_laser_odometry/launch
[14.542s] -- Installing: /home/vic/billeagle_ws/bill_ws/install/rf2o_laser_odometry/share/rf2o_laser_odometry/launch/rf2o_laser_odometry.launch.py
[14.542s] -- Installing: /home/vic/billeagle_ws/bill_ws/install/rf2o_laser_odometry/share/ament_index/resource_index/package_run_dependencies/rf2o_laser_odometry
[14.542s] -- Installing: /home/vic/billeagle_ws/bill_ws/install/rf2o_laser_odometry/share/ament_index/resource_index/parent_prefix_path/rf2o_laser_odometry
[14.542s] -- Installing: /home/vic/billeagle_ws/bill_ws/install/rf2o_laser_odometry/share/rf2o_laser_odometry/environment/ament_prefix_path.sh
[14.542s] -- Installing: /home/vic/billeagle_ws/bill_ws/install/rf2o_laser_odometry/share/rf2o_laser_odometry/environment/ament_prefix_path.dsv
[14.542s] -- Installing: /home/vic/billeagle_ws/bill_ws/install/rf2o_laser_odometry/share/rf2o_laser_odometry/environment/path.sh
[14.542s] -- Installing: /home/vic/billeagle_ws/bill_ws/install/rf2o_laser_odometry/share/rf2o_laser_odometry/environment/path.dsv
[14.542s] -- Installing: /home/vic/billeagle_ws/bill_ws/install/rf2o_laser_odometry/share/rf2o_laser_odometry/local_setup.bash
[14.542s] -- Installing: /home/vic/billeagle_ws/bill_ws/install/rf2o_laser_odometry/share/rf2o_laser_odometry/local_setup.sh
[14.543s] -- Installing: /home/vic/billeagle_ws/bill_ws/install/rf2o_laser_odometry/share/rf2o_laser_odometry/local_setup.zsh
[14.543s] -- Installing: /home/vic/billeagle_ws/bill_ws/install/rf2o_laser_odometry/share/rf2o_laser_odometry/local_setup.dsv
[14.543s] -- Installing: /home/vic/billeagle_ws/bill_ws/install/rf2o_laser_odometry/share/rf2o_laser_odometry/package.dsv
[14.543s] -- Installing: /home/vic/billeagle_ws/bill_ws/install/rf2o_laser_odometry/share/ament_index/resource_index/packages/rf2o_laser_odometry
[14.543s] -- Installing: /home/vic/billeagle_ws/bill_ws/install/rf2o_laser_odometry/share/rf2o_laser_odometry/cmake/rf2o_laser_odometryConfig.cmake
[14.543s] -- Installing: /home/vic/billeagle_ws/bill_ws/install/rf2o_laser_odometry/share/rf2o_laser_odometry/cmake/rf2o_laser_odometryConfig-version.cmake
[14.543s] -- Installing: /home/vic/billeagle_ws/bill_ws/install/rf2o_laser_odometry/share/rf2o_laser_odometry/package.xml
[14.544s] Invoked command in '/home/vic/billeagle_ws/bill_ws/build/rf2o_laser_odometry' returned '0': /usr/bin/cmake --install /home/vic/billeagle_ws/bill_ws/build/rf2o_laser_odometry
