[0.032s] Invoking command in '/home/vfran/billeagle_ws/bill_ws/build/bill_slam': CMAKE_PREFIX_PATH=${CMAKE_PREFIX_PATH}:/opt/ros/humble /usr/local/bin/cmake /home/vfran/billeagle_ws/bill_ws/src/bill_slam -DCMAKE_INSTALL_PREFIX=/home/vfran/billeagle_ws/bill_ws/install/bill_slam
[0.124s] -- The C compiler identification is GNU 11.4.0
[0.225s] -- The CXX compiler identification is GNU 11.4.0
[0.236s] -- Detecting C compiler ABI info
[0.334s] -- Detecting C compiler ABI info - done
[0.344s] -- Check for working C compiler: /usr/bin/cc - skipped
[0.345s] -- Detecting C compile features
[0.346s] -- Detecting C compile features - done
[0.351s] -- Detecting CXX compiler ABI info
[0.459s] -- Detecting CXX compiler ABI info - done
[0.475s] -- Check for working CXX compiler: /usr/bin/c++ - skipped
[0.475s] -- Detecting CXX compile features
[0.476s] -- Detecting CXX compile features - done
[0.481s] -- Found ament_cmake: 1.3.11 (/opt/ros/humble/share/ament_cmake/cmake)
[0.664s] -- Found Python3: /usr/bin/python3 (found version "3.10.12") found components: Interpreter 
[0.799s] -- Found ament_lint_auto: 0.12.12 (/opt/ros/humble/share/ament_lint_auto/cmake)
[0.909s] -- Added test 'flake8' to check Python code syntax and style conventions
[0.910s] -- Added test 'lint_cmake' to check CMake code style
[0.911s] -- Added test 'pep257' to check Python code against some of the docstring style conventions in PEP 257
[0.913s] -- Added test 'xmllint' to check XML markup files
[0.915s] -- Configuring done
[0.920s] -- Generating done
[0.924s] -- Build files have been written to: /home/vfran/billeagle_ws/bill_ws/build/bill_slam
[0.934s] Invoked command in '/home/vfran/billeagle_ws/bill_ws/build/bill_slam' returned '0': CMAKE_PREFIX_PATH=${CMAKE_PREFIX_PATH}:/opt/ros/humble /usr/local/bin/cmake /home/vfran/billeagle_ws/bill_ws/src/bill_slam -DCMAKE_INSTALL_PREFIX=/home/vfran/billeagle_ws/bill_ws/install/bill_slam
[0.937s] Invoking command in '/home/vfran/billeagle_ws/bill_ws/build/bill_slam': CMAKE_PREFIX_PATH=${CMAKE_PREFIX_PATH}:/opt/ros/humble /usr/local/bin/cmake --build /home/vfran/billeagle_ws/bill_ws/build/bill_slam -- -j16 -l16
[0.975s] Invoked command in '/home/vfran/billeagle_ws/bill_ws/build/bill_slam' returned '0': CMAKE_PREFIX_PATH=${CMAKE_PREFIX_PATH}:/opt/ros/humble /usr/local/bin/cmake --build /home/vfran/billeagle_ws/bill_ws/build/bill_slam -- -j16 -l16
[0.980s] Invoking command in '/home/vfran/billeagle_ws/bill_ws/build/bill_slam': CMAKE_PREFIX_PATH=${CMAKE_PREFIX_PATH}:/opt/ros/humble /usr/local/bin/cmake --install /home/vfran/billeagle_ws/bill_ws/build/bill_slam
[0.986s] -- Install configuration: ""
[0.986s] -- Installing: /home/vfran/billeagle_ws/bill_ws/install/bill_slam/share/bill_slam/config
[0.986s] -- Installing: /home/vfran/billeagle_ws/bill_ws/install/bill_slam/share/bill_slam/config/slam_toolbox_params.yaml
[0.987s] -- Installing: /home/vfran/billeagle_ws/bill_ws/install/bill_slam/share/bill_slam/config/amcl.config.yaml
[0.987s] -- Installing: /home/vfran/billeagle_ws/bill_ws/install/bill_slam/share/bill_slam/launch
[0.987s] -- Installing: /home/vfran/billeagle_ws/bill_ws/install/bill_slam/share/bill_slam/launch/mapping.launch.py
[0.988s] -- Installing: /home/vfran/billeagle_ws/bill_ws/install/bill_slam/share/bill_slam/launch/amcl.launch.py
[0.988s] -- Installing: /home/vfran/billeagle_ws/bill_ws/install/bill_slam/share/bill_slam/mapas
[0.988s] -- Installing: /home/vfran/billeagle_ws/bill_ws/install/bill_slam/share/bill_slam/mapas/mapa_home_save.pgm
[0.988s] -- Installing: /home/vfran/billeagle_ws/bill_ws/install/bill_slam/share/bill_slam/mapas/clean_map.pgm
[0.988s] -- Installing: /home/vfran/billeagle_ws/bill_ws/install/bill_slam/share/bill_slam/mapas/mapa_home_serial.posegraph
[1.012s] -- Installing: /home/vfran/billeagle_ws/bill_ws/install/bill_slam/share/bill_slam/mapas/mapa_home_serial.data
[1.014s] -- Installing: /home/vfran/billeagle_ws/bill_ws/install/bill_slam/share/bill_slam/mapas/mapa_home.yaml
[1.014s] -- Installing: /home/vfran/billeagle_ws/bill_ws/install/bill_slam/share/bill_slam/mapas/mapa_clean.yaml
[1.014s] -- Installing: /home/vfran/billeagle_ws/bill_ws/install/bill_slam/share/bill_slam/mapas/mapa_athome_serial.data
[1.014s] -- Installing: /home/vfran/billeagle_ws/bill_ws/install/bill_slam/share/bill_slam/mapas/mapa_athome_save.pgm
[1.015s] -- Installing: /home/vfran/billeagle_ws/bill_ws/install/bill_slam/share/bill_slam/mapas/mapa_athome_save.yaml
[1.015s] -- Installing: /home/vfran/billeagle_ws/bill_ws/install/bill_slam/share/bill_slam/mapas/mapa_athome_serial.posegraph
[1.042s] -- Installing: /home/vfran/billeagle_ws/bill_ws/install/bill_slam/share/bill_slam/mapas/mapa_clean.pgm
[1.042s] -- Installing: /home/vfran/billeagle_ws/bill_ws/install/bill_slam/share/ament_index/resource_index/package_run_dependencies/bill_slam
[1.043s] -- Installing: /home/vfran/billeagle_ws/bill_ws/install/bill_slam/share/ament_index/resource_index/parent_prefix_path/bill_slam
[1.043s] -- Installing: /home/vfran/billeagle_ws/bill_ws/install/bill_slam/share/bill_slam/environment/ament_prefix_path.sh
[1.043s] -- Installing: /home/vfran/billeagle_ws/bill_ws/install/bill_slam/share/bill_slam/environment/ament_prefix_path.dsv
[1.043s] -- Installing: /home/vfran/billeagle_ws/bill_ws/install/bill_slam/share/bill_slam/environment/path.sh
[1.043s] -- Installing: /home/vfran/billeagle_ws/bill_ws/install/bill_slam/share/bill_slam/environment/path.dsv
[1.044s] -- Installing: /home/vfran/billeagle_ws/bill_ws/install/bill_slam/share/bill_slam/local_setup.bash
[1.044s] -- Installing: /home/vfran/billeagle_ws/bill_ws/install/bill_slam/share/bill_slam/local_setup.sh
[1.044s] -- Installing: /home/vfran/billeagle_ws/bill_ws/install/bill_slam/share/bill_slam/local_setup.zsh
[1.044s] -- Installing: /home/vfran/billeagle_ws/bill_ws/install/bill_slam/share/bill_slam/local_setup.dsv
[1.045s] -- Installing: /home/vfran/billeagle_ws/bill_ws/install/bill_slam/share/bill_slam/package.dsv
[1.045s] -- Installing: /home/vfran/billeagle_ws/bill_ws/install/bill_slam/share/ament_index/resource_index/packages/bill_slam
[1.045s] -- Installing: /home/vfran/billeagle_ws/bill_ws/install/bill_slam/share/bill_slam/cmake/bill_slamConfig.cmake
[1.045s] -- Installing: /home/vfran/billeagle_ws/bill_ws/install/bill_slam/share/bill_slam/cmake/bill_slamConfig-version.cmake
[1.045s] -- Installing: /home/vfran/billeagle_ws/bill_ws/install/bill_slam/share/bill_slam/package.xml
[1.057s] Invoked command in '/home/vfran/billeagle_ws/bill_ws/build/bill_slam' returned '0': CMAKE_PREFIX_PATH=${CMAKE_PREFIX_PATH}:/opt/ros/humble /usr/local/bin/cmake --install /home/vfran/billeagle_ws/bill_ws/build/bill_slam
