[0.012s] Invoking command in '/home/bill7/billeagle_ws/bill_ws/build/bill': CMAKE_PREFIX_PATH=/opt/ros/humble CONDA_PROMPT_MODIFIER=(bill) /usr/bin/cmake /home/bill7/billeagle_ws/bill_ws/src/bill -DCMAKE_INSTALL_PREFIX=/home/bill7/billeagle_ws/bill_ws/install/bill
[0.077s] -- The C compiler identification is GNU 11.4.0
[0.151s] -- The CXX compiler identification is GNU 11.4.0
[0.160s] -- Detecting C compiler ABI info
[0.216s] -- Detecting C compiler ABI info - done
[0.221s] -- Check for working C compiler: /usr/bin/cc - skipped
[0.221s] -- Detecting C compile features
[0.221s] -- Detecting C compile features - done
[0.223s] -- Detecting CXX compiler ABI info
[0.283s] -- Detecting CXX compiler ABI info - done
[0.289s] -- Check for working CXX compiler: /usr/bin/c++ - skipped
[0.289s] -- Detecting CXX compile features
[0.290s] -- Detecting CXX compile features - done
[0.296s] -- Found ament_cmake: 1.3.11 (/opt/ros/humble/share/ament_cmake/cmake)
[0.574s] -- Found Python3: /home/bill7/miniconda3/envs/bill/bin/python3 (found version "3.10.18") found components: Interpreter 
[0.645s] -- Found ament_lint_auto: 0.12.12 (/opt/ros/humble/share/ament_lint_auto/cmake)
[0.717s] -- Added test 'flake8' to check Python code syntax and style conventions
[0.718s] -- Added test 'lint_cmake' to check CMake code style
[0.719s] -- Added test 'pep257' to check Python code against some of the docstring style conventions in PEP 257
[0.722s] -- Added test 'xmllint' to check XML markup files
[0.723s] -- Configuring done
[0.724s] -- Generating done
[0.724s] -- Build files have been written to: /home/bill7/billeagle_ws/bill_ws/build/bill
[0.727s] Invoked command in '/home/bill7/billeagle_ws/bill_ws/build/bill' returned '0': CMAKE_PREFIX_PATH=/opt/ros/humble CONDA_PROMPT_MODIFIER=(bill) /usr/bin/cmake /home/bill7/billeagle_ws/bill_ws/src/bill -DCMAKE_INSTALL_PREFIX=/home/bill7/billeagle_ws/bill_ws/install/bill
[0.728s] Invoking command in '/home/bill7/billeagle_ws/bill_ws/build/bill': CMAKE_PREFIX_PATH=/opt/ros/humble CONDA_PROMPT_MODIFIER=(bill) /usr/bin/cmake --build /home/bill7/billeagle_ws/bill_ws/build/bill -- -j16 -l16
[0.753s] Invoked command in '/home/bill7/billeagle_ws/bill_ws/build/bill' returned '0': CMAKE_PREFIX_PATH=/opt/ros/humble CONDA_PROMPT_MODIFIER=(bill) /usr/bin/cmake --build /home/bill7/billeagle_ws/bill_ws/build/bill -- -j16 -l16
[0.762s] Invoking command in '/home/bill7/billeagle_ws/bill_ws/build/bill': CMAKE_PREFIX_PATH=/opt/ros/humble CONDA_PROMPT_MODIFIER=(bill) /usr/bin/cmake --install /home/bill7/billeagle_ws/bill_ws/build/bill
[0.765s] -- Install configuration: ""
[0.766s] -- Installing: /home/bill7/billeagle_ws/bill_ws/install/bill/share/bill/config
[0.766s] -- Installing: /home/bill7/billeagle_ws/bill_ws/install/bill/share/bill/config/nav2_params.yaml
[0.766s] -- Installing: /home/bill7/billeagle_ws/bill_ws/install/bill/share/bill/config/gazebo_params.yaml
[0.766s] -- Installing: /home/bill7/billeagle_ws/bill_ws/install/bill/share/bill/config/mecanum_drive_controller.yaml
[0.766s] -- Installing: /home/bill7/billeagle_ws/bill_ws/install/bill/share/bill/config/nav_params.yaml
[0.766s] -- Installing: /home/bill7/billeagle_ws/bill_ws/install/bill/share/bill/config/slam_params.yaml
[0.768s] -- Installing: /home/bill7/billeagle_ws/bill_ws/install/bill/share/bill/config/diff_drive_controller.yaml
[0.768s] -- Installing: /home/bill7/billeagle_ws/bill_ws/install/bill/share/bill/config/amcl.yaml
[0.768s] -- Installing: /home/bill7/billeagle_ws/bill_ws/install/bill/share/bill/config/ekf.yaml
[0.768s] -- Installing: /home/bill7/billeagle_ws/bill_ws/install/bill/share/bill/config/twist_mux_params.yaml
[0.768s] -- Installing: /home/bill7/billeagle_ws/bill_ws/install/bill/share/bill/description
[0.769s] -- Installing: /home/bill7/billeagle_ws/bill_ws/install/bill/share/bill/description/ros2_control.xacro
[0.769s] -- Installing: /home/bill7/billeagle_ws/bill_ws/install/bill/share/bill/description/common.xacro
[0.769s] -- Installing: /home/bill7/billeagle_ws/bill_ws/install/bill/share/bill/description/lidar.xacro
[0.769s] -- Installing: /home/bill7/billeagle_ws/bill_ws/install/bill/share/bill/description/robot_core.xacro
[0.769s] -- Installing: /home/bill7/billeagle_ws/bill_ws/install/bill/share/bill/description/robot.urdf.xacro
[0.769s] -- Installing: /home/bill7/billeagle_ws/bill_ws/install/bill/share/bill/description/gazebo_control.xacro
[0.769s] -- Installing: /home/bill7/billeagle_ws/bill_ws/install/bill/share/bill/launch
[0.769s] -- Installing: /home/bill7/billeagle_ws/bill_ws/install/bill/share/bill/launch/amcl.launch.py
[0.769s] -- Installing: /home/bill7/billeagle_ws/bill_ws/install/bill/share/bill/launch/sim.launch.py
[0.769s] -- Installing: /home/bill7/billeagle_ws/bill_ws/install/bill/share/bill/launch/slam.launch.py
[0.769s] -- Installing: /home/bill7/billeagle_ws/bill_ws/install/bill/share/bill/launch/localization.launch.py
[0.769s] -- Installing: /home/bill7/billeagle_ws/bill_ws/install/bill/share/bill/launch/lidar.launch.py
[0.769s] -- Installing: /home/bill7/billeagle_ws/bill_ws/install/bill/share/bill/launch/nav.launch.py
[0.769s] -- Installing: /home/bill7/billeagle_ws/bill_ws/install/bill/share/bill/launch/robot.launch.py
[0.770s] -- Installing: /home/bill7/billeagle_ws/bill_ws/install/bill/share/bill/launch/rsp.launch.py
[0.770s] -- Installing: /home/bill7/billeagle_ws/bill_ws/install/bill/share/bill/launch/nav2.launch.py
[0.770s] -- Installing: /home/bill7/billeagle_ws/bill_ws/install/bill/share/bill/worlds
[0.770s] -- Installing: /home/bill7/billeagle_ws/bill_ws/install/bill/share/bill/worlds/empty.world
[0.770s] -- Installing: /home/bill7/billeagle_ws/bill_ws/install/bill/share/bill/worlds/test.world
[0.770s] -- Installing: /home/bill7/billeagle_ws/bill_ws/install/bill/share/bill/rviz
[0.770s] -- Installing: /home/bill7/billeagle_ws/bill_ws/install/bill/share/bill/rviz/bot.rviz
[0.770s] -- Installing: /home/bill7/billeagle_ws/bill_ws/install/bill/share/ament_index/resource_index/package_run_dependencies/bill
[0.770s] -- Installing: /home/bill7/billeagle_ws/bill_ws/install/bill/share/ament_index/resource_index/parent_prefix_path/bill
[0.770s] -- Installing: /home/bill7/billeagle_ws/bill_ws/install/bill/share/bill/environment/ament_prefix_path.sh
[0.770s] -- Installing: /home/bill7/billeagle_ws/bill_ws/install/bill/share/bill/environment/ament_prefix_path.dsv
[0.770s] -- Installing: /home/bill7/billeagle_ws/bill_ws/install/bill/share/bill/environment/path.sh
[0.770s] -- Installing: /home/bill7/billeagle_ws/bill_ws/install/bill/share/bill/environment/path.dsv
[0.770s] -- Installing: /home/bill7/billeagle_ws/bill_ws/install/bill/share/bill/local_setup.bash
[0.770s] -- Installing: /home/bill7/billeagle_ws/bill_ws/install/bill/share/bill/local_setup.sh
[0.770s] -- Installing: /home/bill7/billeagle_ws/bill_ws/install/bill/share/bill/local_setup.zsh
[0.770s] -- Installing: /home/bill7/billeagle_ws/bill_ws/install/bill/share/bill/local_setup.dsv
[0.770s] -- Installing: /home/bill7/billeagle_ws/bill_ws/install/bill/share/bill/package.dsv
[0.770s] -- Installing: /home/bill7/billeagle_ws/bill_ws/install/bill/share/ament_index/resource_index/packages/bill
[0.770s] -- Installing: /home/bill7/billeagle_ws/bill_ws/install/bill/share/bill/cmake/billConfig.cmake
[0.770s] -- Installing: /home/bill7/billeagle_ws/bill_ws/install/bill/share/bill/cmake/billConfig-version.cmake
[0.770s] -- Installing: /home/bill7/billeagle_ws/bill_ws/install/bill/share/bill/package.xml
[0.773s] Invoked command in '/home/bill7/billeagle_ws/bill_ws/build/bill' returned '0': CMAKE_PREFIX_PATH=/opt/ros/humble CONDA_PROMPT_MODIFIER=(bill) /usr/bin/cmake --install /home/bill7/billeagle_ws/bill_ws/build/bill
