[0.153s] DEBUG:colcon:Command line arguments: ['/usr/bin/colcon', 'build']
[0.153s] DEBUG:colcon:Parsed command line arguments: Namespace(log_base=None, log_level=None, verb_name='build', build_base='build', install_base='install', merge_install=False, symlink_install=False, test_result_base=None, continue_on_error=False, executor='parallel', parallel_workers=16, event_handlers=None, ignore_user_meta=False, metas=['./colcon.meta'], base_paths=['.'], packages_ignore=None, packages_ignore_regex=None, paths=None, packages_up_to=None, packages_up_to_regex=None, packages_above=None, packages_above_and_dependencies=None, packages_above_depth=None, packages_select_by_dep=None, packages_skip_by_dep=None, packages_skip_up_to=None, packages_select_build_failed=False, packages_skip_build_finished=False, packages_select_test_failures=False, packages_skip_test_passed=False, packages_select=None, packages_skip=None, packages_select_regex=None, packages_skip_regex=None, packages_start=None, packages_end=None, allow_overriding=[], cmake_args=None, cmake_target=None, cmake_target_skip_unavailable=False, cmake_clean_cache=False, cmake_clean_first=False, cmake_force_configure=False, ament_cmake_args=None, catkin_cmake_args=None, catkin_skip_building_tests=False, mixin_files=None, mixin=None, verb_parser=<colcon_mixin.mixin.mixin_argument.MixinArgumentDecorator object at 0x749887a03280>, verb_extension=<colcon_core.verb.build.BuildVerb object at 0x749887a02d40>, main=<bound method BuildVerb.main of <colcon_core.verb.build.BuildVerb object at 0x749887a02d40>>, mixin_verb=('build',))
[0.395s] Level 1:colcon.colcon_core.package_discovery:discover_packages(colcon_meta) check parameters
[0.395s] Level 1:colcon.colcon_core.package_discovery:discover_packages(recursive) check parameters
[0.395s] Level 1:colcon.colcon_core.package_discovery:discover_packages(ignore) check parameters
[0.395s] Level 1:colcon.colcon_core.package_discovery:discover_packages(path) check parameters
[0.395s] Level 1:colcon.colcon_core.package_discovery:discover_packages(colcon_meta) discover
[0.395s] Level 1:colcon.colcon_core.package_discovery:discover_packages(recursive) discover
[0.396s] INFO:colcon.colcon_core.package_discovery:Crawling recursively for packages in '/home/vfran/billeagle_ws/laser_odom_ws'
[0.396s] Level 1:colcon.colcon_core.package_identification:_identify(.) by extensions ['ignore', 'ignore_ament_install']
[0.396s] Level 1:colcon.colcon_core.package_identification:_identify(.) by extension 'ignore'
[0.396s] Level 1:colcon.colcon_core.package_identification:_identify(.) by extension 'ignore_ament_install'
[0.396s] Level 1:colcon.colcon_core.package_identification:_identify(.) by extensions ['colcon_pkg']
[0.396s] Level 1:colcon.colcon_core.package_identification:_identify(.) by extension 'colcon_pkg'
[0.396s] Level 1:colcon.colcon_core.package_identification:_identify(.) by extensions ['colcon_meta']
[0.396s] Level 1:colcon.colcon_core.package_identification:_identify(.) by extension 'colcon_meta'
[0.396s] Level 1:colcon.colcon_core.package_identification:_identify(.) by extensions ['ros']
[0.396s] Level 1:colcon.colcon_core.package_identification:_identify(.) by extension 'ros'
[0.413s] Level 1:colcon.colcon_core.package_identification:_identify(.) by extensions ['cmake', 'python']
[0.413s] Level 1:colcon.colcon_core.package_identification:_identify(.) by extension 'cmake'
[0.414s] Level 1:colcon.colcon_core.package_identification:_identify(.) by extension 'python'
[0.414s] Level 1:colcon.colcon_core.package_identification:_identify(.) by extensions ['python_setup_py']
[0.414s] Level 1:colcon.colcon_core.package_identification:_identify(.) by extension 'python_setup_py'
[0.414s] Level 1:colcon.colcon_core.package_identification:_identify(build) by extensions ['ignore', 'ignore_ament_install']
[0.414s] Level 1:colcon.colcon_core.package_identification:_identify(build) by extension 'ignore'
[0.414s] Level 1:colcon.colcon_core.package_identification:_identify(build) ignored
[0.414s] Level 1:colcon.colcon_core.package_identification:_identify(install) by extensions ['ignore', 'ignore_ament_install']
[0.414s] Level 1:colcon.colcon_core.package_identification:_identify(install) by extension 'ignore'
[0.414s] Level 1:colcon.colcon_core.package_identification:_identify(install) ignored
[0.415s] Level 1:colcon.colcon_core.package_identification:_identify(log) by extensions ['ignore', 'ignore_ament_install']
[0.415s] Level 1:colcon.colcon_core.package_identification:_identify(log) by extension 'ignore'
[0.415s] Level 1:colcon.colcon_core.package_identification:_identify(log) ignored
[0.415s] Level 1:colcon.colcon_core.package_identification:_identify(src) by extensions ['ignore', 'ignore_ament_install']
[0.415s] Level 1:colcon.colcon_core.package_identification:_identify(src) by extension 'ignore'
[0.415s] Level 1:colcon.colcon_core.package_identification:_identify(src) by extension 'ignore_ament_install'
[0.415s] Level 1:colcon.colcon_core.package_identification:_identify(src) by extensions ['colcon_pkg']
[0.415s] Level 1:colcon.colcon_core.package_identification:_identify(src) by extension 'colcon_pkg'
[0.415s] Level 1:colcon.colcon_core.package_identification:_identify(src) by extensions ['colcon_meta']
[0.415s] Level 1:colcon.colcon_core.package_identification:_identify(src) by extension 'colcon_meta'
[0.415s] Level 1:colcon.colcon_core.package_identification:_identify(src) by extensions ['ros']
[0.415s] Level 1:colcon.colcon_core.package_identification:_identify(src) by extension 'ros'
[0.415s] Level 1:colcon.colcon_core.package_identification:_identify(src) by extensions ['cmake', 'python']
[0.415s] Level 1:colcon.colcon_core.package_identification:_identify(src) by extension 'cmake'
[0.416s] Level 1:colcon.colcon_core.package_identification:_identify(src) by extension 'python'
[0.416s] Level 1:colcon.colcon_core.package_identification:_identify(src) by extensions ['python_setup_py']
[0.416s] Level 1:colcon.colcon_core.package_identification:_identify(src) by extension 'python_setup_py'
[0.416s] Level 1:colcon.colcon_core.package_identification:_identify(src/rf2o_laser_odometry) by extensions ['ignore', 'ignore_ament_install']
[0.416s] Level 1:colcon.colcon_core.package_identification:_identify(src/rf2o_laser_odometry) by extension 'ignore'
[0.416s] Level 1:colcon.colcon_core.package_identification:_identify(src/rf2o_laser_odometry) by extension 'ignore_ament_install'
[0.416s] Level 1:colcon.colcon_core.package_identification:_identify(src/rf2o_laser_odometry) by extensions ['colcon_pkg']
[0.416s] Level 1:colcon.colcon_core.package_identification:_identify(src/rf2o_laser_odometry) by extension 'colcon_pkg'
[0.416s] Level 1:colcon.colcon_core.package_identification:_identify(src/rf2o_laser_odometry) by extensions ['colcon_meta']
[0.416s] Level 1:colcon.colcon_core.package_identification:_identify(src/rf2o_laser_odometry) by extension 'colcon_meta'
[0.416s] Level 1:colcon.colcon_core.package_identification:_identify(src/rf2o_laser_odometry) by extensions ['ros']
[0.416s] Level 1:colcon.colcon_core.package_identification:_identify(src/rf2o_laser_odometry) by extension 'ros'
[0.438s] DEBUG:colcon.colcon_core.package_identification:Package 'src/rf2o_laser_odometry' with type 'ros.ament_cmake' and name 'rf2o_laser_odometry'
[0.438s] Level 1:colcon.colcon_core.package_discovery:discover_packages(recursive) using defaults
[0.438s] Level 1:colcon.colcon_core.package_discovery:discover_packages(ignore) discover
[0.438s] Level 1:colcon.colcon_core.package_discovery:discover_packages(ignore) using defaults
[0.438s] Level 1:colcon.colcon_core.package_discovery:discover_packages(path) discover
[0.438s] Level 1:colcon.colcon_core.package_discovery:discover_packages(path) using defaults
[0.465s] Level 1:colcon.colcon_core.package_discovery:discover_packages(prefix_path) check parameters
[0.465s] Level 1:colcon.colcon_core.package_discovery:discover_packages(prefix_path) discover
[0.470s] DEBUG:colcon.colcon_installed_package_information.package_discovery:Found 430 installed packages in /opt/ros/humble
[0.472s] Level 1:colcon.colcon_core.package_discovery:discover_packages(prefix_path) using defaults
[0.541s] Level 5:colcon.colcon_core.verb:set package 'rf2o_laser_odometry' build argument 'cmake_args' from command line to 'None'
[0.541s] Level 5:colcon.colcon_core.verb:set package 'rf2o_laser_odometry' build argument 'cmake_target' from command line to 'None'
[0.541s] Level 5:colcon.colcon_core.verb:set package 'rf2o_laser_odometry' build argument 'cmake_target_skip_unavailable' from command line to 'False'
[0.541s] Level 5:colcon.colcon_core.verb:set package 'rf2o_laser_odometry' build argument 'cmake_clean_cache' from command line to 'False'
[0.541s] Level 5:colcon.colcon_core.verb:set package 'rf2o_laser_odometry' build argument 'cmake_clean_first' from command line to 'False'
[0.541s] Level 5:colcon.colcon_core.verb:set package 'rf2o_laser_odometry' build argument 'cmake_force_configure' from command line to 'False'
[0.541s] Level 5:colcon.colcon_core.verb:set package 'rf2o_laser_odometry' build argument 'ament_cmake_args' from command line to 'None'
[0.541s] Level 5:colcon.colcon_core.verb:set package 'rf2o_laser_odometry' build argument 'catkin_cmake_args' from command line to 'None'
[0.541s] Level 5:colcon.colcon_core.verb:set package 'rf2o_laser_odometry' build argument 'catkin_skip_building_tests' from command line to 'False'
[0.541s] DEBUG:colcon.colcon_core.verb:Building package 'rf2o_laser_odometry' with the following arguments: {'ament_cmake_args': None, 'build_base': '/home/vfran/billeagle_ws/laser_odom_ws/build/rf2o_laser_odometry', 'catkin_cmake_args': None, 'catkin_skip_building_tests': False, 'cmake_args': None, 'cmake_clean_cache': False, 'cmake_clean_first': False, 'cmake_force_configure': False, 'cmake_target': None, 'cmake_target_skip_unavailable': False, 'install_base': '/home/vfran/billeagle_ws/laser_odom_ws/install/rf2o_laser_odometry', 'merge_install': False, 'path': '/home/vfran/billeagle_ws/laser_odom_ws/src/rf2o_laser_odometry', 'symlink_install': False, 'test_result_base': None}
[0.542s] INFO:colcon.colcon_core.executor:Executing jobs using 'parallel' executor
[0.543s] DEBUG:colcon.colcon_parallel_executor.executor.parallel:run_until_complete
[0.543s] INFO:colcon.colcon_ros.task.ament_cmake.build:Building ROS package in '/home/vfran/billeagle_ws/laser_odom_ws/src/rf2o_laser_odometry' with build type 'ament_cmake'
[0.544s] INFO:colcon.colcon_cmake.task.cmake.build:Building CMake package in '/home/vfran/billeagle_ws/laser_odom_ws/src/rf2o_laser_odometry'
[0.547s] INFO:colcon.colcon_core.plugin_system:Skipping extension 'colcon_core.shell.bat': Not used on non-Windows systems
[0.547s] INFO:colcon.colcon_core.shell:Skip shell extension 'powershell' for command environment: Not usable outside of PowerShell
[0.547s] DEBUG:colcon.colcon_core.shell:Skip shell extension 'dsv' for command environment
[0.560s] DEBUG:colcon.colcon_core.event_handler.log_command:Invoking command in '/home/vfran/billeagle_ws/laser_odom_ws/build/rf2o_laser_odometry': CMAKE_PREFIX_PATH=/opt/ros/humble /usr/local/bin/cmake /home/vfran/billeagle_ws/laser_odom_ws/src/rf2o_laser_odometry -DCMAKE_INSTALL_PREFIX=/home/vfran/billeagle_ws/laser_odom_ws/install/rf2o_laser_odometry
[2.505s] DEBUG:colcon.colcon_core.event_handler.log_command:Invoked command in '/home/vfran/billeagle_ws/laser_odom_ws/build/rf2o_laser_odometry' returned '0': CMAKE_PREFIX_PATH=/opt/ros/humble /usr/local/bin/cmake /home/vfran/billeagle_ws/laser_odom_ws/src/rf2o_laser_odometry -DCMAKE_INSTALL_PREFIX=/home/vfran/billeagle_ws/laser_odom_ws/install/rf2o_laser_odometry
[2.508s] DEBUG:colcon.colcon_core.event_handler.log_command:Invoking command in '/home/vfran/billeagle_ws/laser_odom_ws/build/rf2o_laser_odometry': CMAKE_PREFIX_PATH=/opt/ros/humble /usr/local/bin/cmake --build /home/vfran/billeagle_ws/laser_odom_ws/build/rf2o_laser_odometry -- -j16 -l16
[29.871s] DEBUG:colcon.colcon_core.event_handler.log_command:Invoked command in '/home/vfran/billeagle_ws/laser_odom_ws/build/rf2o_laser_odometry' returned '0': CMAKE_PREFIX_PATH=/opt/ros/humble /usr/local/bin/cmake --build /home/vfran/billeagle_ws/laser_odom_ws/build/rf2o_laser_odometry -- -j16 -l16
[29.879s] DEBUG:colcon.colcon_core.event_handler.log_command:Invoking command in '/home/vfran/billeagle_ws/laser_odom_ws/build/rf2o_laser_odometry': CMAKE_PREFIX_PATH=/opt/ros/humble /usr/local/bin/cmake --install /home/vfran/billeagle_ws/laser_odom_ws/build/rf2o_laser_odometry
[29.903s] Level 1:colcon.colcon_core.environment:create_environment_scripts_only(rf2o_laser_odometry)
[29.904s] DEBUG:colcon.colcon_core.event_handler.log_command:Invoked command in '/home/vfran/billeagle_ws/laser_odom_ws/build/rf2o_laser_odometry' returned '0': CMAKE_PREFIX_PATH=/opt/ros/humble /usr/local/bin/cmake --install /home/vfran/billeagle_ws/laser_odom_ws/build/rf2o_laser_odometry
[29.907s] Level 1:colcon.colcon_core.environment:checking '/home/vfran/billeagle_ws/laser_odom_ws/install/rf2o_laser_odometry' for CMake module files
[29.907s] Level 1:colcon.colcon_core.environment:checking '/home/vfran/billeagle_ws/laser_odom_ws/install/rf2o_laser_odometry' for CMake config files
[29.907s] Level 1:colcon.colcon_core.shell:create_environment_hook('rf2o_laser_odometry', 'cmake_prefix_path')
[29.908s] INFO:colcon.colcon_core.shell:Creating environment hook '/home/vfran/billeagle_ws/laser_odom_ws/install/rf2o_laser_odometry/share/rf2o_laser_odometry/hook/cmake_prefix_path.ps1'
[29.908s] INFO:colcon.colcon_core.shell:Creating environment descriptor '/home/vfran/billeagle_ws/laser_odom_ws/install/rf2o_laser_odometry/share/rf2o_laser_odometry/hook/cmake_prefix_path.dsv'
[29.909s] INFO:colcon.colcon_core.shell:Creating environment hook '/home/vfran/billeagle_ws/laser_odom_ws/install/rf2o_laser_odometry/share/rf2o_laser_odometry/hook/cmake_prefix_path.sh'
[29.909s] Level 1:colcon.colcon_core.environment:checking '/home/vfran/billeagle_ws/laser_odom_ws/install/rf2o_laser_odometry/lib'
[29.909s] Level 1:colcon.colcon_core.environment:checking '/home/vfran/billeagle_ws/laser_odom_ws/install/rf2o_laser_odometry/bin'
[29.909s] Level 1:colcon.colcon_core.environment:checking '/home/vfran/billeagle_ws/laser_odom_ws/install/rf2o_laser_odometry/lib/pkgconfig/rf2o_laser_odometry.pc'
[29.910s] Level 1:colcon.colcon_core.environment:checking '/home/vfran/billeagle_ws/laser_odom_ws/install/rf2o_laser_odometry/lib/python3.10/site-packages'
[29.910s] Level 1:colcon.colcon_core.environment:checking '/home/vfran/billeagle_ws/laser_odom_ws/install/rf2o_laser_odometry/bin'
[29.910s] INFO:colcon.colcon_core.shell:Creating package script '/home/vfran/billeagle_ws/laser_odom_ws/install/rf2o_laser_odometry/share/rf2o_laser_odometry/package.ps1'
[29.911s] INFO:colcon.colcon_core.shell:Creating package descriptor '/home/vfran/billeagle_ws/laser_odom_ws/install/rf2o_laser_odometry/share/rf2o_laser_odometry/package.dsv'
[29.911s] INFO:colcon.colcon_core.shell:Creating package script '/home/vfran/billeagle_ws/laser_odom_ws/install/rf2o_laser_odometry/share/rf2o_laser_odometry/package.sh'
[29.912s] INFO:colcon.colcon_core.shell:Creating package script '/home/vfran/billeagle_ws/laser_odom_ws/install/rf2o_laser_odometry/share/rf2o_laser_odometry/package.bash'
[29.913s] INFO:colcon.colcon_core.shell:Creating package script '/home/vfran/billeagle_ws/laser_odom_ws/install/rf2o_laser_odometry/share/rf2o_laser_odometry/package.zsh'
[29.914s] Level 1:colcon.colcon_core.environment:create_file_with_runtime_dependencies(/home/vfran/billeagle_ws/laser_odom_ws/install/rf2o_laser_odometry/share/colcon-core/packages/rf2o_laser_odometry)
[29.915s] Level 1:colcon.colcon_core.environment:create_environment_scripts_only(rf2o_laser_odometry)
[29.915s] Level 1:colcon.colcon_core.environment:checking '/home/vfran/billeagle_ws/laser_odom_ws/install/rf2o_laser_odometry' for CMake module files
[29.915s] Level 1:colcon.colcon_core.environment:checking '/home/vfran/billeagle_ws/laser_odom_ws/install/rf2o_laser_odometry' for CMake config files
[29.915s] Level 1:colcon.colcon_core.shell:create_environment_hook('rf2o_laser_odometry', 'cmake_prefix_path')
[29.916s] INFO:colcon.colcon_core.shell:Creating environment hook '/home/vfran/billeagle_ws/laser_odom_ws/install/rf2o_laser_odometry/share/rf2o_laser_odometry/hook/cmake_prefix_path.ps1'
[29.916s] INFO:colcon.colcon_core.shell:Creating environment descriptor '/home/vfran/billeagle_ws/laser_odom_ws/install/rf2o_laser_odometry/share/rf2o_laser_odometry/hook/cmake_prefix_path.dsv'
[29.916s] INFO:colcon.colcon_core.shell:Creating environment hook '/home/vfran/billeagle_ws/laser_odom_ws/install/rf2o_laser_odometry/share/rf2o_laser_odometry/hook/cmake_prefix_path.sh'
[29.917s] Level 1:colcon.colcon_core.environment:checking '/home/vfran/billeagle_ws/laser_odom_ws/install/rf2o_laser_odometry/lib'
[29.917s] Level 1:colcon.colcon_core.environment:checking '/home/vfran/billeagle_ws/laser_odom_ws/install/rf2o_laser_odometry/bin'
[29.917s] Level 1:colcon.colcon_core.environment:checking '/home/vfran/billeagle_ws/laser_odom_ws/install/rf2o_laser_odometry/lib/pkgconfig/rf2o_laser_odometry.pc'
[29.917s] Level 1:colcon.colcon_core.environment:checking '/home/vfran/billeagle_ws/laser_odom_ws/install/rf2o_laser_odometry/lib/python3.10/site-packages'
[29.917s] Level 1:colcon.colcon_core.environment:checking '/home/vfran/billeagle_ws/laser_odom_ws/install/rf2o_laser_odometry/bin'
[29.917s] INFO:colcon.colcon_core.shell:Creating package script '/home/vfran/billeagle_ws/laser_odom_ws/install/rf2o_laser_odometry/share/rf2o_laser_odometry/package.ps1'
[29.918s] INFO:colcon.colcon_core.shell:Creating package descriptor '/home/vfran/billeagle_ws/laser_odom_ws/install/rf2o_laser_odometry/share/rf2o_laser_odometry/package.dsv'
[29.918s] INFO:colcon.colcon_core.shell:Creating package script '/home/vfran/billeagle_ws/laser_odom_ws/install/rf2o_laser_odometry/share/rf2o_laser_odometry/package.sh'
[29.919s] INFO:colcon.colcon_core.shell:Creating package script '/home/vfran/billeagle_ws/laser_odom_ws/install/rf2o_laser_odometry/share/rf2o_laser_odometry/package.bash'
[29.919s] INFO:colcon.colcon_core.shell:Creating package script '/home/vfran/billeagle_ws/laser_odom_ws/install/rf2o_laser_odometry/share/rf2o_laser_odometry/package.zsh'
[29.919s] Level 1:colcon.colcon_core.environment:create_file_with_runtime_dependencies(/home/vfran/billeagle_ws/laser_odom_ws/install/rf2o_laser_odometry/share/colcon-core/packages/rf2o_laser_odometry)
[29.919s] DEBUG:colcon.colcon_parallel_executor.executor.parallel:closing loop
[29.920s] DEBUG:colcon.colcon_parallel_executor.executor.parallel:loop closed
[29.920s] DEBUG:colcon.colcon_parallel_executor.executor.parallel:run_until_complete finished with '0'
[29.920s] DEBUG:colcon.colcon_core.event_reactor:joining thread
[29.926s] INFO:colcon.colcon_core.plugin_system:Skipping extension 'colcon_notification.desktop_notification.terminal_notifier': Not used on non-Darwin systems
[29.926s] INFO:colcon.colcon_core.plugin_system:Skipping extension 'colcon_notification.desktop_notification.win32': Not used on non-Windows systems
[29.926s] INFO:colcon.colcon_notification.desktop_notification:Sending desktop notification using 'notify2'
[29.946s] DEBUG:colcon.colcon_core.event_reactor:joined thread
[29.947s] INFO:colcon.colcon_core.shell:Creating prefix script '/home/vfran/billeagle_ws/laser_odom_ws/install/local_setup.ps1'
[29.948s] INFO:colcon.colcon_core.shell:Creating prefix util module '/home/vfran/billeagle_ws/laser_odom_ws/install/_local_setup_util_ps1.py'
[29.950s] INFO:colcon.colcon_core.shell:Creating prefix chain script '/home/vfran/billeagle_ws/laser_odom_ws/install/setup.ps1'
[29.952s] INFO:colcon.colcon_core.shell:Creating prefix script '/home/vfran/billeagle_ws/laser_odom_ws/install/local_setup.sh'
[29.953s] INFO:colcon.colcon_core.shell:Creating prefix util module '/home/vfran/billeagle_ws/laser_odom_ws/install/_local_setup_util_sh.py'
[29.954s] INFO:colcon.colcon_core.shell:Creating prefix chain script '/home/vfran/billeagle_ws/laser_odom_ws/install/setup.sh'
[29.955s] INFO:colcon.colcon_core.shell:Creating prefix script '/home/vfran/billeagle_ws/laser_odom_ws/install/local_setup.bash'
[29.956s] INFO:colcon.colcon_core.shell:Creating prefix chain script '/home/vfran/billeagle_ws/laser_odom_ws/install/setup.bash'
[29.958s] INFO:colcon.colcon_core.shell:Creating prefix script '/home/vfran/billeagle_ws/laser_odom_ws/install/local_setup.zsh'
[29.960s] INFO:colcon.colcon_core.shell:Creating prefix chain script '/home/vfran/billeagle_ws/laser_odom_ws/install/setup.zsh'
