[0.022s] Invoking command in '/home/vfran/billeagle_ws/bill_ws/build/bill_nav': CMAKE_PREFIX_PATH=${CMAKE_PREFIX_PATH}:/opt/ros/humble /usr/local/bin/cmake /home/vfran/billeagle_ws/bill_ws/src/bill_nav -DAMENT_CMAKE_SYMLINK_INSTALL=1 -DCMAKE_INSTALL_PREFIX=/home/vfran/billeagle_ws/bill_ws/install/bill_nav
[0.028s] -- Found ament_cmake: 1.3.11 (/opt/ros/humble/share/ament_cmake/cmake)
[0.125s] -- Override CMake install command with custom implementation using symlinks instead of copying resources
[0.132s] -- Found ament_lint_auto: 0.12.12 (/opt/ros/humble/share/ament_lint_auto/cmake)
[0.207s] -- Added test 'flake8' to check Python code syntax and style conventions
[0.207s] -- Added test 'lint_cmake' to check CMake code style
[0.208s] -- Added test 'pep257' to check Python code against some of the docstring style conventions in PEP 257
[0.209s] -- Added test 'xmllint' to check XML markup files
[0.210s] -- Configuring done
[0.214s] -- Generating done
[0.217s] -- Build files have been written to: /home/vfran/billeagle_ws/bill_ws/build/bill_nav
[0.226s] Invoked command in '/home/vfran/billeagle_ws/bill_ws/build/bill_nav' returned '0': CMAKE_PREFIX_PATH=${CMAKE_PREFIX_PATH}:/opt/ros/humble /usr/local/bin/cmake /home/vfran/billeagle_ws/bill_ws/src/bill_nav -DAMENT_CMAKE_SYMLINK_INSTALL=1 -DCMAKE_INSTALL_PREFIX=/home/vfran/billeagle_ws/bill_ws/install/bill_nav
[0.227s] Invoking command in '/home/vfran/billeagle_ws/bill_ws/build/bill_nav': CMAKE_PREFIX_PATH=${CMAKE_PREFIX_PATH}:/opt/ros/humble /usr/local/bin/cmake --build /home/vfran/billeagle_ws/bill_ws/build/bill_nav -- -j16 -l16
[0.256s] Invoked command in '/home/vfran/billeagle_ws/bill_ws/build/bill_nav' returned '0': CMAKE_PREFIX_PATH=${CMAKE_PREFIX_PATH}:/opt/ros/humble /usr/local/bin/cmake --build /home/vfran/billeagle_ws/bill_ws/build/bill_nav -- -j16 -l16
[0.257s] Invoking command in '/home/vfran/billeagle_ws/bill_ws/build/bill_nav': CMAKE_PREFIX_PATH=${CMAKE_PREFIX_PATH}:/opt/ros/humble /usr/local/bin/cmake --install /home/vfran/billeagle_ws/bill_ws/build/bill_nav
[0.266s] -- Install configuration: ""
[0.266s] -- Execute custom install script
[0.266s] -- Up-to-date symlink: /home/vfran/billeagle_ws/bill_ws/install/bill_nav/share/bill_nav/config/nav2_params.yaml
[0.266s] -- Up-to-date symlink: /home/vfran/billeagle_ws/bill_ws/install/bill_nav/share/bill_nav/launch/navigation_launch.py
[0.266s] -- Up-to-date symlink: /home/vfran/billeagle_ws/bill_ws/install/bill_nav/share/ament_index/resource_index/package_run_dependencies/bill_nav
[0.266s] -- Up-to-date symlink: /home/vfran/billeagle_ws/bill_ws/install/bill_nav/share/ament_index/resource_index/parent_prefix_path/bill_nav
[0.266s] -- Up-to-date symlink: /home/vfran/billeagle_ws/bill_ws/install/bill_nav/share/bill_nav/environment/ament_prefix_path.sh
[0.267s] -- Up-to-date symlink: /home/vfran/billeagle_ws/bill_ws/install/bill_nav/share/bill_nav/environment/ament_prefix_path.dsv
[0.267s] -- Up-to-date symlink: /home/vfran/billeagle_ws/bill_ws/install/bill_nav/share/bill_nav/environment/path.sh
[0.267s] -- Up-to-date symlink: /home/vfran/billeagle_ws/bill_ws/install/bill_nav/share/bill_nav/environment/path.dsv
[0.267s] -- Up-to-date symlink: /home/vfran/billeagle_ws/bill_ws/install/bill_nav/share/bill_nav/local_setup.bash
[0.267s] -- Up-to-date symlink: /home/vfran/billeagle_ws/bill_ws/install/bill_nav/share/bill_nav/local_setup.sh
[0.267s] -- Up-to-date symlink: /home/vfran/billeagle_ws/bill_ws/install/bill_nav/share/bill_nav/local_setup.zsh
[0.267s] -- Up-to-date symlink: /home/vfran/billeagle_ws/bill_ws/install/bill_nav/share/bill_nav/local_setup.dsv
[0.267s] -- Symlinking: /home/vfran/billeagle_ws/bill_ws/install/bill_nav/share/bill_nav/package.dsv
[0.270s] -- Up-to-date symlink: /home/vfran/billeagle_ws/bill_ws/install/bill_nav/share/ament_index/resource_index/packages/bill_nav
[0.270s] -- Up-to-date symlink: /home/vfran/billeagle_ws/bill_ws/install/bill_nav/share/bill_nav/cmake/bill_navConfig.cmake
[0.270s] -- Up-to-date symlink: /home/vfran/billeagle_ws/bill_ws/install/bill_nav/share/bill_nav/cmake/bill_navConfig-version.cmake
[0.272s] -- Up-to-date symlink: /home/vfran/billeagle_ws/bill_ws/install/bill_nav/share/bill_nav/package.xml
[0.310s] Invoked command in '/home/vfran/billeagle_ws/bill_ws/build/bill_nav' returned '0': CMAKE_PREFIX_PATH=${CMAKE_PREFIX_PATH}:/opt/ros/humble /usr/local/bin/cmake --install /home/vfran/billeagle_ws/bill_ws/build/bill_nav
