[0.007s] Invoking command in '/home/bill8/billeagle_ws/laser_odom_ws/build/rf2o_laser_odometry': CMAKE_PREFIX_PATH=${CMAKE_PREFIX_PATH}:/opt/ros/humble /home/bill8/.local/bin/cmake --build /home/bill8/billeagle_ws/laser_odom_ws/build/rf2o_laser_odometry -- -j16 -l16
[0.074s] [ 40%] Built target rf2o_laser_odometry
[0.082s] [100%] Built target rf2o_laser_odometry_node
[0.085s] Invoked command in '/home/bill8/billeagle_ws/laser_odom_ws/build/rf2o_laser_odometry' returned '0': CMAKE_PREFIX_PATH=${CMAKE_PREFIX_PATH}:/opt/ros/humble /home/bill8/.local/bin/cmake --build /home/bill8/billeagle_ws/laser_odom_ws/build/rf2o_laser_odometry -- -j16 -l16
[0.131s] Invoking command in '/home/bill8/billeagle_ws/laser_odom_ws/build/rf2o_laser_odometry': CMAKE_PREFIX_PATH=${CMAKE_PREFIX_PATH}:/opt/ros/humble /home/bill8/.local/bin/cmake --install /home/bill8/billeagle_ws/laser_odom_ws/build/rf2o_laser_odometry
[0.179s] -- Install configuration: ""
[0.179s] -- Up-to-date: /home/bill8/billeagle_ws/laser_odom_ws/install/rf2o_laser_odometry/lib/rf2o_laser_odometry/rf2o_laser_odometry_node
[0.179s] -- Up-to-date: /home/bill8/billeagle_ws/laser_odom_ws/install/rf2o_laser_odometry/share/rf2o_laser_odometry/launch
[0.179s] -- Up-to-date: /home/bill8/billeagle_ws/laser_odom_ws/install/rf2o_laser_odometry/share/rf2o_laser_odometry/launch/rf2o_laser_odometry.launch.py
[0.179s] -- Up-to-date: /home/bill8/billeagle_ws/laser_odom_ws/install/rf2o_laser_odometry/share/ament_index/resource_index/package_run_dependencies/rf2o_laser_odometry
[0.179s] -- Up-to-date: /home/bill8/billeagle_ws/laser_odom_ws/install/rf2o_laser_odometry/share/ament_index/resource_index/parent_prefix_path/rf2o_laser_odometry
[0.179s] -- Up-to-date: /home/bill8/billeagle_ws/laser_odom_ws/install/rf2o_laser_odometry/share/rf2o_laser_odometry/environment/ament_prefix_path.sh
[0.179s] -- Up-to-date: /home/bill8/billeagle_ws/laser_odom_ws/install/rf2o_laser_odometry/share/rf2o_laser_odometry/environment/ament_prefix_path.dsv
[0.179s] -- Up-to-date: /home/bill8/billeagle_ws/laser_odom_ws/install/rf2o_laser_odometry/share/rf2o_laser_odometry/environment/path.sh
[0.179s] -- Up-to-date: /home/bill8/billeagle_ws/laser_odom_ws/install/rf2o_laser_odometry/share/rf2o_laser_odometry/environment/path.dsv
[0.179s] -- Up-to-date: /home/bill8/billeagle_ws/laser_odom_ws/install/rf2o_laser_odometry/share/rf2o_laser_odometry/local_setup.bash
[0.179s] -- Up-to-date: /home/bill8/billeagle_ws/laser_odom_ws/install/rf2o_laser_odometry/share/rf2o_laser_odometry/local_setup.sh
[0.179s] -- Up-to-date: /home/bill8/billeagle_ws/laser_odom_ws/install/rf2o_laser_odometry/share/rf2o_laser_odometry/local_setup.zsh
[0.179s] -- Up-to-date: /home/bill8/billeagle_ws/laser_odom_ws/install/rf2o_laser_odometry/share/rf2o_laser_odometry/local_setup.dsv
[0.179s] -- Installing: /home/bill8/billeagle_ws/laser_odom_ws/install/rf2o_laser_odometry/share/rf2o_laser_odometry/package.dsv
[0.180s] -- Up-to-date: /home/bill8/billeagle_ws/laser_odom_ws/install/rf2o_laser_odometry/share/ament_index/resource_index/packages/rf2o_laser_odometry
[0.180s] -- Up-to-date: /home/bill8/billeagle_ws/laser_odom_ws/install/rf2o_laser_odometry/share/rf2o_laser_odometry/cmake/rf2o_laser_odometryConfig.cmake
[0.180s] -- Up-to-date: /home/bill8/billeagle_ws/laser_odom_ws/install/rf2o_laser_odometry/share/rf2o_laser_odometry/cmake/rf2o_laser_odometryConfig-version.cmake
[0.180s] -- Up-to-date: /home/bill8/billeagle_ws/laser_odom_ws/install/rf2o_laser_odometry/share/rf2o_laser_odometry/package.xml
[0.181s] Invoked command in '/home/bill8/billeagle_ws/laser_odom_ws/build/rf2o_laser_odometry' returned '0': CMAKE_PREFIX_PATH=${CMAKE_PREFIX_PATH}:/opt/ros/humble /home/bill8/.local/bin/cmake --install /home/bill8/billeagle_ws/laser_odom_ws/build/rf2o_laser_odometry
