[0.009s] Invoking command in '/home/bill7/billeagle_ws/bill_ws/build/bill_description': CMAKE_PREFIX_PATH=/opt/ros/humble CONDA_PROMPT_MODIFIER=(bill) /usr/bin/cmake /home/bill7/billeagle_ws/bill_ws/src/bill_description -DCMAKE_INSTALL_PREFIX=/home/bill7/billeagle_ws/bill_ws/install/bill_description
[0.071s] -- The C compiler identification is GNU 11.4.0
[0.153s] -- The CXX compiler identification is GNU 11.4.0
[0.157s] -- Detecting C compiler ABI info
[0.212s] -- Detecting C compiler ABI info - done
[0.220s] -- Check for working C compiler: /usr/bin/cc - skipped
[0.220s] -- Detecting C compile features
[0.221s] -- Detecting C compile features - done
[0.225s] -- Detecting CXX compiler ABI info
[0.284s] -- Detecting CXX compiler ABI info - done
[0.288s] -- Check for working CXX compiler: /usr/bin/c++ - skipped
[0.288s] -- Detecting CXX compile features
[0.289s] -- Detecting CXX compile features - done
[0.291s] -- Found ament_cmake: 1.3.11 (/opt/ros/humble/share/ament_cmake/cmake)
[0.573s] -- Found Python3: /home/bill7/miniconda3/envs/bill/bin/python3 (found version "3.10.18") found components: Interpreter 
[0.640s] -- Found ament_lint_auto: 0.12.12 (/opt/ros/humble/share/ament_lint_auto/cmake)
[0.707s] -- Added test 'flake8' to check Python code syntax and style conventions
[0.708s] -- Added test 'lint_cmake' to check CMake code style
[0.708s] -- Added test 'pep257' to check Python code against some of the docstring style conventions in PEP 257
[0.709s] -- Added test 'xmllint' to check XML markup files
[0.709s] -- Configuring done
[0.711s] -- Generating done
[0.712s] -- Build files have been written to: /home/bill7/billeagle_ws/bill_ws/build/bill_description
[0.718s] Invoked command in '/home/bill7/billeagle_ws/bill_ws/build/bill_description' returned '0': CMAKE_PREFIX_PATH=/opt/ros/humble CONDA_PROMPT_MODIFIER=(bill) /usr/bin/cmake /home/bill7/billeagle_ws/bill_ws/src/bill_description -DCMAKE_INSTALL_PREFIX=/home/bill7/billeagle_ws/bill_ws/install/bill_description
[0.720s] Invoking command in '/home/bill7/billeagle_ws/bill_ws/build/bill_description': CMAKE_PREFIX_PATH=/opt/ros/humble CONDA_PROMPT_MODIFIER=(bill) /usr/bin/cmake --build /home/bill7/billeagle_ws/bill_ws/build/bill_description -- -j16 -l16
[0.760s] Invoked command in '/home/bill7/billeagle_ws/bill_ws/build/bill_description' returned '0': CMAKE_PREFIX_PATH=/opt/ros/humble CONDA_PROMPT_MODIFIER=(bill) /usr/bin/cmake --build /home/bill7/billeagle_ws/bill_ws/build/bill_description -- -j16 -l16
[0.762s] Invoking command in '/home/bill7/billeagle_ws/bill_ws/build/bill_description': CMAKE_PREFIX_PATH=/opt/ros/humble CONDA_PROMPT_MODIFIER=(bill) /usr/bin/cmake --install /home/bill7/billeagle_ws/bill_ws/build/bill_description
[0.767s] -- Install configuration: ""
[0.767s] -- Installing: /home/bill7/billeagle_ws/bill_ws/install/bill_description/share/bill_description/launch
[0.767s] -- Installing: /home/bill7/billeagle_ws/bill_ws/install/bill_description/share/bill_description/launch/robot.launch.py
[0.767s] -- Installing: /home/bill7/billeagle_ws/bill_ws/install/bill_description/share/bill_description/launch/rsp.launch.py
[0.767s] -- Installing: /home/bill7/billeagle_ws/bill_ws/install/bill_description/share/bill_description/description
[0.767s] -- Installing: /home/bill7/billeagle_ws/bill_ws/install/bill_description/share/bill_description/description/ros2_control.xacro
[0.768s] -- Installing: /home/bill7/billeagle_ws/bill_ws/install/bill_description/share/bill_description/description/common.xacro
[0.768s] -- Installing: /home/bill7/billeagle_ws/bill_ws/install/bill_description/share/bill_description/description/lidar.xacro
[0.768s] -- Installing: /home/bill7/billeagle_ws/bill_ws/install/bill_description/share/bill_description/description/robot_core.xacro
[0.769s] -- Installing: /home/bill7/billeagle_ws/bill_ws/install/bill_description/share/bill_description/description/robot.urdf.xacro
[0.769s] -- Installing: /home/bill7/billeagle_ws/bill_ws/install/bill_description/share/bill_description/description/gazebo_control.xacro
[0.769s] -- Installing: /home/bill7/billeagle_ws/bill_ws/install/bill_description/share/bill_description/rviz
[0.769s] -- Installing: /home/bill7/billeagle_ws/bill_ws/install/bill_description/share/bill_description/rviz/config.rviz
[0.769s] -- Installing: /home/bill7/billeagle_ws/bill_ws/install/bill_description/share/bill_description/rviz/sim_map.config.rviz
[0.769s] -- Installing: /home/bill7/billeagle_ws/bill_ws/install/bill_description/share/bill_description/rviz/bot.rviz
[0.769s] -- Installing: /home/bill7/billeagle_ws/bill_ws/install/bill_description/share/bill_description/rviz/nav.config.rviz
[0.769s] -- Installing: /home/bill7/billeagle_ws/bill_ws/install/bill_description/share/bill_description/rviz/sim.config.rviz
[0.770s] -- Installing: /home/bill7/billeagle_ws/bill_ws/install/bill_description/share/bill_description/config
[0.770s] -- Installing: /home/bill7/billeagle_ws/bill_ws/install/bill_description/share/bill_description/config/gazebo_params.yaml
[0.770s] -- Installing: /home/bill7/billeagle_ws/bill_ws/install/bill_description/share/bill_description/config/mecanum_drive_controller.yaml
[0.770s] -- Installing: /home/bill7/billeagle_ws/bill_ws/install/bill_description/share/bill_description/config/twist_mux_params.yaml
[0.770s] -- Installing: /home/bill7/billeagle_ws/bill_ws/install/bill_description/share/ament_index/resource_index/package_run_dependencies/bill_description
[0.770s] -- Installing: /home/bill7/billeagle_ws/bill_ws/install/bill_description/share/ament_index/resource_index/parent_prefix_path/bill_description
[0.770s] -- Installing: /home/bill7/billeagle_ws/bill_ws/install/bill_description/share/bill_description/environment/ament_prefix_path.sh
[0.771s] -- Installing: /home/bill7/billeagle_ws/bill_ws/install/bill_description/share/bill_description/environment/ament_prefix_path.dsv
[0.771s] -- Installing: /home/bill7/billeagle_ws/bill_ws/install/bill_description/share/bill_description/environment/path.sh
[0.771s] -- Installing: /home/bill7/billeagle_ws/bill_ws/install/bill_description/share/bill_description/environment/path.dsv
[0.771s] -- Installing: /home/bill7/billeagle_ws/bill_ws/install/bill_description/share/bill_description/local_setup.bash
[0.771s] -- Installing: /home/bill7/billeagle_ws/bill_ws/install/bill_description/share/bill_description/local_setup.sh
[0.771s] -- Installing: /home/bill7/billeagle_ws/bill_ws/install/bill_description/share/bill_description/local_setup.zsh
[0.771s] -- Installing: /home/bill7/billeagle_ws/bill_ws/install/bill_description/share/bill_description/local_setup.dsv
[0.771s] -- Installing: /home/bill7/billeagle_ws/bill_ws/install/bill_description/share/bill_description/package.dsv
[0.771s] -- Installing: /home/bill7/billeagle_ws/bill_ws/install/bill_description/share/ament_index/resource_index/packages/bill_description
[0.772s] -- Installing: /home/bill7/billeagle_ws/bill_ws/install/bill_description/share/bill_description/cmake/bill_descriptionConfig.cmake
[0.772s] -- Installing: /home/bill7/billeagle_ws/bill_ws/install/bill_description/share/bill_description/cmake/bill_descriptionConfig-version.cmake
[0.772s] -- Installing: /home/bill7/billeagle_ws/bill_ws/install/bill_description/share/bill_description/package.xml
[0.820s] Invoked command in '/home/bill7/billeagle_ws/bill_ws/build/bill_description' returned '0': CMAKE_PREFIX_PATH=/opt/ros/humble CONDA_PROMPT_MODIFIER=(bill) /usr/bin/cmake --install /home/bill7/billeagle_ws/bill_ws/build/bill_description
