[0.057s] DEBUG:colcon:Command line arguments: ['/usr/bin/colcon', 'build']
[0.057s] DEBUG:colcon:Parsed command line arguments: Namespace(log_base=None, log_level=None, verb_name='build', build_base='build', install_base='install', merge_install=False, symlink_install=False, test_result_base=None, continue_on_error=False, executor='parallel', parallel_workers=16, event_handlers=None, ignore_user_meta=False, metas=['./colcon.meta'], base_paths=['.'], packages_ignore=None, packages_ignore_regex=None, paths=None, packages_up_to=None, packages_up_to_regex=None, packages_above=None, packages_above_and_dependencies=None, packages_above_depth=None, packages_select_by_dep=None, packages_skip_by_dep=None, packages_skip_up_to=None, packages_select_build_failed=False, packages_skip_build_finished=False, packages_select_test_failures=False, packages_skip_test_passed=False, packages_select=None, packages_skip=None, packages_select_regex=None, packages_skip_regex=None, packages_start=None, packages_end=None, allow_overriding=[], cmake_args=None, cmake_target=None, cmake_target_skip_unavailable=False, cmake_clean_cache=False, cmake_clean_first=False, cmake_force_configure=False, ament_cmake_args=None, catkin_cmake_args=None, catkin_skip_building_tests=False, verb_parser=<colcon_defaults.argument_parser.defaults.DefaultArgumentsDecorator object at 0x78e8f486e650>, verb_extension=<colcon_core.verb.build.BuildVerb object at 0x78e8f49e6c20>, main=<bound method BuildVerb.main of <colcon_core.verb.build.BuildVerb object at 0x78e8f49e6c20>>)
[0.155s] Level 1:colcon.colcon_core.package_discovery:discover_packages(colcon_meta) check parameters
[0.155s] Level 1:colcon.colcon_core.package_discovery:discover_packages(recursive) check parameters
[0.155s] Level 1:colcon.colcon_core.package_discovery:discover_packages(ignore) check parameters
[0.155s] Level 1:colcon.colcon_core.package_discovery:discover_packages(path) check parameters
[0.155s] Level 1:colcon.colcon_core.package_discovery:discover_packages(colcon_meta) discover
[0.155s] Level 1:colcon.colcon_core.package_discovery:discover_packages(recursive) discover
[0.155s] INFO:colcon.colcon_core.package_discovery:Crawling recursively for packages in '/home/bill8/billeagle_ws/bill_ws'
[0.155s] Level 1:colcon.colcon_core.package_identification:_identify(.) by extensions ['ignore', 'ignore_ament_install']
[0.155s] Level 1:colcon.colcon_core.package_identification:_identify(.) by extension 'ignore'
[0.155s] Level 1:colcon.colcon_core.package_identification:_identify(.) by extension 'ignore_ament_install'
[0.155s] Level 1:colcon.colcon_core.package_identification:_identify(.) by extensions ['colcon_pkg']
[0.155s] Level 1:colcon.colcon_core.package_identification:_identify(.) by extension 'colcon_pkg'
[0.155s] Level 1:colcon.colcon_core.package_identification:_identify(.) by extensions ['colcon_meta']
[0.155s] Level 1:colcon.colcon_core.package_identification:_identify(.) by extension 'colcon_meta'
[0.155s] Level 1:colcon.colcon_core.package_identification:_identify(.) by extensions ['ros']
[0.155s] Level 1:colcon.colcon_core.package_identification:_identify(.) by extension 'ros'
[0.167s] Level 1:colcon.colcon_core.package_identification:_identify(.) by extensions ['cmake', 'python']
[0.167s] Level 1:colcon.colcon_core.package_identification:_identify(.) by extension 'cmake'
[0.167s] Level 1:colcon.colcon_core.package_identification:_identify(.) by extension 'python'
[0.167s] Level 1:colcon.colcon_core.package_identification:_identify(.) by extensions ['python_setup_py']
[0.167s] Level 1:colcon.colcon_core.package_identification:_identify(.) by extension 'python_setup_py'
[0.167s] Level 1:colcon.colcon_core.package_identification:_identify(build) by extensions ['ignore', 'ignore_ament_install']
[0.167s] Level 1:colcon.colcon_core.package_identification:_identify(build) by extension 'ignore'
[0.167s] Level 1:colcon.colcon_core.package_identification:_identify(build) ignored
[0.167s] Level 1:colcon.colcon_core.package_identification:_identify(install) by extensions ['ignore', 'ignore_ament_install']
[0.167s] Level 1:colcon.colcon_core.package_identification:_identify(install) by extension 'ignore'
[0.167s] Level 1:colcon.colcon_core.package_identification:_identify(install) ignored
[0.167s] Level 1:colcon.colcon_core.package_identification:_identify(log) by extensions ['ignore', 'ignore_ament_install']
[0.167s] Level 1:colcon.colcon_core.package_identification:_identify(log) by extension 'ignore'
[0.167s] Level 1:colcon.colcon_core.package_identification:_identify(log) ignored
[0.167s] Level 1:colcon.colcon_core.package_identification:_identify(src) by extensions ['ignore', 'ignore_ament_install']
[0.167s] Level 1:colcon.colcon_core.package_identification:_identify(src) by extension 'ignore'
[0.167s] Level 1:colcon.colcon_core.package_identification:_identify(src) by extension 'ignore_ament_install'
[0.167s] Level 1:colcon.colcon_core.package_identification:_identify(src) by extensions ['colcon_pkg']
[0.167s] Level 1:colcon.colcon_core.package_identification:_identify(src) by extension 'colcon_pkg'
[0.167s] Level 1:colcon.colcon_core.package_identification:_identify(src) by extensions ['colcon_meta']
[0.167s] Level 1:colcon.colcon_core.package_identification:_identify(src) by extension 'colcon_meta'
[0.167s] Level 1:colcon.colcon_core.package_identification:_identify(src) by extensions ['ros']
[0.167s] Level 1:colcon.colcon_core.package_identification:_identify(src) by extension 'ros'
[0.167s] Level 1:colcon.colcon_core.package_identification:_identify(src) by extensions ['cmake', 'python']
[0.167s] Level 1:colcon.colcon_core.package_identification:_identify(src) by extension 'cmake'
[0.167s] Level 1:colcon.colcon_core.package_identification:_identify(src) by extension 'python'
[0.167s] Level 1:colcon.colcon_core.package_identification:_identify(src) by extensions ['python_setup_py']
[0.167s] Level 1:colcon.colcon_core.package_identification:_identify(src) by extension 'python_setup_py'
[0.167s] Level 1:colcon.colcon_core.package_identification:_identify(src/bill) by extensions ['ignore', 'ignore_ament_install']
[0.167s] Level 1:colcon.colcon_core.package_identification:_identify(src/bill) by extension 'ignore'
[0.168s] Level 1:colcon.colcon_core.package_identification:_identify(src/bill) by extension 'ignore_ament_install'
[0.168s] Level 1:colcon.colcon_core.package_identification:_identify(src/bill) by extensions ['colcon_pkg']
[0.168s] Level 1:colcon.colcon_core.package_identification:_identify(src/bill) by extension 'colcon_pkg'
[0.168s] Level 1:colcon.colcon_core.package_identification:_identify(src/bill) by extensions ['colcon_meta']
[0.168s] Level 1:colcon.colcon_core.package_identification:_identify(src/bill) by extension 'colcon_meta'
[0.168s] Level 1:colcon.colcon_core.package_identification:_identify(src/bill) by extensions ['ros']
[0.168s] Level 1:colcon.colcon_core.package_identification:_identify(src/bill) by extension 'ros'
[0.169s] DEBUG:colcon.colcon_core.package_identification:Package 'src/bill' with type 'ros.ament_cmake' and name 'bill'
[0.169s] Level 1:colcon.colcon_core.package_identification:_identify(src/bill_description) by extensions ['ignore', 'ignore_ament_install']
[0.169s] Level 1:colcon.colcon_core.package_identification:_identify(src/bill_description) by extension 'ignore'
[0.169s] Level 1:colcon.colcon_core.package_identification:_identify(src/bill_description) by extension 'ignore_ament_install'
[0.169s] Level 1:colcon.colcon_core.package_identification:_identify(src/bill_description) by extensions ['colcon_pkg']
[0.169s] Level 1:colcon.colcon_core.package_identification:_identify(src/bill_description) by extension 'colcon_pkg'
[0.169s] Level 1:colcon.colcon_core.package_identification:_identify(src/bill_description) by extensions ['colcon_meta']
[0.169s] Level 1:colcon.colcon_core.package_identification:_identify(src/bill_description) by extension 'colcon_meta'
[0.169s] Level 1:colcon.colcon_core.package_identification:_identify(src/bill_description) by extensions ['ros']
[0.169s] Level 1:colcon.colcon_core.package_identification:_identify(src/bill_description) by extension 'ros'
[0.170s] DEBUG:colcon.colcon_core.package_identification:Package 'src/bill_description' with type 'ros.ament_cmake' and name 'bill_description'
[0.170s] Level 1:colcon.colcon_core.package_identification:_identify(src/bill_nav) by extensions ['ignore', 'ignore_ament_install']
[0.170s] Level 1:colcon.colcon_core.package_identification:_identify(src/bill_nav) by extension 'ignore'
[0.170s] Level 1:colcon.colcon_core.package_identification:_identify(src/bill_nav) by extension 'ignore_ament_install'
[0.170s] Level 1:colcon.colcon_core.package_identification:_identify(src/bill_nav) by extensions ['colcon_pkg']
[0.170s] Level 1:colcon.colcon_core.package_identification:_identify(src/bill_nav) by extension 'colcon_pkg'
[0.170s] Level 1:colcon.colcon_core.package_identification:_identify(src/bill_nav) by extensions ['colcon_meta']
[0.170s] Level 1:colcon.colcon_core.package_identification:_identify(src/bill_nav) by extension 'colcon_meta'
[0.170s] Level 1:colcon.colcon_core.package_identification:_identify(src/bill_nav) by extensions ['ros']
[0.170s] Level 1:colcon.colcon_core.package_identification:_identify(src/bill_nav) by extension 'ros'
[0.170s] DEBUG:colcon.colcon_core.package_identification:Package 'src/bill_nav' with type 'ros.ament_cmake' and name 'bill_nav'
[0.170s] Level 1:colcon.colcon_core.package_identification:_identify(src/bill_slam) by extensions ['ignore', 'ignore_ament_install']
[0.170s] Level 1:colcon.colcon_core.package_identification:_identify(src/bill_slam) by extension 'ignore'
[0.170s] Level 1:colcon.colcon_core.package_identification:_identify(src/bill_slam) by extension 'ignore_ament_install'
[0.170s] Level 1:colcon.colcon_core.package_identification:_identify(src/bill_slam) by extensions ['colcon_pkg']
[0.170s] Level 1:colcon.colcon_core.package_identification:_identify(src/bill_slam) by extension 'colcon_pkg'
[0.170s] Level 1:colcon.colcon_core.package_identification:_identify(src/bill_slam) by extensions ['colcon_meta']
[0.170s] Level 1:colcon.colcon_core.package_identification:_identify(src/bill_slam) by extension 'colcon_meta'
[0.170s] Level 1:colcon.colcon_core.package_identification:_identify(src/bill_slam) by extensions ['ros']
[0.170s] Level 1:colcon.colcon_core.package_identification:_identify(src/bill_slam) by extension 'ros'
[0.171s] DEBUG:colcon.colcon_core.package_identification:Package 'src/bill_slam' with type 'ros.ament_cmake' and name 'bill_slam'
[0.171s] Level 1:colcon.colcon_core.package_discovery:discover_packages(recursive) using defaults
[0.171s] Level 1:colcon.colcon_core.package_discovery:discover_packages(ignore) discover
[0.171s] Level 1:colcon.colcon_core.package_discovery:discover_packages(ignore) using defaults
[0.171s] Level 1:colcon.colcon_core.package_discovery:discover_packages(path) discover
[0.171s] Level 1:colcon.colcon_core.package_discovery:discover_packages(path) using defaults
[0.182s] Level 1:colcon.colcon_core.package_discovery:discover_packages(prefix_path) check parameters
[0.182s] Level 1:colcon.colcon_core.package_discovery:discover_packages(prefix_path) discover
[0.183s] DEBUG:colcon.colcon_installed_package_information.package_discovery:Found 4 installed packages in /home/bill8/billeagle_ws/bill_ws/install
[0.184s] DEBUG:colcon.colcon_installed_package_information.package_discovery:Found 3 installed packages in /home/bill8/microros_ws/install
[0.184s] DEBUG:colcon.colcon_installed_package_information.package_discovery:Found 329 installed packages in /opt/ros/humble
[0.185s] Level 1:colcon.colcon_core.package_discovery:discover_packages(prefix_path) using defaults
[0.206s] Level 5:colcon.colcon_core.verb:set package 'bill' build argument 'cmake_args' from command line to 'None'
[0.206s] Level 5:colcon.colcon_core.verb:set package 'bill' build argument 'cmake_target' from command line to 'None'
[0.206s] Level 5:colcon.colcon_core.verb:set package 'bill' build argument 'cmake_target_skip_unavailable' from command line to 'False'
[0.206s] Level 5:colcon.colcon_core.verb:set package 'bill' build argument 'cmake_clean_cache' from command line to 'False'
[0.206s] Level 5:colcon.colcon_core.verb:set package 'bill' build argument 'cmake_clean_first' from command line to 'False'
[0.206s] Level 5:colcon.colcon_core.verb:set package 'bill' build argument 'cmake_force_configure' from command line to 'False'
[0.206s] Level 5:colcon.colcon_core.verb:set package 'bill' build argument 'ament_cmake_args' from command line to 'None'
[0.206s] Level 5:colcon.colcon_core.verb:set package 'bill' build argument 'catkin_cmake_args' from command line to 'None'
[0.206s] Level 5:colcon.colcon_core.verb:set package 'bill' build argument 'catkin_skip_building_tests' from command line to 'False'
[0.206s] DEBUG:colcon.colcon_core.verb:Building package 'bill' with the following arguments: {'ament_cmake_args': None, 'build_base': '/home/bill8/billeagle_ws/bill_ws/build/bill', 'catkin_cmake_args': None, 'catkin_skip_building_tests': False, 'cmake_args': None, 'cmake_clean_cache': False, 'cmake_clean_first': False, 'cmake_force_configure': False, 'cmake_target': None, 'cmake_target_skip_unavailable': False, 'install_base': '/home/bill8/billeagle_ws/bill_ws/install/bill', 'merge_install': False, 'path': '/home/bill8/billeagle_ws/bill_ws/src/bill', 'symlink_install': False, 'test_result_base': None}
[0.206s] Level 5:colcon.colcon_core.verb:set package 'bill_description' build argument 'cmake_args' from command line to 'None'
[0.206s] Level 5:colcon.colcon_core.verb:set package 'bill_description' build argument 'cmake_target' from command line to 'None'
[0.206s] Level 5:colcon.colcon_core.verb:set package 'bill_description' build argument 'cmake_target_skip_unavailable' from command line to 'False'
[0.206s] Level 5:colcon.colcon_core.verb:set package 'bill_description' build argument 'cmake_clean_cache' from command line to 'False'
[0.206s] Level 5:colcon.colcon_core.verb:set package 'bill_description' build argument 'cmake_clean_first' from command line to 'False'
[0.206s] Level 5:colcon.colcon_core.verb:set package 'bill_description' build argument 'cmake_force_configure' from command line to 'False'
[0.206s] Level 5:colcon.colcon_core.verb:set package 'bill_description' build argument 'ament_cmake_args' from command line to 'None'
[0.206s] Level 5:colcon.colcon_core.verb:set package 'bill_description' build argument 'catkin_cmake_args' from command line to 'None'
[0.206s] Level 5:colcon.colcon_core.verb:set package 'bill_description' build argument 'catkin_skip_building_tests' from command line to 'False'
[0.206s] DEBUG:colcon.colcon_core.verb:Building package 'bill_description' with the following arguments: {'ament_cmake_args': None, 'build_base': '/home/bill8/billeagle_ws/bill_ws/build/bill_description', 'catkin_cmake_args': None, 'catkin_skip_building_tests': False, 'cmake_args': None, 'cmake_clean_cache': False, 'cmake_clean_first': False, 'cmake_force_configure': False, 'cmake_target': None, 'cmake_target_skip_unavailable': False, 'install_base': '/home/bill8/billeagle_ws/bill_ws/install/bill_description', 'merge_install': False, 'path': '/home/bill8/billeagle_ws/bill_ws/src/bill_description', 'symlink_install': False, 'test_result_base': None}
[0.206s] Level 5:colcon.colcon_core.verb:set package 'bill_nav' build argument 'cmake_args' from command line to 'None'
[0.207s] Level 5:colcon.colcon_core.verb:set package 'bill_nav' build argument 'cmake_target' from command line to 'None'
[0.207s] Level 5:colcon.colcon_core.verb:set package 'bill_nav' build argument 'cmake_target_skip_unavailable' from command line to 'False'
[0.207s] Level 5:colcon.colcon_core.verb:set package 'bill_nav' build argument 'cmake_clean_cache' from command line to 'False'
[0.207s] Level 5:colcon.colcon_core.verb:set package 'bill_nav' build argument 'cmake_clean_first' from command line to 'False'
[0.207s] Level 5:colcon.colcon_core.verb:set package 'bill_nav' build argument 'cmake_force_configure' from command line to 'False'
[0.207s] Level 5:colcon.colcon_core.verb:set package 'bill_nav' build argument 'ament_cmake_args' from command line to 'None'
[0.207s] Level 5:colcon.colcon_core.verb:set package 'bill_nav' build argument 'catkin_cmake_args' from command line to 'None'
[0.207s] Level 5:colcon.colcon_core.verb:set package 'bill_nav' build argument 'catkin_skip_building_tests' from command line to 'False'
[0.207s] DEBUG:colcon.colcon_core.verb:Building package 'bill_nav' with the following arguments: {'ament_cmake_args': None, 'build_base': '/home/bill8/billeagle_ws/bill_ws/build/bill_nav', 'catkin_cmake_args': None, 'catkin_skip_building_tests': False, 'cmake_args': None, 'cmake_clean_cache': False, 'cmake_clean_first': False, 'cmake_force_configure': False, 'cmake_target': None, 'cmake_target_skip_unavailable': False, 'install_base': '/home/bill8/billeagle_ws/bill_ws/install/bill_nav', 'merge_install': False, 'path': '/home/bill8/billeagle_ws/bill_ws/src/bill_nav', 'symlink_install': False, 'test_result_base': None}
[0.207s] Level 5:colcon.colcon_core.verb:set package 'bill_slam' build argument 'cmake_args' from command line to 'None'
[0.207s] Level 5:colcon.colcon_core.verb:set package 'bill_slam' build argument 'cmake_target' from command line to 'None'
[0.207s] Level 5:colcon.colcon_core.verb:set package 'bill_slam' build argument 'cmake_target_skip_unavailable' from command line to 'False'
[0.207s] Level 5:colcon.colcon_core.verb:set package 'bill_slam' build argument 'cmake_clean_cache' from command line to 'False'
[0.207s] Level 5:colcon.colcon_core.verb:set package 'bill_slam' build argument 'cmake_clean_first' from command line to 'False'
[0.207s] Level 5:colcon.colcon_core.verb:set package 'bill_slam' build argument 'cmake_force_configure' from command line to 'False'
[0.207s] Level 5:colcon.colcon_core.verb:set package 'bill_slam' build argument 'ament_cmake_args' from command line to 'None'
[0.207s] Level 5:colcon.colcon_core.verb:set package 'bill_slam' build argument 'catkin_cmake_args' from command line to 'None'
[0.207s] Level 5:colcon.colcon_core.verb:set package 'bill_slam' build argument 'catkin_skip_building_tests' from command line to 'False'
[0.207s] DEBUG:colcon.colcon_core.verb:Building package 'bill_slam' with the following arguments: {'ament_cmake_args': None, 'build_base': '/home/bill8/billeagle_ws/bill_ws/build/bill_slam', 'catkin_cmake_args': None, 'catkin_skip_building_tests': False, 'cmake_args': None, 'cmake_clean_cache': False, 'cmake_clean_first': False, 'cmake_force_configure': False, 'cmake_target': None, 'cmake_target_skip_unavailable': False, 'install_base': '/home/bill8/billeagle_ws/bill_ws/install/bill_slam', 'merge_install': False, 'path': '/home/bill8/billeagle_ws/bill_ws/src/bill_slam', 'symlink_install': False, 'test_result_base': None}
[0.207s] INFO:colcon.colcon_core.executor:Executing jobs using 'parallel' executor
[0.208s] DEBUG:colcon.colcon_parallel_executor.executor.parallel:run_until_complete
[0.208s] INFO:colcon.colcon_ros.task.ament_cmake.build:Building ROS package in '/home/bill8/billeagle_ws/bill_ws/src/bill' with build type 'ament_cmake'
[0.208s] INFO:colcon.colcon_cmake.task.cmake.build:Building CMake package in '/home/bill8/billeagle_ws/bill_ws/src/bill'
[0.209s] INFO:colcon.colcon_core.plugin_system:Skipping extension 'colcon_core.shell.bat': Not used on non-Windows systems
[0.209s] INFO:colcon.colcon_core.shell:Skip shell extension 'powershell' for command environment: Not usable outside of PowerShell
[0.209s] DEBUG:colcon.colcon_core.shell:Skip shell extension 'dsv' for command environment
[0.212s] INFO:colcon.colcon_ros.task.ament_cmake.build:Building ROS package in '/home/bill8/billeagle_ws/bill_ws/src/bill_description' with build type 'ament_cmake'
[0.212s] INFO:colcon.colcon_cmake.task.cmake.build:Building CMake package in '/home/bill8/billeagle_ws/bill_ws/src/bill_description'
[0.212s] INFO:colcon.colcon_core.shell:Skip shell extension 'powershell' for command environment: Not usable outside of PowerShell
[0.212s] DEBUG:colcon.colcon_core.shell:Skip shell extension 'dsv' for command environment
[0.214s] INFO:colcon.colcon_ros.task.ament_cmake.build:Building ROS package in '/home/bill8/billeagle_ws/bill_ws/src/bill_nav' with build type 'ament_cmake'
[0.214s] INFO:colcon.colcon_cmake.task.cmake.build:Building CMake package in '/home/bill8/billeagle_ws/bill_ws/src/bill_nav'
[0.214s] INFO:colcon.colcon_core.shell:Skip shell extension 'powershell' for command environment: Not usable outside of PowerShell
[0.214s] DEBUG:colcon.colcon_core.shell:Skip shell extension 'dsv' for command environment
[0.216s] INFO:colcon.colcon_ros.task.ament_cmake.build:Building ROS package in '/home/bill8/billeagle_ws/bill_ws/src/bill_slam' with build type 'ament_cmake'
[0.216s] INFO:colcon.colcon_cmake.task.cmake.build:Building CMake package in '/home/bill8/billeagle_ws/bill_ws/src/bill_slam'
[0.216s] INFO:colcon.colcon_core.shell:Skip shell extension 'powershell' for command environment: Not usable outside of PowerShell
[0.216s] DEBUG:colcon.colcon_core.shell:Skip shell extension 'dsv' for command environment
[0.223s] DEBUG:colcon.colcon_core.event_handler.log_command:Invoking command in '/home/bill8/billeagle_ws/bill_ws/build/bill': CMAKE_PREFIX_PATH=${CMAKE_PREFIX_PATH}:/opt/ros/humble /home/bill8/.local/bin/cmake --build /home/bill8/billeagle_ws/bill_ws/build/bill -- -j16 -l16
[0.224s] DEBUG:colcon.colcon_core.event_handler.log_command:Invoking command in '/home/bill8/billeagle_ws/bill_ws/build/bill_description': CMAKE_PREFIX_PATH=${CMAKE_PREFIX_PATH}:/opt/ros/humble /home/bill8/.local/bin/cmake --build /home/bill8/billeagle_ws/bill_ws/build/bill_description -- -j16 -l16
[0.227s] DEBUG:colcon.colcon_core.event_handler.log_command:Invoking command in '/home/bill8/billeagle_ws/bill_ws/build/bill_nav': CMAKE_PREFIX_PATH=${CMAKE_PREFIX_PATH}:/opt/ros/humble /home/bill8/.local/bin/cmake --build /home/bill8/billeagle_ws/bill_ws/build/bill_nav -- -j16 -l16
[0.230s] DEBUG:colcon.colcon_core.event_handler.log_command:Invoking command in '/home/bill8/billeagle_ws/bill_ws/build/bill_slam': CMAKE_PREFIX_PATH=${CMAKE_PREFIX_PATH}:/opt/ros/humble /home/bill8/.local/bin/cmake --build /home/bill8/billeagle_ws/bill_ws/build/bill_slam -- -j16 -l16
[0.281s] DEBUG:colcon.colcon_core.event_handler.log_command:Invoked command in '/home/bill8/billeagle_ws/bill_ws/build/bill' returned '0': CMAKE_PREFIX_PATH=${CMAKE_PREFIX_PATH}:/opt/ros/humble /home/bill8/.local/bin/cmake --build /home/bill8/billeagle_ws/bill_ws/build/bill -- -j16 -l16
[0.328s] DEBUG:colcon.colcon_core.event_handler.log_command:Invoking command in '/home/bill8/billeagle_ws/bill_ws/build/bill': CMAKE_PREFIX_PATH=${CMAKE_PREFIX_PATH}:/opt/ros/humble /home/bill8/.local/bin/cmake --install /home/bill8/billeagle_ws/bill_ws/build/bill
[0.329s] DEBUG:colcon.colcon_core.event_handler.log_command:Invoked command in '/home/bill8/billeagle_ws/bill_ws/build/bill_slam' returned '0': CMAKE_PREFIX_PATH=${CMAKE_PREFIX_PATH}:/opt/ros/humble /home/bill8/.local/bin/cmake --build /home/bill8/billeagle_ws/bill_ws/build/bill_slam -- -j16 -l16
[0.330s] DEBUG:colcon.colcon_core.event_handler.log_command:Invoking command in '/home/bill8/billeagle_ws/bill_ws/build/bill_slam': CMAKE_PREFIX_PATH=${CMAKE_PREFIX_PATH}:/opt/ros/humble /home/bill8/.local/bin/cmake --install /home/bill8/billeagle_ws/bill_ws/build/bill_slam
[0.330s] DEBUG:colcon.colcon_core.event_handler.log_command:Invoked command in '/home/bill8/billeagle_ws/bill_ws/build/bill_nav' returned '0': CMAKE_PREFIX_PATH=${CMAKE_PREFIX_PATH}:/opt/ros/humble /home/bill8/.local/bin/cmake --build /home/bill8/billeagle_ws/bill_ws/build/bill_nav -- -j16 -l16
[0.331s] DEBUG:colcon.colcon_core.event_handler.log_command:Invoking command in '/home/bill8/billeagle_ws/bill_ws/build/bill_nav': CMAKE_PREFIX_PATH=${CMAKE_PREFIX_PATH}:/opt/ros/humble /home/bill8/.local/bin/cmake --install /home/bill8/billeagle_ws/bill_ws/build/bill_nav
[0.331s] DEBUG:colcon.colcon_core.event_handler.log_command:Invoked command in '/home/bill8/billeagle_ws/bill_ws/build/bill_description' returned '0': CMAKE_PREFIX_PATH=${CMAKE_PREFIX_PATH}:/opt/ros/humble /home/bill8/.local/bin/cmake --build /home/bill8/billeagle_ws/bill_ws/build/bill_description -- -j16 -l16
[0.332s] DEBUG:colcon.colcon_core.event_handler.log_command:Invoking command in '/home/bill8/billeagle_ws/bill_ws/build/bill_description': CMAKE_PREFIX_PATH=${CMAKE_PREFIX_PATH}:/opt/ros/humble /home/bill8/.local/bin/cmake --install /home/bill8/billeagle_ws/bill_ws/build/bill_description
[0.377s] Level 1:colcon.colcon_core.environment:create_environment_scripts_only(bill)
[0.380s] Level 1:colcon.colcon_core.environment:checking '/home/bill8/billeagle_ws/bill_ws/install/bill' for CMake module files
[0.381s] Level 1:colcon.colcon_core.environment:checking '/home/bill8/billeagle_ws/bill_ws/install/bill' for CMake config files
[0.382s] Level 1:colcon.colcon_core.shell:create_environment_hook('bill', 'cmake_prefix_path')
[0.382s] INFO:colcon.colcon_core.shell:Creating environment hook '/home/bill8/billeagle_ws/bill_ws/install/bill/share/bill/hook/cmake_prefix_path.ps1'
[0.382s] INFO:colcon.colcon_core.shell:Creating environment descriptor '/home/bill8/billeagle_ws/bill_ws/install/bill/share/bill/hook/cmake_prefix_path.dsv'
[0.383s] INFO:colcon.colcon_core.shell:Creating environment hook '/home/bill8/billeagle_ws/bill_ws/install/bill/share/bill/hook/cmake_prefix_path.sh'
[0.383s] Level 1:colcon.colcon_core.environment:checking '/home/bill8/billeagle_ws/bill_ws/install/bill/bin'
[0.384s] Level 1:colcon.colcon_core.environment:checking '/home/bill8/billeagle_ws/bill_ws/install/bill/lib/pkgconfig/bill.pc'
[0.384s] Level 1:colcon.colcon_core.environment:checking '/home/bill8/billeagle_ws/bill_ws/install/bill/lib/python3.10/site-packages'
[0.384s] Level 1:colcon.colcon_core.environment:checking '/home/bill8/billeagle_ws/bill_ws/install/bill/bin'
[0.384s] INFO:colcon.colcon_core.shell:Creating package script '/home/bill8/billeagle_ws/bill_ws/install/bill/share/bill/package.ps1'
[0.385s] DEBUG:colcon.colcon_core.event_handler.log_command:Invoked command in '/home/bill8/billeagle_ws/bill_ws/build/bill' returned '0': CMAKE_PREFIX_PATH=${CMAKE_PREFIX_PATH}:/opt/ros/humble /home/bill8/.local/bin/cmake --install /home/bill8/billeagle_ws/bill_ws/build/bill
[0.385s] INFO:colcon.colcon_core.shell:Creating package descriptor '/home/bill8/billeagle_ws/bill_ws/install/bill/share/bill/package.dsv'
[0.386s] INFO:colcon.colcon_core.shell:Creating package script '/home/bill8/billeagle_ws/bill_ws/install/bill/share/bill/package.sh'
[0.387s] INFO:colcon.colcon_core.shell:Creating package script '/home/bill8/billeagle_ws/bill_ws/install/bill/share/bill/package.bash'
[0.387s] INFO:colcon.colcon_core.shell:Creating package script '/home/bill8/billeagle_ws/bill_ws/install/bill/share/bill/package.zsh'
[0.388s] Level 1:colcon.colcon_core.environment:create_file_with_runtime_dependencies(/home/bill8/billeagle_ws/bill_ws/install/bill/share/colcon-core/packages/bill)
[0.388s] Level 1:colcon.colcon_core.environment:create_environment_scripts_only(bill)
[0.389s] Level 1:colcon.colcon_core.environment:checking '/home/bill8/billeagle_ws/bill_ws/install/bill' for CMake module files
[0.389s] Level 1:colcon.colcon_core.environment:checking '/home/bill8/billeagle_ws/bill_ws/install/bill' for CMake config files
[0.390s] Level 1:colcon.colcon_core.shell:create_environment_hook('bill', 'cmake_prefix_path')
[0.390s] INFO:colcon.colcon_core.shell:Creating environment hook '/home/bill8/billeagle_ws/bill_ws/install/bill/share/bill/hook/cmake_prefix_path.ps1'
[0.390s] INFO:colcon.colcon_core.shell:Creating environment descriptor '/home/bill8/billeagle_ws/bill_ws/install/bill/share/bill/hook/cmake_prefix_path.dsv'
[0.391s] INFO:colcon.colcon_core.shell:Creating environment hook '/home/bill8/billeagle_ws/bill_ws/install/bill/share/bill/hook/cmake_prefix_path.sh'
[0.391s] Level 1:colcon.colcon_core.environment:checking '/home/bill8/billeagle_ws/bill_ws/install/bill/bin'
[0.391s] Level 1:colcon.colcon_core.environment:checking '/home/bill8/billeagle_ws/bill_ws/install/bill/lib/pkgconfig/bill.pc'
[0.392s] Level 1:colcon.colcon_core.environment:checking '/home/bill8/billeagle_ws/bill_ws/install/bill/lib/python3.10/site-packages'
[0.392s] Level 1:colcon.colcon_core.environment:checking '/home/bill8/billeagle_ws/bill_ws/install/bill/bin'
[0.392s] INFO:colcon.colcon_core.shell:Creating package script '/home/bill8/billeagle_ws/bill_ws/install/bill/share/bill/package.ps1'
[0.392s] INFO:colcon.colcon_core.shell:Creating package descriptor '/home/bill8/billeagle_ws/bill_ws/install/bill/share/bill/package.dsv'
[0.393s] INFO:colcon.colcon_core.shell:Creating package script '/home/bill8/billeagle_ws/bill_ws/install/bill/share/bill/package.sh'
[0.393s] INFO:colcon.colcon_core.shell:Creating package script '/home/bill8/billeagle_ws/bill_ws/install/bill/share/bill/package.bash'
[0.393s] INFO:colcon.colcon_core.shell:Creating package script '/home/bill8/billeagle_ws/bill_ws/install/bill/share/bill/package.zsh'
[0.394s] Level 1:colcon.colcon_core.environment:create_file_with_runtime_dependencies(/home/bill8/billeagle_ws/bill_ws/install/bill/share/colcon-core/packages/bill)
[0.394s] Level 1:colcon.colcon_core.environment:create_environment_scripts_only(bill_description)
[0.395s] Level 1:colcon.colcon_core.environment:checking '/home/bill8/billeagle_ws/bill_ws/install/bill_description' for CMake module files
[0.395s] Level 1:colcon.colcon_core.environment:checking '/home/bill8/billeagle_ws/bill_ws/install/bill_description' for CMake config files
[0.396s] Level 1:colcon.colcon_core.shell:create_environment_hook('bill_description', 'cmake_prefix_path')
[0.396s] INFO:colcon.colcon_core.shell:Creating environment hook '/home/bill8/billeagle_ws/bill_ws/install/bill_description/share/bill_description/hook/cmake_prefix_path.ps1'
[0.397s] INFO:colcon.colcon_core.shell:Creating environment descriptor '/home/bill8/billeagle_ws/bill_ws/install/bill_description/share/bill_description/hook/cmake_prefix_path.dsv'
[0.397s] INFO:colcon.colcon_core.shell:Creating environment hook '/home/bill8/billeagle_ws/bill_ws/install/bill_description/share/bill_description/hook/cmake_prefix_path.sh'
[0.397s] Level 1:colcon.colcon_core.environment:checking '/home/bill8/billeagle_ws/bill_ws/install/bill_description/bin'
[0.397s] Level 1:colcon.colcon_core.environment:checking '/home/bill8/billeagle_ws/bill_ws/install/bill_description/lib/pkgconfig/bill_description.pc'
[0.398s] Level 1:colcon.colcon_core.environment:checking '/home/bill8/billeagle_ws/bill_ws/install/bill_description/lib/python3.10/site-packages'
[0.398s] Level 1:colcon.colcon_core.environment:checking '/home/bill8/billeagle_ws/bill_ws/install/bill_description/bin'
[0.398s] INFO:colcon.colcon_core.shell:Creating package script '/home/bill8/billeagle_ws/bill_ws/install/bill_description/share/bill_description/package.ps1'
[0.398s] INFO:colcon.colcon_core.shell:Creating package descriptor '/home/bill8/billeagle_ws/bill_ws/install/bill_description/share/bill_description/package.dsv'
[0.399s] INFO:colcon.colcon_core.shell:Creating package script '/home/bill8/billeagle_ws/bill_ws/install/bill_description/share/bill_description/package.sh'
[0.399s] INFO:colcon.colcon_core.shell:Creating package script '/home/bill8/billeagle_ws/bill_ws/install/bill_description/share/bill_description/package.bash'
[0.399s] INFO:colcon.colcon_core.shell:Creating package script '/home/bill8/billeagle_ws/bill_ws/install/bill_description/share/bill_description/package.zsh'
[0.400s] Level 1:colcon.colcon_core.environment:create_file_with_runtime_dependencies(/home/bill8/billeagle_ws/bill_ws/install/bill_description/share/colcon-core/packages/bill_description)
[0.400s] Level 1:colcon.colcon_core.environment:create_environment_scripts_only(bill_description)
[0.400s] Level 1:colcon.colcon_core.environment:checking '/home/bill8/billeagle_ws/bill_ws/install/bill_description' for CMake module files
[0.401s] Level 1:colcon.colcon_core.environment:checking '/home/bill8/billeagle_ws/bill_ws/install/bill_description' for CMake config files
[0.401s] Level 1:colcon.colcon_core.shell:create_environment_hook('bill_description', 'cmake_prefix_path')
[0.402s] INFO:colcon.colcon_core.shell:Creating environment hook '/home/bill8/billeagle_ws/bill_ws/install/bill_description/share/bill_description/hook/cmake_prefix_path.ps1'
[0.402s] INFO:colcon.colcon_core.shell:Creating environment descriptor '/home/bill8/billeagle_ws/bill_ws/install/bill_description/share/bill_description/hook/cmake_prefix_path.dsv'
[0.402s] INFO:colcon.colcon_core.shell:Creating environment hook '/home/bill8/billeagle_ws/bill_ws/install/bill_description/share/bill_description/hook/cmake_prefix_path.sh'
[0.403s] DEBUG:colcon.colcon_core.event_handler.log_command:Invoked command in '/home/bill8/billeagle_ws/bill_ws/build/bill_description' returned '0': CMAKE_PREFIX_PATH=${CMAKE_PREFIX_PATH}:/opt/ros/humble /home/bill8/.local/bin/cmake --install /home/bill8/billeagle_ws/bill_ws/build/bill_description
[0.403s] Level 1:colcon.colcon_core.environment:checking '/home/bill8/billeagle_ws/bill_ws/install/bill_description/bin'
[0.403s] Level 1:colcon.colcon_core.environment:checking '/home/bill8/billeagle_ws/bill_ws/install/bill_description/lib/pkgconfig/bill_description.pc'
[0.403s] Level 1:colcon.colcon_core.environment:checking '/home/bill8/billeagle_ws/bill_ws/install/bill_description/lib/python3.10/site-packages'
[0.403s] Level 1:colcon.colcon_core.environment:checking '/home/bill8/billeagle_ws/bill_ws/install/bill_description/bin'
[0.403s] INFO:colcon.colcon_core.shell:Creating package script '/home/bill8/billeagle_ws/bill_ws/install/bill_description/share/bill_description/package.ps1'
[0.404s] INFO:colcon.colcon_core.shell:Creating package descriptor '/home/bill8/billeagle_ws/bill_ws/install/bill_description/share/bill_description/package.dsv'
[0.404s] INFO:colcon.colcon_core.shell:Creating package script '/home/bill8/billeagle_ws/bill_ws/install/bill_description/share/bill_description/package.sh'
[0.404s] INFO:colcon.colcon_core.shell:Creating package script '/home/bill8/billeagle_ws/bill_ws/install/bill_description/share/bill_description/package.bash'
[0.404s] INFO:colcon.colcon_core.shell:Creating package script '/home/bill8/billeagle_ws/bill_ws/install/bill_description/share/bill_description/package.zsh'
[0.404s] Level 1:colcon.colcon_core.environment:create_file_with_runtime_dependencies(/home/bill8/billeagle_ws/bill_ws/install/bill_description/share/colcon-core/packages/bill_description)
[0.405s] Level 1:colcon.colcon_core.environment:create_environment_scripts_only(bill_nav)
[0.405s] Level 1:colcon.colcon_core.environment:checking '/home/bill8/billeagle_ws/bill_ws/install/bill_nav' for CMake module files
[0.405s] Level 1:colcon.colcon_core.environment:checking '/home/bill8/billeagle_ws/bill_ws/install/bill_nav' for CMake config files
[0.405s] DEBUG:colcon.colcon_core.event_handler.log_command:Invoked command in '/home/bill8/billeagle_ws/bill_ws/build/bill_nav' returned '0': CMAKE_PREFIX_PATH=${CMAKE_PREFIX_PATH}:/opt/ros/humble /home/bill8/.local/bin/cmake --install /home/bill8/billeagle_ws/bill_ws/build/bill_nav
[0.406s] Level 1:colcon.colcon_core.shell:create_environment_hook('bill_nav', 'cmake_prefix_path')
[0.406s] INFO:colcon.colcon_core.shell:Creating environment hook '/home/bill8/billeagle_ws/bill_ws/install/bill_nav/share/bill_nav/hook/cmake_prefix_path.ps1'
[0.406s] INFO:colcon.colcon_core.shell:Creating environment descriptor '/home/bill8/billeagle_ws/bill_ws/install/bill_nav/share/bill_nav/hook/cmake_prefix_path.dsv'
[0.406s] INFO:colcon.colcon_core.shell:Creating environment hook '/home/bill8/billeagle_ws/bill_ws/install/bill_nav/share/bill_nav/hook/cmake_prefix_path.sh'
[0.406s] Level 1:colcon.colcon_core.environment:checking '/home/bill8/billeagle_ws/bill_ws/install/bill_nav/bin'
[0.406s] Level 1:colcon.colcon_core.environment:checking '/home/bill8/billeagle_ws/bill_ws/install/bill_nav/lib/pkgconfig/bill_nav.pc'
[0.407s] Level 1:colcon.colcon_core.environment:checking '/home/bill8/billeagle_ws/bill_ws/install/bill_nav/lib/python3.10/site-packages'
[0.407s] Level 1:colcon.colcon_core.environment:checking '/home/bill8/billeagle_ws/bill_ws/install/bill_nav/bin'
[0.407s] INFO:colcon.colcon_core.shell:Creating package script '/home/bill8/billeagle_ws/bill_ws/install/bill_nav/share/bill_nav/package.ps1'
[0.407s] INFO:colcon.colcon_core.shell:Creating package descriptor '/home/bill8/billeagle_ws/bill_ws/install/bill_nav/share/bill_nav/package.dsv'
[0.407s] INFO:colcon.colcon_core.shell:Creating package script '/home/bill8/billeagle_ws/bill_ws/install/bill_nav/share/bill_nav/package.sh'
[0.407s] INFO:colcon.colcon_core.shell:Creating package script '/home/bill8/billeagle_ws/bill_ws/install/bill_nav/share/bill_nav/package.bash'
[0.408s] INFO:colcon.colcon_core.shell:Creating package script '/home/bill8/billeagle_ws/bill_ws/install/bill_nav/share/bill_nav/package.zsh'
[0.408s] Level 1:colcon.colcon_core.environment:create_file_with_runtime_dependencies(/home/bill8/billeagle_ws/bill_ws/install/bill_nav/share/colcon-core/packages/bill_nav)
[0.408s] Level 1:colcon.colcon_core.environment:create_environment_scripts_only(bill_nav)
[0.408s] Level 1:colcon.colcon_core.environment:checking '/home/bill8/billeagle_ws/bill_ws/install/bill_nav' for CMake module files
[0.408s] Level 1:colcon.colcon_core.environment:checking '/home/bill8/billeagle_ws/bill_ws/install/bill_nav' for CMake config files
[0.409s] Level 1:colcon.colcon_core.shell:create_environment_hook('bill_nav', 'cmake_prefix_path')
[0.409s] INFO:colcon.colcon_core.shell:Creating environment hook '/home/bill8/billeagle_ws/bill_ws/install/bill_nav/share/bill_nav/hook/cmake_prefix_path.ps1'
[0.409s] INFO:colcon.colcon_core.shell:Creating environment descriptor '/home/bill8/billeagle_ws/bill_ws/install/bill_nav/share/bill_nav/hook/cmake_prefix_path.dsv'
[0.409s] INFO:colcon.colcon_core.shell:Creating environment hook '/home/bill8/billeagle_ws/bill_ws/install/bill_nav/share/bill_nav/hook/cmake_prefix_path.sh'
[0.409s] Level 1:colcon.colcon_core.environment:checking '/home/bill8/billeagle_ws/bill_ws/install/bill_nav/bin'
[0.409s] Level 1:colcon.colcon_core.environment:checking '/home/bill8/billeagle_ws/bill_ws/install/bill_nav/lib/pkgconfig/bill_nav.pc'
[0.409s] Level 1:colcon.colcon_core.environment:checking '/home/bill8/billeagle_ws/bill_ws/install/bill_nav/lib/python3.10/site-packages'
[0.410s] Level 1:colcon.colcon_core.environment:checking '/home/bill8/billeagle_ws/bill_ws/install/bill_nav/bin'
[0.410s] INFO:colcon.colcon_core.shell:Creating package script '/home/bill8/billeagle_ws/bill_ws/install/bill_nav/share/bill_nav/package.ps1'
[0.410s] INFO:colcon.colcon_core.shell:Creating package descriptor '/home/bill8/billeagle_ws/bill_ws/install/bill_nav/share/bill_nav/package.dsv'
[0.410s] INFO:colcon.colcon_core.shell:Creating package script '/home/bill8/billeagle_ws/bill_ws/install/bill_nav/share/bill_nav/package.sh'
[0.410s] INFO:colcon.colcon_core.shell:Creating package script '/home/bill8/billeagle_ws/bill_ws/install/bill_nav/share/bill_nav/package.bash'
[0.411s] INFO:colcon.colcon_core.shell:Creating package script '/home/bill8/billeagle_ws/bill_ws/install/bill_nav/share/bill_nav/package.zsh'
[0.411s] Level 1:colcon.colcon_core.environment:create_file_with_runtime_dependencies(/home/bill8/billeagle_ws/bill_ws/install/bill_nav/share/colcon-core/packages/bill_nav)
[0.411s] Level 1:colcon.colcon_core.environment:create_environment_scripts_only(bill_slam)
[0.411s] Level 1:colcon.colcon_core.environment:checking '/home/bill8/billeagle_ws/bill_ws/install/bill_slam' for CMake module files
[0.411s] Level 1:colcon.colcon_core.environment:checking '/home/bill8/billeagle_ws/bill_ws/install/bill_slam' for CMake config files
[0.412s] DEBUG:colcon.colcon_core.event_handler.log_command:Invoked command in '/home/bill8/billeagle_ws/bill_ws/build/bill_slam' returned '0': CMAKE_PREFIX_PATH=${CMAKE_PREFIX_PATH}:/opt/ros/humble /home/bill8/.local/bin/cmake --install /home/bill8/billeagle_ws/bill_ws/build/bill_slam
[0.412s] Level 1:colcon.colcon_core.shell:create_environment_hook('bill_slam', 'cmake_prefix_path')
[0.412s] INFO:colcon.colcon_core.shell:Creating environment hook '/home/bill8/billeagle_ws/bill_ws/install/bill_slam/share/bill_slam/hook/cmake_prefix_path.ps1'
[0.412s] INFO:colcon.colcon_core.shell:Creating environment descriptor '/home/bill8/billeagle_ws/bill_ws/install/bill_slam/share/bill_slam/hook/cmake_prefix_path.dsv'
[0.412s] INFO:colcon.colcon_core.shell:Creating environment hook '/home/bill8/billeagle_ws/bill_ws/install/bill_slam/share/bill_slam/hook/cmake_prefix_path.sh'
[0.413s] Level 1:colcon.colcon_core.environment:checking '/home/bill8/billeagle_ws/bill_ws/install/bill_slam/bin'
[0.413s] Level 1:colcon.colcon_core.environment:checking '/home/bill8/billeagle_ws/bill_ws/install/bill_slam/lib/pkgconfig/bill_slam.pc'
[0.413s] Level 1:colcon.colcon_core.environment:checking '/home/bill8/billeagle_ws/bill_ws/install/bill_slam/lib/python3.10/site-packages'
[0.413s] Level 1:colcon.colcon_core.environment:checking '/home/bill8/billeagle_ws/bill_ws/install/bill_slam/bin'
[0.413s] INFO:colcon.colcon_core.shell:Creating package script '/home/bill8/billeagle_ws/bill_ws/install/bill_slam/share/bill_slam/package.ps1'
[0.413s] INFO:colcon.colcon_core.shell:Creating package descriptor '/home/bill8/billeagle_ws/bill_ws/install/bill_slam/share/bill_slam/package.dsv'
[0.414s] INFO:colcon.colcon_core.shell:Creating package script '/home/bill8/billeagle_ws/bill_ws/install/bill_slam/share/bill_slam/package.sh'
[0.414s] INFO:colcon.colcon_core.shell:Creating package script '/home/bill8/billeagle_ws/bill_ws/install/bill_slam/share/bill_slam/package.bash'
[0.414s] INFO:colcon.colcon_core.shell:Creating package script '/home/bill8/billeagle_ws/bill_ws/install/bill_slam/share/bill_slam/package.zsh'
[0.414s] Level 1:colcon.colcon_core.environment:create_file_with_runtime_dependencies(/home/bill8/billeagle_ws/bill_ws/install/bill_slam/share/colcon-core/packages/bill_slam)
[0.414s] Level 1:colcon.colcon_core.environment:create_environment_scripts_only(bill_slam)
[0.414s] Level 1:colcon.colcon_core.environment:checking '/home/bill8/billeagle_ws/bill_ws/install/bill_slam' for CMake module files
[0.415s] Level 1:colcon.colcon_core.environment:checking '/home/bill8/billeagle_ws/bill_ws/install/bill_slam' for CMake config files
[0.415s] Level 1:colcon.colcon_core.shell:create_environment_hook('bill_slam', 'cmake_prefix_path')
[0.415s] INFO:colcon.colcon_core.shell:Creating environment hook '/home/bill8/billeagle_ws/bill_ws/install/bill_slam/share/bill_slam/hook/cmake_prefix_path.ps1'
[0.415s] INFO:colcon.colcon_core.shell:Creating environment descriptor '/home/bill8/billeagle_ws/bill_ws/install/bill_slam/share/bill_slam/hook/cmake_prefix_path.dsv'
[0.415s] INFO:colcon.colcon_core.shell:Creating environment hook '/home/bill8/billeagle_ws/bill_ws/install/bill_slam/share/bill_slam/hook/cmake_prefix_path.sh'
[0.416s] Level 1:colcon.colcon_core.environment:checking '/home/bill8/billeagle_ws/bill_ws/install/bill_slam/bin'
[0.416s] Level 1:colcon.colcon_core.environment:checking '/home/bill8/billeagle_ws/bill_ws/install/bill_slam/lib/pkgconfig/bill_slam.pc'
[0.416s] Level 1:colcon.colcon_core.environment:checking '/home/bill8/billeagle_ws/bill_ws/install/bill_slam/lib/python3.10/site-packages'
[0.416s] Level 1:colcon.colcon_core.environment:checking '/home/bill8/billeagle_ws/bill_ws/install/bill_slam/bin'
[0.416s] INFO:colcon.colcon_core.shell:Creating package script '/home/bill8/billeagle_ws/bill_ws/install/bill_slam/share/bill_slam/package.ps1'
[0.416s] INFO:colcon.colcon_core.shell:Creating package descriptor '/home/bill8/billeagle_ws/bill_ws/install/bill_slam/share/bill_slam/package.dsv'
[0.416s] INFO:colcon.colcon_core.shell:Creating package script '/home/bill8/billeagle_ws/bill_ws/install/bill_slam/share/bill_slam/package.sh'
[0.417s] INFO:colcon.colcon_core.shell:Creating package script '/home/bill8/billeagle_ws/bill_ws/install/bill_slam/share/bill_slam/package.bash'
[0.417s] INFO:colcon.colcon_core.shell:Creating package script '/home/bill8/billeagle_ws/bill_ws/install/bill_slam/share/bill_slam/package.zsh'
[0.417s] Level 1:colcon.colcon_core.environment:create_file_with_runtime_dependencies(/home/bill8/billeagle_ws/bill_ws/install/bill_slam/share/colcon-core/packages/bill_slam)
[0.417s] DEBUG:colcon.colcon_parallel_executor.executor.parallel:closing loop
[0.417s] DEBUG:colcon.colcon_parallel_executor.executor.parallel:loop closed
[0.417s] DEBUG:colcon.colcon_parallel_executor.executor.parallel:run_until_complete finished with '0'
[0.417s] DEBUG:colcon.colcon_core.event_reactor:joining thread
[0.421s] INFO:colcon.colcon_core.plugin_system:Skipping extension 'colcon_notification.desktop_notification.terminal_notifier': Not used on non-Darwin systems
[0.421s] INFO:colcon.colcon_core.plugin_system:Skipping extension 'colcon_notification.desktop_notification.win32': Not used on non-Windows systems
[0.421s] INFO:colcon.colcon_notification.desktop_notification:Sending desktop notification using 'notify2'
[0.431s] DEBUG:colcon.colcon_core.event_reactor:joined thread
[0.431s] INFO:colcon.colcon_core.shell:Creating prefix script '/home/bill8/billeagle_ws/bill_ws/install/local_setup.ps1'
[0.431s] INFO:colcon.colcon_core.shell:Creating prefix util module '/home/bill8/billeagle_ws/bill_ws/install/_local_setup_util_ps1.py'
[0.432s] INFO:colcon.colcon_core.shell:Creating prefix chain script '/home/bill8/billeagle_ws/bill_ws/install/setup.ps1'
[0.433s] INFO:colcon.colcon_core.shell:Creating prefix script '/home/bill8/billeagle_ws/bill_ws/install/local_setup.sh'
[0.433s] INFO:colcon.colcon_core.shell:Creating prefix util module '/home/bill8/billeagle_ws/bill_ws/install/_local_setup_util_sh.py'
[0.433s] INFO:colcon.colcon_core.shell:Creating prefix chain script '/home/bill8/billeagle_ws/bill_ws/install/setup.sh'
[0.434s] INFO:colcon.colcon_core.shell:Creating prefix script '/home/bill8/billeagle_ws/bill_ws/install/local_setup.bash'
[0.434s] INFO:colcon.colcon_core.shell:Creating prefix chain script '/home/bill8/billeagle_ws/bill_ws/install/setup.bash'
[0.435s] INFO:colcon.colcon_core.shell:Creating prefix script '/home/bill8/billeagle_ws/bill_ws/install/local_setup.zsh'
[0.435s] INFO:colcon.colcon_core.shell:Creating prefix chain script '/home/bill8/billeagle_ws/bill_ws/install/setup.zsh'
