[0.024s] Invoking command in '/home/vfran/billeagle_ws/bill_ws/build/bill': CMAKE_PREFIX_PATH=${CMAKE_PREFIX_PATH}:/opt/ros/humble /usr/local/bin/cmake /home/vfran/billeagle_ws/bill_ws/src/bill -DAMENT_CMAKE_SYMLINK_INSTALL=1 -DCMAKE_INSTALL_PREFIX=/home/vfran/billeagle_ws/bill_ws/install/bill
[0.037s] -- Found ament_cmake: 1.3.11 (/opt/ros/humble/share/ament_cmake/cmake)
[0.136s] -- Override CMake install command with custom implementation using symlinks instead of copying resources
[0.150s] -- Found ament_lint_auto: 0.12.12 (/opt/ros/humble/share/ament_lint_auto/cmake)
[0.228s] -- Added test 'flake8' to check Python code syntax and style conventions
[0.229s] -- Added test 'lint_cmake' to check CMake code style
[0.229s] -- Added test 'pep257' to check Python code against some of the docstring style conventions in PEP 257
[0.232s] -- Added test 'xmllint' to check XML markup files
[0.233s] -- Configuring done
[0.238s] -- Generating done
[0.240s] -- Build files have been written to: /home/vfran/billeagle_ws/bill_ws/build/bill
[0.246s] Invoked command in '/home/vfran/billeagle_ws/bill_ws/build/bill' returned '0': CMAKE_PREFIX_PATH=${CMAKE_PREFIX_PATH}:/opt/ros/humble /usr/local/bin/cmake /home/vfran/billeagle_ws/bill_ws/src/bill -DAMENT_CMAKE_SYMLINK_INSTALL=1 -DCMAKE_INSTALL_PREFIX=/home/vfran/billeagle_ws/bill_ws/install/bill
[0.248s] Invoking command in '/home/vfran/billeagle_ws/bill_ws/build/bill': CMAKE_PREFIX_PATH=${CMAKE_PREFIX_PATH}:/opt/ros/humble /usr/local/bin/cmake --build /home/vfran/billeagle_ws/bill_ws/build/bill -- -j16 -l16
[0.272s] Invoked command in '/home/vfran/billeagle_ws/bill_ws/build/bill' returned '0': CMAKE_PREFIX_PATH=${CMAKE_PREFIX_PATH}:/opt/ros/humble /usr/local/bin/cmake --build /home/vfran/billeagle_ws/bill_ws/build/bill -- -j16 -l16
[0.274s] Invoking command in '/home/vfran/billeagle_ws/bill_ws/build/bill': CMAKE_PREFIX_PATH=${CMAKE_PREFIX_PATH}:/opt/ros/humble /usr/local/bin/cmake --install /home/vfran/billeagle_ws/bill_ws/build/bill
[0.281s] -- Install configuration: ""
[0.281s] -- Execute custom install script
[0.281s] -- Symlinking: /home/vfran/billeagle_ws/bill_ws/install/bill/share/bill/config/amcl.yaml
[0.282s] -- Symlinking: /home/vfran/billeagle_ws/bill_ws/install/bill/share/bill/config/diff_drive_controller.yaml
[0.287s] -- Symlinking: /home/vfran/billeagle_ws/bill_ws/install/bill/share/bill/config/ekf.yaml
[0.291s] -- Symlinking: /home/vfran/billeagle_ws/bill_ws/install/bill/share/bill/config/gazebo_params.yaml
[0.295s] -- Symlinking: /home/vfran/billeagle_ws/bill_ws/install/bill/share/bill/config/mecanum_drive_controller.yaml
[0.299s] -- Symlinking: /home/vfran/billeagle_ws/bill_ws/install/bill/share/bill/config/nav2_params.yaml
[0.304s] -- Symlinking: /home/vfran/billeagle_ws/bill_ws/install/bill/share/bill/config/nav_params.yaml
[0.308s] -- Symlinking: /home/vfran/billeagle_ws/bill_ws/install/bill/share/bill/config/slam_params.yaml
[0.312s] -- Symlinking: /home/vfran/billeagle_ws/bill_ws/install/bill/share/bill/config/twist_mux_params.yaml
[0.317s] -- Symlinking: /home/vfran/billeagle_ws/bill_ws/install/bill/share/bill/description/common.xacro
[0.321s] -- Symlinking: /home/vfran/billeagle_ws/bill_ws/install/bill/share/bill/description/gazebo_control.xacro
[0.325s] -- Symlinking: /home/vfran/billeagle_ws/bill_ws/install/bill/share/bill/description/lidar.xacro
[0.331s] -- Symlinking: /home/vfran/billeagle_ws/bill_ws/install/bill/share/bill/description/robot.urdf.xacro
[0.335s] -- Symlinking: /home/vfran/billeagle_ws/bill_ws/install/bill/share/bill/description/robot_core.xacro
[0.340s] -- Symlinking: /home/vfran/billeagle_ws/bill_ws/install/bill/share/bill/description/ros2_control.xacro
[0.345s] -- Symlinking: /home/vfran/billeagle_ws/bill_ws/install/bill/share/bill/launch/amcl.launch.py
[0.349s] -- Symlinking: /home/vfran/billeagle_ws/bill_ws/install/bill/share/bill/launch/lidar.launch.py
[0.354s] -- Symlinking: /home/vfran/billeagle_ws/bill_ws/install/bill/share/bill/launch/localization.launch.py
[0.358s] -- Symlinking: /home/vfran/billeagle_ws/bill_ws/install/bill/share/bill/launch/nav.launch.py
[0.362s] -- Symlinking: /home/vfran/billeagle_ws/bill_ws/install/bill/share/bill/launch/nav2.launch.py
[0.367s] -- Symlinking: /home/vfran/billeagle_ws/bill_ws/install/bill/share/bill/launch/robot.launch.py
[0.370s] -- Symlinking: /home/vfran/billeagle_ws/bill_ws/install/bill/share/bill/launch/rsp.launch.py
[0.375s] -- Symlinking: /home/vfran/billeagle_ws/bill_ws/install/bill/share/bill/launch/sim.launch.py
[0.379s] -- Symlinking: /home/vfran/billeagle_ws/bill_ws/install/bill/share/bill/launch/slam.launch.py
[0.383s] -- Symlinking: /home/vfran/billeagle_ws/bill_ws/install/bill/share/bill/worlds/empty.world
[0.387s] -- Symlinking: /home/vfran/billeagle_ws/bill_ws/install/bill/share/bill/worlds/test.world
[0.392s] -- Symlinking: /home/vfran/billeagle_ws/bill_ws/install/bill/share/bill/rviz/bot.rviz
[0.396s] -- Symlinking: /home/vfran/billeagle_ws/bill_ws/install/bill/share/ament_index/resource_index/package_run_dependencies/bill
[0.400s] -- Symlinking: /home/vfran/billeagle_ws/bill_ws/install/bill/share/ament_index/resource_index/parent_prefix_path/bill
[0.404s] -- Symlinking: /home/vfran/billeagle_ws/bill_ws/install/bill/share/bill/environment/ament_prefix_path.sh
[0.409s] -- Symlinking: /home/vfran/billeagle_ws/bill_ws/install/bill/share/bill/environment/ament_prefix_path.dsv
[0.414s] -- Symlinking: /home/vfran/billeagle_ws/bill_ws/install/bill/share/bill/environment/path.sh
[0.418s] -- Symlinking: /home/vfran/billeagle_ws/bill_ws/install/bill/share/bill/environment/path.dsv
[0.422s] -- Symlinking: /home/vfran/billeagle_ws/bill_ws/install/bill/share/bill/local_setup.bash
[0.428s] -- Symlinking: /home/vfran/billeagle_ws/bill_ws/install/bill/share/bill/local_setup.sh
[0.431s] -- Symlinking: /home/vfran/billeagle_ws/bill_ws/install/bill/share/bill/local_setup.zsh
[0.435s] -- Symlinking: /home/vfran/billeagle_ws/bill_ws/install/bill/share/bill/local_setup.dsv
[0.440s] -- Symlinking: /home/vfran/billeagle_ws/bill_ws/install/bill/share/bill/package.dsv
[0.444s] -- Symlinking: /home/vfran/billeagle_ws/bill_ws/install/bill/share/ament_index/resource_index/packages/bill
[0.448s] -- Symlinking: /home/vfran/billeagle_ws/bill_ws/install/bill/share/bill/cmake/billConfig.cmake
[0.453s] -- Symlinking: /home/vfran/billeagle_ws/bill_ws/install/bill/share/bill/cmake/billConfig-version.cmake
[0.459s] -- Symlinking: /home/vfran/billeagle_ws/bill_ws/install/bill/share/bill/package.xml
[0.468s] Invoked command in '/home/vfran/billeagle_ws/bill_ws/build/bill' returned '0': CMAKE_PREFIX_PATH=${CMAKE_PREFIX_PATH}:/opt/ros/humble /usr/local/bin/cmake --install /home/vfran/billeagle_ws/bill_ws/build/bill
