[0.844s] Invoking command in '/home/vfran/billeagle_ws/nav_ws/src/task_nav': PYTHONPATH=/home/vfran/billeagle_ws/nav_ws/build/task_nav/prefix_override:/usr/lib/python3/dist-packages/colcon_core/task/python/colcon_distutils_commands:/home/vfran/billeagle_ws/nav_ws/install/task_nav/lib/python3.10/site-packages:${PYTHONPATH} /usr/bin/python3 -W ignore:setup.py install is deprecated -W ignore:easy_install command is deprecated setup.py egg_info --egg-base ../../build/task_nav build --build-base /home/vfran/billeagle_ws/nav_ws/build/task_nav/build install --record /home/vfran/billeagle_ws/nav_ws/build/task_nav/install.log --single-version-externally-managed install_data
[1.150s] running egg_info
[1.151s] writing ../../build/task_nav/task_nav.egg-info/PKG-INFO
[1.151s] writing dependency_links to ../../build/task_nav/task_nav.egg-info/dependency_links.txt
[1.151s] writing entry points to ../../build/task_nav/task_nav.egg-info/entry_points.txt
[1.152s] writing requirements to ../../build/task_nav/task_nav.egg-info/requires.txt
[1.152s] writing top-level names to ../../build/task_nav/task_nav.egg-info/top_level.txt
[1.154s] reading manifest file '../../build/task_nav/task_nav.egg-info/SOURCES.txt'
[1.156s] writing manifest file '../../build/task_nav/task_nav.egg-info/SOURCES.txt'
[1.156s] running build
[1.156s] running build_py
[1.156s] copying task_nav/tf_pub.py -> /home/vfran/billeagle_ws/nav_ws/build/task_nav/build/lib/task_nav
[1.156s] copying task_nav/mecanum_drive.py -> /home/vfran/billeagle_ws/nav_ws/build/task_nav/build/lib/task_nav
[1.157s] running install
[1.157s] running install_lib
[1.158s] copying /home/vfran/billeagle_ws/nav_ws/build/task_nav/build/lib/task_nav/tf_pub.py -> /home/vfran/billeagle_ws/nav_ws/install/task_nav/lib/python3.10/site-packages/task_nav
[1.159s] copying /home/vfran/billeagle_ws/nav_ws/build/task_nav/build/lib/task_nav/mecanum_drive.py -> /home/vfran/billeagle_ws/nav_ws/install/task_nav/lib/python3.10/site-packages/task_nav
[1.159s] byte-compiling /home/vfran/billeagle_ws/nav_ws/install/task_nav/lib/python3.10/site-packages/task_nav/tf_pub.py to tf_pub.cpython-310.pyc
[1.161s] byte-compiling /home/vfran/billeagle_ws/nav_ws/install/task_nav/lib/python3.10/site-packages/task_nav/mecanum_drive.py to mecanum_drive.cpython-310.pyc
[1.162s] running install_data
[1.162s] running install_egg_info
[1.164s] removing '/home/vfran/billeagle_ws/nav_ws/install/task_nav/lib/python3.10/site-packages/task_nav-0.0.0-py3.10.egg-info' (and everything under it)
[1.165s] Copying ../../build/task_nav/task_nav.egg-info to /home/vfran/billeagle_ws/nav_ws/install/task_nav/lib/python3.10/site-packages/task_nav-0.0.0-py3.10.egg-info
[1.166s] running install_scripts
[1.191s] Installing fake_node script to /home/vfran/billeagle_ws/nav_ws/install/task_nav/lib/task_nav
[1.192s] Installing goal_pose script to /home/vfran/billeagle_ws/nav_ws/install/task_nav/lib/task_nav
[1.192s] Installing init_pose script to /home/vfran/billeagle_ws/nav_ws/install/task_nav/lib/task_nav
[1.192s] Installing inspection_routine script to /home/vfran/billeagle_ws/nav_ws/install/task_nav/lib/task_nav
[1.192s] Installing mecanum_drive script to /home/vfran/billeagle_ws/nav_ws/install/task_nav/lib/task_nav
[1.192s] Installing object_avoidance script to /home/vfran/billeagle_ws/nav_ws/install/task_nav/lib/task_nav
[1.193s] Installing pub_turned script to /home/vfran/billeagle_ws/nav_ws/install/task_nav/lib/task_nav
[1.193s] Installing turn_around script to /home/vfran/billeagle_ws/nav_ws/install/task_nav/lib/task_nav
[1.193s] writing list of installed files to '/home/vfran/billeagle_ws/nav_ws/build/task_nav/install.log'
[1.230s] Invoked command in '/home/vfran/billeagle_ws/nav_ws/src/task_nav' returned '0': PYTHONPATH=/home/vfran/billeagle_ws/nav_ws/build/task_nav/prefix_override:/usr/lib/python3/dist-packages/colcon_core/task/python/colcon_distutils_commands:/home/vfran/billeagle_ws/nav_ws/install/task_nav/lib/python3.10/site-packages:${PYTHONPATH} /usr/bin/python3 -W ignore:setup.py install is deprecated -W ignore:easy_install command is deprecated setup.py egg_info --egg-base ../../build/task_nav build --build-base /home/vfran/billeagle_ws/nav_ws/build/task_nav/build install --record /home/vfran/billeagle_ws/nav_ws/build/task_nav/install.log --single-version-externally-managed install_data
