[0.009s] Invoking command in '/home/bill8/billeagle_ws/bill_ws/build/bill_nav': CMAKE_PREFIX_PATH=${CMAKE_PREFIX_PATH}:/opt/ros/humble /home/bill8/.local/bin/cmake /home/bill8/billeagle_ws/bill_ws/src/bill_nav -DCMAKE_INSTALL_PREFIX=/home/bill8/billeagle_ws/bill_ws/install/bill_nav
[0.059s] [0mCMake Deprecation Warning at CMakeLists.txt:1 (cmake_minimum_required):
[0.059s]   Compatibility with CMake < 3.10 will be removed from a future version of
[0.059s]   CMake.
[0.059s] 
[0.059s]   Update the VERSION argument <min> value.  Or, use the <min>...<max> syntax
[0.059s]   to tell CMake that the project requires at least <min> but has been updated
[0.059s]   to work with policies introduced by <max> or earlier.
[0.059s] 
[0.060s] [0m
[0.089s] -- The C compiler identification is GNU 11.4.0
[0.130s] -- The CXX compiler identification is GNU 11.4.0
[0.136s] -- Detecting C compiler ABI info
[0.180s] -- Detecting C compiler ABI info - done
[0.191s] -- Check for working C compiler: /usr/bin/cc - skipped
[0.191s] -- Detecting C compile features
[0.191s] -- Detecting C compile features - done
[0.201s] -- Detecting CXX compiler ABI info
[0.255s] -- Detecting CXX compiler ABI info - done
[0.273s] -- Check for working CXX compiler: /usr/bin/c++ - skipped
[0.273s] -- Detecting CXX compile features
[0.274s] -- Detecting CXX compile features - done
[0.280s] -- Found ament_cmake: 1.3.11 (/opt/ros/humble/share/ament_cmake/cmake)
[0.380s] -- Found Python3: /usr/bin/python3 (found version "3.10.12") found components: Interpreter
[0.451s] -- Found ament_lint_auto: 0.12.11 (/opt/ros/humble/share/ament_lint_auto/cmake)
[0.517s] -- Added test 'flake8' to check Python code syntax and style conventions
[0.519s] -- Added test 'lint_cmake' to check CMake code style
[0.519s] -- Added test 'pep257' to check Python code against some of the docstring style conventions in PEP 257
[0.519s] -- Added test 'xmllint' to check XML markup files
[0.519s] -- Configuring done (0.5s)
[0.521s] -- Generating done (0.0s)
[0.522s] -- Build files have been written to: /home/bill8/billeagle_ws/bill_ws/build/bill_nav
[0.525s] Invoked command in '/home/bill8/billeagle_ws/bill_ws/build/bill_nav' returned '0': CMAKE_PREFIX_PATH=${CMAKE_PREFIX_PATH}:/opt/ros/humble /home/bill8/.local/bin/cmake /home/bill8/billeagle_ws/bill_ws/src/bill_nav -DCMAKE_INSTALL_PREFIX=/home/bill8/billeagle_ws/bill_ws/install/bill_nav
[0.526s] Invoking command in '/home/bill8/billeagle_ws/bill_ws/build/bill_nav': CMAKE_PREFIX_PATH=${CMAKE_PREFIX_PATH}:/opt/ros/humble /home/bill8/.local/bin/cmake --build /home/bill8/billeagle_ws/bill_ws/build/bill_nav -- -j16 -l16
[0.614s] Invoked command in '/home/bill8/billeagle_ws/bill_ws/build/bill_nav' returned '0': CMAKE_PREFIX_PATH=${CMAKE_PREFIX_PATH}:/opt/ros/humble /home/bill8/.local/bin/cmake --build /home/bill8/billeagle_ws/bill_ws/build/bill_nav -- -j16 -l16
[0.615s] Invoking command in '/home/bill8/billeagle_ws/bill_ws/build/bill_nav': CMAKE_PREFIX_PATH=${CMAKE_PREFIX_PATH}:/opt/ros/humble /home/bill8/.local/bin/cmake --install /home/bill8/billeagle_ws/bill_ws/build/bill_nav
[0.669s] -- Install configuration: ""
[0.669s] -- Installing: /home/bill8/billeagle_ws/bill_ws/install/bill_nav/share/bill_nav/config
[0.669s] -- Installing: /home/bill8/billeagle_ws/bill_ws/install/bill_nav/share/bill_nav/config/nav2_params.yaml
[0.670s] -- Installing: /home/bill8/billeagle_ws/bill_ws/install/bill_nav/share/bill_nav/launch
[0.670s] -- Installing: /home/bill8/billeagle_ws/bill_ws/install/bill_nav/share/bill_nav/launch/navigation_launch.py
[0.670s] -- Installing: /home/bill8/billeagle_ws/bill_ws/install/bill_nav/share/ament_index/resource_index/package_run_dependencies/bill_nav
[0.670s] -- Installing: /home/bill8/billeagle_ws/bill_ws/install/bill_nav/share/ament_index/resource_index/parent_prefix_path/bill_nav
[0.670s] -- Installing: /home/bill8/billeagle_ws/bill_ws/install/bill_nav/share/bill_nav/environment/ament_prefix_path.sh
[0.670s] -- Installing: /home/bill8/billeagle_ws/bill_ws/install/bill_nav/share/bill_nav/environment/ament_prefix_path.dsv
[0.670s] -- Installing: /home/bill8/billeagle_ws/bill_ws/install/bill_nav/share/bill_nav/environment/path.sh
[0.670s] -- Installing: /home/bill8/billeagle_ws/bill_ws/install/bill_nav/share/bill_nav/environment/path.dsv
[0.670s] -- Installing: /home/bill8/billeagle_ws/bill_ws/install/bill_nav/share/bill_nav/local_setup.bash
[0.670s] -- Installing: /home/bill8/billeagle_ws/bill_ws/install/bill_nav/share/bill_nav/local_setup.sh
[0.670s] -- Installing: /home/bill8/billeagle_ws/bill_ws/install/bill_nav/share/bill_nav/local_setup.zsh
[0.670s] -- Installing: /home/bill8/billeagle_ws/bill_ws/install/bill_nav/share/bill_nav/local_setup.dsv
[0.670s] -- Installing: /home/bill8/billeagle_ws/bill_ws/install/bill_nav/share/bill_nav/package.dsv
[0.670s] -- Installing: /home/bill8/billeagle_ws/bill_ws/install/bill_nav/share/ament_index/resource_index/packages/bill_nav
[0.670s] -- Installing: /home/bill8/billeagle_ws/bill_ws/install/bill_nav/share/bill_nav/cmake/bill_navConfig.cmake
[0.670s] -- Installing: /home/bill8/billeagle_ws/bill_ws/install/bill_nav/share/bill_nav/cmake/bill_navConfig-version.cmake
[0.671s] -- Installing: /home/bill8/billeagle_ws/bill_ws/install/bill_nav/share/bill_nav/package.xml
[0.678s] Invoked command in '/home/bill8/billeagle_ws/bill_ws/build/bill_nav' returned '0': CMAKE_PREFIX_PATH=${CMAKE_PREFIX_PATH}:/opt/ros/humble /home/bill8/.local/bin/cmake --install /home/bill8/billeagle_ws/bill_ws/build/bill_nav
