[0.006s] Invoking command in '/home/bill8/billeagle_ws/lslidar_ws/build/lslidar_driver': AMENT_PREFIX_PATH=/home/bill8/billeagle_ws/lslidar_ws/install/lslidar_msgs:${AMENT_PREFIX_PATH} CMAKE_PREFIX_PATH=/home/bill8/billeagle_ws/lslidar_ws/install/lslidar_msgs:/home/bill8/microros_ws/install/micro_ros_setup:/home/bill8/microros_ws/install/micro_ros_agent:/home/bill8/microros_ws/install/micro_ros_msgs:/opt/ros/humble LD_LIBRARY_PATH=/home/bill8/billeagle_ws/lslidar_ws/install/lslidar_msgs/lib:${LD_LIBRARY_PATH} PYTHONPATH=/home/bill8/billeagle_ws/lslidar_ws/install/lslidar_msgs/local/lib/python3.10/dist-packages:${PYTHONPATH} /home/bill8/.local/bin/cmake /home/bill8/billeagle_ws/lslidar_ws/src/LSLIDAR_M10_N10_V2.5.2_230110_ROS2/lslidar_driver -DCMAKE_INSTALL_PREFIX=/home/bill8/billeagle_ws/lslidar_ws/install/lslidar_driver
[0.054s] [0mCMake Deprecation Warning at CMakeLists.txt:1 (cmake_minimum_required):
[0.054s]   Compatibility with CMake < 3.10 will be removed from a future version of
[0.054s]   CMake.
[0.054s] 
[0.054s]   Update the VERSION argument <min> value.  Or, use the <min>...<max> syntax
[0.054s]   to tell CMake that the project requires at least <min> but has been updated
[0.054s]   to work with policies introduced by <max> or earlier.
[0.054s] 
[0.054s] [0m
[0.083s] -- The C compiler identification is GNU 11.4.0
[0.121s] -- The CXX compiler identification is GNU 11.4.0
[0.127s] -- Detecting C compiler ABI info
[0.168s] -- Detecting C compiler ABI info - done
[0.178s] -- Check for working C compiler: /usr/bin/cc - skipped
[0.178s] -- Detecting C compile features
[0.179s] -- Detecting C compile features - done
[0.186s] -- Detecting CXX compiler ABI info
[0.232s] -- Detecting CXX compiler ABI info - done
[0.243s] -- Check for working CXX compiler: /usr/bin/c++ - skipped
[0.243s] -- Detecting CXX compile features
[0.244s] -- Detecting CXX compile features - done
[0.248s] [33mCMake Warning (dev) at CMakeLists.txt:19 (find_package):
[0.248s]   Policy CMP0167 is not set: The FindBoost module is removed.  Run "cmake
[0.248s]   --help-policy CMP0167" for policy details.  Use the cmake_policy command to
[0.248s]   set the policy and suppress this warning.
[0.248s] 
[0.248s] This warning is for project developers.  Use -Wno-dev to suppress it.
[0.248s] [0m
[0.311s] -- Found Boost: /usr/lib/x86_64-linux-gnu/cmake/Boost-1.74.0/BoostConfig.cmake (found version "1.74.0") found components: thread
[0.314s] -- Found rclcpp: 16.0.11 (/opt/ros/humble/share/rclcpp/cmake)
[0.410s] -- Found Python3: /usr/bin/python3 (found version "3.10.12") found components: Interpreter
[0.502s] -- Found rosidl_generator_c: 3.1.6 (/opt/ros/humble/share/rosidl_generator_c/cmake)
[0.506s] -- Found rosidl_adapter: 3.1.6 (/opt/ros/humble/share/rosidl_adapter/cmake)
[0.511s] -- Found rosidl_generator_cpp: 3.1.6 (/opt/ros/humble/share/rosidl_generator_cpp/cmake)
[0.520s] -- Using all available rosidl_typesupport_c: rosidl_typesupport_fastrtps_c;rosidl_typesupport_introspection_c
[0.532s] -- Using all available rosidl_typesupport_cpp: rosidl_typesupport_fastrtps_cpp;rosidl_typesupport_introspection_cpp
[0.569s] -- Found rmw_implementation_cmake: 6.1.2 (/opt/ros/humble/share/rmw_implementation_cmake/cmake)
[0.572s] -- Found rmw_fastrtps_cpp: 6.2.7 (/opt/ros/humble/share/rmw_fastrtps_cpp/cmake)
[0.637s] -- Found OpenSSL: /usr/lib/x86_64-linux-gnu/libcrypto.so (found version "3.0.2")
[0.656s] -- Found FastRTPS: /opt/ros/humble/include
[0.684s] -- Using RMW implementation 'rmw_fastrtps_cpp' as default
[0.692s] -- Found Threads: TRUE
[0.741s] [33mCMake Warning (dev) at /usr/lib/x86_64-linux-gnu/cmake/pcl/PCLConfig.cmake:146 (find_package):
[0.741s]   Policy CMP0144 is not set: find_package uses upper-case <PACKAGENAME>_ROOT
[0.742s]   variables.  Run "cmake --help-policy CMP0144" for policy details.  Use the
[0.742s]   cmake_policy command to set the policy and suppress this warning.
[0.742s] 
[0.742s]   CMake variable EIGEN_ROOT is set to:
[0.742s] 
[0.742s]     /usr/include/eigen3
[0.742s] 
[0.742s]   For compatibility, find_package is ignoring the variable, but code in a
[0.742s]   .cmake module might still use it.
[0.742s] Call Stack (most recent call first):
[0.742s]   /usr/lib/x86_64-linux-gnu/cmake/pcl/PCLConfig.cmake:299 (find_eigen)
[0.742s]   /usr/lib/x86_64-linux-gnu/cmake/pcl/PCLConfig.cmake:543 (find_external_library)
[0.742s]   CMakeLists.txt:21 (find_package)
[0.742s] This warning is for project developers.  Use -Wno-dev to suppress it.
[0.742s] [0m
[0.745s] -- Checking for module 'eigen3'
[0.753s] --   Found eigen3, version 3.4.0
[0.775s] -- Found Eigen: /usr/include/eigen3 (Required is at least version "3.1")
[0.775s] -- Eigen found (include: /usr/include/eigen3, version: 3.4.0)
[0.775s] [33mCMake Warning (dev) at /usr/lib/x86_64-linux-gnu/cmake/pcl/PCLConfig.cmake:128 (find_package):
[0.775s]   Policy CMP0167 is not set: The FindBoost module is removed.  Run "cmake
[0.775s]   --help-policy CMP0167" for policy details.  Use the cmake_policy command to
[0.775s]   set the policy and suppress this warning.
[0.775s] 
[0.775s] Call Stack (most recent call first):
[0.775s]   /usr/lib/x86_64-linux-gnu/cmake/pcl/PCLConfig.cmake:297 (find_boost)
[0.775s]   /usr/lib/x86_64-linux-gnu/cmake/pcl/PCLConfig.cmake:543 (find_external_library)
[0.775s]   CMakeLists.txt:21 (find_package)
[0.775s] This warning is for project developers.  Use -Wno-dev to suppress it.
[0.775s] [0m
[0.787s] -- Found Boost: /usr/lib/x86_64-linux-gnu/cmake/Boost-1.74.0/BoostConfig.cmake (found suitable version "1.74.0", minimum required is "1.65.0") found components: system filesystem date_time iostreams serialization
[0.788s] [33mCMake Warning (dev) at /usr/lib/x86_64-linux-gnu/cmake/pcl/Modules/FindFLANN.cmake:44 (find_package):
[0.788s]   Policy CMP0144 is not set: find_package uses upper-case <PACKAGENAME>_ROOT
[0.788s]   variables.  Run "cmake --help-policy CMP0144" for policy details.  Use the
[0.788s]   cmake_policy command to set the policy and suppress this warning.
[0.788s] 
[0.788s]   CMake variable FLANN_ROOT is set to:
[0.788s] 
[0.788s]     /usr
[0.788s] 
[0.788s]   For compatibility, find_package is ignoring the variable, but code in a
[0.788s]   .cmake module might still use it.
[0.788s] Call Stack (most recent call first):
[0.788s]   /usr/lib/x86_64-linux-gnu/cmake/pcl/PCLConfig.cmake:256 (find_package)
[0.789s]   /usr/lib/x86_64-linux-gnu/cmake/pcl/PCLConfig.cmake:301 (find_flann)
[0.789s]   /usr/lib/x86_64-linux-gnu/cmake/pcl/PCLConfig.cmake:543 (find_external_library)
[0.789s]   CMakeLists.txt:21 (find_package)
[0.789s] This warning is for project developers.  Use -Wno-dev to suppress it.
[0.789s] [0m
[0.797s] -- Checking for module 'flann'
[0.806s] --   Found flann, version 1.9.1
[0.834s] -- Found FLANN: /usr/lib/x86_64-linux-gnu/libflann_cpp.so
[0.835s] -- FLANN found (include: /usr/include, lib: /usr/lib/x86_64-linux-gnu/libflann_cpp.so)
[0.866s] -- Found GLEW: /usr/lib/x86_64-linux-gnu/libGLEW.so
[0.872s] -- Found OpenGL: /usr/lib/x86_64-linux-gnu/libOpenGL.so  found components: OpenGL GLX
[1.011s] -- Found MPI_C: /usr/lib/x86_64-linux-gnu/libmpi.so (found version "3.1")
[1.012s] -- Found MPI: TRUE (found version "3.1") found components: C
[1.016s] -- Found JsonCpp: /usr/lib/x86_64-linux-gnu/libjsoncpp.so (found suitable version "1.9.5", minimum required is "0.7.0")
[1.034s] -- Found ZLIB: /usr/lib/x86_64-linux-gnu/libz.so (found version "1.2.11")
[1.058s] -- Found PNG: /usr/lib/x86_64-linux-gnu/libpng.so (found version "1.6.37")
[1.074s] -- Found Eigen3: /usr/include/eigen3 (found version "3.4.0")
[1.166s] -- Found X11: /usr/include
[1.166s] -- Looking for XOpenDisplay in /usr/lib/x86_64-linux-gnu/libX11.so;/usr/lib/x86_64-linux-gnu/libXext.so
[1.218s] -- Looking for XOpenDisplay in /usr/lib/x86_64-linux-gnu/libX11.so;/usr/lib/x86_64-linux-gnu/libXext.so - found
[1.219s] -- Looking for gethostbyname
[1.268s] -- Looking for gethostbyname - found
[1.268s] -- Looking for connect
[1.316s] -- Looking for connect - found
[1.316s] -- Looking for remove
[1.361s] -- Looking for remove - found
[1.361s] -- Looking for shmat
[1.406s] -- Looking for shmat - found
[1.406s] -- Looking for IceConnectionNumber in ICE
[1.450s] -- Looking for IceConnectionNumber in ICE - found
[1.529s] -- Found EXPAT: /usr/lib/x86_64-linux-gnu/libexpat.so (found version "2.4.7")
[1.531s] -- Found double-conversion: /usr/lib/x86_64-linux-gnu/libdouble-conversion.so
[1.533s] -- Found LZ4: /usr/lib/x86_64-linux-gnu/liblz4.so (found version "1.9.3")
[1.535s] -- Found LZMA: /usr/lib/x86_64-linux-gnu/liblzma.so (found version "5.2.5")
[1.567s] -- Found JPEG: /usr/lib/x86_64-linux-gnu/libjpeg.so (found version "80")
[1.577s] -- Found TIFF: /usr/lib/x86_64-linux-gnu/libtiff.so (found version "4.3.0")
[1.582s] -- Found Freetype: /usr/lib/x86_64-linux-gnu/libfreetype.so (found version "2.11.1")
[1.587s] -- Found utf8cpp: /usr/include/utf8cpp
[1.645s] -- Checking for module 'libusb-1.0'
[1.655s] --   Found libusb-1.0, version 1.0.25
[1.679s] -- Found libusb: /usr/lib/x86_64-linux-gnu/libusb-1.0.so
[1.681s] -- Found OpenNI: /usr/lib/libOpenNI.so;libusb::libusb (found version "1.5.4.0")
[1.681s] -- OpenNI found (version: 1.5.4.0, include: /usr/include/ni, lib: /usr/lib/libOpenNI.so;libusb::libusb)
[1.720s] -- Found OpenNI2: /usr/lib/x86_64-linux-gnu/libOpenNI2.so;libusb::libusb (found version "2.2.0.33")
[1.720s] -- OpenNI2 found (version: 2.2.0.33, include: /usr/include/openni2, lib: /usr/lib/x86_64-linux-gnu/libOpenNI2.so;libusb::libusb)
[1.721s] [0m** WARNING ** io features related to pcap will be disabled[0m
[1.883s] [33mCMake Warning (dev) at /usr/lib/x86_64-linux-gnu/cmake/pcl/PCLConfig.cmake:128 (find_package):
[1.883s]   Policy CMP0167 is not set: The FindBoost module is removed.  Run "cmake
[1.883s]   --help-policy CMP0167" for policy details.  Use the cmake_policy command to
[1.883s]   set the policy and suppress this warning.
[1.883s] 
[1.883s] Call Stack (most recent call first):
[1.883s]   /usr/lib/x86_64-linux-gnu/cmake/pcl/PCLConfig.cmake:297 (find_boost)
[1.883s]   /usr/lib/x86_64-linux-gnu/cmake/pcl/PCLConfig.cmake:543 (find_external_library)
[1.883s]   CMakeLists.txt:21 (find_package)
[1.883s] This warning is for project developers.  Use -Wno-dev to suppress it.
[1.883s] [0m
[1.892s] -- Eigen found (include: /usr/include/eigen3, version: 3.4.0)
[1.896s] -- OpenNI found (version: 1.5.4.0, include: /usr/include/ni, lib: /usr/lib/libOpenNI.so;libusb::libusb)
[1.901s] -- OpenNI2 found (version: 2.2.0.33, include: /usr/include/openni2, lib: /usr/lib/x86_64-linux-gnu/libOpenNI2.so;libusb::libusb)
[2.076s] -- Found Qhull version 8.0.2
[2.244s] -- OpenNI found (version: 1.5.4.0, include: /usr/include/ni, lib: /usr/lib/libOpenNI.so;libusb::libusb)
[2.411s] -- looking for PCL_COMMON
[2.412s] -- Found PCL_COMMON: /usr/lib/x86_64-linux-gnu/libpcl_common.so
[2.412s] -- looking for PCL_KDTREE
[2.422s] -- Found PCL_KDTREE: /usr/lib/x86_64-linux-gnu/libpcl_kdtree.so
[2.422s] -- looking for PCL_OCTREE
[2.422s] -- Found PCL_OCTREE: /usr/lib/x86_64-linux-gnu/libpcl_octree.so
[2.422s] -- looking for PCL_SEARCH
[2.423s] -- Found PCL_SEARCH: /usr/lib/x86_64-linux-gnu/libpcl_search.so
[2.423s] -- looking for PCL_SAMPLE_CONSENSUS
[2.424s] -- Found PCL_SAMPLE_CONSENSUS: /usr/lib/x86_64-linux-gnu/libpcl_sample_consensus.so
[2.424s] -- looking for PCL_FILTERS
[2.425s] -- Found PCL_FILTERS: /usr/lib/x86_64-linux-gnu/libpcl_filters.so
[2.425s] -- looking for PCL_2D
[2.425s] -- Found PCL_2D: /usr/include/pcl-1.12
[2.425s] -- looking for PCL_GEOMETRY
[2.425s] -- Found PCL_GEOMETRY: /usr/include/pcl-1.12
[2.425s] -- looking for PCL_IO
[2.426s] -- Found PCL_IO: /usr/lib/x86_64-linux-gnu/libpcl_io.so
[2.426s] -- looking for PCL_FEATURES
[2.427s] -- Found PCL_FEATURES: /usr/lib/x86_64-linux-gnu/libpcl_features.so
[2.427s] -- looking for PCL_ML
[2.428s] -- Found PCL_ML: /usr/lib/x86_64-linux-gnu/libpcl_ml.so
[2.428s] -- looking for PCL_SEGMENTATION
[2.428s] -- Found PCL_SEGMENTATION: /usr/lib/x86_64-linux-gnu/libpcl_segmentation.so
[2.428s] -- looking for PCL_VISUALIZATION
[2.429s] -- Found PCL_VISUALIZATION: /usr/lib/x86_64-linux-gnu/libpcl_visualization.so
[2.429s] -- looking for PCL_SURFACE
[2.430s] -- Found PCL_SURFACE: /usr/lib/x86_64-linux-gnu/libpcl_surface.so
[2.430s] -- looking for PCL_REGISTRATION
[2.431s] -- Found PCL_REGISTRATION: /usr/lib/x86_64-linux-gnu/libpcl_registration.so
[2.431s] -- looking for PCL_KEYPOINTS
[2.432s] -- Found PCL_KEYPOINTS: /usr/lib/x86_64-linux-gnu/libpcl_keypoints.so
[2.432s] -- looking for PCL_TRACKING
[2.433s] -- Found PCL_TRACKING: /usr/lib/x86_64-linux-gnu/libpcl_tracking.so
[2.433s] -- looking for PCL_RECOGNITION
[2.433s] -- Found PCL_RECOGNITION: /usr/lib/x86_64-linux-gnu/libpcl_recognition.so
[2.433s] -- looking for PCL_STEREO
[2.434s] -- Found PCL_STEREO: /usr/lib/x86_64-linux-gnu/libpcl_stereo.so
[2.434s] -- looking for PCL_APPS
[2.435s] -- Found PCL_APPS: /usr/lib/x86_64-linux-gnu/libpcl_apps.so
[2.435s] -- looking for PCL_IN_HAND_SCANNER
[2.436s] -- Found PCL_IN_HAND_SCANNER: /usr/include/pcl-1.12
[2.436s] -- looking for PCL_MODELER
[2.436s] -- Found PCL_MODELER: /usr/include/pcl-1.12
[2.436s] -- looking for PCL_POINT_CLOUD_EDITOR
[2.437s] -- Found PCL_POINT_CLOUD_EDITOR: /usr/include/pcl-1.12
[2.437s] -- looking for PCL_OUTOFCORE
[2.438s] -- Found PCL_OUTOFCORE: /usr/lib/x86_64-linux-gnu/libpcl_outofcore.so
[2.438s] -- looking for PCL_PEOPLE
[2.439s] -- Found PCL_PEOPLE: /usr/lib/x86_64-linux-gnu/libpcl_people.so
[2.440s] -- Found PCL: pcl_common;pcl_kdtree;pcl_octree;pcl_search;pcl_sample_consensus;pcl_filters;pcl_io;pcl_features;pcl_ml;pcl_segmentation;pcl_visualization;pcl_surface;pcl_registration;pcl_keypoints;pcl_tracking;pcl_recognition;pcl_stereo;pcl_apps;pcl_outofcore;pcl_people;Boost::system;Boost::filesystem;Boost::date_time;Boost::iostreams;Boost::serialization;/usr/lib/libOpenNI.so;libusb::libusb;/usr/lib/x86_64-linux-gnu/libOpenNI2.so;libusb::libusb;VTK::ChartsCore;VTK::CommonColor;VTK::CommonComputationalGeometry;VTK::CommonCore;VTK::CommonDataModel;VTK::CommonExecutionModel;VTK::CommonMath;VTK::CommonMisc;VTK::CommonTransforms;VTK::FiltersCore;VTK::FiltersExtraction;VTK::FiltersGeneral;VTK::FiltersGeometry;VTK::FiltersModeling;VTK::FiltersSources;VTK::ImagingCore;VTK::ImagingSources;VTK::InteractionImage;VTK::InteractionStyle;VTK::InteractionWidgets;VTK::IOCore;VTK::IOGeometry;VTK::IOImage;VTK::IOLegacy;VTK::IOPLY;VTK::RenderingAnnotation;VTK::RenderingCore;VTK::RenderingContext2D;VTK::RenderingLOD;VTK::RenderingFreeType;VTK::ViewsCore;VTK::ViewsContext2D;VTK::RenderingOpenGL2;VTK::GUISupportQt;FLANN::FLANN;QHULL::QHULL
[2.441s] -- Found diagnostic_updater: 4.0.2 (/opt/ros/humble/share/diagnostic_updater/cmake)
[2.460s] -- Found lslidar_msgs: 1.2.0 (/home/bill8/billeagle_ws/lslidar_ws/install/lslidar_msgs/share/lslidar_msgs/cmake)
[2.474s] -- Found pluginlib: 5.1.0 (/opt/ros/humble/share/pluginlib/cmake)
[2.492s] -- Found pcl_conversions: 2.4.5 (/opt/ros/humble/share/pcl_conversions/cmake)
[2.594s] -- Configuring done (2.5s)
[2.671s] -- Generating done (0.1s)
[2.675s] -- Build files have been written to: /home/bill8/billeagle_ws/lslidar_ws/build/lslidar_driver
[2.688s] Invoked command in '/home/bill8/billeagle_ws/lslidar_ws/build/lslidar_driver' returned '0': AMENT_PREFIX_PATH=/home/bill8/billeagle_ws/lslidar_ws/install/lslidar_msgs:${AMENT_PREFIX_PATH} CMAKE_PREFIX_PATH=/home/bill8/billeagle_ws/lslidar_ws/install/lslidar_msgs:/home/bill8/microros_ws/install/micro_ros_setup:/home/bill8/microros_ws/install/micro_ros_agent:/home/bill8/microros_ws/install/micro_ros_msgs:/opt/ros/humble LD_LIBRARY_PATH=/home/bill8/billeagle_ws/lslidar_ws/install/lslidar_msgs/lib:${LD_LIBRARY_PATH} PYTHONPATH=/home/bill8/billeagle_ws/lslidar_ws/install/lslidar_msgs/local/lib/python3.10/dist-packages:${PYTHONPATH} /home/bill8/.local/bin/cmake /home/bill8/billeagle_ws/lslidar_ws/src/LSLIDAR_M10_N10_V2.5.2_230110_ROS2/lslidar_driver -DCMAKE_INSTALL_PREFIX=/home/bill8/billeagle_ws/lslidar_ws/install/lslidar_driver
[2.688s] Invoking command in '/home/bill8/billeagle_ws/lslidar_ws/build/lslidar_driver': AMENT_PREFIX_PATH=/home/bill8/billeagle_ws/lslidar_ws/install/lslidar_msgs:${AMENT_PREFIX_PATH} CMAKE_PREFIX_PATH=/home/bill8/billeagle_ws/lslidar_ws/install/lslidar_msgs:/home/bill8/microros_ws/install/micro_ros_setup:/home/bill8/microros_ws/install/micro_ros_agent:/home/bill8/microros_ws/install/micro_ros_msgs:/opt/ros/humble LD_LIBRARY_PATH=/home/bill8/billeagle_ws/lslidar_ws/install/lslidar_msgs/lib:${LD_LIBRARY_PATH} PYTHONPATH=/home/bill8/billeagle_ws/lslidar_ws/install/lslidar_msgs/local/lib/python3.10/dist-packages:${PYTHONPATH} /home/bill8/.local/bin/cmake --build /home/bill8/billeagle_ws/lslidar_ws/build/lslidar_driver -- -j16 -l16
[2.757s] [ 20%] [32mBuilding CXX object CMakeFiles/lslidar_driver_node.dir/src/lslidar_driver_node.cc.o[0m
[2.758s] [ 40%] [32mBuilding CXX object CMakeFiles/lslidar_driver_node.dir/src/lslidar_driver.cc.o[0m
[2.758s] [ 60%] [32mBuilding CXX object CMakeFiles/lslidar_driver_node.dir/src/input.cc.o[0m
[2.758s] [ 80%] [32mBuilding CXX object CMakeFiles/lslidar_driver_node.dir/src/lsiosr.cpp.o[0m
[11.414s] [100%] [32m[1mLinking CXX executable lslidar_driver_node[0m
[12.314s] [100%] Built target lslidar_driver_node
[12.324s] Invoked command in '/home/bill8/billeagle_ws/lslidar_ws/build/lslidar_driver' returned '0': AMENT_PREFIX_PATH=/home/bill8/billeagle_ws/lslidar_ws/install/lslidar_msgs:${AMENT_PREFIX_PATH} CMAKE_PREFIX_PATH=/home/bill8/billeagle_ws/lslidar_ws/install/lslidar_msgs:/home/bill8/microros_ws/install/micro_ros_setup:/home/bill8/microros_ws/install/micro_ros_agent:/home/bill8/microros_ws/install/micro_ros_msgs:/opt/ros/humble LD_LIBRARY_PATH=/home/bill8/billeagle_ws/lslidar_ws/install/lslidar_msgs/lib:${LD_LIBRARY_PATH} PYTHONPATH=/home/bill8/billeagle_ws/lslidar_ws/install/lslidar_msgs/local/lib/python3.10/dist-packages:${PYTHONPATH} /home/bill8/.local/bin/cmake --build /home/bill8/billeagle_ws/lslidar_ws/build/lslidar_driver -- -j16 -l16
[12.325s] Invoking command in '/home/bill8/billeagle_ws/lslidar_ws/build/lslidar_driver': AMENT_PREFIX_PATH=/home/bill8/billeagle_ws/lslidar_ws/install/lslidar_msgs:${AMENT_PREFIX_PATH} CMAKE_PREFIX_PATH=/home/bill8/billeagle_ws/lslidar_ws/install/lslidar_msgs:/home/bill8/microros_ws/install/micro_ros_setup:/home/bill8/microros_ws/install/micro_ros_agent:/home/bill8/microros_ws/install/micro_ros_msgs:/opt/ros/humble LD_LIBRARY_PATH=/home/bill8/billeagle_ws/lslidar_ws/install/lslidar_msgs/lib:${LD_LIBRARY_PATH} PYTHONPATH=/home/bill8/billeagle_ws/lslidar_ws/install/lslidar_msgs/local/lib/python3.10/dist-packages:${PYTHONPATH} /home/bill8/.local/bin/cmake --install /home/bill8/billeagle_ws/lslidar_ws/build/lslidar_driver
[12.371s] -- Install configuration: ""
[12.371s] -- Installing: /home/bill8/billeagle_ws/lslidar_ws/install/lslidar_driver/share/lslidar_driver/launch
[12.371s] -- Installing: /home/bill8/billeagle_ws/lslidar_ws/install/lslidar_driver/share/lslidar_driver/launch/lslidar_launch.py
[12.372s] -- Installing: /home/bill8/billeagle_ws/lslidar_ws/install/lslidar_driver/share/lslidar_driver/params
[12.372s] -- Installing: /home/bill8/billeagle_ws/lslidar_ws/install/lslidar_driver/share/lslidar_driver/params/lsx10_2.yaml
[12.372s] -- Installing: /home/bill8/billeagle_ws/lslidar_ws/install/lslidar_driver/share/lslidar_driver/params/lsx10.yaml
[12.372s] -- Installing: /home/bill8/billeagle_ws/lslidar_ws/install/lslidar_driver/share/lslidar_driver/params/lsx10_1.yaml
[12.372s] -- Installing: /home/bill8/billeagle_ws/lslidar_ws/install/lslidar_driver/share/lslidar_driver/rviz
[12.372s] -- Installing: /home/bill8/billeagle_ws/lslidar_ws/install/lslidar_driver/share/lslidar_driver/rviz/lslidar.rviz
[12.372s] -- Installing: /home/bill8/billeagle_ws/lslidar_ws/install/lslidar_driver/lib/lslidar_driver/lslidar_driver_node
[12.374s] -- Set non-toolchain portion of runtime path of "/home/bill8/billeagle_ws/lslidar_ws/install/lslidar_driver/lib/lslidar_driver/lslidar_driver_node" to ""
[12.374s] -- Installing: /home/bill8/billeagle_ws/lslidar_ws/install/lslidar_driver/share/ament_index/resource_index/package_run_dependencies/lslidar_driver
[12.374s] -- Installing: /home/bill8/billeagle_ws/lslidar_ws/install/lslidar_driver/share/ament_index/resource_index/parent_prefix_path/lslidar_driver
[12.374s] -- Installing: /home/bill8/billeagle_ws/lslidar_ws/install/lslidar_driver/share/lslidar_driver/environment/ament_prefix_path.sh
[12.374s] -- Installing: /home/bill8/billeagle_ws/lslidar_ws/install/lslidar_driver/share/lslidar_driver/environment/ament_prefix_path.dsv
[12.374s] -- Installing: /home/bill8/billeagle_ws/lslidar_ws/install/lslidar_driver/share/lslidar_driver/environment/path.sh
[12.375s] -- Installing: /home/bill8/billeagle_ws/lslidar_ws/install/lslidar_driver/share/lslidar_driver/environment/path.dsv
[12.375s] -- Installing: /home/bill8/billeagle_ws/lslidar_ws/install/lslidar_driver/share/lslidar_driver/local_setup.bash
[12.375s] -- Installing: /home/bill8/billeagle_ws/lslidar_ws/install/lslidar_driver/share/lslidar_driver/local_setup.sh
[12.375s] -- Installing: /home/bill8/billeagle_ws/lslidar_ws/install/lslidar_driver/share/lslidar_driver/local_setup.zsh
[12.375s] -- Installing: /home/bill8/billeagle_ws/lslidar_ws/install/lslidar_driver/share/lslidar_driver/local_setup.dsv
[12.375s] -- Installing: /home/bill8/billeagle_ws/lslidar_ws/install/lslidar_driver/share/lslidar_driver/package.dsv
[12.375s] -- Installing: /home/bill8/billeagle_ws/lslidar_ws/install/lslidar_driver/share/ament_index/resource_index/packages/lslidar_driver
[12.375s] -- Installing: /home/bill8/billeagle_ws/lslidar_ws/install/lslidar_driver/share/lslidar_driver/cmake/ament_cmake_export_dependencies-extras.cmake
[12.375s] -- Installing: /home/bill8/billeagle_ws/lslidar_ws/install/lslidar_driver/share/lslidar_driver/cmake/ament_cmake_export_include_directories-extras.cmake
[12.375s] -- Installing: /home/bill8/billeagle_ws/lslidar_ws/install/lslidar_driver/share/lslidar_driver/cmake/lslidar_driverConfig.cmake
[12.375s] -- Installing: /home/bill8/billeagle_ws/lslidar_ws/install/lslidar_driver/share/lslidar_driver/cmake/lslidar_driverConfig-version.cmake
[12.375s] -- Installing: /home/bill8/billeagle_ws/lslidar_ws/install/lslidar_driver/share/lslidar_driver/package.xml
[12.376s] Invoked command in '/home/bill8/billeagle_ws/lslidar_ws/build/lslidar_driver' returned '0': AMENT_PREFIX_PATH=/home/bill8/billeagle_ws/lslidar_ws/install/lslidar_msgs:${AMENT_PREFIX_PATH} CMAKE_PREFIX_PATH=/home/bill8/billeagle_ws/lslidar_ws/install/lslidar_msgs:/home/bill8/microros_ws/install/micro_ros_setup:/home/bill8/microros_ws/install/micro_ros_agent:/home/bill8/microros_ws/install/micro_ros_msgs:/opt/ros/humble LD_LIBRARY_PATH=/home/bill8/billeagle_ws/lslidar_ws/install/lslidar_msgs/lib:${LD_LIBRARY_PATH} PYTHONPATH=/home/bill8/billeagle_ws/lslidar_ws/install/lslidar_msgs/local/lib/python3.10/dist-packages:${PYTHONPATH} /home/bill8/.local/bin/cmake --install /home/bill8/billeagle_ws/lslidar_ws/build/lslidar_driver
