[0.036s] Invoking command in '/home/vfran/billeagle_ws/bill_ws/build/bill': CMAKE_PREFIX_PATH=${CMAKE_PREFIX_PATH}:/opt/ros/humble /usr/local/bin/cmake /home/vfran/billeagle_ws/bill_ws/src/bill -DCMAKE_INSTALL_PREFIX=/home/vfran/billeagle_ws/bill_ws/install/bill
[0.152s] -- The C compiler identification is GNU 11.4.0
[0.247s] -- The CXX compiler identification is GNU 11.4.0
[0.260s] -- Detecting C compiler ABI info
[0.357s] -- Detecting C compiler ABI info - done
[0.373s] -- Check for working C compiler: /usr/bin/cc - skipped
[0.373s] -- Detecting C compile features
[0.374s] -- Detecting C compile features - done
[0.379s] -- Detecting CXX compiler ABI info
[0.490s] -- Detecting CXX compiler ABI info - done
[0.500s] -- Check for working CXX compiler: /usr/bin/c++ - skipped
[0.501s] -- Detecting CXX compile features
[0.501s] -- Detecting CXX compile features - done
[0.505s] -- Found ament_cmake: 1.3.11 (/opt/ros/humble/share/ament_cmake/cmake)
[0.680s] -- Found Python3: /usr/bin/python3 (found version "3.10.12") found components: Interpreter 
[0.822s] -- Found ament_lint_auto: 0.12.12 (/opt/ros/humble/share/ament_lint_auto/cmake)
[0.934s] -- Added test 'flake8' to check Python code syntax and style conventions
[0.935s] -- Added test 'lint_cmake' to check CMake code style
[0.936s] -- Added test 'pep257' to check Python code against some of the docstring style conventions in PEP 257
[0.940s] -- Added test 'xmllint' to check XML markup files
[0.943s] -- Configuring done
[0.950s] -- Generating done
[0.952s] -- Build files have been written to: /home/vfran/billeagle_ws/bill_ws/build/bill
[0.964s] Invoked command in '/home/vfran/billeagle_ws/bill_ws/build/bill' returned '0': CMAKE_PREFIX_PATH=${CMAKE_PREFIX_PATH}:/opt/ros/humble /usr/local/bin/cmake /home/vfran/billeagle_ws/bill_ws/src/bill -DCMAKE_INSTALL_PREFIX=/home/vfran/billeagle_ws/bill_ws/install/bill
[0.967s] Invoking command in '/home/vfran/billeagle_ws/bill_ws/build/bill': CMAKE_PREFIX_PATH=${CMAKE_PREFIX_PATH}:/opt/ros/humble /usr/local/bin/cmake --build /home/vfran/billeagle_ws/bill_ws/build/bill -- -j16 -l16
[1.008s] Invoked command in '/home/vfran/billeagle_ws/bill_ws/build/bill' returned '0': CMAKE_PREFIX_PATH=${CMAKE_PREFIX_PATH}:/opt/ros/humble /usr/local/bin/cmake --build /home/vfran/billeagle_ws/bill_ws/build/bill -- -j16 -l16
[1.016s] Invoking command in '/home/vfran/billeagle_ws/bill_ws/build/bill': CMAKE_PREFIX_PATH=${CMAKE_PREFIX_PATH}:/opt/ros/humble /usr/local/bin/cmake --install /home/vfran/billeagle_ws/bill_ws/build/bill
[1.018s] -- Install configuration: ""
[1.018s] -- Installing: /home/vfran/billeagle_ws/bill_ws/install/bill/share/bill/config
[1.018s] -- Installing: /home/vfran/billeagle_ws/bill_ws/install/bill/share/bill/config/amcl.yaml
[1.018s] -- Installing: /home/vfran/billeagle_ws/bill_ws/install/bill/share/bill/config/diff_drive_controller.yaml
[1.018s] -- Installing: /home/vfran/billeagle_ws/bill_ws/install/bill/share/bill/config/twist_mux_params.yaml
[1.019s] -- Installing: /home/vfran/billeagle_ws/bill_ws/install/bill/share/bill/config/gazebo_params.yaml
[1.019s] -- Installing: /home/vfran/billeagle_ws/bill_ws/install/bill/share/bill/config/nav_params.yaml
[1.020s] -- Installing: /home/vfran/billeagle_ws/bill_ws/install/bill/share/bill/config/slam_params.yaml
[1.021s] -- Installing: /home/vfran/billeagle_ws/bill_ws/install/bill/share/bill/config/mecanum_drive_controller.yaml
[1.022s] -- Installing: /home/vfran/billeagle_ws/bill_ws/install/bill/share/bill/config/nav2_params.yaml
[1.022s] -- Installing: /home/vfran/billeagle_ws/bill_ws/install/bill/share/bill/config/ekf.yaml
[1.022s] -- Installing: /home/vfran/billeagle_ws/bill_ws/install/bill/share/bill/description
[1.022s] -- Installing: /home/vfran/billeagle_ws/bill_ws/install/bill/share/bill/description/common.xacro
[1.022s] -- Installing: /home/vfran/billeagle_ws/bill_ws/install/bill/share/bill/description/gazebo_control.xacro
[1.022s] -- Installing: /home/vfran/billeagle_ws/bill_ws/install/bill/share/bill/description/ros2_control.xacro
[1.022s] -- Installing: /home/vfran/billeagle_ws/bill_ws/install/bill/share/bill/description/robot.urdf.xacro
[1.023s] -- Installing: /home/vfran/billeagle_ws/bill_ws/install/bill/share/bill/description/lidar.xacro
[1.023s] -- Installing: /home/vfran/billeagle_ws/bill_ws/install/bill/share/bill/description/robot_core.xacro
[1.024s] -- Installing: /home/vfran/billeagle_ws/bill_ws/install/bill/share/bill/launch
[1.024s] -- Installing: /home/vfran/billeagle_ws/bill_ws/install/bill/share/bill/launch/robot.launch.py
[1.025s] -- Installing: /home/vfran/billeagle_ws/bill_ws/install/bill/share/bill/launch/sim.launch.py
[1.025s] -- Installing: /home/vfran/billeagle_ws/bill_ws/install/bill/share/bill/launch/nav2.launch.py
[1.025s] -- Installing: /home/vfran/billeagle_ws/bill_ws/install/bill/share/bill/launch/rsp.launch.py
[1.026s] -- Installing: /home/vfran/billeagle_ws/bill_ws/install/bill/share/bill/launch/slam.launch.py
[1.026s] -- Installing: /home/vfran/billeagle_ws/bill_ws/install/bill/share/bill/launch/localization.launch.py
[1.027s] -- Installing: /home/vfran/billeagle_ws/bill_ws/install/bill/share/bill/launch/nav.launch.py
[1.027s] -- Installing: /home/vfran/billeagle_ws/bill_ws/install/bill/share/bill/launch/lidar.launch.py
[1.027s] -- Installing: /home/vfran/billeagle_ws/bill_ws/install/bill/share/bill/launch/amcl.launch.py
[1.030s] -- Installing: /home/vfran/billeagle_ws/bill_ws/install/bill/share/bill/worlds
[1.030s] -- Installing: /home/vfran/billeagle_ws/bill_ws/install/bill/share/bill/worlds/test.world
[1.031s] -- Installing: /home/vfran/billeagle_ws/bill_ws/install/bill/share/bill/worlds/empty.world
[1.031s] -- Installing: /home/vfran/billeagle_ws/bill_ws/install/bill/share/bill/rviz
[1.032s] -- Installing: /home/vfran/billeagle_ws/bill_ws/install/bill/share/bill/rviz/bot.rviz
[1.032s] -- Installing: /home/vfran/billeagle_ws/bill_ws/install/bill/share/ament_index/resource_index/package_run_dependencies/bill
[1.032s] -- Installing: /home/vfran/billeagle_ws/bill_ws/install/bill/share/ament_index/resource_index/parent_prefix_path/bill
[1.032s] -- Installing: /home/vfran/billeagle_ws/bill_ws/install/bill/share/bill/environment/ament_prefix_path.sh
[1.032s] -- Installing: /home/vfran/billeagle_ws/bill_ws/install/bill/share/bill/environment/ament_prefix_path.dsv
[1.032s] -- Installing: /home/vfran/billeagle_ws/bill_ws/install/bill/share/bill/environment/path.sh
[1.032s] -- Installing: /home/vfran/billeagle_ws/bill_ws/install/bill/share/bill/environment/path.dsv
[1.032s] -- Installing: /home/vfran/billeagle_ws/bill_ws/install/bill/share/bill/local_setup.bash
[1.033s] -- Installing: /home/vfran/billeagle_ws/bill_ws/install/bill/share/bill/local_setup.sh
[1.033s] -- Installing: /home/vfran/billeagle_ws/bill_ws/install/bill/share/bill/local_setup.zsh
[1.033s] -- Installing: /home/vfran/billeagle_ws/bill_ws/install/bill/share/bill/local_setup.dsv
[1.033s] -- Installing: /home/vfran/billeagle_ws/bill_ws/install/bill/share/bill/package.dsv
[1.033s] -- Installing: /home/vfran/billeagle_ws/bill_ws/install/bill/share/ament_index/resource_index/packages/bill
[1.034s] -- Installing: /home/vfran/billeagle_ws/bill_ws/install/bill/share/bill/cmake/billConfig.cmake
[1.035s] -- Installing: /home/vfran/billeagle_ws/bill_ws/install/bill/share/bill/cmake/billConfig-version.cmake
[1.035s] -- Installing: /home/vfran/billeagle_ws/bill_ws/install/bill/share/bill/package.xml
[1.063s] Invoked command in '/home/vfran/billeagle_ws/bill_ws/build/bill' returned '0': CMAKE_PREFIX_PATH=${CMAKE_PREFIX_PATH}:/opt/ros/humble /usr/local/bin/cmake --install /home/vfran/billeagle_ws/bill_ws/build/bill
