[0.020s] Invoking command in '/home/vic/billeagle_ws/bill_ws/build/bill': CMAKE_PREFIX_PATH=${CMAKE_PREFIX_PATH}:/opt/ros/humble /usr/bin/cmake /home/vic/billeagle_ws/bill_ws/src/bill -DCMAKE_INSTALL_PREFIX=/home/vic/billeagle_ws/bill_ws/install/bill
[0.085s] -- The C compiler identification is GNU 11.4.0
[0.154s] -- The CXX compiler identification is GNU 11.4.0
[0.161s] -- Detecting C compiler ABI info
[0.244s] -- Detecting C compiler ABI info - done
[0.250s] -- Check for working C compiler: /usr/bin/cc - skipped
[0.251s] -- Detecting C compile features
[0.251s] -- Detecting C compile features - done
[0.254s] -- Detecting CXX compiler ABI info
[0.349s] -- Detecting CXX compiler ABI info - done
[0.355s] -- Check for working CXX compiler: /usr/bin/c++ - skipped
[0.355s] -- Detecting CXX compile features
[0.356s] -- Detecting CXX compile features - done
[0.359s] -- Found ament_cmake: 1.3.11 (/opt/ros/humble/share/ament_cmake/cmake)
[0.521s] -- Found Python3: /usr/bin/python3 (found version "3.10.12") found components: Interpreter 
[0.626s] -- Found ament_lint_auto: 0.12.11 (/opt/ros/humble/share/ament_lint_auto/cmake)
[0.717s] -- Added test 'flake8' to check Python code syntax and style conventions
[0.718s] -- Added test 'lint_cmake' to check CMake code style
[0.719s] -- Added test 'pep257' to check Python code against some of the docstring style conventions in PEP 257
[0.722s] -- Added test 'xmllint' to check XML markup files
[0.724s] -- Configuring done
[0.730s] -- Generating done
[0.730s] -- Build files have been written to: /home/vic/billeagle_ws/bill_ws/build/bill
[0.733s] Invoked command in '/home/vic/billeagle_ws/bill_ws/build/bill' returned '0': CMAKE_PREFIX_PATH=${CMAKE_PREFIX_PATH}:/opt/ros/humble /usr/bin/cmake /home/vic/billeagle_ws/bill_ws/src/bill -DCMAKE_INSTALL_PREFIX=/home/vic/billeagle_ws/bill_ws/install/bill
[0.735s] Invoking command in '/home/vic/billeagle_ws/bill_ws/build/bill': CMAKE_PREFIX_PATH=${CMAKE_PREFIX_PATH}:/opt/ros/humble /usr/bin/cmake --build /home/vic/billeagle_ws/bill_ws/build/bill -- -j8 -l8
[0.776s] Invoked command in '/home/vic/billeagle_ws/bill_ws/build/bill' returned '0': CMAKE_PREFIX_PATH=${CMAKE_PREFIX_PATH}:/opt/ros/humble /usr/bin/cmake --build /home/vic/billeagle_ws/bill_ws/build/bill -- -j8 -l8
[0.810s] Invoking command in '/home/vic/billeagle_ws/bill_ws/build/bill': CMAKE_PREFIX_PATH=${CMAKE_PREFIX_PATH}:/opt/ros/humble /usr/bin/cmake --install /home/vic/billeagle_ws/bill_ws/build/bill
[0.818s] -- Install configuration: ""
[0.818s] -- Installing: /home/vic/billeagle_ws/bill_ws/install/bill/share/bill/config
[0.818s] -- Installing: /home/vic/billeagle_ws/bill_ws/install/bill/share/bill/config/nav_params.yaml
[0.818s] -- Installing: /home/vic/billeagle_ws/bill_ws/install/bill/share/bill/config/amcl.yaml
[0.818s] -- Installing: /home/vic/billeagle_ws/bill_ws/install/bill/share/bill/config/nav2_params.yaml
[0.819s] -- Installing: /home/vic/billeagle_ws/bill_ws/install/bill/share/bill/config/diff_drive_controller.yaml
[0.819s] -- Installing: /home/vic/billeagle_ws/bill_ws/install/bill/share/bill/config/ekf.yaml
[0.819s] -- Installing: /home/vic/billeagle_ws/bill_ws/install/bill/share/bill/config/gazebo_params.yaml
[0.819s] -- Installing: /home/vic/billeagle_ws/bill_ws/install/bill/share/bill/config/twist_mux_params.yaml
[0.819s] -- Installing: /home/vic/billeagle_ws/bill_ws/install/bill/share/bill/config/mecanum_drive_controller.yaml
[0.819s] -- Installing: /home/vic/billeagle_ws/bill_ws/install/bill/share/bill/config/slam_params.yaml
[0.820s] -- Installing: /home/vic/billeagle_ws/bill_ws/install/bill/share/bill/description
[0.820s] -- Installing: /home/vic/billeagle_ws/bill_ws/install/bill/share/bill/description/robot.urdf.xacro
[0.820s] -- Installing: /home/vic/billeagle_ws/bill_ws/install/bill/share/bill/description/gazebo_control.xacro
[0.820s] -- Installing: /home/vic/billeagle_ws/bill_ws/install/bill/share/bill/description/common.xacro
[0.820s] -- Installing: /home/vic/billeagle_ws/bill_ws/install/bill/share/bill/description/robot_core.xacro
[0.820s] -- Installing: /home/vic/billeagle_ws/bill_ws/install/bill/share/bill/description/ros2_control.xacro
[0.820s] -- Installing: /home/vic/billeagle_ws/bill_ws/install/bill/share/bill/description/lidar.xacro
[0.821s] -- Installing: /home/vic/billeagle_ws/bill_ws/install/bill/share/bill/launch
[0.821s] -- Installing: /home/vic/billeagle_ws/bill_ws/install/bill/share/bill/launch/rsp.launch.py
[0.821s] -- Installing: /home/vic/billeagle_ws/bill_ws/install/bill/share/bill/launch/lidar.launch.py
[0.821s] -- Installing: /home/vic/billeagle_ws/bill_ws/install/bill/share/bill/launch/localization.launch.py
[0.821s] -- Installing: /home/vic/billeagle_ws/bill_ws/install/bill/share/bill/launch/amcl.launch.py
[0.821s] -- Installing: /home/vic/billeagle_ws/bill_ws/install/bill/share/bill/launch/nav2.launch.py
[0.821s] -- Installing: /home/vic/billeagle_ws/bill_ws/install/bill/share/bill/launch/sim.launch.py
[0.822s] -- Installing: /home/vic/billeagle_ws/bill_ws/install/bill/share/bill/launch/robot.launch.py
[0.822s] -- Installing: /home/vic/billeagle_ws/bill_ws/install/bill/share/bill/launch/nav.launch.py
[0.823s] -- Installing: /home/vic/billeagle_ws/bill_ws/install/bill/share/bill/launch/slam.launch.py
[0.823s] -- Installing: /home/vic/billeagle_ws/bill_ws/install/bill/share/bill/worlds
[0.823s] -- Installing: /home/vic/billeagle_ws/bill_ws/install/bill/share/bill/worlds/test.world
[0.824s] -- Installing: /home/vic/billeagle_ws/bill_ws/install/bill/share/bill/worlds/empty.world
[0.825s] -- Installing: /home/vic/billeagle_ws/bill_ws/install/bill/share/bill/rviz
[0.826s] -- Installing: /home/vic/billeagle_ws/bill_ws/install/bill/share/bill/rviz/bot.rviz
[0.826s] -- Installing: /home/vic/billeagle_ws/bill_ws/install/bill/share/ament_index/resource_index/package_run_dependencies/bill
[0.827s] -- Installing: /home/vic/billeagle_ws/bill_ws/install/bill/share/ament_index/resource_index/parent_prefix_path/bill
[0.828s] -- Installing: /home/vic/billeagle_ws/bill_ws/install/bill/share/bill/environment/ament_prefix_path.sh
[0.828s] -- Installing: /home/vic/billeagle_ws/bill_ws/install/bill/share/bill/environment/ament_prefix_path.dsv
[0.828s] -- Installing: /home/vic/billeagle_ws/bill_ws/install/bill/share/bill/environment/path.sh
[0.828s] -- Installing: /home/vic/billeagle_ws/bill_ws/install/bill/share/bill/environment/path.dsv
[0.828s] -- Installing: /home/vic/billeagle_ws/bill_ws/install/bill/share/bill/local_setup.bash
[0.828s] -- Installing: /home/vic/billeagle_ws/bill_ws/install/bill/share/bill/local_setup.sh
[0.829s] -- Installing: /home/vic/billeagle_ws/bill_ws/install/bill/share/bill/local_setup.zsh
[0.829s] -- Installing: /home/vic/billeagle_ws/bill_ws/install/bill/share/bill/local_setup.dsv
[0.829s] -- Installing: /home/vic/billeagle_ws/bill_ws/install/bill/share/bill/package.dsv
[0.829s] -- Installing: /home/vic/billeagle_ws/bill_ws/install/bill/share/ament_index/resource_index/packages/bill
[0.830s] -- Installing: /home/vic/billeagle_ws/bill_ws/install/bill/share/bill/cmake/billConfig.cmake
[0.830s] -- Installing: /home/vic/billeagle_ws/bill_ws/install/bill/share/bill/cmake/billConfig-version.cmake
[0.830s] -- Installing: /home/vic/billeagle_ws/bill_ws/install/bill/share/bill/package.xml
[0.840s] Invoked command in '/home/vic/billeagle_ws/bill_ws/build/bill' returned '0': CMAKE_PREFIX_PATH=${CMAKE_PREFIX_PATH}:/opt/ros/humble /usr/bin/cmake --install /home/vic/billeagle_ws/bill_ws/build/bill
