[0.135s] DEBUG:colcon:Command line arguments: ['/usr/bin/colcon', 'build']
[0.136s] DEBUG:colcon:Parsed command line arguments: Namespace(log_base=None, log_level=None, verb_name='build', build_base='build', install_base='install', merge_install=False, symlink_install=False, test_result_base=None, continue_on_error=False, executor='parallel', parallel_workers=16, event_handlers=None, ignore_user_meta=False, metas=['./colcon.meta'], base_paths=['.'], packages_ignore=None, packages_ignore_regex=None, paths=None, packages_up_to=None, packages_up_to_regex=None, packages_above=None, packages_above_and_dependencies=None, packages_above_depth=None, packages_select_by_dep=None, packages_skip_by_dep=None, packages_skip_up_to=None, packages_select_build_failed=False, packages_skip_build_finished=False, packages_select_test_failures=False, packages_skip_test_passed=False, packages_select=None, packages_skip=None, packages_select_regex=None, packages_skip_regex=None, packages_start=None, packages_end=None, allow_overriding=[], cmake_args=None, cmake_target=None, cmake_target_skip_unavailable=False, cmake_clean_cache=False, cmake_clean_first=False, cmake_force_configure=False, ament_cmake_args=None, catkin_cmake_args=None, catkin_skip_building_tests=False, verb_parser=<colcon_defaults.argument_parser.defaults.DefaultArgumentsDecorator object at 0x75144f15dc30>, verb_extension=<colcon_core.verb.build.BuildVerb object at 0x75144f15d630>, main=<bound method BuildVerb.main of <colcon_core.verb.build.BuildVerb object at 0x75144f15d630>>)
[0.358s] Level 1:colcon.colcon_core.package_discovery:discover_packages(colcon_meta) check parameters
[0.358s] Level 1:colcon.colcon_core.package_discovery:discover_packages(recursive) check parameters
[0.358s] Level 1:colcon.colcon_core.package_discovery:discover_packages(ignore) check parameters
[0.358s] Level 1:colcon.colcon_core.package_discovery:discover_packages(path) check parameters
[0.358s] Level 1:colcon.colcon_core.package_discovery:discover_packages(colcon_meta) discover
[0.359s] Level 1:colcon.colcon_core.package_discovery:discover_packages(recursive) discover
[0.359s] INFO:colcon.colcon_core.package_discovery:Crawling recursively for packages in '/home/vfran/billeagle_ws/bill_ws'
[0.359s] Level 1:colcon.colcon_core.package_identification:_identify(.) by extensions ['ignore', 'ignore_ament_install']
[0.359s] Level 1:colcon.colcon_core.package_identification:_identify(.) by extension 'ignore'
[0.359s] Level 1:colcon.colcon_core.package_identification:_identify(.) by extension 'ignore_ament_install'
[0.359s] Level 1:colcon.colcon_core.package_identification:_identify(.) by extensions ['colcon_pkg']
[0.359s] Level 1:colcon.colcon_core.package_identification:_identify(.) by extension 'colcon_pkg'
[0.359s] Level 1:colcon.colcon_core.package_identification:_identify(.) by extensions ['colcon_meta']
[0.359s] Level 1:colcon.colcon_core.package_identification:_identify(.) by extension 'colcon_meta'
[0.359s] Level 1:colcon.colcon_core.package_identification:_identify(.) by extensions ['ros']
[0.359s] Level 1:colcon.colcon_core.package_identification:_identify(.) by extension 'ros'
[0.373s] Level 1:colcon.colcon_core.package_identification:_identify(.) by extensions ['cmake', 'python']
[0.373s] Level 1:colcon.colcon_core.package_identification:_identify(.) by extension 'cmake'
[0.373s] Level 1:colcon.colcon_core.package_identification:_identify(.) by extension 'python'
[0.373s] Level 1:colcon.colcon_core.package_identification:_identify(.) by extensions ['python_setup_py']
[0.373s] Level 1:colcon.colcon_core.package_identification:_identify(.) by extension 'python_setup_py'
[0.373s] Level 1:colcon.colcon_core.package_identification:_identify(build) by extensions ['ignore', 'ignore_ament_install']
[0.373s] Level 1:colcon.colcon_core.package_identification:_identify(build) by extension 'ignore'
[0.373s] Level 1:colcon.colcon_core.package_identification:_identify(build) ignored
[0.374s] Level 1:colcon.colcon_core.package_identification:_identify(install) by extensions ['ignore', 'ignore_ament_install']
[0.374s] Level 1:colcon.colcon_core.package_identification:_identify(install) by extension 'ignore'
[0.374s] Level 1:colcon.colcon_core.package_identification:_identify(install) ignored
[0.374s] Level 1:colcon.colcon_core.package_identification:_identify(log) by extensions ['ignore', 'ignore_ament_install']
[0.374s] Level 1:colcon.colcon_core.package_identification:_identify(log) by extension 'ignore'
[0.374s] Level 1:colcon.colcon_core.package_identification:_identify(log) ignored
[0.374s] Level 1:colcon.colcon_core.package_identification:_identify(src) by extensions ['ignore', 'ignore_ament_install']
[0.374s] Level 1:colcon.colcon_core.package_identification:_identify(src) by extension 'ignore'
[0.374s] Level 1:colcon.colcon_core.package_identification:_identify(src) by extension 'ignore_ament_install'
[0.374s] Level 1:colcon.colcon_core.package_identification:_identify(src) by extensions ['colcon_pkg']
[0.374s] Level 1:colcon.colcon_core.package_identification:_identify(src) by extension 'colcon_pkg'
[0.374s] Level 1:colcon.colcon_core.package_identification:_identify(src) by extensions ['colcon_meta']
[0.374s] Level 1:colcon.colcon_core.package_identification:_identify(src) by extension 'colcon_meta'
[0.374s] Level 1:colcon.colcon_core.package_identification:_identify(src) by extensions ['ros']
[0.375s] Level 1:colcon.colcon_core.package_identification:_identify(src) by extension 'ros'
[0.375s] Level 1:colcon.colcon_core.package_identification:_identify(src) by extensions ['cmake', 'python']
[0.375s] Level 1:colcon.colcon_core.package_identification:_identify(src) by extension 'cmake'
[0.375s] Level 1:colcon.colcon_core.package_identification:_identify(src) by extension 'python'
[0.375s] Level 1:colcon.colcon_core.package_identification:_identify(src) by extensions ['python_setup_py']
[0.375s] Level 1:colcon.colcon_core.package_identification:_identify(src) by extension 'python_setup_py'
[0.376s] Level 1:colcon.colcon_core.package_identification:_identify(src/bill) by extensions ['ignore', 'ignore_ament_install']
[0.376s] Level 1:colcon.colcon_core.package_identification:_identify(src/bill) by extension 'ignore'
[0.376s] Level 1:colcon.colcon_core.package_identification:_identify(src/bill) by extension 'ignore_ament_install'
[0.376s] Level 1:colcon.colcon_core.package_identification:_identify(src/bill) by extensions ['colcon_pkg']
[0.376s] Level 1:colcon.colcon_core.package_identification:_identify(src/bill) by extension 'colcon_pkg'
[0.376s] Level 1:colcon.colcon_core.package_identification:_identify(src/bill) by extensions ['colcon_meta']
[0.377s] Level 1:colcon.colcon_core.package_identification:_identify(src/bill) by extension 'colcon_meta'
[0.377s] Level 1:colcon.colcon_core.package_identification:_identify(src/bill) by extensions ['ros']
[0.377s] Level 1:colcon.colcon_core.package_identification:_identify(src/bill) by extension 'ros'
[0.381s] DEBUG:colcon.colcon_core.package_identification:Package 'src/bill' with type 'ros.ament_cmake' and name 'bill'
[0.381s] Level 1:colcon.colcon_core.package_identification:_identify(src/bill_description) by extensions ['ignore', 'ignore_ament_install']
[0.381s] Level 1:colcon.colcon_core.package_identification:_identify(src/bill_description) by extension 'ignore'
[0.381s] Level 1:colcon.colcon_core.package_identification:_identify(src/bill_description) by extension 'ignore_ament_install'
[0.381s] Level 1:colcon.colcon_core.package_identification:_identify(src/bill_description) by extensions ['colcon_pkg']
[0.381s] Level 1:colcon.colcon_core.package_identification:_identify(src/bill_description) by extension 'colcon_pkg'
[0.381s] Level 1:colcon.colcon_core.package_identification:_identify(src/bill_description) by extensions ['colcon_meta']
[0.381s] Level 1:colcon.colcon_core.package_identification:_identify(src/bill_description) by extension 'colcon_meta'
[0.382s] Level 1:colcon.colcon_core.package_identification:_identify(src/bill_description) by extensions ['ros']
[0.382s] Level 1:colcon.colcon_core.package_identification:_identify(src/bill_description) by extension 'ros'
[0.384s] DEBUG:colcon.colcon_core.package_identification:Package 'src/bill_description' with type 'ros.ament_cmake' and name 'bill_description'
[0.384s] Level 1:colcon.colcon_core.package_identification:_identify(src/bill_nav) by extensions ['ignore', 'ignore_ament_install']
[0.385s] Level 1:colcon.colcon_core.package_identification:_identify(src/bill_nav) by extension 'ignore'
[0.385s] Level 1:colcon.colcon_core.package_identification:_identify(src/bill_nav) by extension 'ignore_ament_install'
[0.385s] Level 1:colcon.colcon_core.package_identification:_identify(src/bill_nav) by extensions ['colcon_pkg']
[0.385s] Level 1:colcon.colcon_core.package_identification:_identify(src/bill_nav) by extension 'colcon_pkg'
[0.385s] Level 1:colcon.colcon_core.package_identification:_identify(src/bill_nav) by extensions ['colcon_meta']
[0.385s] Level 1:colcon.colcon_core.package_identification:_identify(src/bill_nav) by extension 'colcon_meta'
[0.385s] Level 1:colcon.colcon_core.package_identification:_identify(src/bill_nav) by extensions ['ros']
[0.385s] Level 1:colcon.colcon_core.package_identification:_identify(src/bill_nav) by extension 'ros'
[0.386s] DEBUG:colcon.colcon_core.package_identification:Package 'src/bill_nav' with type 'ros.ament_cmake' and name 'bill_nav'
[0.386s] Level 1:colcon.colcon_core.package_identification:_identify(src/bill_slam) by extensions ['ignore', 'ignore_ament_install']
[0.386s] Level 1:colcon.colcon_core.package_identification:_identify(src/bill_slam) by extension 'ignore'
[0.386s] Level 1:colcon.colcon_core.package_identification:_identify(src/bill_slam) by extension 'ignore_ament_install'
[0.386s] Level 1:colcon.colcon_core.package_identification:_identify(src/bill_slam) by extensions ['colcon_pkg']
[0.386s] Level 1:colcon.colcon_core.package_identification:_identify(src/bill_slam) by extension 'colcon_pkg'
[0.386s] Level 1:colcon.colcon_core.package_identification:_identify(src/bill_slam) by extensions ['colcon_meta']
[0.386s] Level 1:colcon.colcon_core.package_identification:_identify(src/bill_slam) by extension 'colcon_meta'
[0.386s] Level 1:colcon.colcon_core.package_identification:_identify(src/bill_slam) by extensions ['ros']
[0.386s] Level 1:colcon.colcon_core.package_identification:_identify(src/bill_slam) by extension 'ros'
[0.387s] DEBUG:colcon.colcon_core.package_identification:Package 'src/bill_slam' with type 'ros.ament_cmake' and name 'bill_slam'
[0.387s] Level 1:colcon.colcon_core.package_discovery:discover_packages(recursive) using defaults
[0.387s] Level 1:colcon.colcon_core.package_discovery:discover_packages(ignore) discover
[0.387s] Level 1:colcon.colcon_core.package_discovery:discover_packages(ignore) using defaults
[0.387s] Level 1:colcon.colcon_core.package_discovery:discover_packages(path) discover
[0.387s] Level 1:colcon.colcon_core.package_discovery:discover_packages(path) using defaults
[0.433s] Level 1:colcon.colcon_core.package_discovery:discover_packages(prefix_path) check parameters
[0.433s] Level 1:colcon.colcon_core.package_discovery:discover_packages(prefix_path) discover
[0.435s] DEBUG:colcon.colcon_installed_package_information.package_discovery:Found 4 installed packages in /home/vfran/billeagle_ws/bill_ws/install
[0.438s] DEBUG:colcon.colcon_installed_package_information.package_discovery:Found 431 installed packages in /opt/ros/humble
[0.440s] Level 1:colcon.colcon_core.package_discovery:discover_packages(prefix_path) using defaults
[0.508s] Level 5:colcon.colcon_core.verb:set package 'bill' build argument 'cmake_args' from command line to 'None'
[0.509s] Level 5:colcon.colcon_core.verb:set package 'bill' build argument 'cmake_target' from command line to 'None'
[0.509s] Level 5:colcon.colcon_core.verb:set package 'bill' build argument 'cmake_target_skip_unavailable' from command line to 'False'
[0.509s] Level 5:colcon.colcon_core.verb:set package 'bill' build argument 'cmake_clean_cache' from command line to 'False'
[0.509s] Level 5:colcon.colcon_core.verb:set package 'bill' build argument 'cmake_clean_first' from command line to 'False'
[0.509s] Level 5:colcon.colcon_core.verb:set package 'bill' build argument 'cmake_force_configure' from command line to 'False'
[0.509s] Level 5:colcon.colcon_core.verb:set package 'bill' build argument 'ament_cmake_args' from command line to 'None'
[0.509s] Level 5:colcon.colcon_core.verb:set package 'bill' build argument 'catkin_cmake_args' from command line to 'None'
[0.509s] Level 5:colcon.colcon_core.verb:set package 'bill' build argument 'catkin_skip_building_tests' from command line to 'False'
[0.509s] DEBUG:colcon.colcon_core.verb:Building package 'bill' with the following arguments: {'ament_cmake_args': None, 'build_base': '/home/vfran/billeagle_ws/bill_ws/build/bill', 'catkin_cmake_args': None, 'catkin_skip_building_tests': False, 'cmake_args': None, 'cmake_clean_cache': False, 'cmake_clean_first': False, 'cmake_force_configure': False, 'cmake_target': None, 'cmake_target_skip_unavailable': False, 'install_base': '/home/vfran/billeagle_ws/bill_ws/install/bill', 'merge_install': False, 'path': '/home/vfran/billeagle_ws/bill_ws/src/bill', 'symlink_install': False, 'test_result_base': None}
[0.509s] Level 5:colcon.colcon_core.verb:set package 'bill_description' build argument 'cmake_args' from command line to 'None'
[0.509s] Level 5:colcon.colcon_core.verb:set package 'bill_description' build argument 'cmake_target' from command line to 'None'
[0.509s] Level 5:colcon.colcon_core.verb:set package 'bill_description' build argument 'cmake_target_skip_unavailable' from command line to 'False'
[0.509s] Level 5:colcon.colcon_core.verb:set package 'bill_description' build argument 'cmake_clean_cache' from command line to 'False'
[0.509s] Level 5:colcon.colcon_core.verb:set package 'bill_description' build argument 'cmake_clean_first' from command line to 'False'
[0.509s] Level 5:colcon.colcon_core.verb:set package 'bill_description' build argument 'cmake_force_configure' from command line to 'False'
[0.509s] Level 5:colcon.colcon_core.verb:set package 'bill_description' build argument 'ament_cmake_args' from command line to 'None'
[0.509s] Level 5:colcon.colcon_core.verb:set package 'bill_description' build argument 'catkin_cmake_args' from command line to 'None'
[0.509s] Level 5:colcon.colcon_core.verb:set package 'bill_description' build argument 'catkin_skip_building_tests' from command line to 'False'
[0.509s] DEBUG:colcon.colcon_core.verb:Building package 'bill_description' with the following arguments: {'ament_cmake_args': None, 'build_base': '/home/vfran/billeagle_ws/bill_ws/build/bill_description', 'catkin_cmake_args': None, 'catkin_skip_building_tests': False, 'cmake_args': None, 'cmake_clean_cache': False, 'cmake_clean_first': False, 'cmake_force_configure': False, 'cmake_target': None, 'cmake_target_skip_unavailable': False, 'install_base': '/home/vfran/billeagle_ws/bill_ws/install/bill_description', 'merge_install': False, 'path': '/home/vfran/billeagle_ws/bill_ws/src/bill_description', 'symlink_install': False, 'test_result_base': None}
[0.510s] Level 5:colcon.colcon_core.verb:set package 'bill_nav' build argument 'cmake_args' from command line to 'None'
[0.510s] Level 5:colcon.colcon_core.verb:set package 'bill_nav' build argument 'cmake_target' from command line to 'None'
[0.510s] Level 5:colcon.colcon_core.verb:set package 'bill_nav' build argument 'cmake_target_skip_unavailable' from command line to 'False'
[0.510s] Level 5:colcon.colcon_core.verb:set package 'bill_nav' build argument 'cmake_clean_cache' from command line to 'False'
[0.510s] Level 5:colcon.colcon_core.verb:set package 'bill_nav' build argument 'cmake_clean_first' from command line to 'False'
[0.510s] Level 5:colcon.colcon_core.verb:set package 'bill_nav' build argument 'cmake_force_configure' from command line to 'False'
[0.510s] Level 5:colcon.colcon_core.verb:set package 'bill_nav' build argument 'ament_cmake_args' from command line to 'None'
[0.510s] Level 5:colcon.colcon_core.verb:set package 'bill_nav' build argument 'catkin_cmake_args' from command line to 'None'
[0.510s] Level 5:colcon.colcon_core.verb:set package 'bill_nav' build argument 'catkin_skip_building_tests' from command line to 'False'
[0.510s] DEBUG:colcon.colcon_core.verb:Building package 'bill_nav' with the following arguments: {'ament_cmake_args': None, 'build_base': '/home/vfran/billeagle_ws/bill_ws/build/bill_nav', 'catkin_cmake_args': None, 'catkin_skip_building_tests': False, 'cmake_args': None, 'cmake_clean_cache': False, 'cmake_clean_first': False, 'cmake_force_configure': False, 'cmake_target': None, 'cmake_target_skip_unavailable': False, 'install_base': '/home/vfran/billeagle_ws/bill_ws/install/bill_nav', 'merge_install': False, 'path': '/home/vfran/billeagle_ws/bill_ws/src/bill_nav', 'symlink_install': False, 'test_result_base': None}
[0.510s] Level 5:colcon.colcon_core.verb:set package 'bill_slam' build argument 'cmake_args' from command line to 'None'
[0.510s] Level 5:colcon.colcon_core.verb:set package 'bill_slam' build argument 'cmake_target' from command line to 'None'
[0.511s] Level 5:colcon.colcon_core.verb:set package 'bill_slam' build argument 'cmake_target_skip_unavailable' from command line to 'False'
[0.511s] Level 5:colcon.colcon_core.verb:set package 'bill_slam' build argument 'cmake_clean_cache' from command line to 'False'
[0.511s] Level 5:colcon.colcon_core.verb:set package 'bill_slam' build argument 'cmake_clean_first' from command line to 'False'
[0.511s] Level 5:colcon.colcon_core.verb:set package 'bill_slam' build argument 'cmake_force_configure' from command line to 'False'
[0.511s] Level 5:colcon.colcon_core.verb:set package 'bill_slam' build argument 'ament_cmake_args' from command line to 'None'
[0.511s] Level 5:colcon.colcon_core.verb:set package 'bill_slam' build argument 'catkin_cmake_args' from command line to 'None'
[0.511s] Level 5:colcon.colcon_core.verb:set package 'bill_slam' build argument 'catkin_skip_building_tests' from command line to 'False'
[0.511s] DEBUG:colcon.colcon_core.verb:Building package 'bill_slam' with the following arguments: {'ament_cmake_args': None, 'build_base': '/home/vfran/billeagle_ws/bill_ws/build/bill_slam', 'catkin_cmake_args': None, 'catkin_skip_building_tests': False, 'cmake_args': None, 'cmake_clean_cache': False, 'cmake_clean_first': False, 'cmake_force_configure': False, 'cmake_target': None, 'cmake_target_skip_unavailable': False, 'install_base': '/home/vfran/billeagle_ws/bill_ws/install/bill_slam', 'merge_install': False, 'path': '/home/vfran/billeagle_ws/bill_ws/src/bill_slam', 'symlink_install': False, 'test_result_base': None}
[0.511s] INFO:colcon.colcon_core.executor:Executing jobs using 'parallel' executor
[0.512s] DEBUG:colcon.colcon_parallel_executor.executor.parallel:run_until_complete
[0.513s] INFO:colcon.colcon_ros.task.ament_cmake.build:Building ROS package in '/home/vfran/billeagle_ws/bill_ws/src/bill' with build type 'ament_cmake'
[0.513s] INFO:colcon.colcon_cmake.task.cmake.build:Building CMake package in '/home/vfran/billeagle_ws/bill_ws/src/bill'
[0.516s] INFO:colcon.colcon_core.plugin_system:Skipping extension 'colcon_core.shell.bat': Not used on non-Windows systems
[0.516s] INFO:colcon.colcon_core.shell:Skip shell extension 'powershell' for command environment: Not usable outside of PowerShell
[0.516s] DEBUG:colcon.colcon_core.shell:Skip shell extension 'dsv' for command environment
[0.522s] INFO:colcon.colcon_ros.task.ament_cmake.build:Building ROS package in '/home/vfran/billeagle_ws/bill_ws/src/bill_description' with build type 'ament_cmake'
[0.522s] INFO:colcon.colcon_cmake.task.cmake.build:Building CMake package in '/home/vfran/billeagle_ws/bill_ws/src/bill_description'
[0.522s] INFO:colcon.colcon_core.shell:Skip shell extension 'powershell' for command environment: Not usable outside of PowerShell
[0.523s] DEBUG:colcon.colcon_core.shell:Skip shell extension 'dsv' for command environment
[0.528s] INFO:colcon.colcon_ros.task.ament_cmake.build:Building ROS package in '/home/vfran/billeagle_ws/bill_ws/src/bill_nav' with build type 'ament_cmake'
[0.529s] INFO:colcon.colcon_cmake.task.cmake.build:Building CMake package in '/home/vfran/billeagle_ws/bill_ws/src/bill_nav'
[0.529s] INFO:colcon.colcon_core.shell:Skip shell extension 'powershell' for command environment: Not usable outside of PowerShell
[0.529s] DEBUG:colcon.colcon_core.shell:Skip shell extension 'dsv' for command environment
[0.535s] INFO:colcon.colcon_ros.task.ament_cmake.build:Building ROS package in '/home/vfran/billeagle_ws/bill_ws/src/bill_slam' with build type 'ament_cmake'
[0.535s] INFO:colcon.colcon_cmake.task.cmake.build:Building CMake package in '/home/vfran/billeagle_ws/bill_ws/src/bill_slam'
[0.535s] INFO:colcon.colcon_core.shell:Skip shell extension 'powershell' for command environment: Not usable outside of PowerShell
[0.535s] DEBUG:colcon.colcon_core.shell:Skip shell extension 'dsv' for command environment
[0.552s] DEBUG:colcon.colcon_core.event_handler.log_command:Invoking command in '/home/vfran/billeagle_ws/bill_ws/build/bill': CMAKE_PREFIX_PATH=${CMAKE_PREFIX_PATH}:/opt/ros/humble /usr/local/bin/cmake --build /home/vfran/billeagle_ws/bill_ws/build/bill -- -j16 -l16
[0.558s] DEBUG:colcon.colcon_core.event_handler.log_command:Invoking command in '/home/vfran/billeagle_ws/bill_ws/build/bill_description': CMAKE_PREFIX_PATH=${CMAKE_PREFIX_PATH}:/opt/ros/humble /usr/local/bin/cmake --build /home/vfran/billeagle_ws/bill_ws/build/bill_description -- -j16 -l16
[0.565s] DEBUG:colcon.colcon_core.event_handler.log_command:Invoking command in '/home/vfran/billeagle_ws/bill_ws/build/bill_nav': CMAKE_PREFIX_PATH=${CMAKE_PREFIX_PATH}:/opt/ros/humble /usr/local/bin/cmake --build /home/vfran/billeagle_ws/bill_ws/build/bill_nav -- -j16 -l16
[0.573s] DEBUG:colcon.colcon_core.event_handler.log_command:Invoking command in '/home/vfran/billeagle_ws/bill_ws/build/bill_slam': CMAKE_PREFIX_PATH=${CMAKE_PREFIX_PATH}:/opt/ros/humble /usr/local/bin/cmake --build /home/vfran/billeagle_ws/bill_ws/build/bill_slam -- -j16 -l16
[0.586s] DEBUG:colcon.colcon_core.event_handler.log_command:Invoked command in '/home/vfran/billeagle_ws/bill_ws/build/bill' returned '0': CMAKE_PREFIX_PATH=${CMAKE_PREFIX_PATH}:/opt/ros/humble /usr/local/bin/cmake --build /home/vfran/billeagle_ws/bill_ws/build/bill -- -j16 -l16
[0.595s] DEBUG:colcon.colcon_core.event_handler.log_command:Invoking command in '/home/vfran/billeagle_ws/bill_ws/build/bill': CMAKE_PREFIX_PATH=${CMAKE_PREFIX_PATH}:/opt/ros/humble /usr/local/bin/cmake --install /home/vfran/billeagle_ws/bill_ws/build/bill
[0.599s] DEBUG:colcon.colcon_core.event_handler.log_command:Invoked command in '/home/vfran/billeagle_ws/bill_ws/build/bill_description' returned '0': CMAKE_PREFIX_PATH=${CMAKE_PREFIX_PATH}:/opt/ros/humble /usr/local/bin/cmake --build /home/vfran/billeagle_ws/bill_ws/build/bill_description -- -j16 -l16
[0.601s] DEBUG:colcon.colcon_core.event_handler.log_command:Invoking command in '/home/vfran/billeagle_ws/bill_ws/build/bill_description': CMAKE_PREFIX_PATH=${CMAKE_PREFIX_PATH}:/opt/ros/humble /usr/local/bin/cmake --install /home/vfran/billeagle_ws/bill_ws/build/bill_description
[0.612s] DEBUG:colcon.colcon_core.event_handler.log_command:Invoked command in '/home/vfran/billeagle_ws/bill_ws/build/bill_nav' returned '0': CMAKE_PREFIX_PATH=${CMAKE_PREFIX_PATH}:/opt/ros/humble /usr/local/bin/cmake --build /home/vfran/billeagle_ws/bill_ws/build/bill_nav -- -j16 -l16
[0.621s] Level 1:colcon.colcon_core.environment:create_environment_scripts_only(bill)
[0.624s] DEBUG:colcon.colcon_core.event_handler.log_command:Invoking command in '/home/vfran/billeagle_ws/bill_ws/build/bill_nav': CMAKE_PREFIX_PATH=${CMAKE_PREFIX_PATH}:/opt/ros/humble /usr/local/bin/cmake --install /home/vfran/billeagle_ws/bill_ws/build/bill_nav
[0.627s] DEBUG:colcon.colcon_core.event_handler.log_command:Invoked command in '/home/vfran/billeagle_ws/bill_ws/build/bill_slam' returned '0': CMAKE_PREFIX_PATH=${CMAKE_PREFIX_PATH}:/opt/ros/humble /usr/local/bin/cmake --build /home/vfran/billeagle_ws/bill_ws/build/bill_slam -- -j16 -l16
[0.629s] DEBUG:colcon.colcon_core.event_handler.log_command:Invoking command in '/home/vfran/billeagle_ws/bill_ws/build/bill_slam': CMAKE_PREFIX_PATH=${CMAKE_PREFIX_PATH}:/opt/ros/humble /usr/local/bin/cmake --install /home/vfran/billeagle_ws/bill_ws/build/bill_slam
[0.632s] DEBUG:colcon.colcon_core.event_handler.log_command:Invoked command in '/home/vfran/billeagle_ws/bill_ws/build/bill' returned '0': CMAKE_PREFIX_PATH=${CMAKE_PREFIX_PATH}:/opt/ros/humble /usr/local/bin/cmake --install /home/vfran/billeagle_ws/bill_ws/build/bill
[0.638s] Level 1:colcon.colcon_core.environment:checking '/home/vfran/billeagle_ws/bill_ws/install/bill' for CMake module files
[0.639s] Level 1:colcon.colcon_core.environment:checking '/home/vfran/billeagle_ws/bill_ws/install/bill' for CMake config files
[0.639s] Level 1:colcon.colcon_core.shell:create_environment_hook('bill', 'cmake_prefix_path')
[0.639s] INFO:colcon.colcon_core.shell:Creating environment hook '/home/vfran/billeagle_ws/bill_ws/install/bill/share/bill/hook/cmake_prefix_path.ps1'
[0.640s] INFO:colcon.colcon_core.shell:Creating environment descriptor '/home/vfran/billeagle_ws/bill_ws/install/bill/share/bill/hook/cmake_prefix_path.dsv'
[0.641s] INFO:colcon.colcon_core.shell:Creating environment hook '/home/vfran/billeagle_ws/bill_ws/install/bill/share/bill/hook/cmake_prefix_path.sh'
[0.642s] Level 1:colcon.colcon_core.environment:checking '/home/vfran/billeagle_ws/bill_ws/install/bill/bin'
[0.642s] Level 1:colcon.colcon_core.environment:checking '/home/vfran/billeagle_ws/bill_ws/install/bill/lib/pkgconfig/bill.pc'
[0.642s] Level 1:colcon.colcon_core.environment:checking '/home/vfran/billeagle_ws/bill_ws/install/bill/lib/python3.10/site-packages'
[0.642s] Level 1:colcon.colcon_core.environment:checking '/home/vfran/billeagle_ws/bill_ws/install/bill/bin'
[0.643s] INFO:colcon.colcon_core.shell:Creating package script '/home/vfran/billeagle_ws/bill_ws/install/bill/share/bill/package.ps1'
[0.644s] INFO:colcon.colcon_core.shell:Creating package descriptor '/home/vfran/billeagle_ws/bill_ws/install/bill/share/bill/package.dsv'
[0.644s] INFO:colcon.colcon_core.shell:Creating package script '/home/vfran/billeagle_ws/bill_ws/install/bill/share/bill/package.sh'
[0.645s] INFO:colcon.colcon_core.shell:Creating package script '/home/vfran/billeagle_ws/bill_ws/install/bill/share/bill/package.bash'
[0.646s] INFO:colcon.colcon_core.shell:Creating package script '/home/vfran/billeagle_ws/bill_ws/install/bill/share/bill/package.zsh'
[0.647s] Level 1:colcon.colcon_core.environment:create_file_with_runtime_dependencies(/home/vfran/billeagle_ws/bill_ws/install/bill/share/colcon-core/packages/bill)
[0.648s] Level 1:colcon.colcon_core.environment:create_environment_scripts_only(bill)
[0.648s] Level 1:colcon.colcon_core.environment:checking '/home/vfran/billeagle_ws/bill_ws/install/bill' for CMake module files
[0.649s] Level 1:colcon.colcon_core.environment:checking '/home/vfran/billeagle_ws/bill_ws/install/bill' for CMake config files
[0.649s] Level 1:colcon.colcon_core.shell:create_environment_hook('bill', 'cmake_prefix_path')
[0.649s] INFO:colcon.colcon_core.shell:Creating environment hook '/home/vfran/billeagle_ws/bill_ws/install/bill/share/bill/hook/cmake_prefix_path.ps1'
[0.650s] INFO:colcon.colcon_core.shell:Creating environment descriptor '/home/vfran/billeagle_ws/bill_ws/install/bill/share/bill/hook/cmake_prefix_path.dsv'
[0.650s] INFO:colcon.colcon_core.shell:Creating environment hook '/home/vfran/billeagle_ws/bill_ws/install/bill/share/bill/hook/cmake_prefix_path.sh'
[0.651s] Level 1:colcon.colcon_core.environment:checking '/home/vfran/billeagle_ws/bill_ws/install/bill/bin'
[0.651s] Level 1:colcon.colcon_core.environment:checking '/home/vfran/billeagle_ws/bill_ws/install/bill/lib/pkgconfig/bill.pc'
[0.651s] Level 1:colcon.colcon_core.environment:checking '/home/vfran/billeagle_ws/bill_ws/install/bill/lib/python3.10/site-packages'
[0.651s] Level 1:colcon.colcon_core.environment:checking '/home/vfran/billeagle_ws/bill_ws/install/bill/bin'
[0.651s] INFO:colcon.colcon_core.shell:Creating package script '/home/vfran/billeagle_ws/bill_ws/install/bill/share/bill/package.ps1'
[0.652s] INFO:colcon.colcon_core.shell:Creating package descriptor '/home/vfran/billeagle_ws/bill_ws/install/bill/share/bill/package.dsv'
[0.653s] INFO:colcon.colcon_core.shell:Creating package script '/home/vfran/billeagle_ws/bill_ws/install/bill/share/bill/package.sh'
[0.653s] INFO:colcon.colcon_core.shell:Creating package script '/home/vfran/billeagle_ws/bill_ws/install/bill/share/bill/package.bash'
[0.653s] INFO:colcon.colcon_core.shell:Creating package script '/home/vfran/billeagle_ws/bill_ws/install/bill/share/bill/package.zsh'
[0.654s] Level 1:colcon.colcon_core.environment:create_file_with_runtime_dependencies(/home/vfran/billeagle_ws/bill_ws/install/bill/share/colcon-core/packages/bill)
[0.654s] Level 1:colcon.colcon_core.environment:create_environment_scripts_only(bill_description)
[0.654s] Level 1:colcon.colcon_core.environment:checking '/home/vfran/billeagle_ws/bill_ws/install/bill_description' for CMake module files
[0.656s] Level 1:colcon.colcon_core.environment:checking '/home/vfran/billeagle_ws/bill_ws/install/bill_description' for CMake config files
[0.656s] Level 1:colcon.colcon_core.shell:create_environment_hook('bill_description', 'cmake_prefix_path')
[0.656s] INFO:colcon.colcon_core.shell:Creating environment hook '/home/vfran/billeagle_ws/bill_ws/install/bill_description/share/bill_description/hook/cmake_prefix_path.ps1'
[0.657s] DEBUG:colcon.colcon_core.event_handler.log_command:Invoked command in '/home/vfran/billeagle_ws/bill_ws/build/bill_description' returned '0': CMAKE_PREFIX_PATH=${CMAKE_PREFIX_PATH}:/opt/ros/humble /usr/local/bin/cmake --install /home/vfran/billeagle_ws/bill_ws/build/bill_description
[0.658s] INFO:colcon.colcon_core.shell:Creating environment descriptor '/home/vfran/billeagle_ws/bill_ws/install/bill_description/share/bill_description/hook/cmake_prefix_path.dsv'
[0.658s] INFO:colcon.colcon_core.shell:Creating environment hook '/home/vfran/billeagle_ws/bill_ws/install/bill_description/share/bill_description/hook/cmake_prefix_path.sh'
[0.659s] Level 1:colcon.colcon_core.environment:checking '/home/vfran/billeagle_ws/bill_ws/install/bill_description/bin'
[0.659s] Level 1:colcon.colcon_core.environment:checking '/home/vfran/billeagle_ws/bill_ws/install/bill_description/lib/pkgconfig/bill_description.pc'
[0.659s] Level 1:colcon.colcon_core.environment:checking '/home/vfran/billeagle_ws/bill_ws/install/bill_description/lib/python3.10/site-packages'
[0.659s] Level 1:colcon.colcon_core.environment:checking '/home/vfran/billeagle_ws/bill_ws/install/bill_description/bin'
[0.660s] INFO:colcon.colcon_core.shell:Creating package script '/home/vfran/billeagle_ws/bill_ws/install/bill_description/share/bill_description/package.ps1'
[0.660s] INFO:colcon.colcon_core.shell:Creating package descriptor '/home/vfran/billeagle_ws/bill_ws/install/bill_description/share/bill_description/package.dsv'
[0.661s] INFO:colcon.colcon_core.shell:Creating package script '/home/vfran/billeagle_ws/bill_ws/install/bill_description/share/bill_description/package.sh'
[0.661s] INFO:colcon.colcon_core.shell:Creating package script '/home/vfran/billeagle_ws/bill_ws/install/bill_description/share/bill_description/package.bash'
[0.662s] INFO:colcon.colcon_core.shell:Creating package script '/home/vfran/billeagle_ws/bill_ws/install/bill_description/share/bill_description/package.zsh'
[0.662s] Level 1:colcon.colcon_core.environment:create_file_with_runtime_dependencies(/home/vfran/billeagle_ws/bill_ws/install/bill_description/share/colcon-core/packages/bill_description)
[0.663s] Level 1:colcon.colcon_core.environment:create_environment_scripts_only(bill_description)
[0.663s] Level 1:colcon.colcon_core.environment:checking '/home/vfran/billeagle_ws/bill_ws/install/bill_description' for CMake module files
[0.663s] Level 1:colcon.colcon_core.environment:checking '/home/vfran/billeagle_ws/bill_ws/install/bill_description' for CMake config files
[0.664s] Level 1:colcon.colcon_core.shell:create_environment_hook('bill_description', 'cmake_prefix_path')
[0.664s] INFO:colcon.colcon_core.shell:Creating environment hook '/home/vfran/billeagle_ws/bill_ws/install/bill_description/share/bill_description/hook/cmake_prefix_path.ps1'
[0.664s] INFO:colcon.colcon_core.shell:Creating environment descriptor '/home/vfran/billeagle_ws/bill_ws/install/bill_description/share/bill_description/hook/cmake_prefix_path.dsv'
[0.665s] INFO:colcon.colcon_core.shell:Creating environment hook '/home/vfran/billeagle_ws/bill_ws/install/bill_description/share/bill_description/hook/cmake_prefix_path.sh'
[0.665s] Level 1:colcon.colcon_core.environment:checking '/home/vfran/billeagle_ws/bill_ws/install/bill_description/bin'
[0.665s] Level 1:colcon.colcon_core.environment:checking '/home/vfran/billeagle_ws/bill_ws/install/bill_description/lib/pkgconfig/bill_description.pc'
[0.666s] Level 1:colcon.colcon_core.environment:checking '/home/vfran/billeagle_ws/bill_ws/install/bill_description/lib/python3.10/site-packages'
[0.666s] Level 1:colcon.colcon_core.environment:checking '/home/vfran/billeagle_ws/bill_ws/install/bill_description/bin'
[0.666s] INFO:colcon.colcon_core.shell:Creating package script '/home/vfran/billeagle_ws/bill_ws/install/bill_description/share/bill_description/package.ps1'
[0.667s] INFO:colcon.colcon_core.shell:Creating package descriptor '/home/vfran/billeagle_ws/bill_ws/install/bill_description/share/bill_description/package.dsv'
[0.667s] INFO:colcon.colcon_core.shell:Creating package script '/home/vfran/billeagle_ws/bill_ws/install/bill_description/share/bill_description/package.sh'
[0.668s] INFO:colcon.colcon_core.shell:Creating package script '/home/vfran/billeagle_ws/bill_ws/install/bill_description/share/bill_description/package.bash'
[0.668s] INFO:colcon.colcon_core.shell:Creating package script '/home/vfran/billeagle_ws/bill_ws/install/bill_description/share/bill_description/package.zsh'
[0.669s] Level 1:colcon.colcon_core.environment:create_file_with_runtime_dependencies(/home/vfran/billeagle_ws/bill_ws/install/bill_description/share/colcon-core/packages/bill_description)
[0.671s] Level 1:colcon.colcon_core.environment:create_environment_scripts_only(bill_nav)
[0.671s] Level 1:colcon.colcon_core.environment:checking '/home/vfran/billeagle_ws/bill_ws/install/bill_nav' for CMake module files
[0.673s] DEBUG:colcon.colcon_core.event_handler.log_command:Invoked command in '/home/vfran/billeagle_ws/bill_ws/build/bill_nav' returned '0': CMAKE_PREFIX_PATH=${CMAKE_PREFIX_PATH}:/opt/ros/humble /usr/local/bin/cmake --install /home/vfran/billeagle_ws/bill_ws/build/bill_nav
[0.673s] Level 1:colcon.colcon_core.environment:checking '/home/vfran/billeagle_ws/bill_ws/install/bill_nav' for CMake config files
[0.674s] Level 1:colcon.colcon_core.shell:create_environment_hook('bill_nav', 'cmake_prefix_path')
[0.674s] INFO:colcon.colcon_core.shell:Creating environment hook '/home/vfran/billeagle_ws/bill_ws/install/bill_nav/share/bill_nav/hook/cmake_prefix_path.ps1'
[0.675s] INFO:colcon.colcon_core.shell:Creating environment descriptor '/home/vfran/billeagle_ws/bill_ws/install/bill_nav/share/bill_nav/hook/cmake_prefix_path.dsv'
[0.675s] INFO:colcon.colcon_core.shell:Creating environment hook '/home/vfran/billeagle_ws/bill_ws/install/bill_nav/share/bill_nav/hook/cmake_prefix_path.sh'
[0.676s] Level 1:colcon.colcon_core.environment:checking '/home/vfran/billeagle_ws/bill_ws/install/bill_nav/bin'
[0.676s] Level 1:colcon.colcon_core.environment:checking '/home/vfran/billeagle_ws/bill_ws/install/bill_nav/lib/pkgconfig/bill_nav.pc'
[0.676s] Level 1:colcon.colcon_core.environment:checking '/home/vfran/billeagle_ws/bill_ws/install/bill_nav/lib/python3.10/site-packages'
[0.676s] Level 1:colcon.colcon_core.environment:checking '/home/vfran/billeagle_ws/bill_ws/install/bill_nav/bin'
[0.677s] INFO:colcon.colcon_core.shell:Creating package script '/home/vfran/billeagle_ws/bill_ws/install/bill_nav/share/bill_nav/package.ps1'
[0.677s] INFO:colcon.colcon_core.shell:Creating package descriptor '/home/vfran/billeagle_ws/bill_ws/install/bill_nav/share/bill_nav/package.dsv'
[0.678s] INFO:colcon.colcon_core.shell:Creating package script '/home/vfran/billeagle_ws/bill_ws/install/bill_nav/share/bill_nav/package.sh'
[0.678s] INFO:colcon.colcon_core.shell:Creating package script '/home/vfran/billeagle_ws/bill_ws/install/bill_nav/share/bill_nav/package.bash'
[0.679s] INFO:colcon.colcon_core.shell:Creating package script '/home/vfran/billeagle_ws/bill_ws/install/bill_nav/share/bill_nav/package.zsh'
[0.679s] Level 1:colcon.colcon_core.environment:create_file_with_runtime_dependencies(/home/vfran/billeagle_ws/bill_ws/install/bill_nav/share/colcon-core/packages/bill_nav)
[0.680s] Level 1:colcon.colcon_core.environment:create_environment_scripts_only(bill_nav)
[0.680s] Level 1:colcon.colcon_core.environment:checking '/home/vfran/billeagle_ws/bill_ws/install/bill_nav' for CMake module files
[0.680s] Level 1:colcon.colcon_core.environment:checking '/home/vfran/billeagle_ws/bill_ws/install/bill_nav' for CMake config files
[0.681s] Level 1:colcon.colcon_core.shell:create_environment_hook('bill_nav', 'cmake_prefix_path')
[0.681s] INFO:colcon.colcon_core.shell:Creating environment hook '/home/vfran/billeagle_ws/bill_ws/install/bill_nav/share/bill_nav/hook/cmake_prefix_path.ps1'
[0.681s] INFO:colcon.colcon_core.shell:Creating environment descriptor '/home/vfran/billeagle_ws/bill_ws/install/bill_nav/share/bill_nav/hook/cmake_prefix_path.dsv'
[0.682s] INFO:colcon.colcon_core.shell:Creating environment hook '/home/vfran/billeagle_ws/bill_ws/install/bill_nav/share/bill_nav/hook/cmake_prefix_path.sh'
[0.683s] Level 1:colcon.colcon_core.environment:checking '/home/vfran/billeagle_ws/bill_ws/install/bill_nav/bin'
[0.683s] Level 1:colcon.colcon_core.environment:checking '/home/vfran/billeagle_ws/bill_ws/install/bill_nav/lib/pkgconfig/bill_nav.pc'
[0.683s] Level 1:colcon.colcon_core.environment:checking '/home/vfran/billeagle_ws/bill_ws/install/bill_nav/lib/python3.10/site-packages'
[0.683s] Level 1:colcon.colcon_core.environment:checking '/home/vfran/billeagle_ws/bill_ws/install/bill_nav/bin'
[0.683s] INFO:colcon.colcon_core.shell:Creating package script '/home/vfran/billeagle_ws/bill_ws/install/bill_nav/share/bill_nav/package.ps1'
[0.684s] INFO:colcon.colcon_core.shell:Creating package descriptor '/home/vfran/billeagle_ws/bill_ws/install/bill_nav/share/bill_nav/package.dsv'
[0.685s] INFO:colcon.colcon_core.shell:Creating package script '/home/vfran/billeagle_ws/bill_ws/install/bill_nav/share/bill_nav/package.sh'
[0.685s] INFO:colcon.colcon_core.shell:Creating package script '/home/vfran/billeagle_ws/bill_ws/install/bill_nav/share/bill_nav/package.bash'
[0.686s] INFO:colcon.colcon_core.shell:Creating package script '/home/vfran/billeagle_ws/bill_ws/install/bill_nav/share/bill_nav/package.zsh'
[0.686s] Level 1:colcon.colcon_core.environment:create_file_with_runtime_dependencies(/home/vfran/billeagle_ws/bill_ws/install/bill_nav/share/colcon-core/packages/bill_nav)
[0.687s] Level 1:colcon.colcon_core.environment:create_environment_scripts_only(bill_slam)
[0.687s] Level 1:colcon.colcon_core.environment:checking '/home/vfran/billeagle_ws/bill_ws/install/bill_slam' for CMake module files
[0.688s] Level 1:colcon.colcon_core.environment:checking '/home/vfran/billeagle_ws/bill_ws/install/bill_slam' for CMake config files
[0.689s] DEBUG:colcon.colcon_core.event_handler.log_command:Invoked command in '/home/vfran/billeagle_ws/bill_ws/build/bill_slam' returned '0': CMAKE_PREFIX_PATH=${CMAKE_PREFIX_PATH}:/opt/ros/humble /usr/local/bin/cmake --install /home/vfran/billeagle_ws/bill_ws/build/bill_slam
[0.689s] Level 1:colcon.colcon_core.shell:create_environment_hook('bill_slam', 'cmake_prefix_path')
[0.690s] INFO:colcon.colcon_core.shell:Creating environment hook '/home/vfran/billeagle_ws/bill_ws/install/bill_slam/share/bill_slam/hook/cmake_prefix_path.ps1'
[0.690s] INFO:colcon.colcon_core.shell:Creating environment descriptor '/home/vfran/billeagle_ws/bill_ws/install/bill_slam/share/bill_slam/hook/cmake_prefix_path.dsv'
[0.691s] INFO:colcon.colcon_core.shell:Creating environment hook '/home/vfran/billeagle_ws/bill_ws/install/bill_slam/share/bill_slam/hook/cmake_prefix_path.sh'
[0.691s] Level 1:colcon.colcon_core.environment:checking '/home/vfran/billeagle_ws/bill_ws/install/bill_slam/bin'
[0.692s] Level 1:colcon.colcon_core.environment:checking '/home/vfran/billeagle_ws/bill_ws/install/bill_slam/lib/pkgconfig/bill_slam.pc'
[0.692s] Level 1:colcon.colcon_core.environment:checking '/home/vfran/billeagle_ws/bill_ws/install/bill_slam/lib/python3.10/site-packages'
[0.692s] Level 1:colcon.colcon_core.environment:checking '/home/vfran/billeagle_ws/bill_ws/install/bill_slam/bin'
[0.693s] INFO:colcon.colcon_core.shell:Creating package script '/home/vfran/billeagle_ws/bill_ws/install/bill_slam/share/bill_slam/package.ps1'
[0.693s] INFO:colcon.colcon_core.shell:Creating package descriptor '/home/vfran/billeagle_ws/bill_ws/install/bill_slam/share/bill_slam/package.dsv'
[0.694s] INFO:colcon.colcon_core.shell:Creating package script '/home/vfran/billeagle_ws/bill_ws/install/bill_slam/share/bill_slam/package.sh'
[0.694s] INFO:colcon.colcon_core.shell:Creating package script '/home/vfran/billeagle_ws/bill_ws/install/bill_slam/share/bill_slam/package.bash'
[0.695s] INFO:colcon.colcon_core.shell:Creating package script '/home/vfran/billeagle_ws/bill_ws/install/bill_slam/share/bill_slam/package.zsh'
[0.695s] Level 1:colcon.colcon_core.environment:create_file_with_runtime_dependencies(/home/vfran/billeagle_ws/bill_ws/install/bill_slam/share/colcon-core/packages/bill_slam)
[0.696s] Level 1:colcon.colcon_core.environment:create_environment_scripts_only(bill_slam)
[0.696s] Level 1:colcon.colcon_core.environment:checking '/home/vfran/billeagle_ws/bill_ws/install/bill_slam' for CMake module files
[0.696s] Level 1:colcon.colcon_core.environment:checking '/home/vfran/billeagle_ws/bill_ws/install/bill_slam' for CMake config files
[0.696s] Level 1:colcon.colcon_core.shell:create_environment_hook('bill_slam', 'cmake_prefix_path')
[0.697s] INFO:colcon.colcon_core.shell:Creating environment hook '/home/vfran/billeagle_ws/bill_ws/install/bill_slam/share/bill_slam/hook/cmake_prefix_path.ps1'
[0.697s] INFO:colcon.colcon_core.shell:Creating environment descriptor '/home/vfran/billeagle_ws/bill_ws/install/bill_slam/share/bill_slam/hook/cmake_prefix_path.dsv'
[0.698s] INFO:colcon.colcon_core.shell:Creating environment hook '/home/vfran/billeagle_ws/bill_ws/install/bill_slam/share/bill_slam/hook/cmake_prefix_path.sh'
[0.698s] Level 1:colcon.colcon_core.environment:checking '/home/vfran/billeagle_ws/bill_ws/install/bill_slam/bin'
[0.698s] Level 1:colcon.colcon_core.environment:checking '/home/vfran/billeagle_ws/bill_ws/install/bill_slam/lib/pkgconfig/bill_slam.pc'
[0.699s] Level 1:colcon.colcon_core.environment:checking '/home/vfran/billeagle_ws/bill_ws/install/bill_slam/lib/python3.10/site-packages'
[0.699s] Level 1:colcon.colcon_core.environment:checking '/home/vfran/billeagle_ws/bill_ws/install/bill_slam/bin'
[0.699s] INFO:colcon.colcon_core.shell:Creating package script '/home/vfran/billeagle_ws/bill_ws/install/bill_slam/share/bill_slam/package.ps1'
[0.700s] INFO:colcon.colcon_core.shell:Creating package descriptor '/home/vfran/billeagle_ws/bill_ws/install/bill_slam/share/bill_slam/package.dsv'
[0.700s] INFO:colcon.colcon_core.shell:Creating package script '/home/vfran/billeagle_ws/bill_ws/install/bill_slam/share/bill_slam/package.sh'
[0.701s] INFO:colcon.colcon_core.shell:Creating package script '/home/vfran/billeagle_ws/bill_ws/install/bill_slam/share/bill_slam/package.bash'
[0.702s] INFO:colcon.colcon_core.shell:Creating package script '/home/vfran/billeagle_ws/bill_ws/install/bill_slam/share/bill_slam/package.zsh'
[0.702s] Level 1:colcon.colcon_core.environment:create_file_with_runtime_dependencies(/home/vfran/billeagle_ws/bill_ws/install/bill_slam/share/colcon-core/packages/bill_slam)
[0.702s] DEBUG:colcon.colcon_parallel_executor.executor.parallel:closing loop
[0.703s] DEBUG:colcon.colcon_parallel_executor.executor.parallel:loop closed
[0.703s] DEBUG:colcon.colcon_parallel_executor.executor.parallel:run_until_complete finished with '0'
[0.703s] DEBUG:colcon.colcon_core.event_reactor:joining thread
[0.711s] INFO:colcon.colcon_core.plugin_system:Skipping extension 'colcon_notification.desktop_notification.terminal_notifier': Not used on non-Darwin systems
[0.711s] INFO:colcon.colcon_core.plugin_system:Skipping extension 'colcon_notification.desktop_notification.win32': Not used on non-Windows systems
[0.711s] INFO:colcon.colcon_notification.desktop_notification:Sending desktop notification using 'notify2'
[0.729s] DEBUG:colcon.colcon_core.event_reactor:joined thread
[0.729s] INFO:colcon.colcon_core.shell:Creating prefix script '/home/vfran/billeagle_ws/bill_ws/install/local_setup.ps1'
[0.731s] INFO:colcon.colcon_core.shell:Creating prefix util module '/home/vfran/billeagle_ws/bill_ws/install/_local_setup_util_ps1.py'
[0.733s] INFO:colcon.colcon_core.shell:Creating prefix chain script '/home/vfran/billeagle_ws/bill_ws/install/setup.ps1'
[0.736s] INFO:colcon.colcon_core.shell:Creating prefix script '/home/vfran/billeagle_ws/bill_ws/install/local_setup.sh'
[0.738s] INFO:colcon.colcon_core.shell:Creating prefix util module '/home/vfran/billeagle_ws/bill_ws/install/_local_setup_util_sh.py'
[0.739s] INFO:colcon.colcon_core.shell:Creating prefix chain script '/home/vfran/billeagle_ws/bill_ws/install/setup.sh'
[0.741s] INFO:colcon.colcon_core.shell:Creating prefix script '/home/vfran/billeagle_ws/bill_ws/install/local_setup.bash'
[0.743s] INFO:colcon.colcon_core.shell:Creating prefix chain script '/home/vfran/billeagle_ws/bill_ws/install/setup.bash'
[0.745s] INFO:colcon.colcon_core.shell:Creating prefix script '/home/vfran/billeagle_ws/bill_ws/install/local_setup.zsh'
[0.747s] INFO:colcon.colcon_core.shell:Creating prefix chain script '/home/vfran/billeagle_ws/bill_ws/install/setup.zsh'
