[0.016s] Invoking command in '/home/vfran/billeagle_ws/bill_ws/build/bill': CMAKE_PREFIX_PATH=${CMAKE_PREFIX_PATH}:/opt/ros/humble /usr/local/bin/cmake /home/vfran/billeagle_ws/bill_ws/src/bill -DCMAKE_INSTALL_PREFIX=/home/vfran/billeagle_ws/bill_ws/install/bill
[0.093s] -- The C compiler identification is GNU 11.4.0
[0.181s] -- The CXX compiler identification is GNU 11.4.0
[0.191s] -- Detecting C compiler ABI info
[0.288s] -- Detecting C compiler ABI info - done
[0.298s] -- Check for working C compiler: /usr/bin/cc - skipped
[0.298s] -- Detecting C compile features
[0.299s] -- Detecting C compile features - done
[0.303s] -- Detecting CXX compiler ABI info
[0.410s] -- Detecting CXX compiler ABI info - done
[0.422s] -- Check for working CXX compiler: /usr/bin/c++ - skipped
[0.423s] -- Detecting CXX compile features
[0.423s] -- Detecting CXX compile features - done
[0.427s] -- Found ament_cmake: 1.3.11 (/opt/ros/humble/share/ament_cmake/cmake)
[0.583s] -- Found Python3: /usr/bin/python3 (found version "3.10.12") found components: Interpreter 
[0.708s] -- Found ament_lint_auto: 0.12.11 (/opt/ros/humble/share/ament_lint_auto/cmake)
[0.820s] -- Added test 'flake8' to check Python code syntax and style conventions
[0.821s] -- Added test 'lint_cmake' to check CMake code style
[0.822s] -- Added test 'pep257' to check Python code against some of the docstring style conventions in PEP 257
[0.825s] -- Added test 'xmllint' to check XML markup files
[0.827s] -- Configuring done
[0.832s] -- Generating done
[0.835s] -- Build files have been written to: /home/vfran/billeagle_ws/bill_ws/build/bill
[0.846s] Invoked command in '/home/vfran/billeagle_ws/bill_ws/build/bill' returned '0': CMAKE_PREFIX_PATH=${CMAKE_PREFIX_PATH}:/opt/ros/humble /usr/local/bin/cmake /home/vfran/billeagle_ws/bill_ws/src/bill -DCMAKE_INSTALL_PREFIX=/home/vfran/billeagle_ws/bill_ws/install/bill
[0.846s] Invoking command in '/home/vfran/billeagle_ws/bill_ws/build/bill': CMAKE_PREFIX_PATH=${CMAKE_PREFIX_PATH}:/opt/ros/humble /usr/local/bin/cmake --build /home/vfran/billeagle_ws/bill_ws/build/bill -- -j16 -l16
[0.881s] Invoked command in '/home/vfran/billeagle_ws/bill_ws/build/bill' returned '0': CMAKE_PREFIX_PATH=${CMAKE_PREFIX_PATH}:/opt/ros/humble /usr/local/bin/cmake --build /home/vfran/billeagle_ws/bill_ws/build/bill -- -j16 -l16
[0.891s] Invoking command in '/home/vfran/billeagle_ws/bill_ws/build/bill': CMAKE_PREFIX_PATH=${CMAKE_PREFIX_PATH}:/opt/ros/humble /usr/local/bin/cmake --install /home/vfran/billeagle_ws/bill_ws/build/bill
[0.896s] -- Install configuration: ""
[0.897s] -- Installing: /home/vfran/billeagle_ws/bill_ws/install/bill/share/bill/config
[0.897s] -- Installing: /home/vfran/billeagle_ws/bill_ws/install/bill/share/bill/config/diff_drive_controller.yaml
[0.897s] -- Installing: /home/vfran/billeagle_ws/bill_ws/install/bill/share/bill/config/twist_mux_params.yaml
[0.897s] -- Installing: /home/vfran/billeagle_ws/bill_ws/install/bill/share/bill/config/gazebo_params.yaml
[0.897s] -- Installing: /home/vfran/billeagle_ws/bill_ws/install/bill/share/bill/config/nav_params.yaml
[0.897s] -- Installing: /home/vfran/billeagle_ws/bill_ws/install/bill/share/bill/config/slam_params.yaml
[0.897s] -- Installing: /home/vfran/billeagle_ws/bill_ws/install/bill/share/bill/config/mecanum_drive_params.yaml
[0.898s] -- Installing: /home/vfran/billeagle_ws/bill_ws/install/bill/share/bill/config/ekf.yaml
[0.898s] -- Installing: /home/vfran/billeagle_ws/bill_ws/install/bill/share/bill/description
[0.898s] -- Installing: /home/vfran/billeagle_ws/bill_ws/install/bill/share/bill/description/common.xacro
[0.898s] -- Installing: /home/vfran/billeagle_ws/bill_ws/install/bill/share/bill/description/gazebo_control.xacro
[0.898s] -- Installing: /home/vfran/billeagle_ws/bill_ws/install/bill/share/bill/description/ros2_control.xacro
[0.899s] -- Installing: /home/vfran/billeagle_ws/bill_ws/install/bill/share/bill/description/robot.urdf.xacro
[0.899s] -- Installing: /home/vfran/billeagle_ws/bill_ws/install/bill/share/bill/description/lidar.xacro
[0.899s] -- Installing: /home/vfran/billeagle_ws/bill_ws/install/bill/share/bill/description/robot_core.xacro
[0.899s] -- Installing: /home/vfran/billeagle_ws/bill_ws/install/bill/share/bill/launch
[0.899s] -- Installing: /home/vfran/billeagle_ws/bill_ws/install/bill/share/bill/launch/robot.launch.py
[0.899s] -- Installing: /home/vfran/billeagle_ws/bill_ws/install/bill/share/bill/launch/sim.launch.py
[0.899s] -- Installing: /home/vfran/billeagle_ws/bill_ws/install/bill/share/bill/launch/rsp.launch.py
[0.900s] -- Installing: /home/vfran/billeagle_ws/bill_ws/install/bill/share/bill/launch/slam.launch.py
[0.900s] -- Installing: /home/vfran/billeagle_ws/bill_ws/install/bill/share/bill/launch/nav.launch.py
[0.900s] -- Installing: /home/vfran/billeagle_ws/bill_ws/install/bill/share/bill/launch/lidar.launch.py
[0.900s] -- Installing: /home/vfran/billeagle_ws/bill_ws/install/bill/share/bill/worlds
[0.901s] -- Installing: /home/vfran/billeagle_ws/bill_ws/install/bill/share/bill/worlds/test.world
[0.901s] -- Installing: /home/vfran/billeagle_ws/bill_ws/install/bill/share/bill/worlds/empty.world
[0.901s] -- Installing: /home/vfran/billeagle_ws/bill_ws/install/bill/share/bill/rviz
[0.901s] -- Installing: /home/vfran/billeagle_ws/bill_ws/install/bill/share/bill/rviz/bot.rviz
[0.901s] -- Installing: /home/vfran/billeagle_ws/bill_ws/install/bill/share/ament_index/resource_index/package_run_dependencies/bill
[0.902s] -- Installing: /home/vfran/billeagle_ws/bill_ws/install/bill/share/ament_index/resource_index/parent_prefix_path/bill
[0.902s] -- Installing: /home/vfran/billeagle_ws/bill_ws/install/bill/share/bill/environment/ament_prefix_path.sh
[0.902s] -- Installing: /home/vfran/billeagle_ws/bill_ws/install/bill/share/bill/environment/ament_prefix_path.dsv
[0.902s] -- Installing: /home/vfran/billeagle_ws/bill_ws/install/bill/share/bill/environment/path.sh
[0.903s] -- Installing: /home/vfran/billeagle_ws/bill_ws/install/bill/share/bill/environment/path.dsv
[0.903s] -- Installing: /home/vfran/billeagle_ws/bill_ws/install/bill/share/bill/local_setup.bash
[0.903s] -- Installing: /home/vfran/billeagle_ws/bill_ws/install/bill/share/bill/local_setup.sh
[0.903s] -- Installing: /home/vfran/billeagle_ws/bill_ws/install/bill/share/bill/local_setup.zsh
[0.904s] -- Installing: /home/vfran/billeagle_ws/bill_ws/install/bill/share/bill/local_setup.dsv
[0.904s] -- Installing: /home/vfran/billeagle_ws/bill_ws/install/bill/share/bill/package.dsv
[0.904s] -- Installing: /home/vfran/billeagle_ws/bill_ws/install/bill/share/ament_index/resource_index/packages/bill
[0.904s] -- Installing: /home/vfran/billeagle_ws/bill_ws/install/bill/share/bill/cmake/billConfig.cmake
[0.904s] -- Installing: /home/vfran/billeagle_ws/bill_ws/install/bill/share/bill/cmake/billConfig-version.cmake
[0.905s] -- Installing: /home/vfran/billeagle_ws/bill_ws/install/bill/share/bill/package.xml
[0.908s] Invoked command in '/home/vfran/billeagle_ws/bill_ws/build/bill' returned '0': CMAKE_PREFIX_PATH=${CMAKE_PREFIX_PATH}:/opt/ros/humble /usr/local/bin/cmake --install /home/vfran/billeagle_ws/bill_ws/build/bill
