-- Install configuration: ""
-- Up-to-date: /home/vfran/billeagle_ws/bill_ws/install/bill/share/bill/config
-- Installing: /home/vfran/billeagle_ws/bill_ws/install/bill/share/bill/config/diff_drive_controller.yaml
-- Up-to-date: /home/vfran/billeagle_ws/bill_ws/install/bill/share/bill/config/twist_mux_params.yaml
-- Up-to-date: /home/vfran/billeagle_ws/bill_ws/install/bill/share/bill/config/gazebo_params.yaml
-- Installing: /home/vfran/billeagle_ws/bill_ws/install/bill/share/bill/config/nav_params.yaml
-- Installing: /home/vfran/billeagle_ws/bill_ws/install/bill/share/bill/config/slam_params.yaml
-- Installing: /home/vfran/billeagle_ws/bill_ws/install/bill/share/bill/config/mecanum_drive_params.yaml
-- Installing: /home/vfran/billeagle_ws/bill_ws/install/bill/share/bill/config/ekf.yaml
-- Up-to-date: /home/vfran/billeagle_ws/bill_ws/install/bill/share/bill/description
-- Up-to-date: /home/vfran/billeagle_ws/bill_ws/install/bill/share/bill/description/common.xacro
-- Installing: /home/vfran/billeagle_ws/bill_ws/install/bill/share/bill/description/gazebo_control.xacro
-- Up-to-date: /home/vfran/billeagle_ws/bill_ws/install/bill/share/bill/description/ros2_control.xacro
-- Up-to-date: /home/vfran/billeagle_ws/bill_ws/install/bill/share/bill/description/robot.urdf.xacro
-- Up-to-date: /home/vfran/billeagle_ws/bill_ws/install/bill/share/bill/description/lidar.xacro
-- Up-to-date: /home/vfran/billeagle_ws/bill_ws/install/bill/share/bill/description/robot_core.xacro
-- Up-to-date: /home/vfran/billeagle_ws/bill_ws/install/bill/share/bill/launch
-- Installing: /home/vfran/billeagle_ws/bill_ws/install/bill/share/bill/launch/robot.launch.py
-- Up-to-date: /home/vfran/billeagle_ws/bill_ws/install/bill/share/bill/launch/sim.launch.py
-- Up-to-date: /home/vfran/billeagle_ws/bill_ws/install/bill/share/bill/launch/rsp.launch.py
-- Up-to-date: /home/vfran/billeagle_ws/bill_ws/install/bill/share/bill/launch/slam.launch.py
-- Up-to-date: /home/vfran/billeagle_ws/bill_ws/install/bill/share/bill/launch/nav.launch.py
-- Up-to-date: /home/vfran/billeagle_ws/bill_ws/install/bill/share/bill/launch/lidar.launch.py
-- Up-to-date: /home/vfran/billeagle_ws/bill_ws/install/bill/share/bill/worlds
-- Up-to-date: /home/vfran/billeagle_ws/bill_ws/install/bill/share/bill/worlds/test.world
-- Up-to-date: /home/vfran/billeagle_ws/bill_ws/install/bill/share/bill/worlds/empty.world
-- Up-to-date: /home/vfran/billeagle_ws/bill_ws/install/bill/share/bill/rviz
-- Installing: /home/vfran/billeagle_ws/bill_ws/install/bill/share/bill/rviz/bot.rviz
-- Up-to-date: /home/vfran/billeagle_ws/bill_ws/install/bill/share/ament_index/resource_index/package_run_dependencies/bill
-- Up-to-date: /home/vfran/billeagle_ws/bill_ws/install/bill/share/ament_index/resource_index/parent_prefix_path/bill
-- Up-to-date: /home/vfran/billeagle_ws/bill_ws/install/bill/share/bill/environment/ament_prefix_path.sh
-- Up-to-date: /home/vfran/billeagle_ws/bill_ws/install/bill/share/bill/environment/ament_prefix_path.dsv
-- Up-to-date: /home/vfran/billeagle_ws/bill_ws/install/bill/share/bill/environment/path.sh
-- Up-to-date: /home/vfran/billeagle_ws/bill_ws/install/bill/share/bill/environment/path.dsv
-- Up-to-date: /home/vfran/billeagle_ws/bill_ws/install/bill/share/bill/local_setup.bash
-- Up-to-date: /home/vfran/billeagle_ws/bill_ws/install/bill/share/bill/local_setup.sh
-- Up-to-date: /home/vfran/billeagle_ws/bill_ws/install/bill/share/bill/local_setup.zsh
-- Up-to-date: /home/vfran/billeagle_ws/bill_ws/install/bill/share/bill/local_setup.dsv
-- Installing: /home/vfran/billeagle_ws/bill_ws/install/bill/share/bill/package.dsv
-- Up-to-date: /home/vfran/billeagle_ws/bill_ws/install/bill/share/ament_index/resource_index/packages/bill
-- Up-to-date: /home/vfran/billeagle_ws/bill_ws/install/bill/share/bill/cmake/billConfig.cmake
-- Up-to-date: /home/vfran/billeagle_ws/bill_ws/install/bill/share/bill/cmake/billConfig-version.cmake
-- Up-to-date: /home/vfran/billeagle_ws/bill_ws/install/bill/share/bill/package.xml
