[0.021s] Invoking command in '/home/vfran/billeagle_ws/lslidar_ws/build/lslidar_driver': CMAKE_PREFIX_PATH=/home/vfran/billeagle_ws/lslidar_ws/install/lslidar_msgs:/home/vfran/billeagle_ws/lslidar_ws/install/lslidar_driver:/home/vfran/billeagle_ws/microros_ws/install/micro_ros_setup:/home/vfran/billeagle_ws/microros_ws/install/micro_ros_agent:/home/vfran/billeagle_ws/microros_ws/install/micro_ros_msgs:/opt/ros/humble /usr/local/bin/cmake --build /home/vfran/billeagle_ws/lslidar_ws/build/lslidar_driver -- -j16 -l16
[0.115s] [100%] Built target lslidar_driver_node
[0.126s] Invoked command in '/home/vfran/billeagle_ws/lslidar_ws/build/lslidar_driver' returned '0': CMAKE_PREFIX_PATH=/home/vfran/billeagle_ws/lslidar_ws/install/lslidar_msgs:/home/vfran/billeagle_ws/lslidar_ws/install/lslidar_driver:/home/vfran/billeagle_ws/microros_ws/install/micro_ros_setup:/home/vfran/billeagle_ws/microros_ws/install/micro_ros_agent:/home/vfran/billeagle_ws/microros_ws/install/micro_ros_msgs:/opt/ros/humble /usr/local/bin/cmake --build /home/vfran/billeagle_ws/lslidar_ws/build/lslidar_driver -- -j16 -l16
[0.130s] Invoking command in '/home/vfran/billeagle_ws/lslidar_ws/build/lslidar_driver': CMAKE_PREFIX_PATH=/home/vfran/billeagle_ws/lslidar_ws/install/lslidar_msgs:/home/vfran/billeagle_ws/lslidar_ws/install/lslidar_driver:/home/vfran/billeagle_ws/microros_ws/install/micro_ros_setup:/home/vfran/billeagle_ws/microros_ws/install/micro_ros_agent:/home/vfran/billeagle_ws/microros_ws/install/micro_ros_msgs:/opt/ros/humble /usr/local/bin/cmake --install /home/vfran/billeagle_ws/lslidar_ws/build/lslidar_driver
[0.135s] -- Install configuration: ""
[0.135s] -- Up-to-date: /home/vfran/billeagle_ws/lslidar_ws/install/lslidar_driver/share/lslidar_driver/launch
[0.135s] -- Up-to-date: /home/vfran/billeagle_ws/lslidar_ws/install/lslidar_driver/share/lslidar_driver/launch/lslidar_launch.py
[0.135s] -- Up-to-date: /home/vfran/billeagle_ws/lslidar_ws/install/lslidar_driver/share/lslidar_driver/params
[0.135s] -- Installing: /home/vfran/billeagle_ws/lslidar_ws/install/lslidar_driver/share/lslidar_driver/params/lsx10.yaml
[0.135s] -- Up-to-date: /home/vfran/billeagle_ws/lslidar_ws/install/lslidar_driver/share/lslidar_driver/params/lsx10_1.yaml
[0.136s] -- Up-to-date: /home/vfran/billeagle_ws/lslidar_ws/install/lslidar_driver/share/lslidar_driver/params/lsx10_2.yaml
[0.136s] -- Up-to-date: /home/vfran/billeagle_ws/lslidar_ws/install/lslidar_driver/share/lslidar_driver/rviz
[0.136s] -- Up-to-date: /home/vfran/billeagle_ws/lslidar_ws/install/lslidar_driver/share/lslidar_driver/rviz/lslidar.rviz
[0.136s] -- Up-to-date: /home/vfran/billeagle_ws/lslidar_ws/install/lslidar_driver/lib/lslidar_driver/lslidar_driver_node
[0.136s] -- Up-to-date: /home/vfran/billeagle_ws/lslidar_ws/install/lslidar_driver/share/ament_index/resource_index/package_run_dependencies/lslidar_driver
[0.136s] -- Up-to-date: /home/vfran/billeagle_ws/lslidar_ws/install/lslidar_driver/share/ament_index/resource_index/parent_prefix_path/lslidar_driver
[0.136s] -- Up-to-date: /home/vfran/billeagle_ws/lslidar_ws/install/lslidar_driver/share/lslidar_driver/environment/ament_prefix_path.sh
[0.136s] -- Up-to-date: /home/vfran/billeagle_ws/lslidar_ws/install/lslidar_driver/share/lslidar_driver/environment/ament_prefix_path.dsv
[0.137s] -- Up-to-date: /home/vfran/billeagle_ws/lslidar_ws/install/lslidar_driver/share/lslidar_driver/environment/path.sh
[0.137s] -- Up-to-date: /home/vfran/billeagle_ws/lslidar_ws/install/lslidar_driver/share/lslidar_driver/environment/path.dsv
[0.137s] -- Up-to-date: /home/vfran/billeagle_ws/lslidar_ws/install/lslidar_driver/share/lslidar_driver/local_setup.bash
[0.137s] -- Up-to-date: /home/vfran/billeagle_ws/lslidar_ws/install/lslidar_driver/share/lslidar_driver/local_setup.sh
[0.137s] -- Up-to-date: /home/vfran/billeagle_ws/lslidar_ws/install/lslidar_driver/share/lslidar_driver/local_setup.zsh
[0.137s] -- Up-to-date: /home/vfran/billeagle_ws/lslidar_ws/install/lslidar_driver/share/lslidar_driver/local_setup.dsv
[0.137s] -- Installing: /home/vfran/billeagle_ws/lslidar_ws/install/lslidar_driver/share/lslidar_driver/package.dsv
[0.137s] -- Up-to-date: /home/vfran/billeagle_ws/lslidar_ws/install/lslidar_driver/share/ament_index/resource_index/packages/lslidar_driver
[0.137s] -- Up-to-date: /home/vfran/billeagle_ws/lslidar_ws/install/lslidar_driver/share/lslidar_driver/cmake/ament_cmake_export_dependencies-extras.cmake
[0.137s] -- Up-to-date: /home/vfran/billeagle_ws/lslidar_ws/install/lslidar_driver/share/lslidar_driver/cmake/ament_cmake_export_include_directories-extras.cmake
[0.138s] -- Up-to-date: /home/vfran/billeagle_ws/lslidar_ws/install/lslidar_driver/share/lslidar_driver/cmake/lslidar_driverConfig.cmake
[0.138s] -- Up-to-date: /home/vfran/billeagle_ws/lslidar_ws/install/lslidar_driver/share/lslidar_driver/cmake/lslidar_driverConfig-version.cmake
[0.138s] -- Up-to-date: /home/vfran/billeagle_ws/lslidar_ws/install/lslidar_driver/share/lslidar_driver/package.xml
[0.141s] Invoked command in '/home/vfran/billeagle_ws/lslidar_ws/build/lslidar_driver' returned '0': CMAKE_PREFIX_PATH=/home/vfran/billeagle_ws/lslidar_ws/install/lslidar_msgs:/home/vfran/billeagle_ws/lslidar_ws/install/lslidar_driver:/home/vfran/billeagle_ws/microros_ws/install/micro_ros_setup:/home/vfran/billeagle_ws/microros_ws/install/micro_ros_agent:/home/vfran/billeagle_ws/microros_ws/install/micro_ros_msgs:/opt/ros/humble /usr/local/bin/cmake --install /home/vfran/billeagle_ws/lslidar_ws/build/lslidar_driver
