[0.016s] Invoking command in '/home/vfran/billeagle_ws/bill_ws/build/bill': CMAKE_PREFIX_PATH=${CMAKE_PREFIX_PATH}:/opt/ros/humble /usr/local/bin/cmake /home/vfran/billeagle_ws/bill_ws/src/bill -DCMAKE_INSTALL_PREFIX=/home/vfran/billeagle_ws/bill_ws/install/bill
[0.203s] -- The C compiler identification is GNU 11.4.0
[0.458s] -- The CXX compiler identification is GNU 11.4.0
[0.472s] -- Detecting C compiler ABI info
[0.559s] -- Detecting C compiler ABI info - done
[0.570s] -- Check for working C compiler: /usr/bin/cc - skipped
[0.570s] -- Detecting C compile features
[0.571s] -- Detecting C compile features - done
[0.575s] -- Detecting CXX compiler ABI info
[0.674s] -- Detecting CXX compiler ABI info - done
[0.684s] -- Check for working CXX compiler: /usr/bin/c++ - skipped
[0.685s] -- Detecting CXX compile features
[0.685s] -- Detecting CXX compile features - done
[0.691s] -- Found ament_cmake: 1.3.11 (/opt/ros/humble/share/ament_cmake/cmake)
[0.845s] -- Found Python3: /usr/bin/python3 (found version "3.10.12") found components: Interpreter 
[0.973s] -- Found ament_lint_auto: 0.12.11 (/opt/ros/humble/share/ament_lint_auto/cmake)
[1.080s] -- Added test 'flake8' to check Python code syntax and style conventions
[1.081s] -- Added test 'lint_cmake' to check CMake code style
[1.082s] -- Added test 'pep257' to check Python code against some of the docstring style conventions in PEP 257
[1.085s] -- Added test 'xmllint' to check XML markup files
[1.087s] -- Configuring done
[1.091s] -- Generating done
[1.093s] -- Build files have been written to: /home/vfran/billeagle_ws/bill_ws/build/bill
[1.098s] Invoked command in '/home/vfran/billeagle_ws/bill_ws/build/bill' returned '0': CMAKE_PREFIX_PATH=${CMAKE_PREFIX_PATH}:/opt/ros/humble /usr/local/bin/cmake /home/vfran/billeagle_ws/bill_ws/src/bill -DCMAKE_INSTALL_PREFIX=/home/vfran/billeagle_ws/bill_ws/install/bill
[1.101s] Invoking command in '/home/vfran/billeagle_ws/bill_ws/build/bill': CMAKE_PREFIX_PATH=${CMAKE_PREFIX_PATH}:/opt/ros/humble /usr/local/bin/cmake --build /home/vfran/billeagle_ws/bill_ws/build/bill -- -j16 -l16
[1.131s] Invoked command in '/home/vfran/billeagle_ws/bill_ws/build/bill' returned '0': CMAKE_PREFIX_PATH=${CMAKE_PREFIX_PATH}:/opt/ros/humble /usr/local/bin/cmake --build /home/vfran/billeagle_ws/bill_ws/build/bill -- -j16 -l16
[1.141s] Invoking command in '/home/vfran/billeagle_ws/bill_ws/build/bill': CMAKE_PREFIX_PATH=${CMAKE_PREFIX_PATH}:/opt/ros/humble /usr/local/bin/cmake --install /home/vfran/billeagle_ws/bill_ws/build/bill
[1.147s] -- Install configuration: ""
[1.147s] -- Installing: /home/vfran/billeagle_ws/bill_ws/install/bill/share/bill/config
[1.147s] -- Installing: /home/vfran/billeagle_ws/bill_ws/install/bill/share/bill/config/diff_drive_controller.yaml
[1.147s] -- Installing: /home/vfran/billeagle_ws/bill_ws/install/bill/share/bill/config/twist_mux_params.yaml
[1.147s] -- Installing: /home/vfran/billeagle_ws/bill_ws/install/bill/share/bill/config/gazebo_params.yaml
[1.147s] -- Installing: /home/vfran/billeagle_ws/bill_ws/install/bill/share/bill/config/nav_params.yaml
[1.147s] -- Installing: /home/vfran/billeagle_ws/bill_ws/install/bill/share/bill/config/slam_params.yaml
[1.148s] -- Installing: /home/vfran/billeagle_ws/bill_ws/install/bill/share/bill/config/mecanum_drive_params.yaml
[1.148s] -- Installing: /home/vfran/billeagle_ws/bill_ws/install/bill/share/bill/config/ekf.yaml
[1.148s] -- Installing: /home/vfran/billeagle_ws/bill_ws/install/bill/share/bill/description
[1.148s] -- Installing: /home/vfran/billeagle_ws/bill_ws/install/bill/share/bill/description/common.xacro
[1.148s] -- Installing: /home/vfran/billeagle_ws/bill_ws/install/bill/share/bill/description/gazebo_control.xacro
[1.148s] -- Installing: /home/vfran/billeagle_ws/bill_ws/install/bill/share/bill/description/ros2_control.xacro
[1.149s] -- Installing: /home/vfran/billeagle_ws/bill_ws/install/bill/share/bill/description/robot.urdf.xacro
[1.149s] -- Installing: /home/vfran/billeagle_ws/bill_ws/install/bill/share/bill/description/lidar.xacro
[1.149s] -- Installing: /home/vfran/billeagle_ws/bill_ws/install/bill/share/bill/description/robot_core.xacro
[1.149s] -- Installing: /home/vfran/billeagle_ws/bill_ws/install/bill/share/bill/launch
[1.149s] -- Installing: /home/vfran/billeagle_ws/bill_ws/install/bill/share/bill/launch/robot.launch.py
[1.150s] -- Installing: /home/vfran/billeagle_ws/bill_ws/install/bill/share/bill/launch/sim.launch.py
[1.150s] -- Installing: /home/vfran/billeagle_ws/bill_ws/install/bill/share/bill/launch/rsp.launch.py
[1.150s] -- Installing: /home/vfran/billeagle_ws/bill_ws/install/bill/share/bill/launch/slam.launch.py
[1.150s] -- Installing: /home/vfran/billeagle_ws/bill_ws/install/bill/share/bill/launch/nav.launch.py
[1.150s] -- Installing: /home/vfran/billeagle_ws/bill_ws/install/bill/share/bill/launch/lidar.launch.py
[1.150s] -- Installing: /home/vfran/billeagle_ws/bill_ws/install/bill/share/bill/worlds
[1.151s] -- Installing: /home/vfran/billeagle_ws/bill_ws/install/bill/share/bill/worlds/test.world
[1.151s] -- Installing: /home/vfran/billeagle_ws/bill_ws/install/bill/share/bill/worlds/empty.world
[1.151s] -- Installing: /home/vfran/billeagle_ws/bill_ws/install/bill/share/bill/rviz
[1.151s] -- Installing: /home/vfran/billeagle_ws/bill_ws/install/bill/share/bill/rviz/bot.rviz
[1.151s] -- Installing: /home/vfran/billeagle_ws/bill_ws/install/bill/share/ament_index/resource_index/package_run_dependencies/bill
[1.152s] -- Installing: /home/vfran/billeagle_ws/bill_ws/install/bill/share/ament_index/resource_index/parent_prefix_path/bill
[1.152s] -- Installing: /home/vfran/billeagle_ws/bill_ws/install/bill/share/bill/environment/ament_prefix_path.sh
[1.152s] -- Installing: /home/vfran/billeagle_ws/bill_ws/install/bill/share/bill/environment/ament_prefix_path.dsv
[1.152s] -- Installing: /home/vfran/billeagle_ws/bill_ws/install/bill/share/bill/environment/path.sh
[1.153s] -- Installing: /home/vfran/billeagle_ws/bill_ws/install/bill/share/bill/environment/path.dsv
[1.153s] -- Installing: /home/vfran/billeagle_ws/bill_ws/install/bill/share/bill/local_setup.bash
[1.153s] -- Installing: /home/vfran/billeagle_ws/bill_ws/install/bill/share/bill/local_setup.sh
[1.153s] -- Installing: /home/vfran/billeagle_ws/bill_ws/install/bill/share/bill/local_setup.zsh
[1.154s] -- Installing: /home/vfran/billeagle_ws/bill_ws/install/bill/share/bill/local_setup.dsv
[1.154s] -- Installing: /home/vfran/billeagle_ws/bill_ws/install/bill/share/bill/package.dsv
[1.154s] -- Installing: /home/vfran/billeagle_ws/bill_ws/install/bill/share/ament_index/resource_index/packages/bill
[1.154s] -- Installing: /home/vfran/billeagle_ws/bill_ws/install/bill/share/bill/cmake/billConfig.cmake
[1.154s] -- Installing: /home/vfran/billeagle_ws/bill_ws/install/bill/share/bill/cmake/billConfig-version.cmake
[1.155s] -- Installing: /home/vfran/billeagle_ws/bill_ws/install/bill/share/bill/package.xml
[1.158s] Invoked command in '/home/vfran/billeagle_ws/bill_ws/build/bill' returned '0': CMAKE_PREFIX_PATH=${CMAKE_PREFIX_PATH}:/opt/ros/humble /usr/local/bin/cmake --install /home/vfran/billeagle_ws/bill_ws/build/bill
