[0.085s] DEBUG:colcon:Command line arguments: ['/usr/bin/colcon', 'build', '--symlink-install']
[0.085s] DEBUG:colcon:Parsed command line arguments: Namespace(log_base=None, log_level=None, verb_name='build', build_base='build', install_base='install', merge_install=False, symlink_install=True, test_result_base=None, continue_on_error=False, executor='parallel', parallel_workers=16, event_handlers=None, ignore_user_meta=False, metas=['./colcon.meta'], base_paths=['.'], packages_ignore=None, packages_ignore_regex=None, paths=None, packages_up_to=None, packages_up_to_regex=None, packages_above=None, packages_above_and_dependencies=None, packages_above_depth=None, packages_select_by_dep=None, packages_skip_by_dep=None, packages_skip_up_to=None, packages_select_build_failed=False, packages_skip_build_finished=False, packages_select_test_failures=False, packages_skip_test_passed=False, packages_select=None, packages_skip=None, packages_select_regex=None, packages_skip_regex=None, packages_start=None, packages_end=None, allow_overriding=[], cmake_args=None, cmake_target=None, cmake_target_skip_unavailable=False, cmake_clean_cache=False, cmake_clean_first=False, cmake_force_configure=False, ament_cmake_args=None, catkin_cmake_args=None, catkin_skip_building_tests=False, verb_parser=<colcon_defaults.argument_parser.defaults.DefaultArgumentsDecorator object at 0x7516d852dc00>, verb_extension=<colcon_core.verb.build.BuildVerb object at 0x7516d852d600>, main=<bound method BuildVerb.main of <colcon_core.verb.build.BuildVerb object at 0x7516d852d600>>)
[0.229s] Level 1:colcon.colcon_core.package_discovery:discover_packages(colcon_meta) check parameters
[0.229s] Level 1:colcon.colcon_core.package_discovery:discover_packages(recursive) check parameters
[0.229s] Level 1:colcon.colcon_core.package_discovery:discover_packages(ignore) check parameters
[0.229s] Level 1:colcon.colcon_core.package_discovery:discover_packages(path) check parameters
[0.229s] Level 1:colcon.colcon_core.package_discovery:discover_packages(colcon_meta) discover
[0.229s] Level 1:colcon.colcon_core.package_discovery:discover_packages(recursive) discover
[0.229s] INFO:colcon.colcon_core.package_discovery:Crawling recursively for packages in '/home/vfran/billeagle_ws/bill_ws'
[0.229s] Level 1:colcon.colcon_core.package_identification:_identify(.) by extensions ['ignore', 'ignore_ament_install']
[0.229s] Level 1:colcon.colcon_core.package_identification:_identify(.) by extension 'ignore'
[0.229s] Level 1:colcon.colcon_core.package_identification:_identify(.) by extension 'ignore_ament_install'
[0.229s] Level 1:colcon.colcon_core.package_identification:_identify(.) by extensions ['colcon_pkg']
[0.229s] Level 1:colcon.colcon_core.package_identification:_identify(.) by extension 'colcon_pkg'
[0.229s] Level 1:colcon.colcon_core.package_identification:_identify(.) by extensions ['colcon_meta']
[0.229s] Level 1:colcon.colcon_core.package_identification:_identify(.) by extension 'colcon_meta'
[0.229s] Level 1:colcon.colcon_core.package_identification:_identify(.) by extensions ['ros']
[0.229s] Level 1:colcon.colcon_core.package_identification:_identify(.) by extension 'ros'
[0.238s] Level 1:colcon.colcon_core.package_identification:_identify(.) by extensions ['cmake', 'python']
[0.238s] Level 1:colcon.colcon_core.package_identification:_identify(.) by extension 'cmake'
[0.238s] Level 1:colcon.colcon_core.package_identification:_identify(.) by extension 'python'
[0.238s] Level 1:colcon.colcon_core.package_identification:_identify(.) by extensions ['python_setup_py']
[0.238s] Level 1:colcon.colcon_core.package_identification:_identify(.) by extension 'python_setup_py'
[0.238s] Level 1:colcon.colcon_core.package_identification:_identify(build) by extensions ['ignore', 'ignore_ament_install']
[0.238s] Level 1:colcon.colcon_core.package_identification:_identify(build) by extension 'ignore'
[0.238s] Level 1:colcon.colcon_core.package_identification:_identify(build) ignored
[0.238s] Level 1:colcon.colcon_core.package_identification:_identify(install) by extensions ['ignore', 'ignore_ament_install']
[0.238s] Level 1:colcon.colcon_core.package_identification:_identify(install) by extension 'ignore'
[0.238s] Level 1:colcon.colcon_core.package_identification:_identify(install) ignored
[0.238s] Level 1:colcon.colcon_core.package_identification:_identify(log) by extensions ['ignore', 'ignore_ament_install']
[0.239s] Level 1:colcon.colcon_core.package_identification:_identify(log) by extension 'ignore'
[0.239s] Level 1:colcon.colcon_core.package_identification:_identify(log) ignored
[0.239s] Level 1:colcon.colcon_core.package_identification:_identify(src) by extensions ['ignore', 'ignore_ament_install']
[0.239s] Level 1:colcon.colcon_core.package_identification:_identify(src) by extension 'ignore'
[0.239s] Level 1:colcon.colcon_core.package_identification:_identify(src) by extension 'ignore_ament_install'
[0.239s] Level 1:colcon.colcon_core.package_identification:_identify(src) by extensions ['colcon_pkg']
[0.239s] Level 1:colcon.colcon_core.package_identification:_identify(src) by extension 'colcon_pkg'
[0.239s] Level 1:colcon.colcon_core.package_identification:_identify(src) by extensions ['colcon_meta']
[0.239s] Level 1:colcon.colcon_core.package_identification:_identify(src) by extension 'colcon_meta'
[0.239s] Level 1:colcon.colcon_core.package_identification:_identify(src) by extensions ['ros']
[0.239s] Level 1:colcon.colcon_core.package_identification:_identify(src) by extension 'ros'
[0.239s] Level 1:colcon.colcon_core.package_identification:_identify(src) by extensions ['cmake', 'python']
[0.239s] Level 1:colcon.colcon_core.package_identification:_identify(src) by extension 'cmake'
[0.239s] Level 1:colcon.colcon_core.package_identification:_identify(src) by extension 'python'
[0.239s] Level 1:colcon.colcon_core.package_identification:_identify(src) by extensions ['python_setup_py']
[0.239s] Level 1:colcon.colcon_core.package_identification:_identify(src) by extension 'python_setup_py'
[0.239s] Level 1:colcon.colcon_core.package_identification:_identify(src/bill) by extensions ['ignore', 'ignore_ament_install']
[0.239s] Level 1:colcon.colcon_core.package_identification:_identify(src/bill) by extension 'ignore'
[0.239s] Level 1:colcon.colcon_core.package_identification:_identify(src/bill) by extension 'ignore_ament_install'
[0.239s] Level 1:colcon.colcon_core.package_identification:_identify(src/bill) by extensions ['colcon_pkg']
[0.239s] Level 1:colcon.colcon_core.package_identification:_identify(src/bill) by extension 'colcon_pkg'
[0.239s] Level 1:colcon.colcon_core.package_identification:_identify(src/bill) by extensions ['colcon_meta']
[0.239s] Level 1:colcon.colcon_core.package_identification:_identify(src/bill) by extension 'colcon_meta'
[0.239s] Level 1:colcon.colcon_core.package_identification:_identify(src/bill) by extensions ['ros']
[0.239s] Level 1:colcon.colcon_core.package_identification:_identify(src/bill) by extension 'ros'
[0.241s] DEBUG:colcon.colcon_core.package_identification:Package 'src/bill' with type 'ros.ament_cmake' and name 'bill'
[0.242s] Level 1:colcon.colcon_core.package_identification:_identify(src/bill_description) by extensions ['ignore', 'ignore_ament_install']
[0.242s] Level 1:colcon.colcon_core.package_identification:_identify(src/bill_description) by extension 'ignore'
[0.242s] Level 1:colcon.colcon_core.package_identification:_identify(src/bill_description) by extension 'ignore_ament_install'
[0.242s] Level 1:colcon.colcon_core.package_identification:_identify(src/bill_description) by extensions ['colcon_pkg']
[0.242s] Level 1:colcon.colcon_core.package_identification:_identify(src/bill_description) by extension 'colcon_pkg'
[0.242s] Level 1:colcon.colcon_core.package_identification:_identify(src/bill_description) by extensions ['colcon_meta']
[0.242s] Level 1:colcon.colcon_core.package_identification:_identify(src/bill_description) by extension 'colcon_meta'
[0.242s] Level 1:colcon.colcon_core.package_identification:_identify(src/bill_description) by extensions ['ros']
[0.242s] Level 1:colcon.colcon_core.package_identification:_identify(src/bill_description) by extension 'ros'
[0.243s] DEBUG:colcon.colcon_core.package_identification:Package 'src/bill_description' with type 'ros.ament_cmake' and name 'bill_description'
[0.244s] Level 1:colcon.colcon_core.package_identification:_identify(src/bill_nav) by extensions ['ignore', 'ignore_ament_install']
[0.244s] Level 1:colcon.colcon_core.package_identification:_identify(src/bill_nav) by extension 'ignore'
[0.244s] Level 1:colcon.colcon_core.package_identification:_identify(src/bill_nav) by extension 'ignore_ament_install'
[0.244s] Level 1:colcon.colcon_core.package_identification:_identify(src/bill_nav) by extensions ['colcon_pkg']
[0.244s] Level 1:colcon.colcon_core.package_identification:_identify(src/bill_nav) by extension 'colcon_pkg'
[0.244s] Level 1:colcon.colcon_core.package_identification:_identify(src/bill_nav) by extensions ['colcon_meta']
[0.244s] Level 1:colcon.colcon_core.package_identification:_identify(src/bill_nav) by extension 'colcon_meta'
[0.244s] Level 1:colcon.colcon_core.package_identification:_identify(src/bill_nav) by extensions ['ros']
[0.244s] Level 1:colcon.colcon_core.package_identification:_identify(src/bill_nav) by extension 'ros'
[0.244s] DEBUG:colcon.colcon_core.package_identification:Package 'src/bill_nav' with type 'ros.ament_cmake' and name 'bill_nav'
[0.244s] Level 1:colcon.colcon_core.package_identification:_identify(src/bill_slam) by extensions ['ignore', 'ignore_ament_install']
[0.245s] Level 1:colcon.colcon_core.package_identification:_identify(src/bill_slam) by extension 'ignore'
[0.245s] Level 1:colcon.colcon_core.package_identification:_identify(src/bill_slam) by extension 'ignore_ament_install'
[0.245s] Level 1:colcon.colcon_core.package_identification:_identify(src/bill_slam) by extensions ['colcon_pkg']
[0.245s] Level 1:colcon.colcon_core.package_identification:_identify(src/bill_slam) by extension 'colcon_pkg'
[0.245s] Level 1:colcon.colcon_core.package_identification:_identify(src/bill_slam) by extensions ['colcon_meta']
[0.245s] Level 1:colcon.colcon_core.package_identification:_identify(src/bill_slam) by extension 'colcon_meta'
[0.245s] Level 1:colcon.colcon_core.package_identification:_identify(src/bill_slam) by extensions ['ros']
[0.245s] Level 1:colcon.colcon_core.package_identification:_identify(src/bill_slam) by extension 'ros'
[0.245s] DEBUG:colcon.colcon_core.package_identification:Package 'src/bill_slam' with type 'ros.ament_cmake' and name 'bill_slam'
[0.245s] Level 1:colcon.colcon_core.package_discovery:discover_packages(recursive) using defaults
[0.245s] Level 1:colcon.colcon_core.package_discovery:discover_packages(ignore) discover
[0.245s] Level 1:colcon.colcon_core.package_discovery:discover_packages(ignore) using defaults
[0.245s] Level 1:colcon.colcon_core.package_discovery:discover_packages(path) discover
[0.245s] Level 1:colcon.colcon_core.package_discovery:discover_packages(path) using defaults
[0.273s] Level 1:colcon.colcon_core.package_discovery:discover_packages(prefix_path) check parameters
[0.273s] Level 1:colcon.colcon_core.package_discovery:discover_packages(prefix_path) discover
[0.274s] DEBUG:colcon.colcon_installed_package_information.package_discovery:Found 4 installed packages in /home/vfran/billeagle_ws/bill_ws/install
[0.276s] DEBUG:colcon.colcon_installed_package_information.package_discovery:Found 431 installed packages in /opt/ros/humble
[0.277s] Level 1:colcon.colcon_core.package_discovery:discover_packages(prefix_path) using defaults
[0.318s] Level 5:colcon.colcon_core.verb:set package 'bill' build argument 'cmake_args' from command line to 'None'
[0.318s] Level 5:colcon.colcon_core.verb:set package 'bill' build argument 'cmake_target' from command line to 'None'
[0.319s] Level 5:colcon.colcon_core.verb:set package 'bill' build argument 'cmake_target_skip_unavailable' from command line to 'False'
[0.319s] Level 5:colcon.colcon_core.verb:set package 'bill' build argument 'cmake_clean_cache' from command line to 'False'
[0.319s] Level 5:colcon.colcon_core.verb:set package 'bill' build argument 'cmake_clean_first' from command line to 'False'
[0.319s] Level 5:colcon.colcon_core.verb:set package 'bill' build argument 'cmake_force_configure' from command line to 'False'
[0.319s] Level 5:colcon.colcon_core.verb:set package 'bill' build argument 'ament_cmake_args' from command line to 'None'
[0.319s] Level 5:colcon.colcon_core.verb:set package 'bill' build argument 'catkin_cmake_args' from command line to 'None'
[0.319s] Level 5:colcon.colcon_core.verb:set package 'bill' build argument 'catkin_skip_building_tests' from command line to 'False'
[0.319s] DEBUG:colcon.colcon_core.verb:Building package 'bill' with the following arguments: {'ament_cmake_args': None, 'build_base': '/home/vfran/billeagle_ws/bill_ws/build/bill', 'catkin_cmake_args': None, 'catkin_skip_building_tests': False, 'cmake_args': None, 'cmake_clean_cache': False, 'cmake_clean_first': False, 'cmake_force_configure': False, 'cmake_target': None, 'cmake_target_skip_unavailable': False, 'install_base': '/home/vfran/billeagle_ws/bill_ws/install/bill', 'merge_install': False, 'path': '/home/vfran/billeagle_ws/bill_ws/src/bill', 'symlink_install': True, 'test_result_base': None}
[0.319s] Level 5:colcon.colcon_core.verb:set package 'bill_description' build argument 'cmake_args' from command line to 'None'
[0.319s] Level 5:colcon.colcon_core.verb:set package 'bill_description' build argument 'cmake_target' from command line to 'None'
[0.319s] Level 5:colcon.colcon_core.verb:set package 'bill_description' build argument 'cmake_target_skip_unavailable' from command line to 'False'
[0.319s] Level 5:colcon.colcon_core.verb:set package 'bill_description' build argument 'cmake_clean_cache' from command line to 'False'
[0.319s] Level 5:colcon.colcon_core.verb:set package 'bill_description' build argument 'cmake_clean_first' from command line to 'False'
[0.319s] Level 5:colcon.colcon_core.verb:set package 'bill_description' build argument 'cmake_force_configure' from command line to 'False'
[0.319s] Level 5:colcon.colcon_core.verb:set package 'bill_description' build argument 'ament_cmake_args' from command line to 'None'
[0.319s] Level 5:colcon.colcon_core.verb:set package 'bill_description' build argument 'catkin_cmake_args' from command line to 'None'
[0.319s] Level 5:colcon.colcon_core.verb:set package 'bill_description' build argument 'catkin_skip_building_tests' from command line to 'False'
[0.319s] DEBUG:colcon.colcon_core.verb:Building package 'bill_description' with the following arguments: {'ament_cmake_args': None, 'build_base': '/home/vfran/billeagle_ws/bill_ws/build/bill_description', 'catkin_cmake_args': None, 'catkin_skip_building_tests': False, 'cmake_args': None, 'cmake_clean_cache': False, 'cmake_clean_first': False, 'cmake_force_configure': False, 'cmake_target': None, 'cmake_target_skip_unavailable': False, 'install_base': '/home/vfran/billeagle_ws/bill_ws/install/bill_description', 'merge_install': False, 'path': '/home/vfran/billeagle_ws/bill_ws/src/bill_description', 'symlink_install': True, 'test_result_base': None}
[0.319s] Level 5:colcon.colcon_core.verb:set package 'bill_nav' build argument 'cmake_args' from command line to 'None'
[0.319s] Level 5:colcon.colcon_core.verb:set package 'bill_nav' build argument 'cmake_target' from command line to 'None'
[0.319s] Level 5:colcon.colcon_core.verb:set package 'bill_nav' build argument 'cmake_target_skip_unavailable' from command line to 'False'
[0.319s] Level 5:colcon.colcon_core.verb:set package 'bill_nav' build argument 'cmake_clean_cache' from command line to 'False'
[0.319s] Level 5:colcon.colcon_core.verb:set package 'bill_nav' build argument 'cmake_clean_first' from command line to 'False'
[0.319s] Level 5:colcon.colcon_core.verb:set package 'bill_nav' build argument 'cmake_force_configure' from command line to 'False'
[0.320s] Level 5:colcon.colcon_core.verb:set package 'bill_nav' build argument 'ament_cmake_args' from command line to 'None'
[0.320s] Level 5:colcon.colcon_core.verb:set package 'bill_nav' build argument 'catkin_cmake_args' from command line to 'None'
[0.320s] Level 5:colcon.colcon_core.verb:set package 'bill_nav' build argument 'catkin_skip_building_tests' from command line to 'False'
[0.320s] DEBUG:colcon.colcon_core.verb:Building package 'bill_nav' with the following arguments: {'ament_cmake_args': None, 'build_base': '/home/vfran/billeagle_ws/bill_ws/build/bill_nav', 'catkin_cmake_args': None, 'catkin_skip_building_tests': False, 'cmake_args': None, 'cmake_clean_cache': False, 'cmake_clean_first': False, 'cmake_force_configure': False, 'cmake_target': None, 'cmake_target_skip_unavailable': False, 'install_base': '/home/vfran/billeagle_ws/bill_ws/install/bill_nav', 'merge_install': False, 'path': '/home/vfran/billeagle_ws/bill_ws/src/bill_nav', 'symlink_install': True, 'test_result_base': None}
[0.320s] Level 5:colcon.colcon_core.verb:set package 'bill_slam' build argument 'cmake_args' from command line to 'None'
[0.320s] Level 5:colcon.colcon_core.verb:set package 'bill_slam' build argument 'cmake_target' from command line to 'None'
[0.320s] Level 5:colcon.colcon_core.verb:set package 'bill_slam' build argument 'cmake_target_skip_unavailable' from command line to 'False'
[0.320s] Level 5:colcon.colcon_core.verb:set package 'bill_slam' build argument 'cmake_clean_cache' from command line to 'False'
[0.320s] Level 5:colcon.colcon_core.verb:set package 'bill_slam' build argument 'cmake_clean_first' from command line to 'False'
[0.320s] Level 5:colcon.colcon_core.verb:set package 'bill_slam' build argument 'cmake_force_configure' from command line to 'False'
[0.320s] Level 5:colcon.colcon_core.verb:set package 'bill_slam' build argument 'ament_cmake_args' from command line to 'None'
[0.320s] Level 5:colcon.colcon_core.verb:set package 'bill_slam' build argument 'catkin_cmake_args' from command line to 'None'
[0.320s] Level 5:colcon.colcon_core.verb:set package 'bill_slam' build argument 'catkin_skip_building_tests' from command line to 'False'
[0.320s] DEBUG:colcon.colcon_core.verb:Building package 'bill_slam' with the following arguments: {'ament_cmake_args': None, 'build_base': '/home/vfran/billeagle_ws/bill_ws/build/bill_slam', 'catkin_cmake_args': None, 'catkin_skip_building_tests': False, 'cmake_args': None, 'cmake_clean_cache': False, 'cmake_clean_first': False, 'cmake_force_configure': False, 'cmake_target': None, 'cmake_target_skip_unavailable': False, 'install_base': '/home/vfran/billeagle_ws/bill_ws/install/bill_slam', 'merge_install': False, 'path': '/home/vfran/billeagle_ws/bill_ws/src/bill_slam', 'symlink_install': True, 'test_result_base': None}
[0.320s] INFO:colcon.colcon_core.executor:Executing jobs using 'parallel' executor
[0.321s] DEBUG:colcon.colcon_parallel_executor.executor.parallel:run_until_complete
[0.321s] INFO:colcon.colcon_ros.task.ament_cmake.build:Building ROS package in '/home/vfran/billeagle_ws/bill_ws/src/bill' with build type 'ament_cmake'
[0.321s] INFO:colcon.colcon_cmake.task.cmake.build:Building CMake package in '/home/vfran/billeagle_ws/bill_ws/src/bill'
[0.324s] INFO:colcon.colcon_core.plugin_system:Skipping extension 'colcon_core.shell.bat': Not used on non-Windows systems
[0.324s] INFO:colcon.colcon_core.shell:Skip shell extension 'powershell' for command environment: Not usable outside of PowerShell
[0.324s] DEBUG:colcon.colcon_core.shell:Skip shell extension 'dsv' for command environment
[0.328s] INFO:colcon.colcon_ros.task.ament_cmake.build:Building ROS package in '/home/vfran/billeagle_ws/bill_ws/src/bill_description' with build type 'ament_cmake'
[0.328s] INFO:colcon.colcon_cmake.task.cmake.build:Building CMake package in '/home/vfran/billeagle_ws/bill_ws/src/bill_description'
[0.328s] INFO:colcon.colcon_core.shell:Skip shell extension 'powershell' for command environment: Not usable outside of PowerShell
[0.328s] DEBUG:colcon.colcon_core.shell:Skip shell extension 'dsv' for command environment
[0.332s] INFO:colcon.colcon_ros.task.ament_cmake.build:Building ROS package in '/home/vfran/billeagle_ws/bill_ws/src/bill_nav' with build type 'ament_cmake'
[0.332s] INFO:colcon.colcon_cmake.task.cmake.build:Building CMake package in '/home/vfran/billeagle_ws/bill_ws/src/bill_nav'
[0.332s] INFO:colcon.colcon_core.shell:Skip shell extension 'powershell' for command environment: Not usable outside of PowerShell
[0.332s] DEBUG:colcon.colcon_core.shell:Skip shell extension 'dsv' for command environment
[0.336s] INFO:colcon.colcon_ros.task.ament_cmake.build:Building ROS package in '/home/vfran/billeagle_ws/bill_ws/src/bill_slam' with build type 'ament_cmake'
[0.336s] INFO:colcon.colcon_cmake.task.cmake.build:Building CMake package in '/home/vfran/billeagle_ws/bill_ws/src/bill_slam'
[0.336s] INFO:colcon.colcon_core.shell:Skip shell extension 'powershell' for command environment: Not usable outside of PowerShell
[0.336s] DEBUG:colcon.colcon_core.shell:Skip shell extension 'dsv' for command environment
[0.347s] DEBUG:colcon.colcon_core.event_handler.log_command:Invoking command in '/home/vfran/billeagle_ws/bill_ws/build/bill': CMAKE_PREFIX_PATH=${CMAKE_PREFIX_PATH}:/opt/ros/humble /usr/local/bin/cmake /home/vfran/billeagle_ws/bill_ws/src/bill -DAMENT_CMAKE_SYMLINK_INSTALL=1 -DCMAKE_INSTALL_PREFIX=/home/vfran/billeagle_ws/bill_ws/install/bill
[0.349s] DEBUG:colcon.colcon_core.event_handler.log_command:Invoking command in '/home/vfran/billeagle_ws/bill_ws/build/bill_description': CMAKE_PREFIX_PATH=${CMAKE_PREFIX_PATH}:/opt/ros/humble /usr/local/bin/cmake /home/vfran/billeagle_ws/bill_ws/src/bill_description -DAMENT_CMAKE_SYMLINK_INSTALL=1 -DCMAKE_INSTALL_PREFIX=/home/vfran/billeagle_ws/bill_ws/install/bill_description
[0.353s] DEBUG:colcon.colcon_core.event_handler.log_command:Invoking command in '/home/vfran/billeagle_ws/bill_ws/build/bill_nav': CMAKE_PREFIX_PATH=${CMAKE_PREFIX_PATH}:/opt/ros/humble /usr/local/bin/cmake /home/vfran/billeagle_ws/bill_ws/src/bill_nav -DAMENT_CMAKE_SYMLINK_INSTALL=1 -DCMAKE_INSTALL_PREFIX=/home/vfran/billeagle_ws/bill_ws/install/bill_nav
[0.359s] DEBUG:colcon.colcon_core.event_handler.log_command:Invoking command in '/home/vfran/billeagle_ws/bill_ws/build/bill_slam': CMAKE_PREFIX_PATH=${CMAKE_PREFIX_PATH}:/opt/ros/humble /usr/local/bin/cmake /home/vfran/billeagle_ws/bill_ws/src/bill_slam -DAMENT_CMAKE_SYMLINK_INSTALL=1 -DCMAKE_INSTALL_PREFIX=/home/vfran/billeagle_ws/bill_ws/install/bill_slam
[0.565s] DEBUG:colcon.colcon_core.event_handler.log_command:Invoked command in '/home/vfran/billeagle_ws/bill_ws/build/bill_slam' returned '0': CMAKE_PREFIX_PATH=${CMAKE_PREFIX_PATH}:/opt/ros/humble /usr/local/bin/cmake /home/vfran/billeagle_ws/bill_ws/src/bill_slam -DAMENT_CMAKE_SYMLINK_INSTALL=1 -DCMAKE_INSTALL_PREFIX=/home/vfran/billeagle_ws/bill_ws/install/bill_slam
[0.567s] DEBUG:colcon.colcon_core.event_handler.log_command:Invoking command in '/home/vfran/billeagle_ws/bill_ws/build/bill_slam': CMAKE_PREFIX_PATH=${CMAKE_PREFIX_PATH}:/opt/ros/humble /usr/local/bin/cmake --build /home/vfran/billeagle_ws/bill_ws/build/bill_slam -- -j16 -l16
[0.569s] DEBUG:colcon.colcon_core.event_handler.log_command:Invoked command in '/home/vfran/billeagle_ws/bill_ws/build/bill' returned '0': CMAKE_PREFIX_PATH=${CMAKE_PREFIX_PATH}:/opt/ros/humble /usr/local/bin/cmake /home/vfran/billeagle_ws/bill_ws/src/bill -DAMENT_CMAKE_SYMLINK_INSTALL=1 -DCMAKE_INSTALL_PREFIX=/home/vfran/billeagle_ws/bill_ws/install/bill
[0.570s] DEBUG:colcon.colcon_core.event_handler.log_command:Invoking command in '/home/vfran/billeagle_ws/bill_ws/build/bill': CMAKE_PREFIX_PATH=${CMAKE_PREFIX_PATH}:/opt/ros/humble /usr/local/bin/cmake --build /home/vfran/billeagle_ws/bill_ws/build/bill -- -j16 -l16
[0.570s] DEBUG:colcon.colcon_core.event_handler.log_command:Invoked command in '/home/vfran/billeagle_ws/bill_ws/build/bill_nav' returned '0': CMAKE_PREFIX_PATH=${CMAKE_PREFIX_PATH}:/opt/ros/humble /usr/local/bin/cmake /home/vfran/billeagle_ws/bill_ws/src/bill_nav -DAMENT_CMAKE_SYMLINK_INSTALL=1 -DCMAKE_INSTALL_PREFIX=/home/vfran/billeagle_ws/bill_ws/install/bill_nav
[0.572s] DEBUG:colcon.colcon_core.event_handler.log_command:Invoking command in '/home/vfran/billeagle_ws/bill_ws/build/bill_nav': CMAKE_PREFIX_PATH=${CMAKE_PREFIX_PATH}:/opt/ros/humble /usr/local/bin/cmake --build /home/vfran/billeagle_ws/bill_ws/build/bill_nav -- -j16 -l16
[0.573s] DEBUG:colcon.colcon_core.event_handler.log_command:Invoked command in '/home/vfran/billeagle_ws/bill_ws/build/bill_description' returned '0': CMAKE_PREFIX_PATH=${CMAKE_PREFIX_PATH}:/opt/ros/humble /usr/local/bin/cmake /home/vfran/billeagle_ws/bill_ws/src/bill_description -DAMENT_CMAKE_SYMLINK_INSTALL=1 -DCMAKE_INSTALL_PREFIX=/home/vfran/billeagle_ws/bill_ws/install/bill_description
[0.574s] DEBUG:colcon.colcon_core.event_handler.log_command:Invoking command in '/home/vfran/billeagle_ws/bill_ws/build/bill_description': CMAKE_PREFIX_PATH=${CMAKE_PREFIX_PATH}:/opt/ros/humble /usr/local/bin/cmake --build /home/vfran/billeagle_ws/bill_ws/build/bill_description -- -j16 -l16
[0.587s] DEBUG:colcon.colcon_core.event_handler.log_command:Invoked command in '/home/vfran/billeagle_ws/bill_ws/build/bill_slam' returned '0': CMAKE_PREFIX_PATH=${CMAKE_PREFIX_PATH}:/opt/ros/humble /usr/local/bin/cmake --build /home/vfran/billeagle_ws/bill_ws/build/bill_slam -- -j16 -l16
[0.593s] DEBUG:colcon.colcon_core.event_handler.log_command:Invoking command in '/home/vfran/billeagle_ws/bill_ws/build/bill_slam': CMAKE_PREFIX_PATH=${CMAKE_PREFIX_PATH}:/opt/ros/humble /usr/local/bin/cmake --install /home/vfran/billeagle_ws/bill_ws/build/bill_slam
[0.595s] DEBUG:colcon.colcon_core.event_handler.log_command:Invoked command in '/home/vfran/billeagle_ws/bill_ws/build/bill' returned '0': CMAKE_PREFIX_PATH=${CMAKE_PREFIX_PATH}:/opt/ros/humble /usr/local/bin/cmake --build /home/vfran/billeagle_ws/bill_ws/build/bill -- -j16 -l16
[0.596s] DEBUG:colcon.colcon_core.event_handler.log_command:Invoking command in '/home/vfran/billeagle_ws/bill_ws/build/bill': CMAKE_PREFIX_PATH=${CMAKE_PREFIX_PATH}:/opt/ros/humble /usr/local/bin/cmake --install /home/vfran/billeagle_ws/bill_ws/build/bill
[0.597s] DEBUG:colcon.colcon_core.event_handler.log_command:Invoked command in '/home/vfran/billeagle_ws/bill_ws/build/bill_description' returned '0': CMAKE_PREFIX_PATH=${CMAKE_PREFIX_PATH}:/opt/ros/humble /usr/local/bin/cmake --build /home/vfran/billeagle_ws/bill_ws/build/bill_description -- -j16 -l16
[0.599s] DEBUG:colcon.colcon_core.event_handler.log_command:Invoking command in '/home/vfran/billeagle_ws/bill_ws/build/bill_description': CMAKE_PREFIX_PATH=${CMAKE_PREFIX_PATH}:/opt/ros/humble /usr/local/bin/cmake --install /home/vfran/billeagle_ws/bill_ws/build/bill_description
[0.600s] DEBUG:colcon.colcon_core.event_handler.log_command:Invoked command in '/home/vfran/billeagle_ws/bill_ws/build/bill_nav' returned '0': CMAKE_PREFIX_PATH=${CMAKE_PREFIX_PATH}:/opt/ros/humble /usr/local/bin/cmake --build /home/vfran/billeagle_ws/bill_ws/build/bill_nav -- -j16 -l16
[0.602s] DEBUG:colcon.colcon_core.event_handler.log_command:Invoking command in '/home/vfran/billeagle_ws/bill_ws/build/bill_nav': CMAKE_PREFIX_PATH=${CMAKE_PREFIX_PATH}:/opt/ros/humble /usr/local/bin/cmake --install /home/vfran/billeagle_ws/bill_ws/build/bill_nav
[0.682s] Level 1:colcon.colcon_core.environment:create_environment_scripts_only(bill_nav)
[0.682s] DEBUG:colcon.colcon_core.event_handler.log_command:Invoked command in '/home/vfran/billeagle_ws/bill_ws/build/bill_nav' returned '0': CMAKE_PREFIX_PATH=${CMAKE_PREFIX_PATH}:/opt/ros/humble /usr/local/bin/cmake --install /home/vfran/billeagle_ws/bill_ws/build/bill_nav
[0.684s] Level 1:colcon.colcon_core.environment:checking '/home/vfran/billeagle_ws/bill_ws/install/bill_nav' for CMake module files
[0.685s] Level 1:colcon.colcon_core.environment:checking '/home/vfran/billeagle_ws/bill_ws/install/bill_nav' for CMake config files
[0.685s] Level 1:colcon.colcon_core.shell:create_environment_hook('bill_nav', 'cmake_prefix_path')
[0.685s] INFO:colcon.colcon_core.shell:Creating environment hook '/home/vfran/billeagle_ws/bill_ws/install/bill_nav/share/bill_nav/hook/cmake_prefix_path.ps1'
[0.686s] INFO:colcon.colcon_core.shell:Creating environment descriptor '/home/vfran/billeagle_ws/bill_ws/install/bill_nav/share/bill_nav/hook/cmake_prefix_path.dsv'
[0.687s] INFO:colcon.colcon_core.shell:Creating environment hook '/home/vfran/billeagle_ws/bill_ws/install/bill_nav/share/bill_nav/hook/cmake_prefix_path.sh'
[0.688s] Level 1:colcon.colcon_core.environment:checking '/home/vfran/billeagle_ws/bill_ws/install/bill_nav/bin'
[0.688s] Level 1:colcon.colcon_core.environment:checking '/home/vfran/billeagle_ws/bill_ws/install/bill_nav/lib/pkgconfig/bill_nav.pc'
[0.688s] Level 1:colcon.colcon_core.environment:checking '/home/vfran/billeagle_ws/bill_ws/install/bill_nav/lib/python3.10/site-packages'
[0.688s] Level 1:colcon.colcon_core.environment:checking '/home/vfran/billeagle_ws/bill_ws/install/bill_nav/bin'
[0.688s] INFO:colcon.colcon_core.shell:Creating package script '/home/vfran/billeagle_ws/bill_ws/install/bill_nav/share/bill_nav/package.ps1'
[0.690s] INFO:colcon.colcon_core.shell:Creating package descriptor '/home/vfran/billeagle_ws/bill_ws/install/bill_nav/share/bill_nav/package.dsv'
[0.690s] INFO:colcon.colcon_core.shell:Creating package script '/home/vfran/billeagle_ws/bill_ws/install/bill_nav/share/bill_nav/package.sh'
[0.691s] INFO:colcon.colcon_core.shell:Creating package script '/home/vfran/billeagle_ws/bill_ws/install/bill_nav/share/bill_nav/package.bash'
[0.692s] INFO:colcon.colcon_core.shell:Creating package script '/home/vfran/billeagle_ws/bill_ws/install/bill_nav/share/bill_nav/package.zsh'
[0.692s] Level 1:colcon.colcon_core.environment:create_file_with_runtime_dependencies(/home/vfran/billeagle_ws/bill_ws/install/bill_nav/share/colcon-core/packages/bill_nav)
[0.693s] Level 1:colcon.colcon_core.environment:create_environment_scripts_only(bill_nav)
[0.693s] Level 1:colcon.colcon_core.environment:checking '/home/vfran/billeagle_ws/bill_ws/install/bill_nav' for CMake module files
[0.694s] Level 1:colcon.colcon_core.environment:checking '/home/vfran/billeagle_ws/bill_ws/install/bill_nav' for CMake config files
[0.694s] Level 1:colcon.colcon_core.shell:create_environment_hook('bill_nav', 'cmake_prefix_path')
[0.694s] INFO:colcon.colcon_core.shell:Creating environment hook '/home/vfran/billeagle_ws/bill_ws/install/bill_nav/share/bill_nav/hook/cmake_prefix_path.ps1'
[0.695s] INFO:colcon.colcon_core.shell:Creating environment descriptor '/home/vfran/billeagle_ws/bill_ws/install/bill_nav/share/bill_nav/hook/cmake_prefix_path.dsv'
[0.695s] INFO:colcon.colcon_core.shell:Creating environment hook '/home/vfran/billeagle_ws/bill_ws/install/bill_nav/share/bill_nav/hook/cmake_prefix_path.sh'
[0.696s] Level 1:colcon.colcon_core.environment:checking '/home/vfran/billeagle_ws/bill_ws/install/bill_nav/bin'
[0.696s] Level 1:colcon.colcon_core.environment:checking '/home/vfran/billeagle_ws/bill_ws/install/bill_nav/lib/pkgconfig/bill_nav.pc'
[0.696s] Level 1:colcon.colcon_core.environment:checking '/home/vfran/billeagle_ws/bill_ws/install/bill_nav/lib/python3.10/site-packages'
[0.696s] Level 1:colcon.colcon_core.environment:checking '/home/vfran/billeagle_ws/bill_ws/install/bill_nav/bin'
[0.697s] INFO:colcon.colcon_core.shell:Creating package script '/home/vfran/billeagle_ws/bill_ws/install/bill_nav/share/bill_nav/package.ps1'
[0.698s] INFO:colcon.colcon_core.shell:Creating package descriptor '/home/vfran/billeagle_ws/bill_ws/install/bill_nav/share/bill_nav/package.dsv'
[0.699s] INFO:colcon.colcon_core.shell:Creating package script '/home/vfran/billeagle_ws/bill_ws/install/bill_nav/share/bill_nav/package.sh'
[0.699s] INFO:colcon.colcon_core.shell:Creating package script '/home/vfran/billeagle_ws/bill_ws/install/bill_nav/share/bill_nav/package.bash'
[0.700s] INFO:colcon.colcon_core.shell:Creating package script '/home/vfran/billeagle_ws/bill_ws/install/bill_nav/share/bill_nav/package.zsh'
[0.700s] Level 1:colcon.colcon_core.environment:create_file_with_runtime_dependencies(/home/vfran/billeagle_ws/bill_ws/install/bill_nav/share/colcon-core/packages/bill_nav)
[0.738s] Level 1:colcon.colcon_core.environment:create_environment_scripts_only(bill_slam)
[0.739s] Level 1:colcon.colcon_core.environment:checking '/home/vfran/billeagle_ws/bill_ws/install/bill_slam' for CMake module files
[0.739s] DEBUG:colcon.colcon_core.event_handler.log_command:Invoked command in '/home/vfran/billeagle_ws/bill_ws/build/bill_slam' returned '0': CMAKE_PREFIX_PATH=${CMAKE_PREFIX_PATH}:/opt/ros/humble /usr/local/bin/cmake --install /home/vfran/billeagle_ws/bill_ws/build/bill_slam
[0.740s] Level 1:colcon.colcon_core.environment:checking '/home/vfran/billeagle_ws/bill_ws/install/bill_slam' for CMake config files
[0.741s] Level 1:colcon.colcon_core.shell:create_environment_hook('bill_slam', 'cmake_prefix_path')
[0.741s] INFO:colcon.colcon_core.shell:Creating environment hook '/home/vfran/billeagle_ws/bill_ws/install/bill_slam/share/bill_slam/hook/cmake_prefix_path.ps1'
[0.741s] INFO:colcon.colcon_core.shell:Creating environment descriptor '/home/vfran/billeagle_ws/bill_ws/install/bill_slam/share/bill_slam/hook/cmake_prefix_path.dsv'
[0.742s] INFO:colcon.colcon_core.shell:Creating environment hook '/home/vfran/billeagle_ws/bill_ws/install/bill_slam/share/bill_slam/hook/cmake_prefix_path.sh'
[0.742s] Level 1:colcon.colcon_core.environment:checking '/home/vfran/billeagle_ws/bill_ws/install/bill_slam/bin'
[0.742s] Level 1:colcon.colcon_core.environment:checking '/home/vfran/billeagle_ws/bill_ws/install/bill_slam/lib/pkgconfig/bill_slam.pc'
[0.742s] Level 1:colcon.colcon_core.environment:checking '/home/vfran/billeagle_ws/bill_ws/install/bill_slam/lib/python3.10/site-packages'
[0.742s] Level 1:colcon.colcon_core.environment:checking '/home/vfran/billeagle_ws/bill_ws/install/bill_slam/bin'
[0.743s] INFO:colcon.colcon_core.shell:Creating package script '/home/vfran/billeagle_ws/bill_ws/install/bill_slam/share/bill_slam/package.ps1'
[0.743s] INFO:colcon.colcon_core.shell:Creating package descriptor '/home/vfran/billeagle_ws/bill_ws/install/bill_slam/share/bill_slam/package.dsv'
[0.744s] INFO:colcon.colcon_core.shell:Creating package script '/home/vfran/billeagle_ws/bill_ws/install/bill_slam/share/bill_slam/package.sh'
[0.744s] INFO:colcon.colcon_core.shell:Creating package script '/home/vfran/billeagle_ws/bill_ws/install/bill_slam/share/bill_slam/package.bash'
[0.745s] INFO:colcon.colcon_core.shell:Creating package script '/home/vfran/billeagle_ws/bill_ws/install/bill_slam/share/bill_slam/package.zsh'
[0.745s] Level 1:colcon.colcon_core.environment:create_file_with_runtime_dependencies(/home/vfran/billeagle_ws/bill_ws/install/bill_slam/share/colcon-core/packages/bill_slam)
[0.746s] Level 1:colcon.colcon_core.environment:create_environment_scripts_only(bill_slam)
[0.746s] Level 1:colcon.colcon_core.environment:checking '/home/vfran/billeagle_ws/bill_ws/install/bill_slam' for CMake module files
[0.746s] Level 1:colcon.colcon_core.environment:checking '/home/vfran/billeagle_ws/bill_ws/install/bill_slam' for CMake config files
[0.747s] Level 1:colcon.colcon_core.shell:create_environment_hook('bill_slam', 'cmake_prefix_path')
[0.747s] INFO:colcon.colcon_core.shell:Creating environment hook '/home/vfran/billeagle_ws/bill_ws/install/bill_slam/share/bill_slam/hook/cmake_prefix_path.ps1'
[0.747s] INFO:colcon.colcon_core.shell:Creating environment descriptor '/home/vfran/billeagle_ws/bill_ws/install/bill_slam/share/bill_slam/hook/cmake_prefix_path.dsv'
[0.748s] INFO:colcon.colcon_core.shell:Creating environment hook '/home/vfran/billeagle_ws/bill_ws/install/bill_slam/share/bill_slam/hook/cmake_prefix_path.sh'
[0.748s] Level 1:colcon.colcon_core.environment:checking '/home/vfran/billeagle_ws/bill_ws/install/bill_slam/bin'
[0.749s] Level 1:colcon.colcon_core.environment:checking '/home/vfran/billeagle_ws/bill_ws/install/bill_slam/lib/pkgconfig/bill_slam.pc'
[0.749s] Level 1:colcon.colcon_core.environment:checking '/home/vfran/billeagle_ws/bill_ws/install/bill_slam/lib/python3.10/site-packages'
[0.749s] Level 1:colcon.colcon_core.environment:checking '/home/vfran/billeagle_ws/bill_ws/install/bill_slam/bin'
[0.749s] INFO:colcon.colcon_core.shell:Creating package script '/home/vfran/billeagle_ws/bill_ws/install/bill_slam/share/bill_slam/package.ps1'
[0.750s] INFO:colcon.colcon_core.shell:Creating package descriptor '/home/vfran/billeagle_ws/bill_ws/install/bill_slam/share/bill_slam/package.dsv'
[0.751s] INFO:colcon.colcon_core.shell:Creating package script '/home/vfran/billeagle_ws/bill_ws/install/bill_slam/share/bill_slam/package.sh'
[0.751s] INFO:colcon.colcon_core.shell:Creating package script '/home/vfran/billeagle_ws/bill_ws/install/bill_slam/share/bill_slam/package.bash'
[0.752s] INFO:colcon.colcon_core.shell:Creating package script '/home/vfran/billeagle_ws/bill_ws/install/bill_slam/share/bill_slam/package.zsh'
[0.752s] Level 1:colcon.colcon_core.environment:create_file_with_runtime_dependencies(/home/vfran/billeagle_ws/bill_ws/install/bill_slam/share/colcon-core/packages/bill_slam)
[0.776s] Level 1:colcon.colcon_core.environment:create_environment_scripts_only(bill_description)
[0.776s] Level 1:colcon.colcon_core.environment:checking '/home/vfran/billeagle_ws/bill_ws/install/bill_description' for CMake module files
[0.777s] DEBUG:colcon.colcon_core.event_handler.log_command:Invoked command in '/home/vfran/billeagle_ws/bill_ws/build/bill_description' returned '0': CMAKE_PREFIX_PATH=${CMAKE_PREFIX_PATH}:/opt/ros/humble /usr/local/bin/cmake --install /home/vfran/billeagle_ws/bill_ws/build/bill_description
[0.777s] Level 1:colcon.colcon_core.environment:checking '/home/vfran/billeagle_ws/bill_ws/install/bill_description' for CMake config files
[0.778s] Level 1:colcon.colcon_core.shell:create_environment_hook('bill_description', 'cmake_prefix_path')
[0.778s] INFO:colcon.colcon_core.shell:Creating environment hook '/home/vfran/billeagle_ws/bill_ws/install/bill_description/share/bill_description/hook/cmake_prefix_path.ps1'
[0.779s] INFO:colcon.colcon_core.shell:Creating environment descriptor '/home/vfran/billeagle_ws/bill_ws/install/bill_description/share/bill_description/hook/cmake_prefix_path.dsv'
[0.779s] INFO:colcon.colcon_core.shell:Creating environment hook '/home/vfran/billeagle_ws/bill_ws/install/bill_description/share/bill_description/hook/cmake_prefix_path.sh'
[0.780s] Level 1:colcon.colcon_core.environment:checking '/home/vfran/billeagle_ws/bill_ws/install/bill_description/bin'
[0.780s] Level 1:colcon.colcon_core.environment:checking '/home/vfran/billeagle_ws/bill_ws/install/bill_description/lib/pkgconfig/bill_description.pc'
[0.780s] Level 1:colcon.colcon_core.environment:checking '/home/vfran/billeagle_ws/bill_ws/install/bill_description/lib/python3.10/site-packages'
[0.780s] Level 1:colcon.colcon_core.environment:checking '/home/vfran/billeagle_ws/bill_ws/install/bill_description/bin'
[0.780s] INFO:colcon.colcon_core.shell:Creating package script '/home/vfran/billeagle_ws/bill_ws/install/bill_description/share/bill_description/package.ps1'
[0.781s] INFO:colcon.colcon_core.shell:Creating package descriptor '/home/vfran/billeagle_ws/bill_ws/install/bill_description/share/bill_description/package.dsv'
[0.782s] INFO:colcon.colcon_core.shell:Creating package script '/home/vfran/billeagle_ws/bill_ws/install/bill_description/share/bill_description/package.sh'
[0.782s] INFO:colcon.colcon_core.shell:Creating package script '/home/vfran/billeagle_ws/bill_ws/install/bill_description/share/bill_description/package.bash'
[0.783s] INFO:colcon.colcon_core.shell:Creating package script '/home/vfran/billeagle_ws/bill_ws/install/bill_description/share/bill_description/package.zsh'
[0.783s] Level 1:colcon.colcon_core.environment:create_file_with_runtime_dependencies(/home/vfran/billeagle_ws/bill_ws/install/bill_description/share/colcon-core/packages/bill_description)
[0.784s] Level 1:colcon.colcon_core.environment:create_environment_scripts_only(bill_description)
[0.784s] Level 1:colcon.colcon_core.environment:checking '/home/vfran/billeagle_ws/bill_ws/install/bill_description' for CMake module files
[0.784s] Level 1:colcon.colcon_core.environment:checking '/home/vfran/billeagle_ws/bill_ws/install/bill_description' for CMake config files
[0.784s] Level 1:colcon.colcon_core.shell:create_environment_hook('bill_description', 'cmake_prefix_path')
[0.785s] INFO:colcon.colcon_core.shell:Creating environment hook '/home/vfran/billeagle_ws/bill_ws/install/bill_description/share/bill_description/hook/cmake_prefix_path.ps1'
[0.785s] INFO:colcon.colcon_core.shell:Creating environment descriptor '/home/vfran/billeagle_ws/bill_ws/install/bill_description/share/bill_description/hook/cmake_prefix_path.dsv'
[0.786s] INFO:colcon.colcon_core.shell:Creating environment hook '/home/vfran/billeagle_ws/bill_ws/install/bill_description/share/bill_description/hook/cmake_prefix_path.sh'
[0.786s] Level 1:colcon.colcon_core.environment:checking '/home/vfran/billeagle_ws/bill_ws/install/bill_description/bin'
[0.786s] Level 1:colcon.colcon_core.environment:checking '/home/vfran/billeagle_ws/bill_ws/install/bill_description/lib/pkgconfig/bill_description.pc'
[0.787s] Level 1:colcon.colcon_core.environment:checking '/home/vfran/billeagle_ws/bill_ws/install/bill_description/lib/python3.10/site-packages'
[0.787s] Level 1:colcon.colcon_core.environment:checking '/home/vfran/billeagle_ws/bill_ws/install/bill_description/bin'
[0.787s] INFO:colcon.colcon_core.shell:Creating package script '/home/vfran/billeagle_ws/bill_ws/install/bill_description/share/bill_description/package.ps1'
[0.787s] INFO:colcon.colcon_core.shell:Creating package descriptor '/home/vfran/billeagle_ws/bill_ws/install/bill_description/share/bill_description/package.dsv'
[0.788s] INFO:colcon.colcon_core.shell:Creating package script '/home/vfran/billeagle_ws/bill_ws/install/bill_description/share/bill_description/package.sh'
[0.788s] INFO:colcon.colcon_core.shell:Creating package script '/home/vfran/billeagle_ws/bill_ws/install/bill_description/share/bill_description/package.bash'
[0.788s] INFO:colcon.colcon_core.shell:Creating package script '/home/vfran/billeagle_ws/bill_ws/install/bill_description/share/bill_description/package.zsh'
[0.789s] Level 1:colcon.colcon_core.environment:create_file_with_runtime_dependencies(/home/vfran/billeagle_ws/bill_ws/install/bill_description/share/colcon-core/packages/bill_description)
[0.790s] Level 1:colcon.colcon_core.environment:create_environment_scripts_only(bill)
[0.790s] Level 1:colcon.colcon_core.environment:checking '/home/vfran/billeagle_ws/bill_ws/install/bill' for CMake module files
[0.791s] DEBUG:colcon.colcon_core.event_handler.log_command:Invoked command in '/home/vfran/billeagle_ws/bill_ws/build/bill' returned '0': CMAKE_PREFIX_PATH=${CMAKE_PREFIX_PATH}:/opt/ros/humble /usr/local/bin/cmake --install /home/vfran/billeagle_ws/bill_ws/build/bill
[0.791s] Level 1:colcon.colcon_core.environment:checking '/home/vfran/billeagle_ws/bill_ws/install/bill' for CMake config files
[0.791s] Level 1:colcon.colcon_core.shell:create_environment_hook('bill', 'cmake_prefix_path')
[0.792s] INFO:colcon.colcon_core.shell:Creating environment hook '/home/vfran/billeagle_ws/bill_ws/install/bill/share/bill/hook/cmake_prefix_path.ps1'
[0.792s] INFO:colcon.colcon_core.shell:Creating environment descriptor '/home/vfran/billeagle_ws/bill_ws/install/bill/share/bill/hook/cmake_prefix_path.dsv'
[0.792s] INFO:colcon.colcon_core.shell:Creating environment hook '/home/vfran/billeagle_ws/bill_ws/install/bill/share/bill/hook/cmake_prefix_path.sh'
[0.793s] Level 1:colcon.colcon_core.environment:checking '/home/vfran/billeagle_ws/bill_ws/install/bill/bin'
[0.793s] Level 1:colcon.colcon_core.environment:checking '/home/vfran/billeagle_ws/bill_ws/install/bill/lib/pkgconfig/bill.pc'
[0.793s] Level 1:colcon.colcon_core.environment:checking '/home/vfran/billeagle_ws/bill_ws/install/bill/lib/python3.10/site-packages'
[0.793s] Level 1:colcon.colcon_core.environment:checking '/home/vfran/billeagle_ws/bill_ws/install/bill/bin'
[0.794s] INFO:colcon.colcon_core.shell:Creating package script '/home/vfran/billeagle_ws/bill_ws/install/bill/share/bill/package.ps1'
[0.794s] INFO:colcon.colcon_core.shell:Creating package descriptor '/home/vfran/billeagle_ws/bill_ws/install/bill/share/bill/package.dsv'
[0.794s] INFO:colcon.colcon_core.shell:Creating package script '/home/vfran/billeagle_ws/bill_ws/install/bill/share/bill/package.sh'
[0.795s] INFO:colcon.colcon_core.shell:Creating package script '/home/vfran/billeagle_ws/bill_ws/install/bill/share/bill/package.bash'
[0.795s] INFO:colcon.colcon_core.shell:Creating package script '/home/vfran/billeagle_ws/bill_ws/install/bill/share/bill/package.zsh'
[0.795s] Level 1:colcon.colcon_core.environment:create_file_with_runtime_dependencies(/home/vfran/billeagle_ws/bill_ws/install/bill/share/colcon-core/packages/bill)
[0.796s] Level 1:colcon.colcon_core.environment:create_environment_scripts_only(bill)
[0.796s] Level 1:colcon.colcon_core.environment:checking '/home/vfran/billeagle_ws/bill_ws/install/bill' for CMake module files
[0.796s] Level 1:colcon.colcon_core.environment:checking '/home/vfran/billeagle_ws/bill_ws/install/bill' for CMake config files
[0.797s] Level 1:colcon.colcon_core.shell:create_environment_hook('bill', 'cmake_prefix_path')
[0.797s] INFO:colcon.colcon_core.shell:Creating environment hook '/home/vfran/billeagle_ws/bill_ws/install/bill/share/bill/hook/cmake_prefix_path.ps1'
[0.797s] INFO:colcon.colcon_core.shell:Creating environment descriptor '/home/vfran/billeagle_ws/bill_ws/install/bill/share/bill/hook/cmake_prefix_path.dsv'
[0.798s] INFO:colcon.colcon_core.shell:Creating environment hook '/home/vfran/billeagle_ws/bill_ws/install/bill/share/bill/hook/cmake_prefix_path.sh'
[0.798s] Level 1:colcon.colcon_core.environment:checking '/home/vfran/billeagle_ws/bill_ws/install/bill/bin'
[0.798s] Level 1:colcon.colcon_core.environment:checking '/home/vfran/billeagle_ws/bill_ws/install/bill/lib/pkgconfig/bill.pc'
[0.798s] Level 1:colcon.colcon_core.environment:checking '/home/vfran/billeagle_ws/bill_ws/install/bill/lib/python3.10/site-packages'
[0.798s] Level 1:colcon.colcon_core.environment:checking '/home/vfran/billeagle_ws/bill_ws/install/bill/bin'
[0.799s] INFO:colcon.colcon_core.shell:Creating package script '/home/vfran/billeagle_ws/bill_ws/install/bill/share/bill/package.ps1'
[0.799s] INFO:colcon.colcon_core.shell:Creating package descriptor '/home/vfran/billeagle_ws/bill_ws/install/bill/share/bill/package.dsv'
[0.799s] INFO:colcon.colcon_core.shell:Creating package script '/home/vfran/billeagle_ws/bill_ws/install/bill/share/bill/package.sh'
[0.800s] INFO:colcon.colcon_core.shell:Creating package script '/home/vfran/billeagle_ws/bill_ws/install/bill/share/bill/package.bash'
[0.800s] INFO:colcon.colcon_core.shell:Creating package script '/home/vfran/billeagle_ws/bill_ws/install/bill/share/bill/package.zsh'
[0.800s] Level 1:colcon.colcon_core.environment:create_file_with_runtime_dependencies(/home/vfran/billeagle_ws/bill_ws/install/bill/share/colcon-core/packages/bill)
[0.801s] DEBUG:colcon.colcon_parallel_executor.executor.parallel:closing loop
[0.801s] DEBUG:colcon.colcon_parallel_executor.executor.parallel:loop closed
[0.801s] DEBUG:colcon.colcon_parallel_executor.executor.parallel:run_until_complete finished with '0'
[0.801s] DEBUG:colcon.colcon_core.event_reactor:joining thread
[0.807s] INFO:colcon.colcon_core.plugin_system:Skipping extension 'colcon_notification.desktop_notification.terminal_notifier': Not used on non-Darwin systems
[0.807s] INFO:colcon.colcon_core.plugin_system:Skipping extension 'colcon_notification.desktop_notification.win32': Not used on non-Windows systems
[0.807s] INFO:colcon.colcon_notification.desktop_notification:Sending desktop notification using 'notify2'
[0.818s] DEBUG:colcon.colcon_core.event_reactor:joined thread
[0.818s] INFO:colcon.colcon_core.shell:Creating prefix script '/home/vfran/billeagle_ws/bill_ws/install/local_setup.ps1'
[0.819s] INFO:colcon.colcon_core.shell:Creating prefix util module '/home/vfran/billeagle_ws/bill_ws/install/_local_setup_util_ps1.py'
[0.821s] INFO:colcon.colcon_core.shell:Creating prefix chain script '/home/vfran/billeagle_ws/bill_ws/install/setup.ps1'
[0.822s] INFO:colcon.colcon_core.shell:Creating prefix script '/home/vfran/billeagle_ws/bill_ws/install/local_setup.sh'
[0.822s] INFO:colcon.colcon_core.shell:Creating prefix util module '/home/vfran/billeagle_ws/bill_ws/install/_local_setup_util_sh.py'
[0.823s] INFO:colcon.colcon_core.shell:Creating prefix chain script '/home/vfran/billeagle_ws/bill_ws/install/setup.sh'
[0.824s] INFO:colcon.colcon_core.shell:Creating prefix script '/home/vfran/billeagle_ws/bill_ws/install/local_setup.bash'
[0.825s] INFO:colcon.colcon_core.shell:Creating prefix chain script '/home/vfran/billeagle_ws/bill_ws/install/setup.bash'
[0.826s] INFO:colcon.colcon_core.shell:Creating prefix script '/home/vfran/billeagle_ws/bill_ws/install/local_setup.zsh'
[0.827s] INFO:colcon.colcon_core.shell:Creating prefix chain script '/home/vfran/billeagle_ws/bill_ws/install/setup.zsh'
