[0.011s] Invoking command in '/home/bill8/billeagle_ws/bill_ws/build/bill': CMAKE_PREFIX_PATH=${CMAKE_PREFIX_PATH}:/opt/ros/humble /home/bill8/.local/bin/cmake /home/bill8/billeagle_ws/bill_ws/src/bill -DCMAKE_INSTALL_PREFIX=/home/bill8/billeagle_ws/bill_ws/install/bill
[0.061s] [0mCMake Deprecation Warning at CMakeLists.txt:1 (cmake_minimum_required):
[0.061s]   Compatibility with CMake < 3.10 will be removed from a future version of
[0.061s]   CMake.
[0.061s] 
[0.061s]   Update the VERSION argument <min> value.  Or, use the <min>...<max> syntax
[0.061s]   to tell CMake that the project requires at least <min> but has been updated
[0.061s]   to work with policies introduced by <max> or earlier.
[0.061s] 
[0.061s] [0m
[0.096s] -- The C compiler identification is GNU 11.4.0
[0.133s] -- The CXX compiler identification is GNU 11.4.0
[0.139s] -- Detecting C compiler ABI info
[0.185s] -- Detecting C compiler ABI info - done
[0.196s] -- Check for working C compiler: /usr/bin/cc - skipped
[0.196s] -- Detecting C compile features
[0.196s] -- Detecting C compile features - done
[0.205s] -- Detecting CXX compiler ABI info
[0.261s] -- Detecting CXX compiler ABI info - done
[0.278s] -- Check for working CXX compiler: /usr/bin/c++ - skipped
[0.278s] -- Detecting CXX compile features
[0.279s] -- Detecting CXX compile features - done
[0.284s] -- Found ament_cmake: 1.3.11 (/opt/ros/humble/share/ament_cmake/cmake)
[0.382s] -- Found Python3: /usr/bin/python3 (found version "3.10.12") found components: Interpreter
[0.443s] -- Found ament_lint_auto: 0.12.11 (/opt/ros/humble/share/ament_lint_auto/cmake)
[0.497s] -- Added test 'flake8' to check Python code syntax and style conventions
[0.498s] -- Added test 'lint_cmake' to check CMake code style
[0.498s] -- Added test 'pep257' to check Python code against some of the docstring style conventions in PEP 257
[0.499s] -- Added test 'xmllint' to check XML markup files
[0.500s] -- Configuring done (0.4s)
[0.502s] -- Generating done (0.0s)
[0.503s] -- Build files have been written to: /home/bill8/billeagle_ws/bill_ws/build/bill
[0.506s] Invoked command in '/home/bill8/billeagle_ws/bill_ws/build/bill' returned '0': CMAKE_PREFIX_PATH=${CMAKE_PREFIX_PATH}:/opt/ros/humble /home/bill8/.local/bin/cmake /home/bill8/billeagle_ws/bill_ws/src/bill -DCMAKE_INSTALL_PREFIX=/home/bill8/billeagle_ws/bill_ws/install/bill
[0.508s] Invoking command in '/home/bill8/billeagle_ws/bill_ws/build/bill': CMAKE_PREFIX_PATH=${CMAKE_PREFIX_PATH}:/opt/ros/humble /home/bill8/.local/bin/cmake --build /home/bill8/billeagle_ws/bill_ws/build/bill -- -j16 -l16
[0.566s] Invoked command in '/home/bill8/billeagle_ws/bill_ws/build/bill' returned '0': CMAKE_PREFIX_PATH=${CMAKE_PREFIX_PATH}:/opt/ros/humble /home/bill8/.local/bin/cmake --build /home/bill8/billeagle_ws/bill_ws/build/bill -- -j16 -l16
[0.616s] Invoking command in '/home/bill8/billeagle_ws/bill_ws/build/bill': CMAKE_PREFIX_PATH=${CMAKE_PREFIX_PATH}:/opt/ros/humble /home/bill8/.local/bin/cmake --install /home/bill8/billeagle_ws/bill_ws/build/bill
[0.663s] -- Install configuration: ""
[0.663s] -- Installing: /home/bill8/billeagle_ws/bill_ws/install/bill/share/bill/config
[0.663s] -- Installing: /home/bill8/billeagle_ws/bill_ws/install/bill/share/bill/config/ekf.yaml
[0.663s] -- Installing: /home/bill8/billeagle_ws/bill_ws/install/bill/share/bill/config/nav2_params.yaml
[0.663s] -- Installing: /home/bill8/billeagle_ws/bill_ws/install/bill/share/bill/config/gazebo_params.yaml
[0.663s] -- Installing: /home/bill8/billeagle_ws/bill_ws/install/bill/share/bill/config/amcl.yaml
[0.663s] -- Installing: /home/bill8/billeagle_ws/bill_ws/install/bill/share/bill/config/diff_drive_controller.yaml
[0.664s] -- Installing: /home/bill8/billeagle_ws/bill_ws/install/bill/share/bill/config/slam_params.yaml
[0.664s] -- Installing: /home/bill8/billeagle_ws/bill_ws/install/bill/share/bill/config/nav_params.yaml
[0.664s] -- Installing: /home/bill8/billeagle_ws/bill_ws/install/bill/share/bill/config/mecanum_drive_controller.yaml
[0.664s] -- Installing: /home/bill8/billeagle_ws/bill_ws/install/bill/share/bill/config/twist_mux_params.yaml
[0.664s] -- Installing: /home/bill8/billeagle_ws/bill_ws/install/bill/share/bill/description
[0.664s] -- Installing: /home/bill8/billeagle_ws/bill_ws/install/bill/share/bill/description/ros2_control.xacro
[0.664s] -- Installing: /home/bill8/billeagle_ws/bill_ws/install/bill/share/bill/description/robot_core.xacro
[0.664s] -- Installing: /home/bill8/billeagle_ws/bill_ws/install/bill/share/bill/description/gazebo_control.xacro
[0.664s] -- Installing: /home/bill8/billeagle_ws/bill_ws/install/bill/share/bill/description/robot.urdf.xacro
[0.664s] -- Installing: /home/bill8/billeagle_ws/bill_ws/install/bill/share/bill/description/common.xacro
[0.664s] -- Installing: /home/bill8/billeagle_ws/bill_ws/install/bill/share/bill/description/lidar.xacro
[0.664s] -- Installing: /home/bill8/billeagle_ws/bill_ws/install/bill/share/bill/launch
[0.664s] -- Installing: /home/bill8/billeagle_ws/bill_ws/install/bill/share/bill/launch/nav.launch.py
[0.664s] -- Installing: /home/bill8/billeagle_ws/bill_ws/install/bill/share/bill/launch/slam.launch.py
[0.665s] -- Installing: /home/bill8/billeagle_ws/bill_ws/install/bill/share/bill/launch/rsp.launch.py
[0.665s] -- Installing: /home/bill8/billeagle_ws/bill_ws/install/bill/share/bill/launch/nav2.launch.py
[0.665s] -- Installing: /home/bill8/billeagle_ws/bill_ws/install/bill/share/bill/launch/lidar.launch.py
[0.665s] -- Installing: /home/bill8/billeagle_ws/bill_ws/install/bill/share/bill/launch/robot.launch.py
[0.665s] -- Installing: /home/bill8/billeagle_ws/bill_ws/install/bill/share/bill/launch/localization.launch.py
[0.665s] -- Installing: /home/bill8/billeagle_ws/bill_ws/install/bill/share/bill/launch/sim.launch.py
[0.665s] -- Installing: /home/bill8/billeagle_ws/bill_ws/install/bill/share/bill/launch/amcl.launch.py
[0.665s] -- Installing: /home/bill8/billeagle_ws/bill_ws/install/bill/share/bill/worlds
[0.665s] -- Installing: /home/bill8/billeagle_ws/bill_ws/install/bill/share/bill/worlds/test.world
[0.665s] -- Installing: /home/bill8/billeagle_ws/bill_ws/install/bill/share/bill/worlds/empty.world
[0.665s] -- Installing: /home/bill8/billeagle_ws/bill_ws/install/bill/share/bill/rviz
[0.665s] -- Installing: /home/bill8/billeagle_ws/bill_ws/install/bill/share/bill/rviz/bot.rviz
[0.665s] -- Installing: /home/bill8/billeagle_ws/bill_ws/install/bill/share/ament_index/resource_index/package_run_dependencies/bill
[0.666s] -- Installing: /home/bill8/billeagle_ws/bill_ws/install/bill/share/ament_index/resource_index/parent_prefix_path/bill
[0.666s] -- Installing: /home/bill8/billeagle_ws/bill_ws/install/bill/share/bill/environment/ament_prefix_path.sh
[0.666s] -- Installing: /home/bill8/billeagle_ws/bill_ws/install/bill/share/bill/environment/ament_prefix_path.dsv
[0.666s] -- Installing: /home/bill8/billeagle_ws/bill_ws/install/bill/share/bill/environment/path.sh
[0.666s] -- Installing: /home/bill8/billeagle_ws/bill_ws/install/bill/share/bill/environment/path.dsv
[0.666s] -- Installing: /home/bill8/billeagle_ws/bill_ws/install/bill/share/bill/local_setup.bash
[0.666s] -- Installing: /home/bill8/billeagle_ws/bill_ws/install/bill/share/bill/local_setup.sh
[0.666s] -- Installing: /home/bill8/billeagle_ws/bill_ws/install/bill/share/bill/local_setup.zsh
[0.666s] -- Installing: /home/bill8/billeagle_ws/bill_ws/install/bill/share/bill/local_setup.dsv
[0.666s] -- Installing: /home/bill8/billeagle_ws/bill_ws/install/bill/share/bill/package.dsv
[0.666s] -- Installing: /home/bill8/billeagle_ws/bill_ws/install/bill/share/ament_index/resource_index/packages/bill
[0.666s] -- Installing: /home/bill8/billeagle_ws/bill_ws/install/bill/share/bill/cmake/billConfig.cmake
[0.666s] -- Installing: /home/bill8/billeagle_ws/bill_ws/install/bill/share/bill/cmake/billConfig-version.cmake
[0.666s] -- Installing: /home/bill8/billeagle_ws/bill_ws/install/bill/share/bill/package.xml
[0.667s] Invoked command in '/home/bill8/billeagle_ws/bill_ws/build/bill' returned '0': CMAKE_PREFIX_PATH=${CMAKE_PREFIX_PATH}:/opt/ros/humble /home/bill8/.local/bin/cmake --install /home/bill8/billeagle_ws/bill_ws/build/bill
