[0.136s] DEBUG:colcon:Command line arguments: ['/usr/bin/colcon', 'build']
[0.136s] DEBUG:colcon:Parsed command line arguments: Namespace(log_base=None, log_level=None, verb_name='build', build_base='build', install_base='install', merge_install=False, symlink_install=False, test_result_base=None, continue_on_error=False, executor='parallel', parallel_workers=16, event_handlers=None, ignore_user_meta=False, metas=['./colcon.meta'], base_paths=['.'], packages_ignore=None, packages_ignore_regex=None, paths=None, packages_up_to=None, packages_up_to_regex=None, packages_above=None, packages_above_and_dependencies=None, packages_above_depth=None, packages_select_by_dep=None, packages_skip_by_dep=None, packages_skip_up_to=None, packages_select_build_failed=False, packages_skip_build_finished=False, packages_select_test_failures=False, packages_skip_test_passed=False, packages_select=None, packages_skip=None, packages_select_regex=None, packages_skip_regex=None, packages_start=None, packages_end=None, allow_overriding=[], cmake_args=None, cmake_target=None, cmake_target_skip_unavailable=False, cmake_clean_cache=False, cmake_clean_first=False, cmake_force_configure=False, ament_cmake_args=None, catkin_cmake_args=None, catkin_skip_building_tests=False, mixin_files=None, mixin=None, verb_parser=<colcon_mixin.mixin.mixin_argument.MixinArgumentDecorator object at 0x70fd2755e740>, verb_extension=<colcon_core.verb.build.BuildVerb object at 0x70fd2755dfc0>, main=<bound method BuildVerb.main of <colcon_core.verb.build.BuildVerb object at 0x70fd2755dfc0>>, mixin_verb=('build',))
[0.357s] Level 1:colcon.colcon_core.package_discovery:discover_packages(colcon_meta) check parameters
[0.358s] Level 1:colcon.colcon_core.package_discovery:discover_packages(recursive) check parameters
[0.358s] Level 1:colcon.colcon_core.package_discovery:discover_packages(ignore) check parameters
[0.358s] Level 1:colcon.colcon_core.package_discovery:discover_packages(path) check parameters
[0.358s] Level 1:colcon.colcon_core.package_discovery:discover_packages(colcon_meta) discover
[0.358s] Level 1:colcon.colcon_core.package_discovery:discover_packages(recursive) discover
[0.358s] INFO:colcon.colcon_core.package_discovery:Crawling recursively for packages in '/home/vfran/billeagle_ws/lslidar_ws'
[0.358s] Level 1:colcon.colcon_core.package_identification:_identify(.) by extensions ['ignore', 'ignore_ament_install']
[0.358s] Level 1:colcon.colcon_core.package_identification:_identify(.) by extension 'ignore'
[0.358s] Level 1:colcon.colcon_core.package_identification:_identify(.) by extension 'ignore_ament_install'
[0.358s] Level 1:colcon.colcon_core.package_identification:_identify(.) by extensions ['colcon_pkg']
[0.358s] Level 1:colcon.colcon_core.package_identification:_identify(.) by extension 'colcon_pkg'
[0.358s] Level 1:colcon.colcon_core.package_identification:_identify(.) by extensions ['colcon_meta']
[0.358s] Level 1:colcon.colcon_core.package_identification:_identify(.) by extension 'colcon_meta'
[0.358s] Level 1:colcon.colcon_core.package_identification:_identify(.) by extensions ['ros']
[0.359s] Level 1:colcon.colcon_core.package_identification:_identify(.) by extension 'ros'
[0.373s] Level 1:colcon.colcon_core.package_identification:_identify(.) by extensions ['cmake', 'python']
[0.373s] Level 1:colcon.colcon_core.package_identification:_identify(.) by extension 'cmake'
[0.373s] Level 1:colcon.colcon_core.package_identification:_identify(.) by extension 'python'
[0.373s] Level 1:colcon.colcon_core.package_identification:_identify(.) by extensions ['python_setup_py']
[0.373s] Level 1:colcon.colcon_core.package_identification:_identify(.) by extension 'python_setup_py'
[0.373s] Level 1:colcon.colcon_core.package_identification:_identify(build) by extensions ['ignore', 'ignore_ament_install']
[0.373s] Level 1:colcon.colcon_core.package_identification:_identify(build) by extension 'ignore'
[0.373s] Level 1:colcon.colcon_core.package_identification:_identify(build) ignored
[0.374s] Level 1:colcon.colcon_core.package_identification:_identify(install) by extensions ['ignore', 'ignore_ament_install']
[0.374s] Level 1:colcon.colcon_core.package_identification:_identify(install) by extension 'ignore'
[0.374s] Level 1:colcon.colcon_core.package_identification:_identify(install) ignored
[0.374s] Level 1:colcon.colcon_core.package_identification:_identify(log) by extensions ['ignore', 'ignore_ament_install']
[0.374s] Level 1:colcon.colcon_core.package_identification:_identify(log) by extension 'ignore'
[0.374s] Level 1:colcon.colcon_core.package_identification:_identify(log) ignored
[0.374s] Level 1:colcon.colcon_core.package_identification:_identify(src) by extensions ['ignore', 'ignore_ament_install']
[0.374s] Level 1:colcon.colcon_core.package_identification:_identify(src) by extension 'ignore'
[0.374s] Level 1:colcon.colcon_core.package_identification:_identify(src) by extension 'ignore_ament_install'
[0.374s] Level 1:colcon.colcon_core.package_identification:_identify(src) by extensions ['colcon_pkg']
[0.374s] Level 1:colcon.colcon_core.package_identification:_identify(src) by extension 'colcon_pkg'
[0.374s] Level 1:colcon.colcon_core.package_identification:_identify(src) by extensions ['colcon_meta']
[0.374s] Level 1:colcon.colcon_core.package_identification:_identify(src) by extension 'colcon_meta'
[0.375s] Level 1:colcon.colcon_core.package_identification:_identify(src) by extensions ['ros']
[0.375s] Level 1:colcon.colcon_core.package_identification:_identify(src) by extension 'ros'
[0.375s] Level 1:colcon.colcon_core.package_identification:_identify(src) by extensions ['cmake', 'python']
[0.375s] Level 1:colcon.colcon_core.package_identification:_identify(src) by extension 'cmake'
[0.375s] Level 1:colcon.colcon_core.package_identification:_identify(src) by extension 'python'
[0.375s] Level 1:colcon.colcon_core.package_identification:_identify(src) by extensions ['python_setup_py']
[0.375s] Level 1:colcon.colcon_core.package_identification:_identify(src) by extension 'python_setup_py'
[0.375s] Level 1:colcon.colcon_core.package_identification:_identify(src/LSLIDAR_M10_N10_V2.5.2_230110_ROS2) by extensions ['ignore', 'ignore_ament_install']
[0.375s] Level 1:colcon.colcon_core.package_identification:_identify(src/LSLIDAR_M10_N10_V2.5.2_230110_ROS2) by extension 'ignore'
[0.375s] Level 1:colcon.colcon_core.package_identification:_identify(src/LSLIDAR_M10_N10_V2.5.2_230110_ROS2) by extension 'ignore_ament_install'
[0.375s] Level 1:colcon.colcon_core.package_identification:_identify(src/LSLIDAR_M10_N10_V2.5.2_230110_ROS2) by extensions ['colcon_pkg']
[0.375s] Level 1:colcon.colcon_core.package_identification:_identify(src/LSLIDAR_M10_N10_V2.5.2_230110_ROS2) by extension 'colcon_pkg'
[0.375s] Level 1:colcon.colcon_core.package_identification:_identify(src/LSLIDAR_M10_N10_V2.5.2_230110_ROS2) by extensions ['colcon_meta']
[0.375s] Level 1:colcon.colcon_core.package_identification:_identify(src/LSLIDAR_M10_N10_V2.5.2_230110_ROS2) by extension 'colcon_meta'
[0.375s] Level 1:colcon.colcon_core.package_identification:_identify(src/LSLIDAR_M10_N10_V2.5.2_230110_ROS2) by extensions ['ros']
[0.375s] Level 1:colcon.colcon_core.package_identification:_identify(src/LSLIDAR_M10_N10_V2.5.2_230110_ROS2) by extension 'ros'
[0.375s] Level 1:colcon.colcon_core.package_identification:_identify(src/LSLIDAR_M10_N10_V2.5.2_230110_ROS2) by extensions ['cmake', 'python']
[0.376s] Level 1:colcon.colcon_core.package_identification:_identify(src/LSLIDAR_M10_N10_V2.5.2_230110_ROS2) by extension 'cmake'
[0.376s] Level 1:colcon.colcon_core.package_identification:_identify(src/LSLIDAR_M10_N10_V2.5.2_230110_ROS2) by extension 'python'
[0.376s] Level 1:colcon.colcon_core.package_identification:_identify(src/LSLIDAR_M10_N10_V2.5.2_230110_ROS2) by extensions ['python_setup_py']
[0.376s] Level 1:colcon.colcon_core.package_identification:_identify(src/LSLIDAR_M10_N10_V2.5.2_230110_ROS2) by extension 'python_setup_py'
[0.376s] Level 1:colcon.colcon_core.package_identification:_identify(src/LSLIDAR_M10_N10_V2.5.2_230110_ROS2/lslidar_driver) by extensions ['ignore', 'ignore_ament_install']
[0.376s] Level 1:colcon.colcon_core.package_identification:_identify(src/LSLIDAR_M10_N10_V2.5.2_230110_ROS2/lslidar_driver) by extension 'ignore'
[0.376s] Level 1:colcon.colcon_core.package_identification:_identify(src/LSLIDAR_M10_N10_V2.5.2_230110_ROS2/lslidar_driver) by extension 'ignore_ament_install'
[0.376s] Level 1:colcon.colcon_core.package_identification:_identify(src/LSLIDAR_M10_N10_V2.5.2_230110_ROS2/lslidar_driver) by extensions ['colcon_pkg']
[0.376s] Level 1:colcon.colcon_core.package_identification:_identify(src/LSLIDAR_M10_N10_V2.5.2_230110_ROS2/lslidar_driver) by extension 'colcon_pkg'
[0.376s] Level 1:colcon.colcon_core.package_identification:_identify(src/LSLIDAR_M10_N10_V2.5.2_230110_ROS2/lslidar_driver) by extensions ['colcon_meta']
[0.376s] Level 1:colcon.colcon_core.package_identification:_identify(src/LSLIDAR_M10_N10_V2.5.2_230110_ROS2/lslidar_driver) by extension 'colcon_meta'
[0.376s] Level 1:colcon.colcon_core.package_identification:_identify(src/LSLIDAR_M10_N10_V2.5.2_230110_ROS2/lslidar_driver) by extensions ['ros']
[0.376s] Level 1:colcon.colcon_core.package_identification:_identify(src/LSLIDAR_M10_N10_V2.5.2_230110_ROS2/lslidar_driver) by extension 'ros'
[0.385s] DEBUG:colcon.colcon_core.package_identification:Package 'src/LSLIDAR_M10_N10_V2.5.2_230110_ROS2/lslidar_driver' with type 'ros.ament_cmake' and name 'lslidar_driver'
[0.385s] Level 1:colcon.colcon_core.package_identification:_identify(src/LSLIDAR_M10_N10_V2.5.2_230110_ROS2/lslidar_msgs) by extensions ['ignore', 'ignore_ament_install']
[0.385s] Level 1:colcon.colcon_core.package_identification:_identify(src/LSLIDAR_M10_N10_V2.5.2_230110_ROS2/lslidar_msgs) by extension 'ignore'
[0.385s] Level 1:colcon.colcon_core.package_identification:_identify(src/LSLIDAR_M10_N10_V2.5.2_230110_ROS2/lslidar_msgs) by extension 'ignore_ament_install'
[0.385s] Level 1:colcon.colcon_core.package_identification:_identify(src/LSLIDAR_M10_N10_V2.5.2_230110_ROS2/lslidar_msgs) by extensions ['colcon_pkg']
[0.385s] Level 1:colcon.colcon_core.package_identification:_identify(src/LSLIDAR_M10_N10_V2.5.2_230110_ROS2/lslidar_msgs) by extension 'colcon_pkg'
[0.386s] Level 1:colcon.colcon_core.package_identification:_identify(src/LSLIDAR_M10_N10_V2.5.2_230110_ROS2/lslidar_msgs) by extensions ['colcon_meta']
[0.386s] Level 1:colcon.colcon_core.package_identification:_identify(src/LSLIDAR_M10_N10_V2.5.2_230110_ROS2/lslidar_msgs) by extension 'colcon_meta'
[0.386s] Level 1:colcon.colcon_core.package_identification:_identify(src/LSLIDAR_M10_N10_V2.5.2_230110_ROS2/lslidar_msgs) by extensions ['ros']
[0.386s] Level 1:colcon.colcon_core.package_identification:_identify(src/LSLIDAR_M10_N10_V2.5.2_230110_ROS2/lslidar_msgs) by extension 'ros'
[0.405s] DEBUG:colcon.colcon_core.package_identification:Package 'src/LSLIDAR_M10_N10_V2.5.2_230110_ROS2/lslidar_msgs' with type 'ros.ament_cmake' and name 'lslidar_msgs'
[0.406s] Level 1:colcon.colcon_core.package_discovery:discover_packages(recursive) using defaults
[0.406s] Level 1:colcon.colcon_core.package_discovery:discover_packages(ignore) discover
[0.406s] Level 1:colcon.colcon_core.package_discovery:discover_packages(ignore) using defaults
[0.406s] Level 1:colcon.colcon_core.package_discovery:discover_packages(path) discover
[0.406s] Level 1:colcon.colcon_core.package_discovery:discover_packages(path) using defaults
[0.430s] Level 1:colcon.colcon_core.package_discovery:discover_packages(prefix_path) check parameters
[0.430s] Level 1:colcon.colcon_core.package_discovery:discover_packages(prefix_path) discover
[0.434s] DEBUG:colcon.colcon_installed_package_information.package_discovery:Found 428 installed packages in /opt/ros/humble
[0.436s] Level 1:colcon.colcon_core.package_discovery:discover_packages(prefix_path) using defaults
[0.498s] Level 5:colcon.colcon_core.verb:set package 'lslidar_msgs' build argument 'cmake_args' from command line to 'None'
[0.498s] Level 5:colcon.colcon_core.verb:set package 'lslidar_msgs' build argument 'cmake_target' from command line to 'None'
[0.498s] Level 5:colcon.colcon_core.verb:set package 'lslidar_msgs' build argument 'cmake_target_skip_unavailable' from command line to 'False'
[0.498s] Level 5:colcon.colcon_core.verb:set package 'lslidar_msgs' build argument 'cmake_clean_cache' from command line to 'False'
[0.498s] Level 5:colcon.colcon_core.verb:set package 'lslidar_msgs' build argument 'cmake_clean_first' from command line to 'False'
[0.499s] Level 5:colcon.colcon_core.verb:set package 'lslidar_msgs' build argument 'cmake_force_configure' from command line to 'False'
[0.499s] Level 5:colcon.colcon_core.verb:set package 'lslidar_msgs' build argument 'ament_cmake_args' from command line to 'None'
[0.499s] Level 5:colcon.colcon_core.verb:set package 'lslidar_msgs' build argument 'catkin_cmake_args' from command line to 'None'
[0.499s] Level 5:colcon.colcon_core.verb:set package 'lslidar_msgs' build argument 'catkin_skip_building_tests' from command line to 'False'
[0.499s] DEBUG:colcon.colcon_core.verb:Building package 'lslidar_msgs' with the following arguments: {'ament_cmake_args': None, 'build_base': '/home/vfran/billeagle_ws/lslidar_ws/build/lslidar_msgs', 'catkin_cmake_args': None, 'catkin_skip_building_tests': False, 'cmake_args': None, 'cmake_clean_cache': False, 'cmake_clean_first': False, 'cmake_force_configure': False, 'cmake_target': None, 'cmake_target_skip_unavailable': False, 'install_base': '/home/vfran/billeagle_ws/lslidar_ws/install/lslidar_msgs', 'merge_install': False, 'path': '/home/vfran/billeagle_ws/lslidar_ws/src/LSLIDAR_M10_N10_V2.5.2_230110_ROS2/lslidar_msgs', 'symlink_install': False, 'test_result_base': None}
[0.499s] Level 5:colcon.colcon_core.verb:set package 'lslidar_driver' build argument 'cmake_args' from command line to 'None'
[0.499s] Level 5:colcon.colcon_core.verb:set package 'lslidar_driver' build argument 'cmake_target' from command line to 'None'
[0.499s] Level 5:colcon.colcon_core.verb:set package 'lslidar_driver' build argument 'cmake_target_skip_unavailable' from command line to 'False'
[0.499s] Level 5:colcon.colcon_core.verb:set package 'lslidar_driver' build argument 'cmake_clean_cache' from command line to 'False'
[0.499s] Level 5:colcon.colcon_core.verb:set package 'lslidar_driver' build argument 'cmake_clean_first' from command line to 'False'
[0.499s] Level 5:colcon.colcon_core.verb:set package 'lslidar_driver' build argument 'cmake_force_configure' from command line to 'False'
[0.499s] Level 5:colcon.colcon_core.verb:set package 'lslidar_driver' build argument 'ament_cmake_args' from command line to 'None'
[0.499s] Level 5:colcon.colcon_core.verb:set package 'lslidar_driver' build argument 'catkin_cmake_args' from command line to 'None'
[0.499s] Level 5:colcon.colcon_core.verb:set package 'lslidar_driver' build argument 'catkin_skip_building_tests' from command line to 'False'
[0.499s] DEBUG:colcon.colcon_core.verb:Building package 'lslidar_driver' with the following arguments: {'ament_cmake_args': None, 'build_base': '/home/vfran/billeagle_ws/lslidar_ws/build/lslidar_driver', 'catkin_cmake_args': None, 'catkin_skip_building_tests': False, 'cmake_args': None, 'cmake_clean_cache': False, 'cmake_clean_first': False, 'cmake_force_configure': False, 'cmake_target': None, 'cmake_target_skip_unavailable': False, 'install_base': '/home/vfran/billeagle_ws/lslidar_ws/install/lslidar_driver', 'merge_install': False, 'path': '/home/vfran/billeagle_ws/lslidar_ws/src/LSLIDAR_M10_N10_V2.5.2_230110_ROS2/lslidar_driver', 'symlink_install': False, 'test_result_base': None}
[0.499s] INFO:colcon.colcon_core.executor:Executing jobs using 'parallel' executor
[0.501s] DEBUG:colcon.colcon_parallel_executor.executor.parallel:run_until_complete
[0.501s] INFO:colcon.colcon_ros.task.ament_cmake.build:Building ROS package in '/home/vfran/billeagle_ws/lslidar_ws/src/LSLIDAR_M10_N10_V2.5.2_230110_ROS2/lslidar_msgs' with build type 'ament_cmake'
[0.501s] INFO:colcon.colcon_cmake.task.cmake.build:Building CMake package in '/home/vfran/billeagle_ws/lslidar_ws/src/LSLIDAR_M10_N10_V2.5.2_230110_ROS2/lslidar_msgs'
[0.504s] INFO:colcon.colcon_core.plugin_system:Skipping extension 'colcon_core.shell.bat': Not used on non-Windows systems
[0.504s] INFO:colcon.colcon_core.shell:Skip shell extension 'powershell' for command environment: Not usable outside of PowerShell
[0.504s] DEBUG:colcon.colcon_core.shell:Skip shell extension 'dsv' for command environment
[0.520s] DEBUG:colcon.colcon_core.event_handler.log_command:Invoking command in '/home/vfran/billeagle_ws/lslidar_ws/build/lslidar_msgs': CMAKE_PREFIX_PATH=/opt/ros/humble /usr/local/bin/cmake /home/vfran/billeagle_ws/lslidar_ws/src/LSLIDAR_M10_N10_V2.5.2_230110_ROS2/lslidar_msgs -DCMAKE_INSTALL_PREFIX=/home/vfran/billeagle_ws/lslidar_ws/install/lslidar_msgs
[2.428s] DEBUG:colcon.colcon_core.event_handler.log_command:Invoked command in '/home/vfran/billeagle_ws/lslidar_ws/build/lslidar_msgs' returned '0': CMAKE_PREFIX_PATH=/opt/ros/humble /usr/local/bin/cmake /home/vfran/billeagle_ws/lslidar_ws/src/LSLIDAR_M10_N10_V2.5.2_230110_ROS2/lslidar_msgs -DCMAKE_INSTALL_PREFIX=/home/vfran/billeagle_ws/lslidar_ws/install/lslidar_msgs
[2.431s] DEBUG:colcon.colcon_core.event_handler.log_command:Invoking command in '/home/vfran/billeagle_ws/lslidar_ws/build/lslidar_msgs': CMAKE_PREFIX_PATH=/opt/ros/humble /usr/local/bin/cmake --build /home/vfran/billeagle_ws/lslidar_ws/build/lslidar_msgs -- -j16 -l16
[6.158s] DEBUG:colcon.colcon_core.event_handler.log_command:Invoked command in '/home/vfran/billeagle_ws/lslidar_ws/build/lslidar_msgs' returned '0': CMAKE_PREFIX_PATH=/opt/ros/humble /usr/local/bin/cmake --build /home/vfran/billeagle_ws/lslidar_ws/build/lslidar_msgs -- -j16 -l16
[6.167s] DEBUG:colcon.colcon_core.event_handler.log_command:Invoking command in '/home/vfran/billeagle_ws/lslidar_ws/build/lslidar_msgs': CMAKE_PREFIX_PATH=/opt/ros/humble /usr/local/bin/cmake --install /home/vfran/billeagle_ws/lslidar_ws/build/lslidar_msgs
[6.269s] Level 1:colcon.colcon_core.environment:create_environment_scripts_only(lslidar_msgs)
[6.270s] DEBUG:colcon.colcon_core.event_handler.log_command:Invoked command in '/home/vfran/billeagle_ws/lslidar_ws/build/lslidar_msgs' returned '0': CMAKE_PREFIX_PATH=/opt/ros/humble /usr/local/bin/cmake --install /home/vfran/billeagle_ws/lslidar_ws/build/lslidar_msgs
[6.273s] Level 1:colcon.colcon_core.environment:checking '/home/vfran/billeagle_ws/lslidar_ws/install/lslidar_msgs' for CMake module files
[6.273s] Level 1:colcon.colcon_core.environment:checking '/home/vfran/billeagle_ws/lslidar_ws/install/lslidar_msgs' for CMake config files
[6.273s] Level 1:colcon.colcon_core.shell:create_environment_hook('lslidar_msgs', 'cmake_prefix_path')
[6.274s] INFO:colcon.colcon_core.shell:Creating environment hook '/home/vfran/billeagle_ws/lslidar_ws/install/lslidar_msgs/share/lslidar_msgs/hook/cmake_prefix_path.ps1'
[6.274s] INFO:colcon.colcon_core.shell:Creating environment descriptor '/home/vfran/billeagle_ws/lslidar_ws/install/lslidar_msgs/share/lslidar_msgs/hook/cmake_prefix_path.dsv'
[6.275s] INFO:colcon.colcon_core.shell:Creating environment hook '/home/vfran/billeagle_ws/lslidar_ws/install/lslidar_msgs/share/lslidar_msgs/hook/cmake_prefix_path.sh'
[6.276s] Level 1:colcon.colcon_core.environment:checking '/home/vfran/billeagle_ws/lslidar_ws/install/lslidar_msgs/lib'
[6.276s] Level 1:colcon.colcon_core.shell:create_environment_hook('lslidar_msgs', 'ld_library_path_lib')
[6.276s] INFO:colcon.colcon_core.shell:Creating environment hook '/home/vfran/billeagle_ws/lslidar_ws/install/lslidar_msgs/share/lslidar_msgs/hook/ld_library_path_lib.ps1'
[6.277s] INFO:colcon.colcon_core.shell:Creating environment descriptor '/home/vfran/billeagle_ws/lslidar_ws/install/lslidar_msgs/share/lslidar_msgs/hook/ld_library_path_lib.dsv'
[6.277s] INFO:colcon.colcon_core.shell:Creating environment hook '/home/vfran/billeagle_ws/lslidar_ws/install/lslidar_msgs/share/lslidar_msgs/hook/ld_library_path_lib.sh'
[6.277s] Level 1:colcon.colcon_core.environment:checking '/home/vfran/billeagle_ws/lslidar_ws/install/lslidar_msgs/bin'
[6.277s] Level 1:colcon.colcon_core.environment:checking '/home/vfran/billeagle_ws/lslidar_ws/install/lslidar_msgs/lib/pkgconfig/lslidar_msgs.pc'
[6.278s] Level 1:colcon.colcon_core.environment:checking '/home/vfran/billeagle_ws/lslidar_ws/install/lslidar_msgs/lib/python3.10/site-packages'
[6.278s] Level 1:colcon.colcon_core.environment:checking '/home/vfran/billeagle_ws/lslidar_ws/install/lslidar_msgs/bin'
[6.278s] INFO:colcon.colcon_core.shell:Creating package script '/home/vfran/billeagle_ws/lslidar_ws/install/lslidar_msgs/share/lslidar_msgs/package.ps1'
[6.279s] INFO:colcon.colcon_core.shell:Creating package descriptor '/home/vfran/billeagle_ws/lslidar_ws/install/lslidar_msgs/share/lslidar_msgs/package.dsv'
[6.280s] INFO:colcon.colcon_core.shell:Creating package script '/home/vfran/billeagle_ws/lslidar_ws/install/lslidar_msgs/share/lslidar_msgs/package.sh'
[6.280s] INFO:colcon.colcon_core.shell:Creating package script '/home/vfran/billeagle_ws/lslidar_ws/install/lslidar_msgs/share/lslidar_msgs/package.bash'
[6.281s] INFO:colcon.colcon_core.shell:Creating package script '/home/vfran/billeagle_ws/lslidar_ws/install/lslidar_msgs/share/lslidar_msgs/package.zsh'
[6.282s] Level 1:colcon.colcon_core.environment:create_file_with_runtime_dependencies(/home/vfran/billeagle_ws/lslidar_ws/install/lslidar_msgs/share/colcon-core/packages/lslidar_msgs)
[6.283s] Level 1:colcon.colcon_core.environment:create_environment_scripts_only(lslidar_msgs)
[6.283s] Level 1:colcon.colcon_core.environment:checking '/home/vfran/billeagle_ws/lslidar_ws/install/lslidar_msgs' for CMake module files
[6.283s] Level 1:colcon.colcon_core.environment:checking '/home/vfran/billeagle_ws/lslidar_ws/install/lslidar_msgs' for CMake config files
[6.284s] Level 1:colcon.colcon_core.shell:create_environment_hook('lslidar_msgs', 'cmake_prefix_path')
[6.284s] INFO:colcon.colcon_core.shell:Creating environment hook '/home/vfran/billeagle_ws/lslidar_ws/install/lslidar_msgs/share/lslidar_msgs/hook/cmake_prefix_path.ps1'
[6.284s] INFO:colcon.colcon_core.shell:Creating environment descriptor '/home/vfran/billeagle_ws/lslidar_ws/install/lslidar_msgs/share/lslidar_msgs/hook/cmake_prefix_path.dsv'
[6.285s] INFO:colcon.colcon_core.shell:Creating environment hook '/home/vfran/billeagle_ws/lslidar_ws/install/lslidar_msgs/share/lslidar_msgs/hook/cmake_prefix_path.sh'
[6.285s] Level 1:colcon.colcon_core.environment:checking '/home/vfran/billeagle_ws/lslidar_ws/install/lslidar_msgs/lib'
[6.285s] Level 1:colcon.colcon_core.shell:create_environment_hook('lslidar_msgs', 'ld_library_path_lib')
[6.286s] INFO:colcon.colcon_core.shell:Creating environment hook '/home/vfran/billeagle_ws/lslidar_ws/install/lslidar_msgs/share/lslidar_msgs/hook/ld_library_path_lib.ps1'
[6.286s] INFO:colcon.colcon_core.shell:Creating environment descriptor '/home/vfran/billeagle_ws/lslidar_ws/install/lslidar_msgs/share/lslidar_msgs/hook/ld_library_path_lib.dsv'
[6.286s] INFO:colcon.colcon_core.shell:Creating environment hook '/home/vfran/billeagle_ws/lslidar_ws/install/lslidar_msgs/share/lslidar_msgs/hook/ld_library_path_lib.sh'
[6.287s] Level 1:colcon.colcon_core.environment:checking '/home/vfran/billeagle_ws/lslidar_ws/install/lslidar_msgs/bin'
[6.287s] Level 1:colcon.colcon_core.environment:checking '/home/vfran/billeagle_ws/lslidar_ws/install/lslidar_msgs/lib/pkgconfig/lslidar_msgs.pc'
[6.287s] Level 1:colcon.colcon_core.environment:checking '/home/vfran/billeagle_ws/lslidar_ws/install/lslidar_msgs/lib/python3.10/site-packages'
[6.287s] Level 1:colcon.colcon_core.environment:checking '/home/vfran/billeagle_ws/lslidar_ws/install/lslidar_msgs/bin'
[6.288s] INFO:colcon.colcon_core.shell:Creating package script '/home/vfran/billeagle_ws/lslidar_ws/install/lslidar_msgs/share/lslidar_msgs/package.ps1'
[6.288s] INFO:colcon.colcon_core.shell:Creating package descriptor '/home/vfran/billeagle_ws/lslidar_ws/install/lslidar_msgs/share/lslidar_msgs/package.dsv'
[6.289s] INFO:colcon.colcon_core.shell:Creating package script '/home/vfran/billeagle_ws/lslidar_ws/install/lslidar_msgs/share/lslidar_msgs/package.sh'
[6.289s] INFO:colcon.colcon_core.shell:Creating package script '/home/vfran/billeagle_ws/lslidar_ws/install/lslidar_msgs/share/lslidar_msgs/package.bash'
[6.290s] INFO:colcon.colcon_core.shell:Creating package script '/home/vfran/billeagle_ws/lslidar_ws/install/lslidar_msgs/share/lslidar_msgs/package.zsh'
[6.290s] Level 1:colcon.colcon_core.environment:create_file_with_runtime_dependencies(/home/vfran/billeagle_ws/lslidar_ws/install/lslidar_msgs/share/colcon-core/packages/lslidar_msgs)
[6.291s] INFO:colcon.colcon_ros.task.ament_cmake.build:Building ROS package in '/home/vfran/billeagle_ws/lslidar_ws/src/LSLIDAR_M10_N10_V2.5.2_230110_ROS2/lslidar_driver' with build type 'ament_cmake'
[6.291s] INFO:colcon.colcon_cmake.task.cmake.build:Building CMake package in '/home/vfran/billeagle_ws/lslidar_ws/src/LSLIDAR_M10_N10_V2.5.2_230110_ROS2/lslidar_driver'
[6.292s] INFO:colcon.colcon_core.shell:Skip shell extension 'powershell' for command environment: Not usable outside of PowerShell
[6.292s] DEBUG:colcon.colcon_core.shell:Skip shell extension 'dsv' for command environment
[6.311s] DEBUG:colcon.colcon_core.event_handler.log_command:Invoking command in '/home/vfran/billeagle_ws/lslidar_ws/build/lslidar_driver': AMENT_PREFIX_PATH=/home/vfran/billeagle_ws/lslidar_ws/install/lslidar_msgs:${AMENT_PREFIX_PATH} CMAKE_PREFIX_PATH=/home/vfran/billeagle_ws/lslidar_ws/install/lslidar_msgs:/opt/ros/humble LD_LIBRARY_PATH=/home/vfran/billeagle_ws/lslidar_ws/install/lslidar_msgs/lib:${LD_LIBRARY_PATH} PYTHONPATH=/home/vfran/billeagle_ws/lslidar_ws/install/lslidar_msgs/local/lib/python3.10/dist-packages:${PYTHONPATH} /usr/local/bin/cmake /home/vfran/billeagle_ws/lslidar_ws/src/LSLIDAR_M10_N10_V2.5.2_230110_ROS2/lslidar_driver -DCMAKE_INSTALL_PREFIX=/home/vfran/billeagle_ws/lslidar_ws/install/lslidar_driver
[11.016s] DEBUG:colcon.colcon_core.event_handler.log_command:Invoked command in '/home/vfran/billeagle_ws/lslidar_ws/build/lslidar_driver' returned '0': AMENT_PREFIX_PATH=/home/vfran/billeagle_ws/lslidar_ws/install/lslidar_msgs:${AMENT_PREFIX_PATH} CMAKE_PREFIX_PATH=/home/vfran/billeagle_ws/lslidar_ws/install/lslidar_msgs:/opt/ros/humble LD_LIBRARY_PATH=/home/vfran/billeagle_ws/lslidar_ws/install/lslidar_msgs/lib:${LD_LIBRARY_PATH} PYTHONPATH=/home/vfran/billeagle_ws/lslidar_ws/install/lslidar_msgs/local/lib/python3.10/dist-packages:${PYTHONPATH} /usr/local/bin/cmake /home/vfran/billeagle_ws/lslidar_ws/src/LSLIDAR_M10_N10_V2.5.2_230110_ROS2/lslidar_driver -DCMAKE_INSTALL_PREFIX=/home/vfran/billeagle_ws/lslidar_ws/install/lslidar_driver
[11.018s] DEBUG:colcon.colcon_core.event_handler.log_command:Invoking command in '/home/vfran/billeagle_ws/lslidar_ws/build/lslidar_driver': AMENT_PREFIX_PATH=/home/vfran/billeagle_ws/lslidar_ws/install/lslidar_msgs:${AMENT_PREFIX_PATH} CMAKE_PREFIX_PATH=/home/vfran/billeagle_ws/lslidar_ws/install/lslidar_msgs:/opt/ros/humble LD_LIBRARY_PATH=/home/vfran/billeagle_ws/lslidar_ws/install/lslidar_msgs/lib:${LD_LIBRARY_PATH} PYTHONPATH=/home/vfran/billeagle_ws/lslidar_ws/install/lslidar_msgs/local/lib/python3.10/dist-packages:${PYTHONPATH} /usr/local/bin/cmake --build /home/vfran/billeagle_ws/lslidar_ws/build/lslidar_driver -- -j16 -l16
[27.492s] DEBUG:colcon.colcon_core.event_handler.log_command:Invoked command in '/home/vfran/billeagle_ws/lslidar_ws/build/lslidar_driver' returned '0': AMENT_PREFIX_PATH=/home/vfran/billeagle_ws/lslidar_ws/install/lslidar_msgs:${AMENT_PREFIX_PATH} CMAKE_PREFIX_PATH=/home/vfran/billeagle_ws/lslidar_ws/install/lslidar_msgs:/opt/ros/humble LD_LIBRARY_PATH=/home/vfran/billeagle_ws/lslidar_ws/install/lslidar_msgs/lib:${LD_LIBRARY_PATH} PYTHONPATH=/home/vfran/billeagle_ws/lslidar_ws/install/lslidar_msgs/local/lib/python3.10/dist-packages:${PYTHONPATH} /usr/local/bin/cmake --build /home/vfran/billeagle_ws/lslidar_ws/build/lslidar_driver -- -j16 -l16
[27.495s] DEBUG:colcon.colcon_core.event_handler.log_command:Invoking command in '/home/vfran/billeagle_ws/lslidar_ws/build/lslidar_driver': AMENT_PREFIX_PATH=/home/vfran/billeagle_ws/lslidar_ws/install/lslidar_msgs:${AMENT_PREFIX_PATH} CMAKE_PREFIX_PATH=/home/vfran/billeagle_ws/lslidar_ws/install/lslidar_msgs:/opt/ros/humble LD_LIBRARY_PATH=/home/vfran/billeagle_ws/lslidar_ws/install/lslidar_msgs/lib:${LD_LIBRARY_PATH} PYTHONPATH=/home/vfran/billeagle_ws/lslidar_ws/install/lslidar_msgs/local/lib/python3.10/dist-packages:${PYTHONPATH} /usr/local/bin/cmake --install /home/vfran/billeagle_ws/lslidar_ws/build/lslidar_driver
[27.509s] Level 1:colcon.colcon_core.environment:create_environment_scripts_only(lslidar_driver)
[27.510s] Level 1:colcon.colcon_core.environment:checking '/home/vfran/billeagle_ws/lslidar_ws/install/lslidar_driver' for CMake module files
[27.510s] DEBUG:colcon.colcon_core.event_handler.log_command:Invoked command in '/home/vfran/billeagle_ws/lslidar_ws/build/lslidar_driver' returned '0': AMENT_PREFIX_PATH=/home/vfran/billeagle_ws/lslidar_ws/install/lslidar_msgs:${AMENT_PREFIX_PATH} CMAKE_PREFIX_PATH=/home/vfran/billeagle_ws/lslidar_ws/install/lslidar_msgs:/opt/ros/humble LD_LIBRARY_PATH=/home/vfran/billeagle_ws/lslidar_ws/install/lslidar_msgs/lib:${LD_LIBRARY_PATH} PYTHONPATH=/home/vfran/billeagle_ws/lslidar_ws/install/lslidar_msgs/local/lib/python3.10/dist-packages:${PYTHONPATH} /usr/local/bin/cmake --install /home/vfran/billeagle_ws/lslidar_ws/build/lslidar_driver
[27.511s] Level 1:colcon.colcon_core.environment:checking '/home/vfran/billeagle_ws/lslidar_ws/install/lslidar_driver' for CMake config files
[27.512s] Level 1:colcon.colcon_core.shell:create_environment_hook('lslidar_driver', 'cmake_prefix_path')
[27.512s] INFO:colcon.colcon_core.shell:Creating environment hook '/home/vfran/billeagle_ws/lslidar_ws/install/lslidar_driver/share/lslidar_driver/hook/cmake_prefix_path.ps1'
[27.512s] INFO:colcon.colcon_core.shell:Creating environment descriptor '/home/vfran/billeagle_ws/lslidar_ws/install/lslidar_driver/share/lslidar_driver/hook/cmake_prefix_path.dsv'
[27.512s] INFO:colcon.colcon_core.shell:Creating environment hook '/home/vfran/billeagle_ws/lslidar_ws/install/lslidar_driver/share/lslidar_driver/hook/cmake_prefix_path.sh'
[27.513s] Level 1:colcon.colcon_core.environment:checking '/home/vfran/billeagle_ws/lslidar_ws/install/lslidar_driver/lib'
[27.513s] Level 1:colcon.colcon_core.environment:checking '/home/vfran/billeagle_ws/lslidar_ws/install/lslidar_driver/bin'
[27.513s] Level 1:colcon.colcon_core.environment:checking '/home/vfran/billeagle_ws/lslidar_ws/install/lslidar_driver/lib/pkgconfig/lslidar_driver.pc'
[27.513s] Level 1:colcon.colcon_core.environment:checking '/home/vfran/billeagle_ws/lslidar_ws/install/lslidar_driver/lib/python3.10/site-packages'
[27.513s] Level 1:colcon.colcon_core.environment:checking '/home/vfran/billeagle_ws/lslidar_ws/install/lslidar_driver/bin'
[27.513s] INFO:colcon.colcon_core.shell:Creating package script '/home/vfran/billeagle_ws/lslidar_ws/install/lslidar_driver/share/lslidar_driver/package.ps1'
[27.514s] INFO:colcon.colcon_core.shell:Creating package descriptor '/home/vfran/billeagle_ws/lslidar_ws/install/lslidar_driver/share/lslidar_driver/package.dsv'
[27.514s] INFO:colcon.colcon_core.shell:Creating package script '/home/vfran/billeagle_ws/lslidar_ws/install/lslidar_driver/share/lslidar_driver/package.sh'
[27.514s] INFO:colcon.colcon_core.shell:Creating package script '/home/vfran/billeagle_ws/lslidar_ws/install/lslidar_driver/share/lslidar_driver/package.bash'
[27.515s] INFO:colcon.colcon_core.shell:Creating package script '/home/vfran/billeagle_ws/lslidar_ws/install/lslidar_driver/share/lslidar_driver/package.zsh'
[27.515s] Level 1:colcon.colcon_core.environment:create_file_with_runtime_dependencies(/home/vfran/billeagle_ws/lslidar_ws/install/lslidar_driver/share/colcon-core/packages/lslidar_driver)
[27.515s] Level 1:colcon.colcon_core.environment:create_environment_scripts_only(lslidar_driver)
[27.515s] Level 1:colcon.colcon_core.environment:checking '/home/vfran/billeagle_ws/lslidar_ws/install/lslidar_driver' for CMake module files
[27.516s] Level 1:colcon.colcon_core.environment:checking '/home/vfran/billeagle_ws/lslidar_ws/install/lslidar_driver' for CMake config files
[27.516s] Level 1:colcon.colcon_core.shell:create_environment_hook('lslidar_driver', 'cmake_prefix_path')
[27.516s] INFO:colcon.colcon_core.shell:Creating environment hook '/home/vfran/billeagle_ws/lslidar_ws/install/lslidar_driver/share/lslidar_driver/hook/cmake_prefix_path.ps1'
[27.517s] INFO:colcon.colcon_core.shell:Creating environment descriptor '/home/vfran/billeagle_ws/lslidar_ws/install/lslidar_driver/share/lslidar_driver/hook/cmake_prefix_path.dsv'
[27.517s] INFO:colcon.colcon_core.shell:Creating environment hook '/home/vfran/billeagle_ws/lslidar_ws/install/lslidar_driver/share/lslidar_driver/hook/cmake_prefix_path.sh'
[27.517s] Level 1:colcon.colcon_core.environment:checking '/home/vfran/billeagle_ws/lslidar_ws/install/lslidar_driver/lib'
[27.517s] Level 1:colcon.colcon_core.environment:checking '/home/vfran/billeagle_ws/lslidar_ws/install/lslidar_driver/bin'
[27.517s] Level 1:colcon.colcon_core.environment:checking '/home/vfran/billeagle_ws/lslidar_ws/install/lslidar_driver/lib/pkgconfig/lslidar_driver.pc'
[27.517s] Level 1:colcon.colcon_core.environment:checking '/home/vfran/billeagle_ws/lslidar_ws/install/lslidar_driver/lib/python3.10/site-packages'
[27.518s] Level 1:colcon.colcon_core.environment:checking '/home/vfran/billeagle_ws/lslidar_ws/install/lslidar_driver/bin'
[27.518s] INFO:colcon.colcon_core.shell:Creating package script '/home/vfran/billeagle_ws/lslidar_ws/install/lslidar_driver/share/lslidar_driver/package.ps1'
[27.518s] INFO:colcon.colcon_core.shell:Creating package descriptor '/home/vfran/billeagle_ws/lslidar_ws/install/lslidar_driver/share/lslidar_driver/package.dsv'
[27.519s] INFO:colcon.colcon_core.shell:Creating package script '/home/vfran/billeagle_ws/lslidar_ws/install/lslidar_driver/share/lslidar_driver/package.sh'
[27.519s] INFO:colcon.colcon_core.shell:Creating package script '/home/vfran/billeagle_ws/lslidar_ws/install/lslidar_driver/share/lslidar_driver/package.bash'
[27.519s] INFO:colcon.colcon_core.shell:Creating package script '/home/vfran/billeagle_ws/lslidar_ws/install/lslidar_driver/share/lslidar_driver/package.zsh'
[27.520s] Level 1:colcon.colcon_core.environment:create_file_with_runtime_dependencies(/home/vfran/billeagle_ws/lslidar_ws/install/lslidar_driver/share/colcon-core/packages/lslidar_driver)
[27.520s] DEBUG:colcon.colcon_parallel_executor.executor.parallel:closing loop
[27.520s] DEBUG:colcon.colcon_parallel_executor.executor.parallel:loop closed
[27.520s] DEBUG:colcon.colcon_parallel_executor.executor.parallel:run_until_complete finished with '0'
[27.520s] DEBUG:colcon.colcon_core.event_reactor:joining thread
[27.526s] INFO:colcon.colcon_core.plugin_system:Skipping extension 'colcon_notification.desktop_notification.terminal_notifier': Not used on non-Darwin systems
[27.526s] INFO:colcon.colcon_core.plugin_system:Skipping extension 'colcon_notification.desktop_notification.win32': Not used on non-Windows systems
[27.526s] INFO:colcon.colcon_notification.desktop_notification:Sending desktop notification using 'notify2'
[27.540s] DEBUG:colcon.colcon_core.event_reactor:joined thread
[27.541s] INFO:colcon.colcon_core.shell:Creating prefix script '/home/vfran/billeagle_ws/lslidar_ws/install/local_setup.ps1'
[27.542s] INFO:colcon.colcon_core.shell:Creating prefix util module '/home/vfran/billeagle_ws/lslidar_ws/install/_local_setup_util_ps1.py'
[27.543s] INFO:colcon.colcon_core.shell:Creating prefix chain script '/home/vfran/billeagle_ws/lslidar_ws/install/setup.ps1'
[27.544s] INFO:colcon.colcon_core.shell:Creating prefix script '/home/vfran/billeagle_ws/lslidar_ws/install/local_setup.sh'
[27.544s] INFO:colcon.colcon_core.shell:Creating prefix util module '/home/vfran/billeagle_ws/lslidar_ws/install/_local_setup_util_sh.py'
[27.544s] INFO:colcon.colcon_core.shell:Creating prefix chain script '/home/vfran/billeagle_ws/lslidar_ws/install/setup.sh'
[27.545s] INFO:colcon.colcon_core.shell:Creating prefix script '/home/vfran/billeagle_ws/lslidar_ws/install/local_setup.bash'
[27.545s] INFO:colcon.colcon_core.shell:Creating prefix chain script '/home/vfran/billeagle_ws/lslidar_ws/install/setup.bash'
[27.546s] INFO:colcon.colcon_core.shell:Creating prefix script '/home/vfran/billeagle_ws/lslidar_ws/install/local_setup.zsh'
[27.546s] INFO:colcon.colcon_core.shell:Creating prefix chain script '/home/vfran/billeagle_ws/lslidar_ws/install/setup.zsh'
