[1.775s] Invoking command in '/home/vfran/billeagle_ws/nav_ws/src/task_nav': PYTHONPATH=/home/vfran/billeagle_ws/nav_ws/build/task_nav/prefix_override:/usr/lib/python3/dist-packages/colcon_core/task/python/colcon_distutils_commands:/home/vfran/billeagle_ws/nav_ws/install/task_nav/lib/python3.10/site-packages:${PYTHONPATH} /usr/bin/python3 -W ignore:setup.py install is deprecated -W ignore:easy_install command is deprecated setup.py egg_info --egg-base ../../build/task_nav build --build-base /home/vfran/billeagle_ws/nav_ws/build/task_nav/build install --record /home/vfran/billeagle_ws/nav_ws/build/task_nav/install.log --single-version-externally-managed install_data
[2.404s] running egg_info
[2.406s] writing ../../build/task_nav/task_nav.egg-info/PKG-INFO
[2.406s] writing dependency_links to ../../build/task_nav/task_nav.egg-info/dependency_links.txt
[2.407s] writing entry points to ../../build/task_nav/task_nav.egg-info/entry_points.txt
[2.407s] writing requirements to ../../build/task_nav/task_nav.egg-info/requires.txt
[2.407s] writing top-level names to ../../build/task_nav/task_nav.egg-info/top_level.txt
[2.412s] reading manifest file '../../build/task_nav/task_nav.egg-info/SOURCES.txt'
[2.415s] writing manifest file '../../build/task_nav/task_nav.egg-info/SOURCES.txt'
[2.415s] running build
[2.415s] running build_py
[2.416s] copying task_nav/mecanum_drive.py -> /home/vfran/billeagle_ws/nav_ws/build/task_nav/build/lib/task_nav
[2.417s] running install
[2.418s] running install_lib
[2.420s] copying /home/vfran/billeagle_ws/nav_ws/build/task_nav/build/lib/task_nav/mecanum_drive.py -> /home/vfran/billeagle_ws/nav_ws/install/task_nav/lib/python3.10/site-packages/task_nav
[2.422s] byte-compiling /home/vfran/billeagle_ws/nav_ws/install/task_nav/lib/python3.10/site-packages/task_nav/mecanum_drive.py to mecanum_drive.cpython-310.pyc
[2.425s] running install_data
[2.425s] running install_egg_info
[2.430s] removing '/home/vfran/billeagle_ws/nav_ws/install/task_nav/lib/python3.10/site-packages/task_nav-0.0.0-py3.10.egg-info' (and everything under it)
[2.431s] Copying ../../build/task_nav/task_nav.egg-info to /home/vfran/billeagle_ws/nav_ws/install/task_nav/lib/python3.10/site-packages/task_nav-0.0.0-py3.10.egg-info
[2.434s] running install_scripts
[2.482s] Installing fake_node script to /home/vfran/billeagle_ws/nav_ws/install/task_nav/lib/task_nav
[2.482s] Installing goal_pose script to /home/vfran/billeagle_ws/nav_ws/install/task_nav/lib/task_nav
[2.482s] Installing init_pose script to /home/vfran/billeagle_ws/nav_ws/install/task_nav/lib/task_nav
[2.483s] Installing inspection_routine script to /home/vfran/billeagle_ws/nav_ws/install/task_nav/lib/task_nav
[2.483s] Installing mecanum_drive script to /home/vfran/billeagle_ws/nav_ws/install/task_nav/lib/task_nav
[2.483s] Installing object_avoidance script to /home/vfran/billeagle_ws/nav_ws/install/task_nav/lib/task_nav
[2.484s] Installing pub_turned script to /home/vfran/billeagle_ws/nav_ws/install/task_nav/lib/task_nav
[2.484s] Installing turn_around script to /home/vfran/billeagle_ws/nav_ws/install/task_nav/lib/task_nav
[2.485s] writing list of installed files to '/home/vfran/billeagle_ws/nav_ws/build/task_nav/install.log'
[2.543s] Invoked command in '/home/vfran/billeagle_ws/nav_ws/src/task_nav' returned '0': PYTHONPATH=/home/vfran/billeagle_ws/nav_ws/build/task_nav/prefix_override:/usr/lib/python3/dist-packages/colcon_core/task/python/colcon_distutils_commands:/home/vfran/billeagle_ws/nav_ws/install/task_nav/lib/python3.10/site-packages:${PYTHONPATH} /usr/bin/python3 -W ignore:setup.py install is deprecated -W ignore:easy_install command is deprecated setup.py egg_info --egg-base ../../build/task_nav build --build-base /home/vfran/billeagle_ws/nav_ws/build/task_nav/build install --record /home/vfran/billeagle_ws/nav_ws/build/task_nav/install.log --single-version-externally-managed install_data
