[0.133s] DEBUG:colcon:Command line arguments: ['/usr/bin/colcon', 'build']
[0.133s] DEBUG:colcon:Parsed command line arguments: Namespace(log_base=None, log_level=None, verb_name='build', build_base='build', install_base='install', merge_install=False, symlink_install=False, test_result_base=None, continue_on_error=False, executor='parallel', parallel_workers=16, event_handlers=None, ignore_user_meta=False, metas=['./colcon.meta'], base_paths=['.'], packages_ignore=None, packages_ignore_regex=None, paths=None, packages_up_to=None, packages_up_to_regex=None, packages_above=None, packages_above_and_dependencies=None, packages_above_depth=None, packages_select_by_dep=None, packages_skip_by_dep=None, packages_skip_up_to=None, packages_select_build_failed=False, packages_skip_build_finished=False, packages_select_test_failures=False, packages_skip_test_passed=False, packages_select=None, packages_skip=None, packages_select_regex=None, packages_skip_regex=None, packages_start=None, packages_end=None, allow_overriding=[], cmake_args=None, cmake_target=None, cmake_target_skip_unavailable=False, cmake_clean_cache=False, cmake_clean_first=False, cmake_force_configure=False, ament_cmake_args=None, catkin_cmake_args=None, catkin_skip_building_tests=False, verb_parser=<colcon_defaults.argument_parser.defaults.DefaultArgumentsDecorator object at 0x7ee5f6272650>, verb_extension=<colcon_core.verb.build.BuildVerb object at 0x7ee5f63eac20>, main=<bound method BuildVerb.main of <colcon_core.verb.build.BuildVerb object at 0x7ee5f63eac20>>)
[0.353s] Level 1:colcon.colcon_core.package_discovery:discover_packages(colcon_meta) check parameters
[0.353s] Level 1:colcon.colcon_core.package_discovery:discover_packages(recursive) check parameters
[0.353s] Level 1:colcon.colcon_core.package_discovery:discover_packages(ignore) check parameters
[0.354s] Level 1:colcon.colcon_core.package_discovery:discover_packages(path) check parameters
[0.354s] Level 1:colcon.colcon_core.package_discovery:discover_packages(colcon_meta) discover
[0.354s] Level 1:colcon.colcon_core.package_discovery:discover_packages(recursive) discover
[0.354s] INFO:colcon.colcon_core.package_discovery:Crawling recursively for packages in '/home/bill8/billeagle_ws/bill_ws'
[0.354s] Level 1:colcon.colcon_core.package_identification:_identify(.) by extensions ['ignore', 'ignore_ament_install']
[0.354s] Level 1:colcon.colcon_core.package_identification:_identify(.) by extension 'ignore'
[0.354s] Level 1:colcon.colcon_core.package_identification:_identify(.) by extension 'ignore_ament_install'
[0.354s] Level 1:colcon.colcon_core.package_identification:_identify(.) by extensions ['colcon_pkg']
[0.354s] Level 1:colcon.colcon_core.package_identification:_identify(.) by extension 'colcon_pkg'
[0.354s] Level 1:colcon.colcon_core.package_identification:_identify(.) by extensions ['colcon_meta']
[0.354s] Level 1:colcon.colcon_core.package_identification:_identify(.) by extension 'colcon_meta'
[0.354s] Level 1:colcon.colcon_core.package_identification:_identify(.) by extensions ['ros']
[0.354s] Level 1:colcon.colcon_core.package_identification:_identify(.) by extension 'ros'
[0.378s] Level 1:colcon.colcon_core.package_identification:_identify(.) by extensions ['cmake', 'python']
[0.379s] Level 1:colcon.colcon_core.package_identification:_identify(.) by extension 'cmake'
[0.379s] Level 1:colcon.colcon_core.package_identification:_identify(.) by extension 'python'
[0.379s] Level 1:colcon.colcon_core.package_identification:_identify(.) by extensions ['python_setup_py']
[0.379s] Level 1:colcon.colcon_core.package_identification:_identify(.) by extension 'python_setup_py'
[0.379s] Level 1:colcon.colcon_core.package_identification:_identify(build) by extensions ['ignore', 'ignore_ament_install']
[0.379s] Level 1:colcon.colcon_core.package_identification:_identify(build) by extension 'ignore'
[0.379s] Level 1:colcon.colcon_core.package_identification:_identify(build) ignored
[0.379s] Level 1:colcon.colcon_core.package_identification:_identify(install) by extensions ['ignore', 'ignore_ament_install']
[0.379s] Level 1:colcon.colcon_core.package_identification:_identify(install) by extension 'ignore'
[0.379s] Level 1:colcon.colcon_core.package_identification:_identify(install) ignored
[0.379s] Level 1:colcon.colcon_core.package_identification:_identify(log) by extensions ['ignore', 'ignore_ament_install']
[0.380s] Level 1:colcon.colcon_core.package_identification:_identify(log) by extension 'ignore'
[0.380s] Level 1:colcon.colcon_core.package_identification:_identify(log) ignored
[0.380s] Level 1:colcon.colcon_core.package_identification:_identify(src) by extensions ['ignore', 'ignore_ament_install']
[0.380s] Level 1:colcon.colcon_core.package_identification:_identify(src) by extension 'ignore'
[0.380s] Level 1:colcon.colcon_core.package_identification:_identify(src) by extension 'ignore_ament_install'
[0.380s] Level 1:colcon.colcon_core.package_identification:_identify(src) by extensions ['colcon_pkg']
[0.380s] Level 1:colcon.colcon_core.package_identification:_identify(src) by extension 'colcon_pkg'
[0.380s] Level 1:colcon.colcon_core.package_identification:_identify(src) by extensions ['colcon_meta']
[0.380s] Level 1:colcon.colcon_core.package_identification:_identify(src) by extension 'colcon_meta'
[0.380s] Level 1:colcon.colcon_core.package_identification:_identify(src) by extensions ['ros']
[0.380s] Level 1:colcon.colcon_core.package_identification:_identify(src) by extension 'ros'
[0.380s] Level 1:colcon.colcon_core.package_identification:_identify(src) by extensions ['cmake', 'python']
[0.380s] Level 1:colcon.colcon_core.package_identification:_identify(src) by extension 'cmake'
[0.380s] Level 1:colcon.colcon_core.package_identification:_identify(src) by extension 'python'
[0.380s] Level 1:colcon.colcon_core.package_identification:_identify(src) by extensions ['python_setup_py']
[0.380s] Level 1:colcon.colcon_core.package_identification:_identify(src) by extension 'python_setup_py'
[0.380s] Level 1:colcon.colcon_core.package_identification:_identify(src/bill) by extensions ['ignore', 'ignore_ament_install']
[0.381s] Level 1:colcon.colcon_core.package_identification:_identify(src/bill) by extension 'ignore'
[0.381s] Level 1:colcon.colcon_core.package_identification:_identify(src/bill) by extension 'ignore_ament_install'
[0.381s] Level 1:colcon.colcon_core.package_identification:_identify(src/bill) by extensions ['colcon_pkg']
[0.381s] Level 1:colcon.colcon_core.package_identification:_identify(src/bill) by extension 'colcon_pkg'
[0.381s] Level 1:colcon.colcon_core.package_identification:_identify(src/bill) by extensions ['colcon_meta']
[0.381s] Level 1:colcon.colcon_core.package_identification:_identify(src/bill) by extension 'colcon_meta'
[0.381s] Level 1:colcon.colcon_core.package_identification:_identify(src/bill) by extensions ['ros']
[0.381s] Level 1:colcon.colcon_core.package_identification:_identify(src/bill) by extension 'ros'
[0.384s] DEBUG:colcon.colcon_core.package_identification:Package 'src/bill' with type 'ros.ament_cmake' and name 'bill'
[0.385s] Level 1:colcon.colcon_core.package_identification:_identify(src/bill_description) by extensions ['ignore', 'ignore_ament_install']
[0.385s] Level 1:colcon.colcon_core.package_identification:_identify(src/bill_description) by extension 'ignore'
[0.385s] Level 1:colcon.colcon_core.package_identification:_identify(src/bill_description) by extension 'ignore_ament_install'
[0.385s] Level 1:colcon.colcon_core.package_identification:_identify(src/bill_description) by extensions ['colcon_pkg']
[0.385s] Level 1:colcon.colcon_core.package_identification:_identify(src/bill_description) by extension 'colcon_pkg'
[0.385s] Level 1:colcon.colcon_core.package_identification:_identify(src/bill_description) by extensions ['colcon_meta']
[0.385s] Level 1:colcon.colcon_core.package_identification:_identify(src/bill_description) by extension 'colcon_meta'
[0.385s] Level 1:colcon.colcon_core.package_identification:_identify(src/bill_description) by extensions ['ros']
[0.385s] Level 1:colcon.colcon_core.package_identification:_identify(src/bill_description) by extension 'ros'
[0.386s] DEBUG:colcon.colcon_core.package_identification:Package 'src/bill_description' with type 'ros.ament_cmake' and name 'bill_description'
[0.386s] Level 1:colcon.colcon_core.package_identification:_identify(src/bill_nav) by extensions ['ignore', 'ignore_ament_install']
[0.386s] Level 1:colcon.colcon_core.package_identification:_identify(src/bill_nav) by extension 'ignore'
[0.386s] Level 1:colcon.colcon_core.package_identification:_identify(src/bill_nav) by extension 'ignore_ament_install'
[0.386s] Level 1:colcon.colcon_core.package_identification:_identify(src/bill_nav) by extensions ['colcon_pkg']
[0.386s] Level 1:colcon.colcon_core.package_identification:_identify(src/bill_nav) by extension 'colcon_pkg'
[0.386s] Level 1:colcon.colcon_core.package_identification:_identify(src/bill_nav) by extensions ['colcon_meta']
[0.386s] Level 1:colcon.colcon_core.package_identification:_identify(src/bill_nav) by extension 'colcon_meta'
[0.387s] Level 1:colcon.colcon_core.package_identification:_identify(src/bill_nav) by extensions ['ros']
[0.387s] Level 1:colcon.colcon_core.package_identification:_identify(src/bill_nav) by extension 'ros'
[0.387s] DEBUG:colcon.colcon_core.package_identification:Package 'src/bill_nav' with type 'ros.ament_cmake' and name 'bill_nav'
[0.387s] Level 1:colcon.colcon_core.package_identification:_identify(src/bill_slam) by extensions ['ignore', 'ignore_ament_install']
[0.387s] Level 1:colcon.colcon_core.package_identification:_identify(src/bill_slam) by extension 'ignore'
[0.388s] Level 1:colcon.colcon_core.package_identification:_identify(src/bill_slam) by extension 'ignore_ament_install'
[0.388s] Level 1:colcon.colcon_core.package_identification:_identify(src/bill_slam) by extensions ['colcon_pkg']
[0.388s] Level 1:colcon.colcon_core.package_identification:_identify(src/bill_slam) by extension 'colcon_pkg'
[0.388s] Level 1:colcon.colcon_core.package_identification:_identify(src/bill_slam) by extensions ['colcon_meta']
[0.388s] Level 1:colcon.colcon_core.package_identification:_identify(src/bill_slam) by extension 'colcon_meta'
[0.388s] Level 1:colcon.colcon_core.package_identification:_identify(src/bill_slam) by extensions ['ros']
[0.388s] Level 1:colcon.colcon_core.package_identification:_identify(src/bill_slam) by extension 'ros'
[0.388s] DEBUG:colcon.colcon_core.package_identification:Package 'src/bill_slam' with type 'ros.ament_cmake' and name 'bill_slam'
[0.388s] Level 1:colcon.colcon_core.package_discovery:discover_packages(recursive) using defaults
[0.389s] Level 1:colcon.colcon_core.package_discovery:discover_packages(ignore) discover
[0.389s] Level 1:colcon.colcon_core.package_discovery:discover_packages(ignore) using defaults
[0.389s] Level 1:colcon.colcon_core.package_discovery:discover_packages(path) discover
[0.389s] Level 1:colcon.colcon_core.package_discovery:discover_packages(path) using defaults
[0.415s] Level 1:colcon.colcon_core.package_discovery:discover_packages(prefix_path) check parameters
[0.415s] Level 1:colcon.colcon_core.package_discovery:discover_packages(prefix_path) discover
[0.419s] DEBUG:colcon.colcon_installed_package_information.package_discovery:Found 4 installed packages in /home/bill8/billeagle_ws/bill_ws/install
[0.419s] DEBUG:colcon.colcon_installed_package_information.package_discovery:Found 3 installed packages in /home/bill8/microros_ws/install
[0.421s] DEBUG:colcon.colcon_installed_package_information.package_discovery:Found 329 installed packages in /opt/ros/humble
[0.423s] Level 1:colcon.colcon_core.package_discovery:discover_packages(prefix_path) using defaults
[0.471s] Level 5:colcon.colcon_core.verb:set package 'bill' build argument 'cmake_args' from command line to 'None'
[0.471s] Level 5:colcon.colcon_core.verb:set package 'bill' build argument 'cmake_target' from command line to 'None'
[0.471s] Level 5:colcon.colcon_core.verb:set package 'bill' build argument 'cmake_target_skip_unavailable' from command line to 'False'
[0.472s] Level 5:colcon.colcon_core.verb:set package 'bill' build argument 'cmake_clean_cache' from command line to 'False'
[0.472s] Level 5:colcon.colcon_core.verb:set package 'bill' build argument 'cmake_clean_first' from command line to 'False'
[0.472s] Level 5:colcon.colcon_core.verb:set package 'bill' build argument 'cmake_force_configure' from command line to 'False'
[0.472s] Level 5:colcon.colcon_core.verb:set package 'bill' build argument 'ament_cmake_args' from command line to 'None'
[0.472s] Level 5:colcon.colcon_core.verb:set package 'bill' build argument 'catkin_cmake_args' from command line to 'None'
[0.472s] Level 5:colcon.colcon_core.verb:set package 'bill' build argument 'catkin_skip_building_tests' from command line to 'False'
[0.472s] DEBUG:colcon.colcon_core.verb:Building package 'bill' with the following arguments: {'ament_cmake_args': None, 'build_base': '/home/bill8/billeagle_ws/bill_ws/build/bill', 'catkin_cmake_args': None, 'catkin_skip_building_tests': False, 'cmake_args': None, 'cmake_clean_cache': False, 'cmake_clean_first': False, 'cmake_force_configure': False, 'cmake_target': None, 'cmake_target_skip_unavailable': False, 'install_base': '/home/bill8/billeagle_ws/bill_ws/install/bill', 'merge_install': False, 'path': '/home/bill8/billeagle_ws/bill_ws/src/bill', 'symlink_install': False, 'test_result_base': None}
[0.472s] Level 5:colcon.colcon_core.verb:set package 'bill_description' build argument 'cmake_args' from command line to 'None'
[0.472s] Level 5:colcon.colcon_core.verb:set package 'bill_description' build argument 'cmake_target' from command line to 'None'
[0.472s] Level 5:colcon.colcon_core.verb:set package 'bill_description' build argument 'cmake_target_skip_unavailable' from command line to 'False'
[0.472s] Level 5:colcon.colcon_core.verb:set package 'bill_description' build argument 'cmake_clean_cache' from command line to 'False'
[0.472s] Level 5:colcon.colcon_core.verb:set package 'bill_description' build argument 'cmake_clean_first' from command line to 'False'
[0.472s] Level 5:colcon.colcon_core.verb:set package 'bill_description' build argument 'cmake_force_configure' from command line to 'False'
[0.472s] Level 5:colcon.colcon_core.verb:set package 'bill_description' build argument 'ament_cmake_args' from command line to 'None'
[0.472s] Level 5:colcon.colcon_core.verb:set package 'bill_description' build argument 'catkin_cmake_args' from command line to 'None'
[0.472s] Level 5:colcon.colcon_core.verb:set package 'bill_description' build argument 'catkin_skip_building_tests' from command line to 'False'
[0.472s] DEBUG:colcon.colcon_core.verb:Building package 'bill_description' with the following arguments: {'ament_cmake_args': None, 'build_base': '/home/bill8/billeagle_ws/bill_ws/build/bill_description', 'catkin_cmake_args': None, 'catkin_skip_building_tests': False, 'cmake_args': None, 'cmake_clean_cache': False, 'cmake_clean_first': False, 'cmake_force_configure': False, 'cmake_target': None, 'cmake_target_skip_unavailable': False, 'install_base': '/home/bill8/billeagle_ws/bill_ws/install/bill_description', 'merge_install': False, 'path': '/home/bill8/billeagle_ws/bill_ws/src/bill_description', 'symlink_install': False, 'test_result_base': None}
[0.473s] Level 5:colcon.colcon_core.verb:set package 'bill_nav' build argument 'cmake_args' from command line to 'None'
[0.473s] Level 5:colcon.colcon_core.verb:set package 'bill_nav' build argument 'cmake_target' from command line to 'None'
[0.473s] Level 5:colcon.colcon_core.verb:set package 'bill_nav' build argument 'cmake_target_skip_unavailable' from command line to 'False'
[0.473s] Level 5:colcon.colcon_core.verb:set package 'bill_nav' build argument 'cmake_clean_cache' from command line to 'False'
[0.473s] Level 5:colcon.colcon_core.verb:set package 'bill_nav' build argument 'cmake_clean_first' from command line to 'False'
[0.473s] Level 5:colcon.colcon_core.verb:set package 'bill_nav' build argument 'cmake_force_configure' from command line to 'False'
[0.473s] Level 5:colcon.colcon_core.verb:set package 'bill_nav' build argument 'ament_cmake_args' from command line to 'None'
[0.473s] Level 5:colcon.colcon_core.verb:set package 'bill_nav' build argument 'catkin_cmake_args' from command line to 'None'
[0.473s] Level 5:colcon.colcon_core.verb:set package 'bill_nav' build argument 'catkin_skip_building_tests' from command line to 'False'
[0.473s] DEBUG:colcon.colcon_core.verb:Building package 'bill_nav' with the following arguments: {'ament_cmake_args': None, 'build_base': '/home/bill8/billeagle_ws/bill_ws/build/bill_nav', 'catkin_cmake_args': None, 'catkin_skip_building_tests': False, 'cmake_args': None, 'cmake_clean_cache': False, 'cmake_clean_first': False, 'cmake_force_configure': False, 'cmake_target': None, 'cmake_target_skip_unavailable': False, 'install_base': '/home/bill8/billeagle_ws/bill_ws/install/bill_nav', 'merge_install': False, 'path': '/home/bill8/billeagle_ws/bill_ws/src/bill_nav', 'symlink_install': False, 'test_result_base': None}
[0.473s] Level 5:colcon.colcon_core.verb:set package 'bill_slam' build argument 'cmake_args' from command line to 'None'
[0.473s] Level 5:colcon.colcon_core.verb:set package 'bill_slam' build argument 'cmake_target' from command line to 'None'
[0.473s] Level 5:colcon.colcon_core.verb:set package 'bill_slam' build argument 'cmake_target_skip_unavailable' from command line to 'False'
[0.473s] Level 5:colcon.colcon_core.verb:set package 'bill_slam' build argument 'cmake_clean_cache' from command line to 'False'
[0.473s] Level 5:colcon.colcon_core.verb:set package 'bill_slam' build argument 'cmake_clean_first' from command line to 'False'
[0.473s] Level 5:colcon.colcon_core.verb:set package 'bill_slam' build argument 'cmake_force_configure' from command line to 'False'
[0.473s] Level 5:colcon.colcon_core.verb:set package 'bill_slam' build argument 'ament_cmake_args' from command line to 'None'
[0.473s] Level 5:colcon.colcon_core.verb:set package 'bill_slam' build argument 'catkin_cmake_args' from command line to 'None'
[0.474s] Level 5:colcon.colcon_core.verb:set package 'bill_slam' build argument 'catkin_skip_building_tests' from command line to 'False'
[0.474s] DEBUG:colcon.colcon_core.verb:Building package 'bill_slam' with the following arguments: {'ament_cmake_args': None, 'build_base': '/home/bill8/billeagle_ws/bill_ws/build/bill_slam', 'catkin_cmake_args': None, 'catkin_skip_building_tests': False, 'cmake_args': None, 'cmake_clean_cache': False, 'cmake_clean_first': False, 'cmake_force_configure': False, 'cmake_target': None, 'cmake_target_skip_unavailable': False, 'install_base': '/home/bill8/billeagle_ws/bill_ws/install/bill_slam', 'merge_install': False, 'path': '/home/bill8/billeagle_ws/bill_ws/src/bill_slam', 'symlink_install': False, 'test_result_base': None}
[0.474s] INFO:colcon.colcon_core.executor:Executing jobs using 'parallel' executor
[0.475s] DEBUG:colcon.colcon_parallel_executor.executor.parallel:run_until_complete
[0.475s] INFO:colcon.colcon_ros.task.ament_cmake.build:Building ROS package in '/home/bill8/billeagle_ws/bill_ws/src/bill' with build type 'ament_cmake'
[0.475s] INFO:colcon.colcon_cmake.task.cmake.build:Building CMake package in '/home/bill8/billeagle_ws/bill_ws/src/bill'
[0.478s] INFO:colcon.colcon_core.plugin_system:Skipping extension 'colcon_core.shell.bat': Not used on non-Windows systems
[0.478s] INFO:colcon.colcon_core.shell:Skip shell extension 'powershell' for command environment: Not usable outside of PowerShell
[0.478s] DEBUG:colcon.colcon_core.shell:Skip shell extension 'dsv' for command environment
[0.483s] INFO:colcon.colcon_ros.task.ament_cmake.build:Building ROS package in '/home/bill8/billeagle_ws/bill_ws/src/bill_description' with build type 'ament_cmake'
[0.483s] INFO:colcon.colcon_cmake.task.cmake.build:Building CMake package in '/home/bill8/billeagle_ws/bill_ws/src/bill_description'
[0.483s] INFO:colcon.colcon_core.shell:Skip shell extension 'powershell' for command environment: Not usable outside of PowerShell
[0.483s] DEBUG:colcon.colcon_core.shell:Skip shell extension 'dsv' for command environment
[0.487s] INFO:colcon.colcon_ros.task.ament_cmake.build:Building ROS package in '/home/bill8/billeagle_ws/bill_ws/src/bill_nav' with build type 'ament_cmake'
[0.488s] INFO:colcon.colcon_cmake.task.cmake.build:Building CMake package in '/home/bill8/billeagle_ws/bill_ws/src/bill_nav'
[0.488s] INFO:colcon.colcon_core.shell:Skip shell extension 'powershell' for command environment: Not usable outside of PowerShell
[0.488s] DEBUG:colcon.colcon_core.shell:Skip shell extension 'dsv' for command environment
[0.492s] INFO:colcon.colcon_ros.task.ament_cmake.build:Building ROS package in '/home/bill8/billeagle_ws/bill_ws/src/bill_slam' with build type 'ament_cmake'
[0.492s] INFO:colcon.colcon_cmake.task.cmake.build:Building CMake package in '/home/bill8/billeagle_ws/bill_ws/src/bill_slam'
[0.492s] INFO:colcon.colcon_core.shell:Skip shell extension 'powershell' for command environment: Not usable outside of PowerShell
[0.492s] DEBUG:colcon.colcon_core.shell:Skip shell extension 'dsv' for command environment
[0.504s] DEBUG:colcon.colcon_core.event_handler.log_command:Invoking command in '/home/bill8/billeagle_ws/bill_ws/build/bill': CMAKE_PREFIX_PATH=${CMAKE_PREFIX_PATH}:/opt/ros/humble /home/bill8/.local/bin/cmake --build /home/bill8/billeagle_ws/bill_ws/build/bill -- -j16 -l16
[0.508s] DEBUG:colcon.colcon_core.event_handler.log_command:Invoking command in '/home/bill8/billeagle_ws/bill_ws/build/bill_description': CMAKE_PREFIX_PATH=${CMAKE_PREFIX_PATH}:/opt/ros/humble /home/bill8/.local/bin/cmake --build /home/bill8/billeagle_ws/bill_ws/build/bill_description -- -j16 -l16
[0.513s] DEBUG:colcon.colcon_core.event_handler.log_command:Invoking command in '/home/bill8/billeagle_ws/bill_ws/build/bill_nav': CMAKE_PREFIX_PATH=${CMAKE_PREFIX_PATH}:/opt/ros/humble /home/bill8/.local/bin/cmake --build /home/bill8/billeagle_ws/bill_ws/build/bill_nav -- -j16 -l16
[0.521s] DEBUG:colcon.colcon_core.event_handler.log_command:Invoking command in '/home/bill8/billeagle_ws/bill_ws/build/bill_slam': CMAKE_PREFIX_PATH=${CMAKE_PREFIX_PATH}:/opt/ros/humble /home/bill8/.local/bin/cmake --build /home/bill8/billeagle_ws/bill_ws/build/bill_slam -- -j16 -l16
[0.669s] DEBUG:colcon.colcon_core.event_handler.log_command:Invoked command in '/home/bill8/billeagle_ws/bill_ws/build/bill' returned '0': CMAKE_PREFIX_PATH=${CMAKE_PREFIX_PATH}:/opt/ros/humble /home/bill8/.local/bin/cmake --build /home/bill8/billeagle_ws/bill_ws/build/bill -- -j16 -l16
[0.789s] DEBUG:colcon.colcon_core.event_handler.log_command:Invoking command in '/home/bill8/billeagle_ws/bill_ws/build/bill': CMAKE_PREFIX_PATH=${CMAKE_PREFIX_PATH}:/opt/ros/humble /home/bill8/.local/bin/cmake --install /home/bill8/billeagle_ws/bill_ws/build/bill
[0.790s] DEBUG:colcon.colcon_core.event_handler.log_command:Invoked command in '/home/bill8/billeagle_ws/bill_ws/build/bill_description' returned '0': CMAKE_PREFIX_PATH=${CMAKE_PREFIX_PATH}:/opt/ros/humble /home/bill8/.local/bin/cmake --build /home/bill8/billeagle_ws/bill_ws/build/bill_description -- -j16 -l16
[0.792s] DEBUG:colcon.colcon_core.event_handler.log_command:Invoking command in '/home/bill8/billeagle_ws/bill_ws/build/bill_description': CMAKE_PREFIX_PATH=${CMAKE_PREFIX_PATH}:/opt/ros/humble /home/bill8/.local/bin/cmake --install /home/bill8/billeagle_ws/bill_ws/build/bill_description
[0.793s] DEBUG:colcon.colcon_core.event_handler.log_command:Invoked command in '/home/bill8/billeagle_ws/bill_ws/build/bill_slam' returned '0': CMAKE_PREFIX_PATH=${CMAKE_PREFIX_PATH}:/opt/ros/humble /home/bill8/.local/bin/cmake --build /home/bill8/billeagle_ws/bill_ws/build/bill_slam -- -j16 -l16
[0.795s] DEBUG:colcon.colcon_core.event_handler.log_command:Invoking command in '/home/bill8/billeagle_ws/bill_ws/build/bill_slam': CMAKE_PREFIX_PATH=${CMAKE_PREFIX_PATH}:/opt/ros/humble /home/bill8/.local/bin/cmake --install /home/bill8/billeagle_ws/bill_ws/build/bill_slam
[0.797s] DEBUG:colcon.colcon_core.event_handler.log_command:Invoked command in '/home/bill8/billeagle_ws/bill_ws/build/bill_nav' returned '0': CMAKE_PREFIX_PATH=${CMAKE_PREFIX_PATH}:/opt/ros/humble /home/bill8/.local/bin/cmake --build /home/bill8/billeagle_ws/bill_ws/build/bill_nav -- -j16 -l16
[0.798s] DEBUG:colcon.colcon_core.event_handler.log_command:Invoking command in '/home/bill8/billeagle_ws/bill_ws/build/bill_nav': CMAKE_PREFIX_PATH=${CMAKE_PREFIX_PATH}:/opt/ros/humble /home/bill8/.local/bin/cmake --install /home/bill8/billeagle_ws/bill_ws/build/bill_nav
[0.941s] Level 1:colcon.colcon_core.environment:create_environment_scripts_only(bill)
[0.951s] DEBUG:colcon.colcon_core.event_handler.log_command:Invoked command in '/home/bill8/billeagle_ws/bill_ws/build/bill' returned '0': CMAKE_PREFIX_PATH=${CMAKE_PREFIX_PATH}:/opt/ros/humble /home/bill8/.local/bin/cmake --install /home/bill8/billeagle_ws/bill_ws/build/bill
[0.956s] Level 1:colcon.colcon_core.environment:checking '/home/bill8/billeagle_ws/bill_ws/install/bill' for CMake module files
[0.957s] Level 1:colcon.colcon_core.environment:checking '/home/bill8/billeagle_ws/bill_ws/install/bill' for CMake config files
[0.958s] Level 1:colcon.colcon_core.shell:create_environment_hook('bill', 'cmake_prefix_path')
[0.958s] INFO:colcon.colcon_core.shell:Creating environment hook '/home/bill8/billeagle_ws/bill_ws/install/bill/share/bill/hook/cmake_prefix_path.ps1'
[0.959s] INFO:colcon.colcon_core.shell:Creating environment descriptor '/home/bill8/billeagle_ws/bill_ws/install/bill/share/bill/hook/cmake_prefix_path.dsv'
[0.960s] INFO:colcon.colcon_core.shell:Creating environment hook '/home/bill8/billeagle_ws/bill_ws/install/bill/share/bill/hook/cmake_prefix_path.sh'
[0.962s] Level 1:colcon.colcon_core.environment:checking '/home/bill8/billeagle_ws/bill_ws/install/bill/bin'
[0.962s] Level 1:colcon.colcon_core.environment:checking '/home/bill8/billeagle_ws/bill_ws/install/bill/lib/pkgconfig/bill.pc'
[0.963s] Level 1:colcon.colcon_core.environment:checking '/home/bill8/billeagle_ws/bill_ws/install/bill/lib/python3.10/site-packages'
[0.963s] Level 1:colcon.colcon_core.environment:checking '/home/bill8/billeagle_ws/bill_ws/install/bill/bin'
[0.964s] INFO:colcon.colcon_core.shell:Creating package script '/home/bill8/billeagle_ws/bill_ws/install/bill/share/bill/package.ps1'
[0.965s] INFO:colcon.colcon_core.shell:Creating package descriptor '/home/bill8/billeagle_ws/bill_ws/install/bill/share/bill/package.dsv'
[0.966s] INFO:colcon.colcon_core.shell:Creating package script '/home/bill8/billeagle_ws/bill_ws/install/bill/share/bill/package.sh'
[0.967s] INFO:colcon.colcon_core.shell:Creating package script '/home/bill8/billeagle_ws/bill_ws/install/bill/share/bill/package.bash'
[0.968s] INFO:colcon.colcon_core.shell:Creating package script '/home/bill8/billeagle_ws/bill_ws/install/bill/share/bill/package.zsh'
[0.969s] Level 1:colcon.colcon_core.environment:create_file_with_runtime_dependencies(/home/bill8/billeagle_ws/bill_ws/install/bill/share/colcon-core/packages/bill)
[0.970s] Level 1:colcon.colcon_core.environment:create_environment_scripts_only(bill)
[0.970s] Level 1:colcon.colcon_core.environment:checking '/home/bill8/billeagle_ws/bill_ws/install/bill' for CMake module files
[0.971s] Level 1:colcon.colcon_core.environment:checking '/home/bill8/billeagle_ws/bill_ws/install/bill' for CMake config files
[0.971s] Level 1:colcon.colcon_core.shell:create_environment_hook('bill', 'cmake_prefix_path')
[0.971s] INFO:colcon.colcon_core.shell:Creating environment hook '/home/bill8/billeagle_ws/bill_ws/install/bill/share/bill/hook/cmake_prefix_path.ps1'
[0.972s] INFO:colcon.colcon_core.shell:Creating environment descriptor '/home/bill8/billeagle_ws/bill_ws/install/bill/share/bill/hook/cmake_prefix_path.dsv'
[0.973s] INFO:colcon.colcon_core.shell:Creating environment hook '/home/bill8/billeagle_ws/bill_ws/install/bill/share/bill/hook/cmake_prefix_path.sh'
[0.973s] Level 1:colcon.colcon_core.environment:checking '/home/bill8/billeagle_ws/bill_ws/install/bill/bin'
[0.973s] Level 1:colcon.colcon_core.environment:checking '/home/bill8/billeagle_ws/bill_ws/install/bill/lib/pkgconfig/bill.pc'
[0.974s] Level 1:colcon.colcon_core.environment:checking '/home/bill8/billeagle_ws/bill_ws/install/bill/lib/python3.10/site-packages'
[0.974s] Level 1:colcon.colcon_core.environment:checking '/home/bill8/billeagle_ws/bill_ws/install/bill/bin'
[0.975s] INFO:colcon.colcon_core.shell:Creating package script '/home/bill8/billeagle_ws/bill_ws/install/bill/share/bill/package.ps1'
[0.975s] INFO:colcon.colcon_core.shell:Creating package descriptor '/home/bill8/billeagle_ws/bill_ws/install/bill/share/bill/package.dsv'
[0.976s] INFO:colcon.colcon_core.shell:Creating package script '/home/bill8/billeagle_ws/bill_ws/install/bill/share/bill/package.sh'
[0.977s] INFO:colcon.colcon_core.shell:Creating package script '/home/bill8/billeagle_ws/bill_ws/install/bill/share/bill/package.bash'
[0.977s] INFO:colcon.colcon_core.shell:Creating package script '/home/bill8/billeagle_ws/bill_ws/install/bill/share/bill/package.zsh'
[0.978s] Level 1:colcon.colcon_core.environment:create_file_with_runtime_dependencies(/home/bill8/billeagle_ws/bill_ws/install/bill/share/colcon-core/packages/bill)
[0.979s] Level 1:colcon.colcon_core.environment:create_environment_scripts_only(bill_description)
[0.980s] Level 1:colcon.colcon_core.environment:checking '/home/bill8/billeagle_ws/bill_ws/install/bill_description' for CMake module files
[0.981s] Level 1:colcon.colcon_core.environment:checking '/home/bill8/billeagle_ws/bill_ws/install/bill_description' for CMake config files
[0.982s] DEBUG:colcon.colcon_core.event_handler.log_command:Invoked command in '/home/bill8/billeagle_ws/bill_ws/build/bill_description' returned '0': CMAKE_PREFIX_PATH=${CMAKE_PREFIX_PATH}:/opt/ros/humble /home/bill8/.local/bin/cmake --install /home/bill8/billeagle_ws/bill_ws/build/bill_description
[0.982s] Level 1:colcon.colcon_core.shell:create_environment_hook('bill_description', 'cmake_prefix_path')
[0.982s] INFO:colcon.colcon_core.shell:Creating environment hook '/home/bill8/billeagle_ws/bill_ws/install/bill_description/share/bill_description/hook/cmake_prefix_path.ps1'
[0.983s] INFO:colcon.colcon_core.shell:Creating environment descriptor '/home/bill8/billeagle_ws/bill_ws/install/bill_description/share/bill_description/hook/cmake_prefix_path.dsv'
[0.984s] INFO:colcon.colcon_core.shell:Creating environment hook '/home/bill8/billeagle_ws/bill_ws/install/bill_description/share/bill_description/hook/cmake_prefix_path.sh'
[0.984s] Level 1:colcon.colcon_core.environment:checking '/home/bill8/billeagle_ws/bill_ws/install/bill_description/bin'
[0.984s] Level 1:colcon.colcon_core.environment:checking '/home/bill8/billeagle_ws/bill_ws/install/bill_description/lib/pkgconfig/bill_description.pc'
[0.985s] Level 1:colcon.colcon_core.environment:checking '/home/bill8/billeagle_ws/bill_ws/install/bill_description/lib/python3.10/site-packages'
[0.985s] Level 1:colcon.colcon_core.environment:checking '/home/bill8/billeagle_ws/bill_ws/install/bill_description/bin'
[0.986s] INFO:colcon.colcon_core.shell:Creating package script '/home/bill8/billeagle_ws/bill_ws/install/bill_description/share/bill_description/package.ps1'
[0.986s] INFO:colcon.colcon_core.shell:Creating package descriptor '/home/bill8/billeagle_ws/bill_ws/install/bill_description/share/bill_description/package.dsv'
[0.987s] INFO:colcon.colcon_core.shell:Creating package script '/home/bill8/billeagle_ws/bill_ws/install/bill_description/share/bill_description/package.sh'
[0.987s] INFO:colcon.colcon_core.shell:Creating package script '/home/bill8/billeagle_ws/bill_ws/install/bill_description/share/bill_description/package.bash'
[0.988s] INFO:colcon.colcon_core.shell:Creating package script '/home/bill8/billeagle_ws/bill_ws/install/bill_description/share/bill_description/package.zsh'
[0.988s] Level 1:colcon.colcon_core.environment:create_file_with_runtime_dependencies(/home/bill8/billeagle_ws/bill_ws/install/bill_description/share/colcon-core/packages/bill_description)
[0.989s] Level 1:colcon.colcon_core.environment:create_environment_scripts_only(bill_description)
[0.989s] Level 1:colcon.colcon_core.environment:checking '/home/bill8/billeagle_ws/bill_ws/install/bill_description' for CMake module files
[0.990s] Level 1:colcon.colcon_core.environment:checking '/home/bill8/billeagle_ws/bill_ws/install/bill_description' for CMake config files
[0.990s] Level 1:colcon.colcon_core.shell:create_environment_hook('bill_description', 'cmake_prefix_path')
[0.990s] INFO:colcon.colcon_core.shell:Creating environment hook '/home/bill8/billeagle_ws/bill_ws/install/bill_description/share/bill_description/hook/cmake_prefix_path.ps1'
[0.991s] INFO:colcon.colcon_core.shell:Creating environment descriptor '/home/bill8/billeagle_ws/bill_ws/install/bill_description/share/bill_description/hook/cmake_prefix_path.dsv'
[0.991s] INFO:colcon.colcon_core.shell:Creating environment hook '/home/bill8/billeagle_ws/bill_ws/install/bill_description/share/bill_description/hook/cmake_prefix_path.sh'
[0.992s] Level 1:colcon.colcon_core.environment:checking '/home/bill8/billeagle_ws/bill_ws/install/bill_description/bin'
[0.992s] Level 1:colcon.colcon_core.environment:checking '/home/bill8/billeagle_ws/bill_ws/install/bill_description/lib/pkgconfig/bill_description.pc'
[0.993s] Level 1:colcon.colcon_core.environment:checking '/home/bill8/billeagle_ws/bill_ws/install/bill_description/lib/python3.10/site-packages'
[0.993s] Level 1:colcon.colcon_core.environment:checking '/home/bill8/billeagle_ws/bill_ws/install/bill_description/bin'
[0.993s] INFO:colcon.colcon_core.shell:Creating package script '/home/bill8/billeagle_ws/bill_ws/install/bill_description/share/bill_description/package.ps1'
[0.994s] INFO:colcon.colcon_core.shell:Creating package descriptor '/home/bill8/billeagle_ws/bill_ws/install/bill_description/share/bill_description/package.dsv'
[0.994s] INFO:colcon.colcon_core.shell:Creating package script '/home/bill8/billeagle_ws/bill_ws/install/bill_description/share/bill_description/package.sh'
[0.995s] INFO:colcon.colcon_core.shell:Creating package script '/home/bill8/billeagle_ws/bill_ws/install/bill_description/share/bill_description/package.bash'
[0.995s] INFO:colcon.colcon_core.shell:Creating package script '/home/bill8/billeagle_ws/bill_ws/install/bill_description/share/bill_description/package.zsh'
[0.996s] Level 1:colcon.colcon_core.environment:create_file_with_runtime_dependencies(/home/bill8/billeagle_ws/bill_ws/install/bill_description/share/colcon-core/packages/bill_description)
[0.997s] Level 1:colcon.colcon_core.environment:create_environment_scripts_only(bill_slam)
[0.998s] Level 1:colcon.colcon_core.environment:checking '/home/bill8/billeagle_ws/bill_ws/install/bill_slam' for CMake module files
[0.998s] DEBUG:colcon.colcon_core.event_handler.log_command:Invoked command in '/home/bill8/billeagle_ws/bill_ws/build/bill_slam' returned '0': CMAKE_PREFIX_PATH=${CMAKE_PREFIX_PATH}:/opt/ros/humble /home/bill8/.local/bin/cmake --install /home/bill8/billeagle_ws/bill_ws/build/bill_slam
[0.999s] Level 1:colcon.colcon_core.environment:checking '/home/bill8/billeagle_ws/bill_ws/install/bill_slam' for CMake config files
[0.999s] Level 1:colcon.colcon_core.shell:create_environment_hook('bill_slam', 'cmake_prefix_path')
[1.000s] INFO:colcon.colcon_core.shell:Creating environment hook '/home/bill8/billeagle_ws/bill_ws/install/bill_slam/share/bill_slam/hook/cmake_prefix_path.ps1'
[1.000s] INFO:colcon.colcon_core.shell:Creating environment descriptor '/home/bill8/billeagle_ws/bill_ws/install/bill_slam/share/bill_slam/hook/cmake_prefix_path.dsv'
[1.001s] INFO:colcon.colcon_core.shell:Creating environment hook '/home/bill8/billeagle_ws/bill_ws/install/bill_slam/share/bill_slam/hook/cmake_prefix_path.sh'
[1.001s] Level 1:colcon.colcon_core.environment:checking '/home/bill8/billeagle_ws/bill_ws/install/bill_slam/bin'
[1.001s] Level 1:colcon.colcon_core.environment:checking '/home/bill8/billeagle_ws/bill_ws/install/bill_slam/lib/pkgconfig/bill_slam.pc'
[1.002s] Level 1:colcon.colcon_core.environment:checking '/home/bill8/billeagle_ws/bill_ws/install/bill_slam/lib/python3.10/site-packages'
[1.002s] Level 1:colcon.colcon_core.environment:checking '/home/bill8/billeagle_ws/bill_ws/install/bill_slam/bin'
[1.003s] INFO:colcon.colcon_core.shell:Creating package script '/home/bill8/billeagle_ws/bill_ws/install/bill_slam/share/bill_slam/package.ps1'
[1.003s] INFO:colcon.colcon_core.shell:Creating package descriptor '/home/bill8/billeagle_ws/bill_ws/install/bill_slam/share/bill_slam/package.dsv'
[1.004s] INFO:colcon.colcon_core.shell:Creating package script '/home/bill8/billeagle_ws/bill_ws/install/bill_slam/share/bill_slam/package.sh'
[1.005s] INFO:colcon.colcon_core.shell:Creating package script '/home/bill8/billeagle_ws/bill_ws/install/bill_slam/share/bill_slam/package.bash'
[1.005s] INFO:colcon.colcon_core.shell:Creating package script '/home/bill8/billeagle_ws/bill_ws/install/bill_slam/share/bill_slam/package.zsh'
[1.006s] Level 1:colcon.colcon_core.environment:create_file_with_runtime_dependencies(/home/bill8/billeagle_ws/bill_ws/install/bill_slam/share/colcon-core/packages/bill_slam)
[1.006s] Level 1:colcon.colcon_core.environment:create_environment_scripts_only(bill_slam)
[1.007s] Level 1:colcon.colcon_core.environment:checking '/home/bill8/billeagle_ws/bill_ws/install/bill_slam' for CMake module files
[1.007s] Level 1:colcon.colcon_core.environment:checking '/home/bill8/billeagle_ws/bill_ws/install/bill_slam' for CMake config files
[1.008s] Level 1:colcon.colcon_core.shell:create_environment_hook('bill_slam', 'cmake_prefix_path')
[1.008s] INFO:colcon.colcon_core.shell:Creating environment hook '/home/bill8/billeagle_ws/bill_ws/install/bill_slam/share/bill_slam/hook/cmake_prefix_path.ps1'
[1.008s] INFO:colcon.colcon_core.shell:Creating environment descriptor '/home/bill8/billeagle_ws/bill_ws/install/bill_slam/share/bill_slam/hook/cmake_prefix_path.dsv'
[1.009s] INFO:colcon.colcon_core.shell:Creating environment hook '/home/bill8/billeagle_ws/bill_ws/install/bill_slam/share/bill_slam/hook/cmake_prefix_path.sh'
[1.010s] Level 1:colcon.colcon_core.environment:checking '/home/bill8/billeagle_ws/bill_ws/install/bill_slam/bin'
[1.010s] Level 1:colcon.colcon_core.environment:checking '/home/bill8/billeagle_ws/bill_ws/install/bill_slam/lib/pkgconfig/bill_slam.pc'
[1.010s] Level 1:colcon.colcon_core.environment:checking '/home/bill8/billeagle_ws/bill_ws/install/bill_slam/lib/python3.10/site-packages'
[1.010s] Level 1:colcon.colcon_core.environment:checking '/home/bill8/billeagle_ws/bill_ws/install/bill_slam/bin'
[1.011s] INFO:colcon.colcon_core.shell:Creating package script '/home/bill8/billeagle_ws/bill_ws/install/bill_slam/share/bill_slam/package.ps1'
[1.012s] INFO:colcon.colcon_core.shell:Creating package descriptor '/home/bill8/billeagle_ws/bill_ws/install/bill_slam/share/bill_slam/package.dsv'
[1.012s] INFO:colcon.colcon_core.shell:Creating package script '/home/bill8/billeagle_ws/bill_ws/install/bill_slam/share/bill_slam/package.sh'
[1.013s] INFO:colcon.colcon_core.shell:Creating package script '/home/bill8/billeagle_ws/bill_ws/install/bill_slam/share/bill_slam/package.bash'
[1.014s] INFO:colcon.colcon_core.shell:Creating package script '/home/bill8/billeagle_ws/bill_ws/install/bill_slam/share/bill_slam/package.zsh'
[1.014s] Level 1:colcon.colcon_core.environment:create_file_with_runtime_dependencies(/home/bill8/billeagle_ws/bill_ws/install/bill_slam/share/colcon-core/packages/bill_slam)
[1.015s] Level 1:colcon.colcon_core.environment:create_environment_scripts_only(bill_nav)
[1.015s] Level 1:colcon.colcon_core.environment:checking '/home/bill8/billeagle_ws/bill_ws/install/bill_nav' for CMake module files
[1.017s] DEBUG:colcon.colcon_core.event_handler.log_command:Invoked command in '/home/bill8/billeagle_ws/bill_ws/build/bill_nav' returned '0': CMAKE_PREFIX_PATH=${CMAKE_PREFIX_PATH}:/opt/ros/humble /home/bill8/.local/bin/cmake --install /home/bill8/billeagle_ws/bill_ws/build/bill_nav
[1.017s] Level 1:colcon.colcon_core.environment:checking '/home/bill8/billeagle_ws/bill_ws/install/bill_nav' for CMake config files
[1.017s] Level 1:colcon.colcon_core.shell:create_environment_hook('bill_nav', 'cmake_prefix_path')
[1.018s] INFO:colcon.colcon_core.shell:Creating environment hook '/home/bill8/billeagle_ws/bill_ws/install/bill_nav/share/bill_nav/hook/cmake_prefix_path.ps1'
[1.018s] INFO:colcon.colcon_core.shell:Creating environment descriptor '/home/bill8/billeagle_ws/bill_ws/install/bill_nav/share/bill_nav/hook/cmake_prefix_path.dsv'
[1.019s] INFO:colcon.colcon_core.shell:Creating environment hook '/home/bill8/billeagle_ws/bill_ws/install/bill_nav/share/bill_nav/hook/cmake_prefix_path.sh'
[1.020s] Level 1:colcon.colcon_core.environment:checking '/home/bill8/billeagle_ws/bill_ws/install/bill_nav/bin'
[1.020s] Level 1:colcon.colcon_core.environment:checking '/home/bill8/billeagle_ws/bill_ws/install/bill_nav/lib/pkgconfig/bill_nav.pc'
[1.020s] Level 1:colcon.colcon_core.environment:checking '/home/bill8/billeagle_ws/bill_ws/install/bill_nav/lib/python3.10/site-packages'
[1.021s] Level 1:colcon.colcon_core.environment:checking '/home/bill8/billeagle_ws/bill_ws/install/bill_nav/bin'
[1.021s] INFO:colcon.colcon_core.shell:Creating package script '/home/bill8/billeagle_ws/bill_ws/install/bill_nav/share/bill_nav/package.ps1'
[1.022s] INFO:colcon.colcon_core.shell:Creating package descriptor '/home/bill8/billeagle_ws/bill_ws/install/bill_nav/share/bill_nav/package.dsv'
[1.022s] INFO:colcon.colcon_core.shell:Creating package script '/home/bill8/billeagle_ws/bill_ws/install/bill_nav/share/bill_nav/package.sh'
[1.023s] INFO:colcon.colcon_core.shell:Creating package script '/home/bill8/billeagle_ws/bill_ws/install/bill_nav/share/bill_nav/package.bash'
[1.023s] INFO:colcon.colcon_core.shell:Creating package script '/home/bill8/billeagle_ws/bill_ws/install/bill_nav/share/bill_nav/package.zsh'
[1.024s] Level 1:colcon.colcon_core.environment:create_file_with_runtime_dependencies(/home/bill8/billeagle_ws/bill_ws/install/bill_nav/share/colcon-core/packages/bill_nav)
[1.024s] Level 1:colcon.colcon_core.environment:create_environment_scripts_only(bill_nav)
[1.025s] Level 1:colcon.colcon_core.environment:checking '/home/bill8/billeagle_ws/bill_ws/install/bill_nav' for CMake module files
[1.025s] Level 1:colcon.colcon_core.environment:checking '/home/bill8/billeagle_ws/bill_ws/install/bill_nav' for CMake config files
[1.026s] Level 1:colcon.colcon_core.shell:create_environment_hook('bill_nav', 'cmake_prefix_path')
[1.026s] INFO:colcon.colcon_core.shell:Creating environment hook '/home/bill8/billeagle_ws/bill_ws/install/bill_nav/share/bill_nav/hook/cmake_prefix_path.ps1'
[1.026s] INFO:colcon.colcon_core.shell:Creating environment descriptor '/home/bill8/billeagle_ws/bill_ws/install/bill_nav/share/bill_nav/hook/cmake_prefix_path.dsv'
[1.027s] INFO:colcon.colcon_core.shell:Creating environment hook '/home/bill8/billeagle_ws/bill_ws/install/bill_nav/share/bill_nav/hook/cmake_prefix_path.sh'
[1.028s] Level 1:colcon.colcon_core.environment:checking '/home/bill8/billeagle_ws/bill_ws/install/bill_nav/bin'
[1.028s] Level 1:colcon.colcon_core.environment:checking '/home/bill8/billeagle_ws/bill_ws/install/bill_nav/lib/pkgconfig/bill_nav.pc'
[1.028s] Level 1:colcon.colcon_core.environment:checking '/home/bill8/billeagle_ws/bill_ws/install/bill_nav/lib/python3.10/site-packages'
[1.028s] Level 1:colcon.colcon_core.environment:checking '/home/bill8/billeagle_ws/bill_ws/install/bill_nav/bin'
[1.029s] INFO:colcon.colcon_core.shell:Creating package script '/home/bill8/billeagle_ws/bill_ws/install/bill_nav/share/bill_nav/package.ps1'
[1.030s] INFO:colcon.colcon_core.shell:Creating package descriptor '/home/bill8/billeagle_ws/bill_ws/install/bill_nav/share/bill_nav/package.dsv'
[1.030s] INFO:colcon.colcon_core.shell:Creating package script '/home/bill8/billeagle_ws/bill_ws/install/bill_nav/share/bill_nav/package.sh'
[1.031s] INFO:colcon.colcon_core.shell:Creating package script '/home/bill8/billeagle_ws/bill_ws/install/bill_nav/share/bill_nav/package.bash'
[1.032s] INFO:colcon.colcon_core.shell:Creating package script '/home/bill8/billeagle_ws/bill_ws/install/bill_nav/share/bill_nav/package.zsh'
[1.032s] Level 1:colcon.colcon_core.environment:create_file_with_runtime_dependencies(/home/bill8/billeagle_ws/bill_ws/install/bill_nav/share/colcon-core/packages/bill_nav)
[1.032s] DEBUG:colcon.colcon_parallel_executor.executor.parallel:closing loop
[1.033s] DEBUG:colcon.colcon_parallel_executor.executor.parallel:loop closed
[1.033s] DEBUG:colcon.colcon_parallel_executor.executor.parallel:run_until_complete finished with '0'
[1.033s] DEBUG:colcon.colcon_core.event_reactor:joining thread
[1.041s] INFO:colcon.colcon_core.plugin_system:Skipping extension 'colcon_notification.desktop_notification.terminal_notifier': Not used on non-Darwin systems
[1.041s] INFO:colcon.colcon_core.plugin_system:Skipping extension 'colcon_notification.desktop_notification.win32': Not used on non-Windows systems
[1.041s] INFO:colcon.colcon_notification.desktop_notification:Sending desktop notification using 'notify2'
[1.061s] DEBUG:colcon.colcon_core.event_reactor:joined thread
[1.062s] INFO:colcon.colcon_core.shell:Creating prefix script '/home/bill8/billeagle_ws/bill_ws/install/local_setup.ps1'
[1.063s] INFO:colcon.colcon_core.shell:Creating prefix util module '/home/bill8/billeagle_ws/bill_ws/install/_local_setup_util_ps1.py'
[1.065s] INFO:colcon.colcon_core.shell:Creating prefix chain script '/home/bill8/billeagle_ws/bill_ws/install/setup.ps1'
[1.067s] INFO:colcon.colcon_core.shell:Creating prefix script '/home/bill8/billeagle_ws/bill_ws/install/local_setup.sh'
[1.068s] INFO:colcon.colcon_core.shell:Creating prefix util module '/home/bill8/billeagle_ws/bill_ws/install/_local_setup_util_sh.py'
[1.068s] INFO:colcon.colcon_core.shell:Creating prefix chain script '/home/bill8/billeagle_ws/bill_ws/install/setup.sh'
[1.070s] INFO:colcon.colcon_core.shell:Creating prefix script '/home/bill8/billeagle_ws/bill_ws/install/local_setup.bash'
[1.071s] INFO:colcon.colcon_core.shell:Creating prefix chain script '/home/bill8/billeagle_ws/bill_ws/install/setup.bash'
[1.073s] INFO:colcon.colcon_core.shell:Creating prefix script '/home/bill8/billeagle_ws/bill_ws/install/local_setup.zsh'
[1.073s] INFO:colcon.colcon_core.shell:Creating prefix chain script '/home/bill8/billeagle_ws/bill_ws/install/setup.zsh'
