[0.022s] Invoking command in '/home/vfran/billeagle_ws/bill_ws/build/bill_slam': CMAKE_PREFIX_PATH=${CMAKE_PREFIX_PATH}:/opt/ros/humble /usr/local/bin/cmake /home/vfran/billeagle_ws/bill_ws/src/bill_slam -DAMENT_CMAKE_SYMLINK_INSTALL=1 -DCMAKE_INSTALL_PREFIX=/home/vfran/billeagle_ws/bill_ws/install/bill_slam
[0.029s] -- Found ament_cmake: 1.3.11 (/opt/ros/humble/share/ament_cmake/cmake)
[0.127s] -- Override CMake install command with custom implementation using symlinks instead of copying resources
[0.136s] -- Found ament_lint_auto: 0.12.12 (/opt/ros/humble/share/ament_lint_auto/cmake)
[0.212s] -- Added test 'flake8' to check Python code syntax and style conventions
[0.212s] -- Added test 'lint_cmake' to check CMake code style
[0.213s] -- Added test 'pep257' to check Python code against some of the docstring style conventions in PEP 257
[0.214s] -- Added test 'xmllint' to check XML markup files
[0.216s] -- Configuring done
[0.224s] -- Generating done
[0.225s] -- Build files have been written to: /home/vfran/billeagle_ws/bill_ws/build/bill_slam
[0.228s] Invoked command in '/home/vfran/billeagle_ws/bill_ws/build/bill_slam' returned '0': CMAKE_PREFIX_PATH=${CMAKE_PREFIX_PATH}:/opt/ros/humble /usr/local/bin/cmake /home/vfran/billeagle_ws/bill_ws/src/bill_slam -DAMENT_CMAKE_SYMLINK_INSTALL=1 -DCMAKE_INSTALL_PREFIX=/home/vfran/billeagle_ws/bill_ws/install/bill_slam
[0.230s] Invoking command in '/home/vfran/billeagle_ws/bill_ws/build/bill_slam': CMAKE_PREFIX_PATH=${CMAKE_PREFIX_PATH}:/opt/ros/humble /usr/local/bin/cmake --build /home/vfran/billeagle_ws/bill_ws/build/bill_slam -- -j16 -l16
[0.250s] Invoked command in '/home/vfran/billeagle_ws/bill_ws/build/bill_slam' returned '0': CMAKE_PREFIX_PATH=${CMAKE_PREFIX_PATH}:/opt/ros/humble /usr/local/bin/cmake --build /home/vfran/billeagle_ws/bill_ws/build/bill_slam -- -j16 -l16
[0.257s] Invoking command in '/home/vfran/billeagle_ws/bill_ws/build/bill_slam': CMAKE_PREFIX_PATH=${CMAKE_PREFIX_PATH}:/opt/ros/humble /usr/local/bin/cmake --install /home/vfran/billeagle_ws/bill_ws/build/bill_slam
[0.260s] -- Install configuration: ""
[0.260s] -- Execute custom install script
[0.260s] -- Symlinking: /home/vfran/billeagle_ws/bill_ws/install/bill_slam/share/bill_slam/config/amcl.config.yaml
[0.266s] -- Symlinking: /home/vfran/billeagle_ws/bill_ws/install/bill_slam/share/bill_slam/config/slam_toolbox_params.yaml
[0.269s] -- Symlinking: /home/vfran/billeagle_ws/bill_ws/install/bill_slam/share/bill_slam/launch/amcl.launch.py
[0.273s] -- Symlinking: /home/vfran/billeagle_ws/bill_ws/install/bill_slam/share/bill_slam/launch/mapping.launch.py
[0.277s] -- Symlinking: /home/vfran/billeagle_ws/bill_ws/install/bill_slam/share/bill_slam/mapas/clean_map.pgm
[0.281s] -- Symlinking: /home/vfran/billeagle_ws/bill_ws/install/bill_slam/share/bill_slam/mapas/mapa_athome_save.pgm
[0.285s] -- Symlinking: /home/vfran/billeagle_ws/bill_ws/install/bill_slam/share/bill_slam/mapas/mapa_athome_save.yaml
[0.290s] -- Symlinking: /home/vfran/billeagle_ws/bill_ws/install/bill_slam/share/bill_slam/mapas/mapa_athome_serial.data
[0.294s] -- Symlinking: /home/vfran/billeagle_ws/bill_ws/install/bill_slam/share/bill_slam/mapas/mapa_athome_serial.posegraph
[0.300s] -- Symlinking: /home/vfran/billeagle_ws/bill_ws/install/bill_slam/share/bill_slam/mapas/mapa_clean.pgm
[0.304s] -- Symlinking: /home/vfran/billeagle_ws/bill_ws/install/bill_slam/share/bill_slam/mapas/mapa_clean.yaml
[0.309s] -- Symlinking: /home/vfran/billeagle_ws/bill_ws/install/bill_slam/share/bill_slam/mapas/mapa_home.yaml
[0.314s] -- Symlinking: /home/vfran/billeagle_ws/bill_ws/install/bill_slam/share/bill_slam/mapas/mapa_home_save.pgm
[0.320s] -- Symlinking: /home/vfran/billeagle_ws/bill_ws/install/bill_slam/share/bill_slam/mapas/mapa_home_serial.data
[0.326s] -- Symlinking: /home/vfran/billeagle_ws/bill_ws/install/bill_slam/share/bill_slam/mapas/mapa_home_serial.posegraph
[0.331s] -- Symlinking: /home/vfran/billeagle_ws/bill_ws/install/bill_slam/share/ament_index/resource_index/package_run_dependencies/bill_slam
[0.335s] -- Symlinking: /home/vfran/billeagle_ws/bill_ws/install/bill_slam/share/ament_index/resource_index/parent_prefix_path/bill_slam
[0.340s] -- Symlinking: /home/vfran/billeagle_ws/bill_ws/install/bill_slam/share/bill_slam/environment/ament_prefix_path.sh
[0.344s] -- Symlinking: /home/vfran/billeagle_ws/bill_ws/install/bill_slam/share/bill_slam/environment/ament_prefix_path.dsv
[0.349s] -- Symlinking: /home/vfran/billeagle_ws/bill_ws/install/bill_slam/share/bill_slam/environment/path.sh
[0.353s] -- Symlinking: /home/vfran/billeagle_ws/bill_ws/install/bill_slam/share/bill_slam/environment/path.dsv
[0.359s] -- Symlinking: /home/vfran/billeagle_ws/bill_ws/install/bill_slam/share/bill_slam/local_setup.bash
[0.363s] -- Symlinking: /home/vfran/billeagle_ws/bill_ws/install/bill_slam/share/bill_slam/local_setup.sh
[0.367s] -- Symlinking: /home/vfran/billeagle_ws/bill_ws/install/bill_slam/share/bill_slam/local_setup.zsh
[0.373s] -- Symlinking: /home/vfran/billeagle_ws/bill_ws/install/bill_slam/share/bill_slam/local_setup.dsv
[0.377s] -- Symlinking: /home/vfran/billeagle_ws/bill_ws/install/bill_slam/share/bill_slam/package.dsv
[0.382s] -- Symlinking: /home/vfran/billeagle_ws/bill_ws/install/bill_slam/share/ament_index/resource_index/packages/bill_slam
[0.386s] -- Symlinking: /home/vfran/billeagle_ws/bill_ws/install/bill_slam/share/bill_slam/cmake/bill_slamConfig.cmake
[0.390s] -- Symlinking: /home/vfran/billeagle_ws/bill_ws/install/bill_slam/share/bill_slam/cmake/bill_slamConfig-version.cmake
[0.395s] -- Symlinking: /home/vfran/billeagle_ws/bill_ws/install/bill_slam/share/bill_slam/package.xml
[0.403s] Invoked command in '/home/vfran/billeagle_ws/bill_ws/build/bill_slam' returned '0': CMAKE_PREFIX_PATH=${CMAKE_PREFIX_PATH}:/opt/ros/humble /usr/local/bin/cmake --install /home/vfran/billeagle_ws/bill_ws/build/bill_slam
