[0.006s] Invoking command in '/home/bill8/billeagle_ws/lslidar_ws/build/lslidar_driver': AMENT_PREFIX_PATH=/home/bill8/billeagle_ws/lslidar_ws/install/lslidar_msgs:${AMENT_PREFIX_PATH} CMAKE_PREFIX_PATH=/home/bill8/billeagle_ws/lslidar_ws/install/lslidar_msgs:/opt/ros/humble LD_LIBRARY_PATH=/home/bill8/billeagle_ws/lslidar_ws/install/lslidar_msgs/lib:${LD_LIBRARY_PATH} PYTHONPATH=/home/bill8/billeagle_ws/lslidar_ws/install/lslidar_msgs/local/lib/python3.10/dist-packages:${PYTHONPATH} /usr/bin/cmake /home/bill8/billeagle_ws/lslidar_ws/src/LSLIDAR_M10_N10_V2.5.2_230110_ROS2/lslidar_driver -DAMENT_CMAKE_SYMLINK_INSTALL=1 -DCMAKE_INSTALL_PREFIX=/home/bill8/billeagle_ws/lslidar_ws/install/lslidar_driver
[0.046s] -- The C compiler identification is GNU 11.4.0
[0.086s] -- The CXX compiler identification is GNU 11.4.0
[0.091s] -- Detecting C compiler ABI info
[0.147s] -- Detecting C compiler ABI info - done
[0.151s] -- Check for working C compiler: /usr/bin/cc - skipped
[0.151s] -- Detecting C compile features
[0.151s] -- Detecting C compile features - done
[0.153s] -- Detecting CXX compiler ABI info
[0.217s] -- Detecting CXX compiler ABI info - done
[0.222s] -- Check for working CXX compiler: /usr/bin/c++ - skipped
[0.222s] -- Detecting CXX compile features
[0.222s] -- Detecting CXX compile features - done
[0.343s] -- Found Boost: /usr/lib/x86_64-linux-gnu/cmake/Boost-1.74.0/BoostConfig.cmake (found version "1.74.0") found components: thread 
[0.345s] -- Found rclcpp: 16.0.11 (/opt/ros/humble/share/rclcpp/cmake)
[0.454s] -- Found Python3: /usr/bin/python3 (found version "3.10.12") found components: Interpreter 
[0.493s] -- Override CMake install command with custom implementation using symlinks instead of copying resources
[0.550s] -- Found rosidl_generator_c: 3.1.6 (/opt/ros/humble/share/rosidl_generator_c/cmake)
[0.553s] -- Found rosidl_adapter: 3.1.6 (/opt/ros/humble/share/rosidl_adapter/cmake)
[0.559s] -- Found rosidl_generator_cpp: 3.1.6 (/opt/ros/humble/share/rosidl_generator_cpp/cmake)
[0.568s] -- Using all available rosidl_typesupport_c: rosidl_typesupport_fastrtps_c;rosidl_typesupport_introspection_c
[0.580s] -- Using all available rosidl_typesupport_cpp: rosidl_typesupport_fastrtps_cpp;rosidl_typesupport_introspection_cpp
[0.606s] -- Found rmw_implementation_cmake: 6.1.2 (/opt/ros/humble/share/rmw_implementation_cmake/cmake)
[0.608s] -- Found rmw_fastrtps_cpp: 6.2.7 (/opt/ros/humble/share/rmw_fastrtps_cpp/cmake)
[0.674s] -- Found OpenSSL: /usr/lib/x86_64-linux-gnu/libcrypto.so (found version "3.0.2")  
[0.697s] -- Found FastRTPS: /opt/ros/humble/include  
[0.722s] -- Using RMW implementation 'rmw_fastrtps_cpp' as default
[0.727s] -- Found Threads: TRUE  
[0.764s] -- Checking for module 'eigen3'
[0.775s] --   Found eigen3, version 3.4.0
[0.803s] -- Found Eigen: /usr/include/eigen3 (Required is at least version "3.1") 
[0.803s] -- Eigen found (include: /usr/include/eigen3, version: 3.4.0)
[0.811s] -- Found Boost: /usr/lib/x86_64-linux-gnu/cmake/Boost-1.74.0/BoostConfig.cmake (found suitable version "1.74.0", minimum required is "1.65.0") found components: system filesystem date_time iostreams serialization 
[0.819s] -- Checking for module 'flann'
[0.830s] --   Found flann, version 1.9.1
[0.861s] -- Found FLANN: /usr/lib/x86_64-linux-gnu/libflann_cpp.so  
[0.861s] -- FLANN found (include: /usr/include, lib: /usr/lib/x86_64-linux-gnu/libflann_cpp.so)
[0.883s] -- Found GLEW: /usr/lib/x86_64-linux-gnu/libGLEW.so  
[0.886s] -- Found OpenGL: /usr/lib/x86_64-linux-gnu/libOpenGL.so  found components: OpenGL GLX 
[0.995s] -- Found MPI_C: /usr/lib/x86_64-linux-gnu/libmpi.so (found version "3.1") 
[0.995s] -- Found MPI: TRUE (found version "3.1") found components: C 
[0.996s] -- Found JsonCpp: /usr/lib/x86_64-linux-gnu/libjsoncpp.so (found suitable version "1.9.5", minimum required is "0.7.0") 
[1.003s] -- Found ZLIB: /usr/lib/x86_64-linux-gnu/libz.so (found version "1.2.11") 
[1.019s] -- Found PNG: /usr/lib/x86_64-linux-gnu/libpng.so (found version "1.6.37") 
[1.029s] -- Found Eigen3: /usr/include/eigen3 (found version "3.4.0") 
[1.108s] -- Found X11: /usr/include   
[1.108s] -- Looking for XOpenDisplay in /usr/lib/x86_64-linux-gnu/libX11.so;/usr/lib/x86_64-linux-gnu/libXext.so
[1.167s] -- Looking for XOpenDisplay in /usr/lib/x86_64-linux-gnu/libX11.so;/usr/lib/x86_64-linux-gnu/libXext.so - found
[1.167s] -- Looking for gethostbyname
[1.219s] -- Looking for gethostbyname - found
[1.219s] -- Looking for connect
[1.270s] -- Looking for connect - found
[1.270s] -- Looking for remove
[1.319s] -- Looking for remove - found
[1.319s] -- Looking for shmat
[1.371s] -- Looking for shmat - found
[1.371s] -- Looking for IceConnectionNumber in ICE
[1.446s] -- Looking for IceConnectionNumber in ICE - found
[1.512s] -- Found EXPAT: /usr/lib/x86_64-linux-gnu/libexpat.so (found version "2.4.7") 
[1.514s] -- Found double-conversion: /usr/lib/x86_64-linux-gnu/libdouble-conversion.so  
[1.516s] -- Found LZ4: /usr/lib/x86_64-linux-gnu/liblz4.so (found version "1.9.3") 
[1.517s] -- Found LZMA: /usr/lib/x86_64-linux-gnu/liblzma.so (found version "5.2.5") 
[1.524s] -- Found JPEG: /usr/lib/x86_64-linux-gnu/libjpeg.so (found version "80") 
[1.527s] -- Found TIFF: /usr/lib/x86_64-linux-gnu/libtiff.so (found version "4.3.0")  
[1.529s] -- Found Freetype: /usr/lib/x86_64-linux-gnu/libfreetype.so (found version "2.11.1") 
[1.532s] -- Found utf8cpp: /usr/include/utf8cpp  
[1.591s] -- Checking for module 'libusb-1.0'
[1.603s] --   Found libusb-1.0, version 1.0.25
[1.632s] -- Found libusb: /usr/lib/x86_64-linux-gnu/libusb-1.0.so  
[1.633s] -- Found OpenNI: /usr/lib/libOpenNI.so;libusb::libusb (found version "1.5.4.0") 
[1.633s] -- OpenNI found (version: 1.5.4.0, include: /usr/include/ni, lib: /usr/lib/libOpenNI.so;libusb::libusb)
[1.679s] -- Found OpenNI2: /usr/lib/x86_64-linux-gnu/libOpenNI2.so;libusb::libusb (found version "2.2.0.33") 
[1.679s] -- OpenNI2 found (version: 2.2.0.33, include: /usr/include/openni2, lib: /usr/lib/x86_64-linux-gnu/libOpenNI2.so;libusb::libusb)
[1.679s] [0m** WARNING ** io features related to pcap will be disabled[0m
[1.789s] -- Eigen found (include: /usr/include/eigen3, version: 3.4.0)
[1.793s] -- OpenNI found (version: 1.5.4.0, include: /usr/include/ni, lib: /usr/lib/libOpenNI.so;libusb::libusb)
[1.797s] -- OpenNI2 found (version: 2.2.0.33, include: /usr/include/openni2, lib: /usr/lib/x86_64-linux-gnu/libOpenNI2.so;libusb::libusb)
[1.891s] -- Found Qhull version 8.0.2
[2.026s] -- OpenNI found (version: 1.5.4.0, include: /usr/include/ni, lib: /usr/lib/libOpenNI.so;libusb::libusb)
[2.156s] -- looking for PCL_COMMON
[2.157s] -- Found PCL_COMMON: /usr/lib/x86_64-linux-gnu/libpcl_common.so  
[2.157s] -- looking for PCL_KDTREE
[2.158s] -- Found PCL_KDTREE: /usr/lib/x86_64-linux-gnu/libpcl_kdtree.so  
[2.158s] -- looking for PCL_OCTREE
[2.158s] -- Found PCL_OCTREE: /usr/lib/x86_64-linux-gnu/libpcl_octree.so  
[2.158s] -- looking for PCL_SEARCH
[2.159s] -- Found PCL_SEARCH: /usr/lib/x86_64-linux-gnu/libpcl_search.so  
[2.159s] -- looking for PCL_SAMPLE_CONSENSUS
[2.160s] -- Found PCL_SAMPLE_CONSENSUS: /usr/lib/x86_64-linux-gnu/libpcl_sample_consensus.so  
[2.160s] -- looking for PCL_FILTERS
[2.161s] -- Found PCL_FILTERS: /usr/lib/x86_64-linux-gnu/libpcl_filters.so  
[2.161s] -- looking for PCL_2D
[2.162s] -- Found PCL_2D: /usr/include/pcl-1.12  
[2.162s] -- looking for PCL_GEOMETRY
[2.162s] -- Found PCL_GEOMETRY: /usr/include/pcl-1.12  
[2.162s] -- looking for PCL_IO
[2.162s] -- Found PCL_IO: /usr/lib/x86_64-linux-gnu/libpcl_io.so  
[2.162s] -- looking for PCL_FEATURES
[2.163s] -- Found PCL_FEATURES: /usr/lib/x86_64-linux-gnu/libpcl_features.so  
[2.163s] -- looking for PCL_ML
[2.164s] -- Found PCL_ML: /usr/lib/x86_64-linux-gnu/libpcl_ml.so  
[2.164s] -- looking for PCL_SEGMENTATION
[2.165s] -- Found PCL_SEGMENTATION: /usr/lib/x86_64-linux-gnu/libpcl_segmentation.so  
[2.165s] -- looking for PCL_VISUALIZATION
[2.165s] -- Found PCL_VISUALIZATION: /usr/lib/x86_64-linux-gnu/libpcl_visualization.so  
[2.165s] -- looking for PCL_SURFACE
[2.166s] -- Found PCL_SURFACE: /usr/lib/x86_64-linux-gnu/libpcl_surface.so  
[2.166s] -- looking for PCL_REGISTRATION
[2.167s] -- Found PCL_REGISTRATION: /usr/lib/x86_64-linux-gnu/libpcl_registration.so  
[2.167s] -- looking for PCL_KEYPOINTS
[2.167s] -- Found PCL_KEYPOINTS: /usr/lib/x86_64-linux-gnu/libpcl_keypoints.so  
[2.168s] -- looking for PCL_TRACKING
[2.168s] -- Found PCL_TRACKING: /usr/lib/x86_64-linux-gnu/libpcl_tracking.so  
[2.168s] -- looking for PCL_RECOGNITION
[2.169s] -- Found PCL_RECOGNITION: /usr/lib/x86_64-linux-gnu/libpcl_recognition.so  
[2.169s] -- looking for PCL_STEREO
[2.170s] -- Found PCL_STEREO: /usr/lib/x86_64-linux-gnu/libpcl_stereo.so  
[2.170s] -- looking for PCL_APPS
[2.170s] -- Found PCL_APPS: /usr/lib/x86_64-linux-gnu/libpcl_apps.so  
[2.171s] -- looking for PCL_IN_HAND_SCANNER
[2.171s] -- Found PCL_IN_HAND_SCANNER: /usr/include/pcl-1.12  
[2.171s] -- looking for PCL_MODELER
[2.172s] -- Found PCL_MODELER: /usr/include/pcl-1.12  
[2.172s] -- looking for PCL_POINT_CLOUD_EDITOR
[2.172s] -- Found PCL_POINT_CLOUD_EDITOR: /usr/include/pcl-1.12  
[2.172s] -- looking for PCL_OUTOFCORE
[2.172s] -- Found PCL_OUTOFCORE: /usr/lib/x86_64-linux-gnu/libpcl_outofcore.so  
[2.172s] -- looking for PCL_PEOPLE
[2.173s] -- Found PCL_PEOPLE: /usr/lib/x86_64-linux-gnu/libpcl_people.so  
[2.174s] -- Found PCL: pcl_common;pcl_kdtree;pcl_octree;pcl_search;pcl_sample_consensus;pcl_filters;pcl_io;pcl_features;pcl_ml;pcl_segmentation;pcl_visualization;pcl_surface;pcl_registration;pcl_keypoints;pcl_tracking;pcl_recognition;pcl_stereo;pcl_apps;pcl_outofcore;pcl_people;Boost::system;Boost::filesystem;Boost::date_time;Boost::iostreams;Boost::serialization;/usr/lib/libOpenNI.so;libusb::libusb;/usr/lib/x86_64-linux-gnu/libOpenNI2.so;libusb::libusb;VTK::ChartsCore;VTK::CommonColor;VTK::CommonComputationalGeometry;VTK::CommonCore;VTK::CommonDataModel;VTK::CommonExecutionModel;VTK::CommonMath;VTK::CommonMisc;VTK::CommonTransforms;VTK::FiltersCore;VTK::FiltersExtraction;VTK::FiltersGeneral;VTK::FiltersGeometry;VTK::FiltersModeling;VTK::FiltersSources;VTK::ImagingCore;VTK::ImagingSources;VTK::InteractionImage;VTK::InteractionStyle;VTK::InteractionWidgets;VTK::IOCore;VTK::IOGeometry;VTK::IOImage;VTK::IOLegacy;VTK::IOPLY;VTK::RenderingAnnotation;VTK::RenderingCore;VTK::RenderingContext2D;VTK::RenderingLOD;VTK::RenderingFreeType;VTK::ViewsCore;VTK::ViewsContext2D;VTK::RenderingOpenGL2;VTK::GUISupportQt;FLANN::FLANN;QHULL::QHULL  
[2.179s] -- Configuring incomplete, errors occurred!
[2.179s] See also "/home/bill8/billeagle_ws/lslidar_ws/build/lslidar_driver/CMakeFiles/CMakeOutput.log".
[2.179s] [31mCMake Error at CMakeLists.txt:22 (find_package):
[2.179s]   By not providing "Finddiagnostic_updater.cmake" in CMAKE_MODULE_PATH this
[2.179s]   project has asked CMake to find a package configuration file provided by
[2.179s]   "diagnostic_updater", but CMake did not find one.
[2.180s] 
[2.180s]   Could not find a package configuration file provided by
[2.180s]   "diagnostic_updater" with any of the following names:
[2.180s] 
[2.180s]     diagnostic_updaterConfig.cmake
[2.180s]     diagnostic_updater-config.cmake
[2.180s] 
[2.180s]   Add the installation prefix of "diagnostic_updater" to CMAKE_PREFIX_PATH or
[2.180s]   set "diagnostic_updater_DIR" to a directory containing one of the above
[2.180s]   files.  If "diagnostic_updater" provides a separate development package or
[2.180s]   SDK, be sure it has been installed.
[2.180s] 
[2.181s] [0m
[2.190s] Invoked command in '/home/bill8/billeagle_ws/lslidar_ws/build/lslidar_driver' returned '1': AMENT_PREFIX_PATH=/home/bill8/billeagle_ws/lslidar_ws/install/lslidar_msgs:${AMENT_PREFIX_PATH} CMAKE_PREFIX_PATH=/home/bill8/billeagle_ws/lslidar_ws/install/lslidar_msgs:/opt/ros/humble LD_LIBRARY_PATH=/home/bill8/billeagle_ws/lslidar_ws/install/lslidar_msgs/lib:${LD_LIBRARY_PATH} PYTHONPATH=/home/bill8/billeagle_ws/lslidar_ws/install/lslidar_msgs/local/lib/python3.10/dist-packages:${PYTHONPATH} /usr/bin/cmake /home/bill8/billeagle_ws/lslidar_ws/src/LSLIDAR_M10_N10_V2.5.2_230110_ROS2/lslidar_driver -DAMENT_CMAKE_SYMLINK_INSTALL=1 -DCMAKE_INSTALL_PREFIX=/home/bill8/billeagle_ws/lslidar_ws/install/lslidar_driver
