[0.025s] Invoking command in '/home/bill8/billeagle_ws/bill_ws/build/bill': CMAKE_PREFIX_PATH=${CMAKE_PREFIX_PATH}:/opt/ros/humble CONDA_PROMPT_MODIFIER=(base) /home/bill8/.local/bin/cmake /home/bill8/billeagle_ws/bill_ws/src/bill -DCMAKE_INSTALL_PREFIX=/home/bill8/billeagle_ws/bill_ws/install/bill
[0.190s] [0mCMake Deprecation Warning at CMakeLists.txt:1 (cmake_minimum_required):
[0.190s]   Compatibility with CMake < 3.10 will be removed from a future version of
[0.190s]   CMake.
[0.191s] 
[0.191s]   Update the VERSION argument <min> value.  Or, use the <min>...<max> syntax
[0.191s]   to tell CMake that the project requires at least <min> but has been updated
[0.191s]   to work with policies introduced by <max> or earlier.
[0.191s] 
[0.191s] [0m
[0.340s] -- The C compiler identification is GNU 11.4.0
[0.478s] -- The CXX compiler identification is GNU 11.4.0
[0.498s] -- Detecting C compiler ABI info
[0.614s] -- Detecting C compiler ABI info - done
[0.647s] -- Check for working C compiler: /usr/bin/cc - skipped
[0.649s] -- Detecting C compile features
[0.650s] -- Detecting C compile features - done
[0.676s] -- Detecting CXX compiler ABI info
[0.812s] -- Detecting CXX compiler ABI info - done
[0.857s] -- Check for working CXX compiler: /usr/bin/c++ - skipped
[0.858s] -- Detecting CXX compile features
[0.859s] -- Detecting CXX compile features - done
[0.875s] -- Found ament_cmake: 1.3.11 (/opt/ros/humble/share/ament_cmake/cmake)
[1.117s] -- Found Python3: /home/bill8/miniconda3/bin/python3 (found version "3.12.9") found components: Interpreter
[1.333s] -- Found ament_lint_auto: 0.12.11 (/opt/ros/humble/share/ament_lint_auto/cmake)
[1.375s] Traceback (most recent call last):
[1.375s]   File "/opt/ros/humble/share/ament_cmake_core/cmake/core/package_xml_2_cmake.py", line 22, in <module>
[1.375s]     from catkin_pkg.package import parse_package_string
[1.375s] ModuleNotFoundError: No module named 'catkin_pkg'
[1.385s] [31mCMake Error at /opt/ros/humble/share/ament_cmake_core/cmake/core/ament_package_xml.cmake:95 (message):
[1.385s]   execute_process(/home/bill8/miniconda3/bin/python3
[1.385s]   /opt/ros/humble/share/ament_cmake_core/cmake/core/package_xml_2_cmake.py
[1.385s]   /home/bill8/billeagle_ws/bill_ws/src/bill/package.xml
[1.385s]   /home/bill8/billeagle_ws/bill_ws/build/bill/ament_cmake_core/package.cmake)
[1.385s]   returned error code 1
[1.385s] Call Stack (most recent call first):
[1.386s]   /opt/ros/humble/share/ament_cmake_core/cmake/core/ament_package_xml.cmake:49 (_ament_package_xml)
[1.386s]   /opt/ros/humble/share/ament_lint_auto/cmake/ament_lint_auto_find_test_dependencies.cmake:31 (ament_package_xml)
[1.386s]   CMakeLists.txt:28 (ament_lint_auto_find_test_dependencies)
[1.386s] 
[1.386s] [0m
[1.387s] -- Configuring incomplete, errors occurred!
[1.402s] Invoked command in '/home/bill8/billeagle_ws/bill_ws/build/bill' returned '1': CMAKE_PREFIX_PATH=${CMAKE_PREFIX_PATH}:/opt/ros/humble CONDA_PROMPT_MODIFIER=(base) /home/bill8/.local/bin/cmake /home/bill8/billeagle_ws/bill_ws/src/bill -DCMAKE_INSTALL_PREFIX=/home/bill8/billeagle_ws/bill_ws/install/bill
