[0.006s] Invoking command in '/home/vic/billeagle_ws/lslidar_ws/build/lslidar_driver': AMENT_PREFIX_PATH=/home/vic/billeagle_ws/lslidar_ws/install/lslidar_msgs:${AMENT_PREFIX_PATH} CMAKE_PREFIX_PATH=/home/vic/billeagle_ws/lslidar_ws/install/lslidar_msgs:/home/vic/microros_ws/install/micro_ros_agent:/home/vic/microros_ws/install/micro_ros_msgs:/home/vic/microros_ws/install/micro_ros_setup:/home/vic/billeagle_ws/microros_ws/install/micro_ros_setup:/opt/ros/humble LD_LIBRARY_PATH=/home/vic/billeagle_ws/lslidar_ws/install/lslidar_msgs/lib:${LD_LIBRARY_PATH} PYTHONPATH=/home/vic/billeagle_ws/lslidar_ws/install/lslidar_msgs/local/lib/python3.10/dist-packages:${PYTHONPATH} /usr/bin/cmake /home/vic/billeagle_ws/lslidar_ws/src/LSLIDAR_M10_N10_V2.5.2_230110_ROS2/lslidar_driver -DCMAKE_INSTALL_PREFIX=/home/vic/billeagle_ws/lslidar_ws/install/lslidar_driver
[0.047s] -- The C compiler identification is GNU 11.4.0
[0.083s] -- The CXX compiler identification is GNU 11.4.0
[0.088s] -- Detecting C compiler ABI info
[0.140s] -- Detecting C compiler ABI info - done
[0.144s] -- Check for working C compiler: /usr/bin/cc - skipped
[0.144s] -- Detecting C compile features
[0.144s] -- Detecting C compile features - done
[0.146s] -- Detecting CXX compiler ABI info
[0.199s] -- Detecting CXX compiler ABI info - done
[0.204s] -- Check for working CXX compiler: /usr/bin/c++ - skipped
[0.204s] -- Detecting CXX compile features
[0.204s] -- Detecting CXX compile features - done
[0.327s] -- Found Boost: /usr/lib/x86_64-linux-gnu/cmake/Boost-1.74.0/BoostConfig.cmake (found version "1.74.0") found components: thread 
[0.331s] -- Found rclcpp: 16.0.11 (/opt/ros/humble/share/rclcpp/cmake)
[0.441s] -- Found Python3: /usr/bin/python3 (found version "3.10.12") found components: Interpreter 
[0.530s] -- Found rosidl_generator_c: 3.1.6 (/opt/ros/humble/share/rosidl_generator_c/cmake)
[0.533s] -- Found rosidl_adapter: 3.1.6 (/opt/ros/humble/share/rosidl_adapter/cmake)
[0.537s] -- Found rosidl_generator_cpp: 3.1.6 (/opt/ros/humble/share/rosidl_generator_cpp/cmake)
[0.544s] -- Using all available rosidl_typesupport_c: rosidl_typesupport_fastrtps_c;rosidl_typesupport_introspection_c
[0.553s] -- Using all available rosidl_typesupport_cpp: rosidl_typesupport_fastrtps_cpp;rosidl_typesupport_introspection_cpp
[0.583s] -- Found rmw_implementation_cmake: 6.1.2 (/opt/ros/humble/share/rmw_implementation_cmake/cmake)
[0.585s] -- Found rmw_fastrtps_cpp: 6.2.7 (/opt/ros/humble/share/rmw_fastrtps_cpp/cmake)
[0.645s] -- Found OpenSSL: /usr/lib/x86_64-linux-gnu/libcrypto.so (found version "3.0.2")  
[0.664s] -- Found FastRTPS: /opt/ros/humble/include  
[0.692s] -- Using RMW implementation 'rmw_fastrtps_cpp' as default
[0.701s] -- Found Threads: TRUE  
[0.765s] -- Checking for module 'eigen3'
[0.776s] --   Found eigen3, version 3.4.0
[0.804s] -- Found Eigen: /usr/include/eigen3 (Required is at least version "3.1") 
[0.804s] -- Eigen found (include: /usr/include/eigen3, version: 3.4.0)
[0.817s] -- Found Boost: /usr/lib/x86_64-linux-gnu/cmake/Boost-1.74.0/BoostConfig.cmake (found suitable version "1.74.0", minimum required is "1.65.0") found components: system filesystem date_time iostreams serialization 
[0.827s] -- Checking for module 'flann'
[0.838s] --   Found flann, version 1.9.1
[0.870s] -- Found FLANN: /usr/lib/x86_64-linux-gnu/libflann_cpp.so  
[0.870s] -- FLANN found (include: /usr/include, lib: /usr/lib/x86_64-linux-gnu/libflann_cpp.so)
[0.894s] -- Found GLEW: /usr/lib/x86_64-linux-gnu/libGLEW.so  
[0.898s] -- Found OpenGL: /usr/lib/x86_64-linux-gnu/libOpenGL.so  found components: OpenGL GLX 
[1.034s] -- Found MPI_C: /usr/lib/x86_64-linux-gnu/libmpi.so (found version "3.1") 
[1.034s] -- Found MPI: TRUE (found version "3.1") found components: C 
[1.037s] -- Found JsonCpp: /usr/lib/x86_64-linux-gnu/libjsoncpp.so (found suitable version "1.9.5", minimum required is "0.7.0") 
[1.042s] -- Found ZLIB: /usr/lib/x86_64-linux-gnu/libz.so (found version "1.2.11") 
[1.052s] -- Found PNG: /usr/lib/x86_64-linux-gnu/libpng.so (found version "1.6.37") 
[1.070s] -- Found Eigen3: /usr/include/eigen3 (found version "3.4.0") 
[1.140s] -- Found X11: /usr/include   
[1.140s] -- Looking for XOpenDisplay in /usr/lib/x86_64-linux-gnu/libX11.so;/usr/lib/x86_64-linux-gnu/libXext.so
[1.205s] -- Looking for XOpenDisplay in /usr/lib/x86_64-linux-gnu/libX11.so;/usr/lib/x86_64-linux-gnu/libXext.so - found
[1.205s] -- Looking for gethostbyname
[1.252s] -- Looking for gethostbyname - found
[1.252s] -- Looking for connect
[1.304s] -- Looking for connect - found
[1.304s] -- Looking for remove
[1.357s] -- Looking for remove - found
[1.357s] -- Looking for shmat
[1.405s] -- Looking for shmat - found
[1.405s] -- Looking for IceConnectionNumber in ICE
[1.456s] -- Looking for IceConnectionNumber in ICE - found
[1.523s] -- Found EXPAT: /usr/lib/x86_64-linux-gnu/libexpat.so (found version "2.4.7") 
[1.525s] -- Found double-conversion: /usr/lib/x86_64-linux-gnu/libdouble-conversion.so  
[1.527s] -- Found LZ4: /usr/lib/x86_64-linux-gnu/liblz4.so (found version "1.9.3") 
[1.529s] -- Found LZMA: /usr/lib/x86_64-linux-gnu/liblzma.so (found version "5.2.5") 
[1.575s] -- Found JPEG: /usr/lib/x86_64-linux-gnu/libjpeg.so (found version "80") 
[1.580s] -- Found TIFF: /usr/lib/x86_64-linux-gnu/libtiff.so (found version "4.3.0")  
[1.582s] -- Found Freetype: /usr/lib/x86_64-linux-gnu/libfreetype.so (found version "2.11.1") 
[1.588s] -- Found utf8cpp: /usr/include/utf8cpp  
[1.654s] -- Checking for module 'libusb-1.0'
[1.665s] --   Found libusb-1.0, version 1.0.25
[1.692s] -- Found libusb: /usr/lib/x86_64-linux-gnu/libusb-1.0.so  
[1.694s] -- Found OpenNI: /usr/lib/libOpenNI.so;libusb::libusb (found version "1.5.4.0") 
[1.694s] -- OpenNI found (version: 1.5.4.0, include: /usr/include/ni, lib: /usr/lib/libOpenNI.so;libusb::libusb)
[1.737s] -- Found OpenNI2: /usr/lib/x86_64-linux-gnu/libOpenNI2.so;libusb::libusb (found version "2.2.0.33") 
[1.737s] -- OpenNI2 found (version: 2.2.0.33, include: /usr/include/openni2, lib: /usr/lib/x86_64-linux-gnu/libOpenNI2.so;libusb::libusb)
[1.737s] [0m** WARNING ** io features related to pcap will be disabled[0m
[1.835s] -- Eigen found (include: /usr/include/eigen3, version: 3.4.0)
[1.841s] -- OpenNI found (version: 1.5.4.0, include: /usr/include/ni, lib: /usr/lib/libOpenNI.so;libusb::libusb)
[1.846s] -- OpenNI2 found (version: 2.2.0.33, include: /usr/include/openni2, lib: /usr/lib/x86_64-linux-gnu/libOpenNI2.so;libusb::libusb)
[1.945s] -- Found Qhull version 8.0.2
[2.055s] -- OpenNI found (version: 1.5.4.0, include: /usr/include/ni, lib: /usr/lib/libOpenNI.so;libusb::libusb)
[2.141s] -- looking for PCL_COMMON
[2.142s] -- Found PCL_COMMON: /usr/lib/x86_64-linux-gnu/libpcl_common.so  
[2.142s] -- looking for PCL_KDTREE
[2.151s] -- Found PCL_KDTREE: /usr/lib/x86_64-linux-gnu/libpcl_kdtree.so  
[2.151s] -- looking for PCL_OCTREE
[2.152s] -- Found PCL_OCTREE: /usr/lib/x86_64-linux-gnu/libpcl_octree.so  
[2.152s] -- looking for PCL_SEARCH
[2.152s] -- Found PCL_SEARCH: /usr/lib/x86_64-linux-gnu/libpcl_search.so  
[2.152s] -- looking for PCL_SAMPLE_CONSENSUS
[2.153s] -- Found PCL_SAMPLE_CONSENSUS: /usr/lib/x86_64-linux-gnu/libpcl_sample_consensus.so  
[2.153s] -- looking for PCL_FILTERS
[2.153s] -- Found PCL_FILTERS: /usr/lib/x86_64-linux-gnu/libpcl_filters.so  
[2.153s] -- looking for PCL_2D
[2.153s] -- Found PCL_2D: /usr/include/pcl-1.12  
[2.154s] -- looking for PCL_GEOMETRY
[2.154s] -- Found PCL_GEOMETRY: /usr/include/pcl-1.12  
[2.154s] -- looking for PCL_IO
[2.154s] -- Found PCL_IO: /usr/lib/x86_64-linux-gnu/libpcl_io.so  
[2.154s] -- looking for PCL_FEATURES
[2.155s] -- Found PCL_FEATURES: /usr/lib/x86_64-linux-gnu/libpcl_features.so  
[2.155s] -- looking for PCL_ML
[2.155s] -- Found PCL_ML: /usr/lib/x86_64-linux-gnu/libpcl_ml.so  
[2.155s] -- looking for PCL_SEGMENTATION
[2.156s] -- Found PCL_SEGMENTATION: /usr/lib/x86_64-linux-gnu/libpcl_segmentation.so  
[2.156s] -- looking for PCL_VISUALIZATION
[2.156s] -- Found PCL_VISUALIZATION: /usr/lib/x86_64-linux-gnu/libpcl_visualization.so  
[2.156s] -- looking for PCL_SURFACE
[2.157s] -- Found PCL_SURFACE: /usr/lib/x86_64-linux-gnu/libpcl_surface.so  
[2.157s] -- looking for PCL_REGISTRATION
[2.157s] -- Found PCL_REGISTRATION: /usr/lib/x86_64-linux-gnu/libpcl_registration.so  
[2.157s] -- looking for PCL_KEYPOINTS
[2.158s] -- Found PCL_KEYPOINTS: /usr/lib/x86_64-linux-gnu/libpcl_keypoints.so  
[2.158s] -- looking for PCL_TRACKING
[2.158s] -- Found PCL_TRACKING: /usr/lib/x86_64-linux-gnu/libpcl_tracking.so  
[2.159s] -- looking for PCL_RECOGNITION
[2.159s] -- Found PCL_RECOGNITION: /usr/lib/x86_64-linux-gnu/libpcl_recognition.so  
[2.159s] -- looking for PCL_STEREO
[2.160s] -- Found PCL_STEREO: /usr/lib/x86_64-linux-gnu/libpcl_stereo.so  
[2.160s] -- looking for PCL_APPS
[2.160s] -- Found PCL_APPS: /usr/lib/x86_64-linux-gnu/libpcl_apps.so  
[2.160s] -- looking for PCL_IN_HAND_SCANNER
[2.161s] -- Found PCL_IN_HAND_SCANNER: /usr/include/pcl-1.12  
[2.161s] -- looking for PCL_MODELER
[2.161s] -- Found PCL_MODELER: /usr/include/pcl-1.12  
[2.161s] -- looking for PCL_POINT_CLOUD_EDITOR
[2.161s] -- Found PCL_POINT_CLOUD_EDITOR: /usr/include/pcl-1.12  
[2.161s] -- looking for PCL_OUTOFCORE
[2.162s] -- Found PCL_OUTOFCORE: /usr/lib/x86_64-linux-gnu/libpcl_outofcore.so  
[2.162s] -- looking for PCL_PEOPLE
[2.162s] -- Found PCL_PEOPLE: /usr/lib/x86_64-linux-gnu/libpcl_people.so  
[2.163s] -- Found PCL: pcl_common;pcl_kdtree;pcl_octree;pcl_search;pcl_sample_consensus;pcl_filters;pcl_io;pcl_features;pcl_ml;pcl_segmentation;pcl_visualization;pcl_surface;pcl_registration;pcl_keypoints;pcl_tracking;pcl_recognition;pcl_stereo;pcl_apps;pcl_outofcore;pcl_people;Boost::system;Boost::filesystem;Boost::date_time;Boost::iostreams;Boost::serialization;/usr/lib/libOpenNI.so;libusb::libusb;/usr/lib/x86_64-linux-gnu/libOpenNI2.so;libusb::libusb;VTK::ChartsCore;VTK::CommonColor;VTK::CommonComputationalGeometry;VTK::CommonCore;VTK::CommonDataModel;VTK::CommonExecutionModel;VTK::CommonMath;VTK::CommonMisc;VTK::CommonTransforms;VTK::FiltersCore;VTK::FiltersExtraction;VTK::FiltersGeneral;VTK::FiltersGeometry;VTK::FiltersModeling;VTK::FiltersSources;VTK::ImagingCore;VTK::ImagingSources;VTK::InteractionImage;VTK::InteractionStyle;VTK::InteractionWidgets;VTK::IOCore;VTK::IOGeometry;VTK::IOImage;VTK::IOLegacy;VTK::IOPLY;VTK::RenderingAnnotation;VTK::RenderingCore;VTK::RenderingContext2D;VTK::RenderingLOD;VTK::RenderingFreeType;VTK::ViewsCore;VTK::ViewsContext2D;VTK::RenderingOpenGL2;VTK::GUISupportQt;FLANN::FLANN;QHULL::QHULL  
[2.164s] -- Found diagnostic_updater: 4.0.0 (/opt/ros/humble/share/diagnostic_updater/cmake)
[2.177s] -- Found lslidar_msgs: 1.2.0 (/home/vic/billeagle_ws/lslidar_ws/install/lslidar_msgs/share/lslidar_msgs/cmake)
[2.186s] -- Found pluginlib: 5.1.0 (/opt/ros/humble/share/pluginlib/cmake)
[2.202s] -- Found pcl_conversions: 2.4.5 (/opt/ros/humble/share/pcl_conversions/cmake)
[2.282s] -- Configuring done
[2.345s] -- Generating done
[2.352s] -- Build files have been written to: /home/vic/billeagle_ws/lslidar_ws/build/lslidar_driver
[2.363s] Invoked command in '/home/vic/billeagle_ws/lslidar_ws/build/lslidar_driver' returned '0': AMENT_PREFIX_PATH=/home/vic/billeagle_ws/lslidar_ws/install/lslidar_msgs:${AMENT_PREFIX_PATH} CMAKE_PREFIX_PATH=/home/vic/billeagle_ws/lslidar_ws/install/lslidar_msgs:/home/vic/microros_ws/install/micro_ros_agent:/home/vic/microros_ws/install/micro_ros_msgs:/home/vic/microros_ws/install/micro_ros_setup:/home/vic/billeagle_ws/microros_ws/install/micro_ros_setup:/opt/ros/humble LD_LIBRARY_PATH=/home/vic/billeagle_ws/lslidar_ws/install/lslidar_msgs/lib:${LD_LIBRARY_PATH} PYTHONPATH=/home/vic/billeagle_ws/lslidar_ws/install/lslidar_msgs/local/lib/python3.10/dist-packages:${PYTHONPATH} /usr/bin/cmake /home/vic/billeagle_ws/lslidar_ws/src/LSLIDAR_M10_N10_V2.5.2_230110_ROS2/lslidar_driver -DCMAKE_INSTALL_PREFIX=/home/vic/billeagle_ws/lslidar_ws/install/lslidar_driver
[2.364s] Invoking command in '/home/vic/billeagle_ws/lslidar_ws/build/lslidar_driver': AMENT_PREFIX_PATH=/home/vic/billeagle_ws/lslidar_ws/install/lslidar_msgs:${AMENT_PREFIX_PATH} CMAKE_PREFIX_PATH=/home/vic/billeagle_ws/lslidar_ws/install/lslidar_msgs:/home/vic/microros_ws/install/micro_ros_agent:/home/vic/microros_ws/install/micro_ros_msgs:/home/vic/microros_ws/install/micro_ros_setup:/home/vic/billeagle_ws/microros_ws/install/micro_ros_setup:/opt/ros/humble LD_LIBRARY_PATH=/home/vic/billeagle_ws/lslidar_ws/install/lslidar_msgs/lib:${LD_LIBRARY_PATH} PYTHONPATH=/home/vic/billeagle_ws/lslidar_ws/install/lslidar_msgs/local/lib/python3.10/dist-packages:${PYTHONPATH} /usr/bin/cmake --build /home/vic/billeagle_ws/lslidar_ws/build/lslidar_driver -- -j16 -l16
[2.408s] [ 40%] [32mBuilding CXX object CMakeFiles/lslidar_driver_node.dir/src/lslidar_driver.cc.o[0m
[2.408s] [ 40%] [32mBuilding CXX object CMakeFiles/lslidar_driver_node.dir/src/lslidar_driver_node.cc.o[0m
[2.408s] [ 80%] [32mBuilding CXX object CMakeFiles/lslidar_driver_node.dir/src/lsiosr.cpp.o[0m
[2.408s] [ 80%] [32mBuilding CXX object CMakeFiles/lslidar_driver_node.dir/src/input.cc.o[0m
[2.425s] In file included from [01m[K/home/vic/billeagle_ws/lslidar_ws/src/LSLIDAR_M10_N10_V2.5.2_230110_ROS2/lslidar_driver/src/input.cc:1[m[K:
[2.425s] [01m[K/home/vic/billeagle_ws/lslidar_ws/src/LSLIDAR_M10_N10_V2.5.2_230110_ROS2/lslidar_driver/include/lslidar_driver/input.h:32:10:[m[K [01;31m[Kfatal error: [m[Kpcap.h: No such file or directory
[2.425s]    32 | #include [01;31m[K<pcap.h>[m[K
[2.425s]       |          [01;31m[K^~~~~~~~[m[K
[2.425s] compilation terminated.
[2.425s] gmake[2]: *** [CMakeFiles/lslidar_driver_node.dir/build.make:104: CMakeFiles/lslidar_driver_node.dir/src/input.cc.o] Error 1
[2.425s] gmake[2]: *** Waiting for unfinished jobs....
[3.742s] In file included from [01m[K/home/vic/billeagle_ws/lslidar_ws/src/LSLIDAR_M10_N10_V2.5.2_230110_ROS2/lslidar_driver/include/lslidar_driver/lslidar_driver.h:41[m[K,
[3.742s]                  from [01m[K/home/vic/billeagle_ws/lslidar_ws/src/LSLIDAR_M10_N10_V2.5.2_230110_ROS2/lslidar_driver/src/lslidar_driver.cc:31[m[K:
[3.742s] [01m[K/home/vic/billeagle_ws/lslidar_ws/src/LSLIDAR_M10_N10_V2.5.2_230110_ROS2/lslidar_driver/include/lslidar_driver/input.h:32:10:[m[K [01;31m[Kfatal error: [m[Kpcap.h: No such file or directory
[3.742s]    32 | #include [01;31m[K<pcap.h>[m[K
[3.742s]       |          [01;31m[K^~~~~~~~[m[K
[3.742s] compilation terminated.
[3.742s] In file included from [01m[K/home/vic/billeagle_ws/lslidar_ws/src/LSLIDAR_M10_N10_V2.5.2_230110_ROS2/lslidar_driver/include/lslidar_driver/lslidar_driver.h:41[m[K,
[3.742s]                  from [01m[K/home/vic/billeagle_ws/lslidar_ws/src/LSLIDAR_M10_N10_V2.5.2_230110_ROS2/lslidar_driver/src/lslidar_driver_node.cc:19[m[K:
[3.742s] [01m[K/home/vic/billeagle_ws/lslidar_ws/src/LSLIDAR_M10_N10_V2.5.2_230110_ROS2/lslidar_driver/include/lslidar_driver/input.h:32:10:[m[K [01;31m[Kfatal error: [m[Kpcap.h: No such file or directory
[3.742s]    32 | #include [01;31m[K<pcap.h>[m[K
[3.742s]       |          [01;31m[K^~~~~~~~[m[K
[3.742s] compilation terminated.
[3.756s] gmake[2]: *** [CMakeFiles/lslidar_driver_node.dir/build.make:90: CMakeFiles/lslidar_driver_node.dir/src/lslidar_driver.cc.o] Error 1
[3.757s] gmake[2]: *** [CMakeFiles/lslidar_driver_node.dir/build.make:76: CMakeFiles/lslidar_driver_node.dir/src/lslidar_driver_node.cc.o] Error 1
[3.757s] gmake[1]: *** [CMakeFiles/Makefile2:137: CMakeFiles/lslidar_driver_node.dir/all] Error 2
[3.757s] gmake: *** [Makefile:146: all] Error 2
[3.760s] Invoked command in '/home/vic/billeagle_ws/lslidar_ws/build/lslidar_driver' returned '2': AMENT_PREFIX_PATH=/home/vic/billeagle_ws/lslidar_ws/install/lslidar_msgs:${AMENT_PREFIX_PATH} CMAKE_PREFIX_PATH=/home/vic/billeagle_ws/lslidar_ws/install/lslidar_msgs:/home/vic/microros_ws/install/micro_ros_agent:/home/vic/microros_ws/install/micro_ros_msgs:/home/vic/microros_ws/install/micro_ros_setup:/home/vic/billeagle_ws/microros_ws/install/micro_ros_setup:/opt/ros/humble LD_LIBRARY_PATH=/home/vic/billeagle_ws/lslidar_ws/install/lslidar_msgs/lib:${LD_LIBRARY_PATH} PYTHONPATH=/home/vic/billeagle_ws/lslidar_ws/install/lslidar_msgs/local/lib/python3.10/dist-packages:${PYTHONPATH} /usr/bin/cmake --build /home/vic/billeagle_ws/lslidar_ws/build/lslidar_driver -- -j16 -l16
