[0.018s] Invoking command in '/home/vic/billeagle_ws/bill_ws/build/bill_description': CMAKE_PREFIX_PATH=${CMAKE_PREFIX_PATH}:/opt/ros/humble /usr/bin/cmake /home/vic/billeagle_ws/bill_ws/src/bill_description -DCMAKE_INSTALL_PREFIX=/home/vic/billeagle_ws/bill_ws/install/bill_description
[0.083s] -- The C compiler identification is GNU 11.4.0
[0.150s] -- The CXX compiler identification is GNU 11.4.0
[0.156s] -- Detecting C compiler ABI info
[0.239s] -- Detecting C compiler ABI info - done
[0.246s] -- Check for working C compiler: /usr/bin/cc - skipped
[0.246s] -- Detecting C compile features
[0.246s] -- Detecting C compile features - done
[0.249s] -- Detecting CXX compiler ABI info
[0.343s] -- Detecting CXX compiler ABI info - done
[0.353s] -- Check for working CXX compiler: /usr/bin/c++ - skipped
[0.353s] -- Detecting CXX compile features
[0.354s] -- Detecting CXX compile features - done
[0.357s] -- Found ament_cmake: 1.3.11 (/opt/ros/humble/share/ament_cmake/cmake)
[0.528s] -- Found Python3: /usr/bin/python3 (found version "3.10.12") found components: Interpreter 
[0.629s] -- Found ament_lint_auto: 0.12.11 (/opt/ros/humble/share/ament_lint_auto/cmake)
[0.722s] -- Added test 'flake8' to check Python code syntax and style conventions
[0.724s] -- Added test 'lint_cmake' to check CMake code style
[0.725s] -- Added test 'pep257' to check Python code against some of the docstring style conventions in PEP 257
[0.725s] -- Added test 'xmllint' to check XML markup files
[0.727s] -- Configuring done
[0.731s] -- Generating done
[0.731s] -- Build files have been written to: /home/vic/billeagle_ws/bill_ws/build/bill_description
[0.740s] Invoked command in '/home/vic/billeagle_ws/bill_ws/build/bill_description' returned '0': CMAKE_PREFIX_PATH=${CMAKE_PREFIX_PATH}:/opt/ros/humble /usr/bin/cmake /home/vic/billeagle_ws/bill_ws/src/bill_description -DCMAKE_INSTALL_PREFIX=/home/vic/billeagle_ws/bill_ws/install/bill_description
[0.742s] Invoking command in '/home/vic/billeagle_ws/bill_ws/build/bill_description': CMAKE_PREFIX_PATH=${CMAKE_PREFIX_PATH}:/opt/ros/humble /usr/bin/cmake --build /home/vic/billeagle_ws/bill_ws/build/bill_description -- -j8 -l8
[0.782s] Invoked command in '/home/vic/billeagle_ws/bill_ws/build/bill_description' returned '0': CMAKE_PREFIX_PATH=${CMAKE_PREFIX_PATH}:/opt/ros/humble /usr/bin/cmake --build /home/vic/billeagle_ws/bill_ws/build/bill_description -- -j8 -l8
[0.809s] Invoking command in '/home/vic/billeagle_ws/bill_ws/build/bill_description': CMAKE_PREFIX_PATH=${CMAKE_PREFIX_PATH}:/opt/ros/humble /usr/bin/cmake --install /home/vic/billeagle_ws/bill_ws/build/bill_description
[0.819s] -- Install configuration: ""
[0.819s] -- Installing: /home/vic/billeagle_ws/bill_ws/install/bill_description/share/bill_description/launch
[0.819s] -- Installing: /home/vic/billeagle_ws/bill_ws/install/bill_description/share/bill_description/launch/rsp.launch.py
[0.821s] -- Installing: /home/vic/billeagle_ws/bill_ws/install/bill_description/share/bill_description/launch/simulado.launch.py
[0.821s] -- Installing: /home/vic/billeagle_ws/bill_ws/install/bill_description/share/bill_description/launch/launch_sim.launch.py
[0.822s] -- Installing: /home/vic/billeagle_ws/bill_ws/install/bill_description/share/bill_description/launch/robot.launch.py
[0.822s] -- Installing: /home/vic/billeagle_ws/bill_ws/install/bill_description/share/bill_description/launch/rviz.launch.py
[0.822s] -- Installing: /home/vic/billeagle_ws/bill_ws/install/bill_description/share/bill_description/description
[0.822s] -- Installing: /home/vic/billeagle_ws/bill_ws/install/bill_description/share/bill_description/description/robot.urdf.xacro
[0.822s] -- Installing: /home/vic/billeagle_ws/bill_ws/install/bill_description/share/bill_description/description/gazebo_control.xacro
[0.823s] -- Installing: /home/vic/billeagle_ws/bill_ws/install/bill_description/share/bill_description/description/common.xacro
[0.823s] -- Installing: /home/vic/billeagle_ws/bill_ws/install/bill_description/share/bill_description/description/robot_core.xacro
[0.823s] -- Installing: /home/vic/billeagle_ws/bill_ws/install/bill_description/share/bill_description/description/ros2_control.xacro
[0.824s] -- Installing: /home/vic/billeagle_ws/bill_ws/install/bill_description/share/bill_description/description/lidar.xacro
[0.824s] -- Installing: /home/vic/billeagle_ws/bill_ws/install/bill_description/share/bill_description/models
[0.824s] -- Installing: /home/vic/billeagle_ws/bill_ws/install/bill_description/share/bill_description/models/myBill
[0.824s] -- Installing: /home/vic/billeagle_ws/bill_ws/install/bill_description/share/bill_description/models/myBill/bill.urdf.xacro
[0.824s] -- Installing: /home/vic/billeagle_ws/bill_ws/install/bill_description/share/bill_description/models/myBill/ros2_control.xacro
[0.824s] -- Installing: /home/vic/billeagle_ws/bill_ws/install/bill_description/share/bill_description/models/myBill/lidar.xacro
[0.824s] -- Installing: /home/vic/billeagle_ws/bill_ws/install/bill_description/share/bill_description/models/myBill/inertial_macros.xacro
[0.824s] -- Installing: /home/vic/billeagle_ws/bill_ws/install/bill_description/share/bill_description/rviz
[0.825s] -- Installing: /home/vic/billeagle_ws/bill_ws/install/bill_description/share/bill_description/rviz/sim.config.rviz
[0.825s] -- Installing: /home/vic/billeagle_ws/bill_ws/install/bill_description/share/bill_description/rviz/config.rviz
[0.825s] -- Installing: /home/vic/billeagle_ws/bill_ws/install/bill_description/share/bill_description/rviz/nav.config.rviz
[0.825s] -- Installing: /home/vic/billeagle_ws/bill_ws/install/bill_description/share/bill_description/rviz/bot.rviz
[0.825s] -- Installing: /home/vic/billeagle_ws/bill_ws/install/bill_description/share/bill_description/rviz/sim_map.config.rviz
[0.825s] -- Installing: /home/vic/billeagle_ws/bill_ws/install/bill_description/share/bill_description/config
[0.825s] -- Installing: /home/vic/billeagle_ws/bill_ws/install/bill_description/share/bill_description/config/gazebo_params.yaml
[0.825s] -- Installing: /home/vic/billeagle_ws/bill_ws/install/bill_description/share/bill_description/config/twist_mux_params.yaml
[0.825s] -- Installing: /home/vic/billeagle_ws/bill_ws/install/bill_description/share/bill_description/config/bill_control.yaml
[0.825s] -- Installing: /home/vic/billeagle_ws/bill_ws/install/bill_description/share/bill_description/config/my_controller.yaml
[0.825s] -- Installing: /home/vic/billeagle_ws/bill_ws/install/bill_description/share/ament_index/resource_index/package_run_dependencies/bill_description
[0.825s] -- Installing: /home/vic/billeagle_ws/bill_ws/install/bill_description/share/ament_index/resource_index/parent_prefix_path/bill_description
[0.825s] -- Installing: /home/vic/billeagle_ws/bill_ws/install/bill_description/share/bill_description/environment/ament_prefix_path.sh
[0.825s] -- Installing: /home/vic/billeagle_ws/bill_ws/install/bill_description/share/bill_description/environment/ament_prefix_path.dsv
[0.825s] -- Installing: /home/vic/billeagle_ws/bill_ws/install/bill_description/share/bill_description/environment/path.sh
[0.826s] -- Installing: /home/vic/billeagle_ws/bill_ws/install/bill_description/share/bill_description/environment/path.dsv
[0.826s] -- Installing: /home/vic/billeagle_ws/bill_ws/install/bill_description/share/bill_description/local_setup.bash
[0.826s] -- Installing: /home/vic/billeagle_ws/bill_ws/install/bill_description/share/bill_description/local_setup.sh
[0.826s] -- Installing: /home/vic/billeagle_ws/bill_ws/install/bill_description/share/bill_description/local_setup.zsh
[0.826s] -- Installing: /home/vic/billeagle_ws/bill_ws/install/bill_description/share/bill_description/local_setup.dsv
[0.826s] -- Installing: /home/vic/billeagle_ws/bill_ws/install/bill_description/share/bill_description/package.dsv
[0.826s] -- Installing: /home/vic/billeagle_ws/bill_ws/install/bill_description/share/ament_index/resource_index/packages/bill_description
[0.826s] -- Installing: /home/vic/billeagle_ws/bill_ws/install/bill_description/share/bill_description/cmake/bill_descriptionConfig.cmake
[0.826s] -- Installing: /home/vic/billeagle_ws/bill_ws/install/bill_description/share/bill_description/cmake/bill_descriptionConfig-version.cmake
[0.826s] -- Installing: /home/vic/billeagle_ws/bill_ws/install/bill_description/share/bill_description/package.xml
[0.841s] Invoked command in '/home/vic/billeagle_ws/bill_ws/build/bill_description' returned '0': CMAKE_PREFIX_PATH=${CMAKE_PREFIX_PATH}:/opt/ros/humble /usr/bin/cmake --install /home/vic/billeagle_ws/bill_ws/build/bill_description
