/home/bill7/billeagle_ws/nav_ws/install/task_nav/lib/python3.10/site-packages/task_nav/goal_pose.py
/home/bill7/billeagle_ws/nav_ws/install/task_nav/lib/python3.10/site-packages/task_nav/__init__.py
/home/bill7/billeagle_ws/nav_ws/install/task_nav/lib/python3.10/site-packages/task_nav/object_avoidance.py
/home/bill7/billeagle_ws/nav_ws/install/task_nav/lib/python3.10/site-packages/task_nav/mecanum_drive.py
/home/bill7/billeagle_ws/nav_ws/install/task_nav/lib/python3.10/site-packages/task_nav/init_pose.py
/home/bill7/billeagle_ws/nav_ws/install/task_nav/lib/python3.10/site-packages/task_nav/fake_node.py
/home/bill7/billeagle_ws/nav_ws/install/task_nav/lib/python3.10/site-packages/task_nav/turn_around.py
/home/bill7/billeagle_ws/nav_ws/install/task_nav/lib/python3.10/site-packages/task_nav/inspection.py
/home/bill7/billeagle_ws/nav_ws/install/task_nav/lib/python3.10/site-packages/task_nav/pub_turn_around.py
/home/bill7/billeagle_ws/nav_ws/install/task_nav/lib/python3.10/site-packages/task_nav/__pycache__/goal_pose.cpython-310.pyc
/home/bill7/billeagle_ws/nav_ws/install/task_nav/lib/python3.10/site-packages/task_nav/__pycache__/__init__.cpython-310.pyc
/home/bill7/billeagle_ws/nav_ws/install/task_nav/lib/python3.10/site-packages/task_nav/__pycache__/object_avoidance.cpython-310.pyc
/home/bill7/billeagle_ws/nav_ws/install/task_nav/lib/python3.10/site-packages/task_nav/__pycache__/mecanum_drive.cpython-310.pyc
/home/bill7/billeagle_ws/nav_ws/install/task_nav/lib/python3.10/site-packages/task_nav/__pycache__/init_pose.cpython-310.pyc
/home/bill7/billeagle_ws/nav_ws/install/task_nav/lib/python3.10/site-packages/task_nav/__pycache__/fake_node.cpython-310.pyc
/home/bill7/billeagle_ws/nav_ws/install/task_nav/lib/python3.10/site-packages/task_nav/__pycache__/turn_around.cpython-310.pyc
/home/bill7/billeagle_ws/nav_ws/install/task_nav/lib/python3.10/site-packages/task_nav/__pycache__/inspection.cpython-310.pyc
/home/bill7/billeagle_ws/nav_ws/install/task_nav/lib/python3.10/site-packages/task_nav/__pycache__/pub_turn_around.cpython-310.pyc
/home/bill7/billeagle_ws/nav_ws/install/task_nav/share/ament_index/resource_index/packages/task_nav
/home/bill7/billeagle_ws/nav_ws/install/task_nav/share/task_nav/package.xml
/home/bill7/billeagle_ws/nav_ws/install/task_nav/lib/python3.10/site-packages/task_nav-0.0.0-py3.10.egg-info/SOURCES.txt
/home/bill7/billeagle_ws/nav_ws/install/task_nav/lib/python3.10/site-packages/task_nav-0.0.0-py3.10.egg-info/requires.txt
/home/bill7/billeagle_ws/nav_ws/install/task_nav/lib/python3.10/site-packages/task_nav-0.0.0-py3.10.egg-info/PKG-INFO
/home/bill7/billeagle_ws/nav_ws/install/task_nav/lib/python3.10/site-packages/task_nav-0.0.0-py3.10.egg-info/dependency_links.txt
/home/bill7/billeagle_ws/nav_ws/install/task_nav/lib/python3.10/site-packages/task_nav-0.0.0-py3.10.egg-info/zip-safe
/home/bill7/billeagle_ws/nav_ws/install/task_nav/lib/python3.10/site-packages/task_nav-0.0.0-py3.10.egg-info/top_level.txt
/home/bill7/billeagle_ws/nav_ws/install/task_nav/lib/python3.10/site-packages/task_nav-0.0.0-py3.10.egg-info/entry_points.txt
/home/bill7/billeagle_ws/nav_ws/install/task_nav/lib/task_nav/fake_node
/home/bill7/billeagle_ws/nav_ws/install/task_nav/lib/task_nav/goal_pose
/home/bill7/billeagle_ws/nav_ws/install/task_nav/lib/task_nav/init_pose
/home/bill7/billeagle_ws/nav_ws/install/task_nav/lib/task_nav/inspection_routine
/home/bill7/billeagle_ws/nav_ws/install/task_nav/lib/task_nav/mecanum_drive
/home/bill7/billeagle_ws/nav_ws/install/task_nav/lib/task_nav/object_avoidance
/home/bill7/billeagle_ws/nav_ws/install/task_nav/lib/task_nav/pub_turned
/home/bill7/billeagle_ws/nav_ws/install/task_nav/lib/task_nav/turn_around
