[0.158s] DEBUG:colcon:Command line arguments: ['/usr/bin/colcon', 'build']
[0.158s] DEBUG:colcon:Parsed command line arguments: Namespace(log_base=None, log_level=None, verb_name='build', build_base='build', install_base='install', merge_install=False, symlink_install=False, test_result_base=None, continue_on_error=False, executor='parallel', parallel_workers=16, event_handlers=None, ignore_user_meta=False, metas=['./colcon.meta'], base_paths=['.'], packages_ignore=None, packages_ignore_regex=None, paths=None, packages_up_to=None, packages_up_to_regex=None, packages_above=None, packages_above_and_dependencies=None, packages_above_depth=None, packages_select_by_dep=None, packages_skip_by_dep=None, packages_skip_up_to=None, packages_select_build_failed=False, packages_skip_build_finished=False, packages_select_test_failures=False, packages_skip_test_passed=False, packages_select=None, packages_skip=None, packages_select_regex=None, packages_skip_regex=None, packages_start=None, packages_end=None, allow_overriding=[], cmake_args=None, cmake_target=None, cmake_target_skip_unavailable=False, cmake_clean_cache=False, cmake_clean_first=False, cmake_force_configure=False, ament_cmake_args=None, catkin_cmake_args=None, catkin_skip_building_tests=False, mixin_files=None, mixin=None, verb_parser=<colcon_mixin.mixin.mixin_argument.MixinArgumentDecorator object at 0x73dcb115e980>, verb_extension=<colcon_core.verb.build.BuildVerb object at 0x73dcb115e200>, main=<bound method BuildVerb.main of <colcon_core.verb.build.BuildVerb object at 0x73dcb115e200>>, mixin_verb=('build',))
[0.381s] Level 1:colcon.colcon_core.package_discovery:discover_packages(colcon_meta) check parameters
[0.381s] Level 1:colcon.colcon_core.package_discovery:discover_packages(recursive) check parameters
[0.381s] Level 1:colcon.colcon_core.package_discovery:discover_packages(ignore) check parameters
[0.381s] Level 1:colcon.colcon_core.package_discovery:discover_packages(path) check parameters
[0.382s] Level 1:colcon.colcon_core.package_discovery:discover_packages(colcon_meta) discover
[0.382s] Level 1:colcon.colcon_core.package_discovery:discover_packages(recursive) discover
[0.382s] INFO:colcon.colcon_core.package_discovery:Crawling recursively for packages in '/home/vfran/billeagle_ws/lslidar_ws'
[0.382s] Level 1:colcon.colcon_core.package_identification:_identify(.) by extensions ['ignore', 'ignore_ament_install']
[0.382s] Level 1:colcon.colcon_core.package_identification:_identify(.) by extension 'ignore'
[0.382s] Level 1:colcon.colcon_core.package_identification:_identify(.) by extension 'ignore_ament_install'
[0.382s] Level 1:colcon.colcon_core.package_identification:_identify(.) by extensions ['colcon_pkg']
[0.382s] Level 1:colcon.colcon_core.package_identification:_identify(.) by extension 'colcon_pkg'
[0.382s] Level 1:colcon.colcon_core.package_identification:_identify(.) by extensions ['colcon_meta']
[0.382s] Level 1:colcon.colcon_core.package_identification:_identify(.) by extension 'colcon_meta'
[0.382s] Level 1:colcon.colcon_core.package_identification:_identify(.) by extensions ['ros']
[0.382s] Level 1:colcon.colcon_core.package_identification:_identify(.) by extension 'ros'
[0.397s] Level 1:colcon.colcon_core.package_identification:_identify(.) by extensions ['cmake', 'python']
[0.397s] Level 1:colcon.colcon_core.package_identification:_identify(.) by extension 'cmake'
[0.397s] Level 1:colcon.colcon_core.package_identification:_identify(.) by extension 'python'
[0.397s] Level 1:colcon.colcon_core.package_identification:_identify(.) by extensions ['python_setup_py']
[0.397s] Level 1:colcon.colcon_core.package_identification:_identify(.) by extension 'python_setup_py'
[0.397s] Level 1:colcon.colcon_core.package_identification:_identify(build) by extensions ['ignore', 'ignore_ament_install']
[0.397s] Level 1:colcon.colcon_core.package_identification:_identify(build) by extension 'ignore'
[0.397s] Level 1:colcon.colcon_core.package_identification:_identify(build) ignored
[0.398s] Level 1:colcon.colcon_core.package_identification:_identify(install) by extensions ['ignore', 'ignore_ament_install']
[0.398s] Level 1:colcon.colcon_core.package_identification:_identify(install) by extension 'ignore'
[0.398s] Level 1:colcon.colcon_core.package_identification:_identify(install) ignored
[0.398s] Level 1:colcon.colcon_core.package_identification:_identify(log) by extensions ['ignore', 'ignore_ament_install']
[0.398s] Level 1:colcon.colcon_core.package_identification:_identify(log) by extension 'ignore'
[0.398s] Level 1:colcon.colcon_core.package_identification:_identify(log) ignored
[0.398s] Level 1:colcon.colcon_core.package_identification:_identify(src) by extensions ['ignore', 'ignore_ament_install']
[0.398s] Level 1:colcon.colcon_core.package_identification:_identify(src) by extension 'ignore'
[0.398s] Level 1:colcon.colcon_core.package_identification:_identify(src) by extension 'ignore_ament_install'
[0.398s] Level 1:colcon.colcon_core.package_identification:_identify(src) by extensions ['colcon_pkg']
[0.398s] Level 1:colcon.colcon_core.package_identification:_identify(src) by extension 'colcon_pkg'
[0.398s] Level 1:colcon.colcon_core.package_identification:_identify(src) by extensions ['colcon_meta']
[0.398s] Level 1:colcon.colcon_core.package_identification:_identify(src) by extension 'colcon_meta'
[0.398s] Level 1:colcon.colcon_core.package_identification:_identify(src) by extensions ['ros']
[0.399s] Level 1:colcon.colcon_core.package_identification:_identify(src) by extension 'ros'
[0.399s] Level 1:colcon.colcon_core.package_identification:_identify(src) by extensions ['cmake', 'python']
[0.399s] Level 1:colcon.colcon_core.package_identification:_identify(src) by extension 'cmake'
[0.399s] Level 1:colcon.colcon_core.package_identification:_identify(src) by extension 'python'
[0.399s] Level 1:colcon.colcon_core.package_identification:_identify(src) by extensions ['python_setup_py']
[0.399s] Level 1:colcon.colcon_core.package_identification:_identify(src) by extension 'python_setup_py'
[0.399s] Level 1:colcon.colcon_core.package_identification:_identify(src/LSLIDAR_M10_N10_V2.5.2_230110_ROS2) by extensions ['ignore', 'ignore_ament_install']
[0.399s] Level 1:colcon.colcon_core.package_identification:_identify(src/LSLIDAR_M10_N10_V2.5.2_230110_ROS2) by extension 'ignore'
[0.399s] Level 1:colcon.colcon_core.package_identification:_identify(src/LSLIDAR_M10_N10_V2.5.2_230110_ROS2) by extension 'ignore_ament_install'
[0.399s] Level 1:colcon.colcon_core.package_identification:_identify(src/LSLIDAR_M10_N10_V2.5.2_230110_ROS2) by extensions ['colcon_pkg']
[0.399s] Level 1:colcon.colcon_core.package_identification:_identify(src/LSLIDAR_M10_N10_V2.5.2_230110_ROS2) by extension 'colcon_pkg'
[0.399s] Level 1:colcon.colcon_core.package_identification:_identify(src/LSLIDAR_M10_N10_V2.5.2_230110_ROS2) by extensions ['colcon_meta']
[0.399s] Level 1:colcon.colcon_core.package_identification:_identify(src/LSLIDAR_M10_N10_V2.5.2_230110_ROS2) by extension 'colcon_meta'
[0.399s] Level 1:colcon.colcon_core.package_identification:_identify(src/LSLIDAR_M10_N10_V2.5.2_230110_ROS2) by extensions ['ros']
[0.399s] Level 1:colcon.colcon_core.package_identification:_identify(src/LSLIDAR_M10_N10_V2.5.2_230110_ROS2) by extension 'ros'
[0.399s] Level 1:colcon.colcon_core.package_identification:_identify(src/LSLIDAR_M10_N10_V2.5.2_230110_ROS2) by extensions ['cmake', 'python']
[0.400s] Level 1:colcon.colcon_core.package_identification:_identify(src/LSLIDAR_M10_N10_V2.5.2_230110_ROS2) by extension 'cmake'
[0.400s] Level 1:colcon.colcon_core.package_identification:_identify(src/LSLIDAR_M10_N10_V2.5.2_230110_ROS2) by extension 'python'
[0.400s] Level 1:colcon.colcon_core.package_identification:_identify(src/LSLIDAR_M10_N10_V2.5.2_230110_ROS2) by extensions ['python_setup_py']
[0.400s] Level 1:colcon.colcon_core.package_identification:_identify(src/LSLIDAR_M10_N10_V2.5.2_230110_ROS2) by extension 'python_setup_py'
[0.400s] Level 1:colcon.colcon_core.package_identification:_identify(src/LSLIDAR_M10_N10_V2.5.2_230110_ROS2/lslidar_driver) by extensions ['ignore', 'ignore_ament_install']
[0.400s] Level 1:colcon.colcon_core.package_identification:_identify(src/LSLIDAR_M10_N10_V2.5.2_230110_ROS2/lslidar_driver) by extension 'ignore'
[0.400s] Level 1:colcon.colcon_core.package_identification:_identify(src/LSLIDAR_M10_N10_V2.5.2_230110_ROS2/lslidar_driver) by extension 'ignore_ament_install'
[0.400s] Level 1:colcon.colcon_core.package_identification:_identify(src/LSLIDAR_M10_N10_V2.5.2_230110_ROS2/lslidar_driver) by extensions ['colcon_pkg']
[0.400s] Level 1:colcon.colcon_core.package_identification:_identify(src/LSLIDAR_M10_N10_V2.5.2_230110_ROS2/lslidar_driver) by extension 'colcon_pkg'
[0.400s] Level 1:colcon.colcon_core.package_identification:_identify(src/LSLIDAR_M10_N10_V2.5.2_230110_ROS2/lslidar_driver) by extensions ['colcon_meta']
[0.400s] Level 1:colcon.colcon_core.package_identification:_identify(src/LSLIDAR_M10_N10_V2.5.2_230110_ROS2/lslidar_driver) by extension 'colcon_meta'
[0.400s] Level 1:colcon.colcon_core.package_identification:_identify(src/LSLIDAR_M10_N10_V2.5.2_230110_ROS2/lslidar_driver) by extensions ['ros']
[0.400s] Level 1:colcon.colcon_core.package_identification:_identify(src/LSLIDAR_M10_N10_V2.5.2_230110_ROS2/lslidar_driver) by extension 'ros'
[0.409s] DEBUG:colcon.colcon_core.package_identification:Package 'src/LSLIDAR_M10_N10_V2.5.2_230110_ROS2/lslidar_driver' with type 'ros.ament_cmake' and name 'lslidar_driver'
[0.409s] Level 1:colcon.colcon_core.package_identification:_identify(src/LSLIDAR_M10_N10_V2.5.2_230110_ROS2/lslidar_msgs) by extensions ['ignore', 'ignore_ament_install']
[0.409s] Level 1:colcon.colcon_core.package_identification:_identify(src/LSLIDAR_M10_N10_V2.5.2_230110_ROS2/lslidar_msgs) by extension 'ignore'
[0.410s] Level 1:colcon.colcon_core.package_identification:_identify(src/LSLIDAR_M10_N10_V2.5.2_230110_ROS2/lslidar_msgs) by extension 'ignore_ament_install'
[0.410s] Level 1:colcon.colcon_core.package_identification:_identify(src/LSLIDAR_M10_N10_V2.5.2_230110_ROS2/lslidar_msgs) by extensions ['colcon_pkg']
[0.410s] Level 1:colcon.colcon_core.package_identification:_identify(src/LSLIDAR_M10_N10_V2.5.2_230110_ROS2/lslidar_msgs) by extension 'colcon_pkg'
[0.410s] Level 1:colcon.colcon_core.package_identification:_identify(src/LSLIDAR_M10_N10_V2.5.2_230110_ROS2/lslidar_msgs) by extensions ['colcon_meta']
[0.410s] Level 1:colcon.colcon_core.package_identification:_identify(src/LSLIDAR_M10_N10_V2.5.2_230110_ROS2/lslidar_msgs) by extension 'colcon_meta'
[0.410s] Level 1:colcon.colcon_core.package_identification:_identify(src/LSLIDAR_M10_N10_V2.5.2_230110_ROS2/lslidar_msgs) by extensions ['ros']
[0.410s] Level 1:colcon.colcon_core.package_identification:_identify(src/LSLIDAR_M10_N10_V2.5.2_230110_ROS2/lslidar_msgs) by extension 'ros'
[0.430s] DEBUG:colcon.colcon_core.package_identification:Package 'src/LSLIDAR_M10_N10_V2.5.2_230110_ROS2/lslidar_msgs' with type 'ros.ament_cmake' and name 'lslidar_msgs'
[0.430s] Level 1:colcon.colcon_core.package_discovery:discover_packages(recursive) using defaults
[0.430s] Level 1:colcon.colcon_core.package_discovery:discover_packages(ignore) discover
[0.430s] Level 1:colcon.colcon_core.package_discovery:discover_packages(ignore) using defaults
[0.430s] Level 1:colcon.colcon_core.package_discovery:discover_packages(path) discover
[0.430s] Level 1:colcon.colcon_core.package_discovery:discover_packages(path) using defaults
[0.455s] Level 1:colcon.colcon_core.package_discovery:discover_packages(prefix_path) check parameters
[0.455s] Level 1:colcon.colcon_core.package_discovery:discover_packages(prefix_path) discover
[0.457s] DEBUG:colcon.colcon_installed_package_information.package_discovery:Found 3 installed packages in /home/vfran/billeagle_ws/microros_ws/install
[0.460s] DEBUG:colcon.colcon_installed_package_information.package_discovery:Found 428 installed packages in /opt/ros/humble
[0.462s] Level 1:colcon.colcon_core.package_discovery:discover_packages(prefix_path) using defaults
[0.526s] Level 5:colcon.colcon_core.verb:set package 'lslidar_msgs' build argument 'cmake_args' from command line to 'None'
[0.526s] Level 5:colcon.colcon_core.verb:set package 'lslidar_msgs' build argument 'cmake_target' from command line to 'None'
[0.526s] Level 5:colcon.colcon_core.verb:set package 'lslidar_msgs' build argument 'cmake_target_skip_unavailable' from command line to 'False'
[0.526s] Level 5:colcon.colcon_core.verb:set package 'lslidar_msgs' build argument 'cmake_clean_cache' from command line to 'False'
[0.526s] Level 5:colcon.colcon_core.verb:set package 'lslidar_msgs' build argument 'cmake_clean_first' from command line to 'False'
[0.526s] Level 5:colcon.colcon_core.verb:set package 'lslidar_msgs' build argument 'cmake_force_configure' from command line to 'False'
[0.526s] Level 5:colcon.colcon_core.verb:set package 'lslidar_msgs' build argument 'ament_cmake_args' from command line to 'None'
[0.526s] Level 5:colcon.colcon_core.verb:set package 'lslidar_msgs' build argument 'catkin_cmake_args' from command line to 'None'
[0.526s] Level 5:colcon.colcon_core.verb:set package 'lslidar_msgs' build argument 'catkin_skip_building_tests' from command line to 'False'
[0.527s] DEBUG:colcon.colcon_core.verb:Building package 'lslidar_msgs' with the following arguments: {'ament_cmake_args': None, 'build_base': '/home/vfran/billeagle_ws/lslidar_ws/build/lslidar_msgs', 'catkin_cmake_args': None, 'catkin_skip_building_tests': False, 'cmake_args': None, 'cmake_clean_cache': False, 'cmake_clean_first': False, 'cmake_force_configure': False, 'cmake_target': None, 'cmake_target_skip_unavailable': False, 'install_base': '/home/vfran/billeagle_ws/lslidar_ws/install/lslidar_msgs', 'merge_install': False, 'path': '/home/vfran/billeagle_ws/lslidar_ws/src/LSLIDAR_M10_N10_V2.5.2_230110_ROS2/lslidar_msgs', 'symlink_install': False, 'test_result_base': None}
[0.527s] Level 5:colcon.colcon_core.verb:set package 'lslidar_driver' build argument 'cmake_args' from command line to 'None'
[0.527s] Level 5:colcon.colcon_core.verb:set package 'lslidar_driver' build argument 'cmake_target' from command line to 'None'
[0.527s] Level 5:colcon.colcon_core.verb:set package 'lslidar_driver' build argument 'cmake_target_skip_unavailable' from command line to 'False'
[0.527s] Level 5:colcon.colcon_core.verb:set package 'lslidar_driver' build argument 'cmake_clean_cache' from command line to 'False'
[0.527s] Level 5:colcon.colcon_core.verb:set package 'lslidar_driver' build argument 'cmake_clean_first' from command line to 'False'
[0.527s] Level 5:colcon.colcon_core.verb:set package 'lslidar_driver' build argument 'cmake_force_configure' from command line to 'False'
[0.527s] Level 5:colcon.colcon_core.verb:set package 'lslidar_driver' build argument 'ament_cmake_args' from command line to 'None'
[0.527s] Level 5:colcon.colcon_core.verb:set package 'lslidar_driver' build argument 'catkin_cmake_args' from command line to 'None'
[0.527s] Level 5:colcon.colcon_core.verb:set package 'lslidar_driver' build argument 'catkin_skip_building_tests' from command line to 'False'
[0.527s] DEBUG:colcon.colcon_core.verb:Building package 'lslidar_driver' with the following arguments: {'ament_cmake_args': None, 'build_base': '/home/vfran/billeagle_ws/lslidar_ws/build/lslidar_driver', 'catkin_cmake_args': None, 'catkin_skip_building_tests': False, 'cmake_args': None, 'cmake_clean_cache': False, 'cmake_clean_first': False, 'cmake_force_configure': False, 'cmake_target': None, 'cmake_target_skip_unavailable': False, 'install_base': '/home/vfran/billeagle_ws/lslidar_ws/install/lslidar_driver', 'merge_install': False, 'path': '/home/vfran/billeagle_ws/lslidar_ws/src/LSLIDAR_M10_N10_V2.5.2_230110_ROS2/lslidar_driver', 'symlink_install': False, 'test_result_base': None}
[0.527s] INFO:colcon.colcon_core.executor:Executing jobs using 'parallel' executor
[0.529s] DEBUG:colcon.colcon_parallel_executor.executor.parallel:run_until_complete
[0.530s] INFO:colcon.colcon_ros.task.ament_cmake.build:Building ROS package in '/home/vfran/billeagle_ws/lslidar_ws/src/LSLIDAR_M10_N10_V2.5.2_230110_ROS2/lslidar_msgs' with build type 'ament_cmake'
[0.530s] INFO:colcon.colcon_cmake.task.cmake.build:Building CMake package in '/home/vfran/billeagle_ws/lslidar_ws/src/LSLIDAR_M10_N10_V2.5.2_230110_ROS2/lslidar_msgs'
[0.533s] INFO:colcon.colcon_core.plugin_system:Skipping extension 'colcon_core.shell.bat': Not used on non-Windows systems
[0.533s] INFO:colcon.colcon_core.shell:Skip shell extension 'powershell' for command environment: Not usable outside of PowerShell
[0.533s] DEBUG:colcon.colcon_core.shell:Skip shell extension 'dsv' for command environment
[0.552s] DEBUG:colcon.colcon_core.event_handler.log_command:Invoking command in '/home/vfran/billeagle_ws/lslidar_ws/build/lslidar_msgs': CMAKE_PREFIX_PATH=${CMAKE_PREFIX_PATH}:/opt/ros/humble /usr/local/bin/cmake --build /home/vfran/billeagle_ws/lslidar_ws/build/lslidar_msgs -- -j16 -l16
[1.037s] DEBUG:colcon.colcon_core.event_handler.log_command:Invoked command in '/home/vfran/billeagle_ws/lslidar_ws/build/lslidar_msgs' returned '0': CMAKE_PREFIX_PATH=${CMAKE_PREFIX_PATH}:/opt/ros/humble /usr/local/bin/cmake --build /home/vfran/billeagle_ws/lslidar_ws/build/lslidar_msgs -- -j16 -l16
[1.048s] DEBUG:colcon.colcon_core.event_handler.log_command:Invoking command in '/home/vfran/billeagle_ws/lslidar_ws/build/lslidar_msgs': CMAKE_PREFIX_PATH=${CMAKE_PREFIX_PATH}:/opt/ros/humble /usr/local/bin/cmake --install /home/vfran/billeagle_ws/lslidar_ws/build/lslidar_msgs
[1.128s] Level 1:colcon.colcon_core.environment:create_environment_scripts_only(lslidar_msgs)
[1.129s] DEBUG:colcon.colcon_core.event_handler.log_command:Invoked command in '/home/vfran/billeagle_ws/lslidar_ws/build/lslidar_msgs' returned '0': CMAKE_PREFIX_PATH=${CMAKE_PREFIX_PATH}:/opt/ros/humble /usr/local/bin/cmake --install /home/vfran/billeagle_ws/lslidar_ws/build/lslidar_msgs
[1.132s] Level 1:colcon.colcon_core.environment:checking '/home/vfran/billeagle_ws/lslidar_ws/install/lslidar_msgs' for CMake module files
[1.133s] Level 1:colcon.colcon_core.environment:checking '/home/vfran/billeagle_ws/lslidar_ws/install/lslidar_msgs' for CMake config files
[1.133s] Level 1:colcon.colcon_core.shell:create_environment_hook('lslidar_msgs', 'cmake_prefix_path')
[1.133s] INFO:colcon.colcon_core.shell:Creating environment hook '/home/vfran/billeagle_ws/lslidar_ws/install/lslidar_msgs/share/lslidar_msgs/hook/cmake_prefix_path.ps1'
[1.134s] INFO:colcon.colcon_core.shell:Creating environment descriptor '/home/vfran/billeagle_ws/lslidar_ws/install/lslidar_msgs/share/lslidar_msgs/hook/cmake_prefix_path.dsv'
[1.135s] INFO:colcon.colcon_core.shell:Creating environment hook '/home/vfran/billeagle_ws/lslidar_ws/install/lslidar_msgs/share/lslidar_msgs/hook/cmake_prefix_path.sh'
[1.136s] Level 1:colcon.colcon_core.environment:checking '/home/vfran/billeagle_ws/lslidar_ws/install/lslidar_msgs/lib'
[1.136s] Level 1:colcon.colcon_core.shell:create_environment_hook('lslidar_msgs', 'ld_library_path_lib')
[1.136s] INFO:colcon.colcon_core.shell:Creating environment hook '/home/vfran/billeagle_ws/lslidar_ws/install/lslidar_msgs/share/lslidar_msgs/hook/ld_library_path_lib.ps1'
[1.137s] INFO:colcon.colcon_core.shell:Creating environment descriptor '/home/vfran/billeagle_ws/lslidar_ws/install/lslidar_msgs/share/lslidar_msgs/hook/ld_library_path_lib.dsv'
[1.138s] INFO:colcon.colcon_core.shell:Creating environment hook '/home/vfran/billeagle_ws/lslidar_ws/install/lslidar_msgs/share/lslidar_msgs/hook/ld_library_path_lib.sh'
[1.138s] Level 1:colcon.colcon_core.environment:checking '/home/vfran/billeagle_ws/lslidar_ws/install/lslidar_msgs/bin'
[1.138s] Level 1:colcon.colcon_core.environment:checking '/home/vfran/billeagle_ws/lslidar_ws/install/lslidar_msgs/lib/pkgconfig/lslidar_msgs.pc'
[1.139s] Level 1:colcon.colcon_core.environment:checking '/home/vfran/billeagle_ws/lslidar_ws/install/lslidar_msgs/lib/python3.10/site-packages'
[1.139s] Level 1:colcon.colcon_core.environment:checking '/home/vfran/billeagle_ws/lslidar_ws/install/lslidar_msgs/bin'
[1.139s] INFO:colcon.colcon_core.shell:Creating package script '/home/vfran/billeagle_ws/lslidar_ws/install/lslidar_msgs/share/lslidar_msgs/package.ps1'
[1.140s] INFO:colcon.colcon_core.shell:Creating package descriptor '/home/vfran/billeagle_ws/lslidar_ws/install/lslidar_msgs/share/lslidar_msgs/package.dsv'
[1.141s] INFO:colcon.colcon_core.shell:Creating package script '/home/vfran/billeagle_ws/lslidar_ws/install/lslidar_msgs/share/lslidar_msgs/package.sh'
[1.142s] INFO:colcon.colcon_core.shell:Creating package script '/home/vfran/billeagle_ws/lslidar_ws/install/lslidar_msgs/share/lslidar_msgs/package.bash'
[1.143s] INFO:colcon.colcon_core.shell:Creating package script '/home/vfran/billeagle_ws/lslidar_ws/install/lslidar_msgs/share/lslidar_msgs/package.zsh'
[1.143s] Level 1:colcon.colcon_core.environment:create_file_with_runtime_dependencies(/home/vfran/billeagle_ws/lslidar_ws/install/lslidar_msgs/share/colcon-core/packages/lslidar_msgs)
[1.144s] Level 1:colcon.colcon_core.environment:create_environment_scripts_only(lslidar_msgs)
[1.144s] Level 1:colcon.colcon_core.environment:checking '/home/vfran/billeagle_ws/lslidar_ws/install/lslidar_msgs' for CMake module files
[1.145s] Level 1:colcon.colcon_core.environment:checking '/home/vfran/billeagle_ws/lslidar_ws/install/lslidar_msgs' for CMake config files
[1.145s] Level 1:colcon.colcon_core.shell:create_environment_hook('lslidar_msgs', 'cmake_prefix_path')
[1.146s] INFO:colcon.colcon_core.shell:Creating environment hook '/home/vfran/billeagle_ws/lslidar_ws/install/lslidar_msgs/share/lslidar_msgs/hook/cmake_prefix_path.ps1'
[1.146s] INFO:colcon.colcon_core.shell:Creating environment descriptor '/home/vfran/billeagle_ws/lslidar_ws/install/lslidar_msgs/share/lslidar_msgs/hook/cmake_prefix_path.dsv'
[1.146s] INFO:colcon.colcon_core.shell:Creating environment hook '/home/vfran/billeagle_ws/lslidar_ws/install/lslidar_msgs/share/lslidar_msgs/hook/cmake_prefix_path.sh'
[1.147s] Level 1:colcon.colcon_core.environment:checking '/home/vfran/billeagle_ws/lslidar_ws/install/lslidar_msgs/lib'
[1.147s] Level 1:colcon.colcon_core.shell:create_environment_hook('lslidar_msgs', 'ld_library_path_lib')
[1.147s] INFO:colcon.colcon_core.shell:Creating environment hook '/home/vfran/billeagle_ws/lslidar_ws/install/lslidar_msgs/share/lslidar_msgs/hook/ld_library_path_lib.ps1'
[1.148s] INFO:colcon.colcon_core.shell:Creating environment descriptor '/home/vfran/billeagle_ws/lslidar_ws/install/lslidar_msgs/share/lslidar_msgs/hook/ld_library_path_lib.dsv'
[1.148s] INFO:colcon.colcon_core.shell:Creating environment hook '/home/vfran/billeagle_ws/lslidar_ws/install/lslidar_msgs/share/lslidar_msgs/hook/ld_library_path_lib.sh'
[1.148s] Level 1:colcon.colcon_core.environment:checking '/home/vfran/billeagle_ws/lslidar_ws/install/lslidar_msgs/bin'
[1.149s] Level 1:colcon.colcon_core.environment:checking '/home/vfran/billeagle_ws/lslidar_ws/install/lslidar_msgs/lib/pkgconfig/lslidar_msgs.pc'
[1.149s] Level 1:colcon.colcon_core.environment:checking '/home/vfran/billeagle_ws/lslidar_ws/install/lslidar_msgs/lib/python3.10/site-packages'
[1.149s] Level 1:colcon.colcon_core.environment:checking '/home/vfran/billeagle_ws/lslidar_ws/install/lslidar_msgs/bin'
[1.149s] INFO:colcon.colcon_core.shell:Creating package script '/home/vfran/billeagle_ws/lslidar_ws/install/lslidar_msgs/share/lslidar_msgs/package.ps1'
[1.150s] INFO:colcon.colcon_core.shell:Creating package descriptor '/home/vfran/billeagle_ws/lslidar_ws/install/lslidar_msgs/share/lslidar_msgs/package.dsv'
[1.151s] INFO:colcon.colcon_core.shell:Creating package script '/home/vfran/billeagle_ws/lslidar_ws/install/lslidar_msgs/share/lslidar_msgs/package.sh'
[1.151s] INFO:colcon.colcon_core.shell:Creating package script '/home/vfran/billeagle_ws/lslidar_ws/install/lslidar_msgs/share/lslidar_msgs/package.bash'
[1.152s] INFO:colcon.colcon_core.shell:Creating package script '/home/vfran/billeagle_ws/lslidar_ws/install/lslidar_msgs/share/lslidar_msgs/package.zsh'
[1.152s] Level 1:colcon.colcon_core.environment:create_file_with_runtime_dependencies(/home/vfran/billeagle_ws/lslidar_ws/install/lslidar_msgs/share/colcon-core/packages/lslidar_msgs)
[1.153s] INFO:colcon.colcon_ros.task.ament_cmake.build:Building ROS package in '/home/vfran/billeagle_ws/lslidar_ws/src/LSLIDAR_M10_N10_V2.5.2_230110_ROS2/lslidar_driver' with build type 'ament_cmake'
[1.153s] INFO:colcon.colcon_cmake.task.cmake.build:Building CMake package in '/home/vfran/billeagle_ws/lslidar_ws/src/LSLIDAR_M10_N10_V2.5.2_230110_ROS2/lslidar_driver'
[1.153s] INFO:colcon.colcon_core.shell:Skip shell extension 'powershell' for command environment: Not usable outside of PowerShell
[1.153s] DEBUG:colcon.colcon_core.shell:Skip shell extension 'dsv' for command environment
[1.175s] DEBUG:colcon.colcon_core.event_handler.log_command:Invoking command in '/home/vfran/billeagle_ws/lslidar_ws/build/lslidar_driver': AMENT_PREFIX_PATH=/home/vfran/billeagle_ws/lslidar_ws/install/lslidar_msgs:${AMENT_PREFIX_PATH} CMAKE_PREFIX_PATH=/home/vfran/billeagle_ws/lslidar_ws/install/lslidar_msgs:/home/vfran/billeagle_ws/microros_ws/install/micro_ros_setup:/home/vfran/billeagle_ws/microros_ws/install/micro_ros_agent:/home/vfran/billeagle_ws/microros_ws/install/micro_ros_msgs:/opt/ros/humble LD_LIBRARY_PATH=/home/vfran/billeagle_ws/lslidar_ws/install/lslidar_msgs/lib:${LD_LIBRARY_PATH} PYTHONPATH=/home/vfran/billeagle_ws/lslidar_ws/install/lslidar_msgs/local/lib/python3.10/dist-packages:${PYTHONPATH} /usr/local/bin/cmake --build /home/vfran/billeagle_ws/lslidar_ws/build/lslidar_driver -- -j16 -l16
[1.437s] DEBUG:colcon.colcon_core.event_handler.log_command:Invoked command in '/home/vfran/billeagle_ws/lslidar_ws/build/lslidar_driver' returned '0': AMENT_PREFIX_PATH=/home/vfran/billeagle_ws/lslidar_ws/install/lslidar_msgs:${AMENT_PREFIX_PATH} CMAKE_PREFIX_PATH=/home/vfran/billeagle_ws/lslidar_ws/install/lslidar_msgs:/home/vfran/billeagle_ws/microros_ws/install/micro_ros_setup:/home/vfran/billeagle_ws/microros_ws/install/micro_ros_agent:/home/vfran/billeagle_ws/microros_ws/install/micro_ros_msgs:/opt/ros/humble LD_LIBRARY_PATH=/home/vfran/billeagle_ws/lslidar_ws/install/lslidar_msgs/lib:${LD_LIBRARY_PATH} PYTHONPATH=/home/vfran/billeagle_ws/lslidar_ws/install/lslidar_msgs/local/lib/python3.10/dist-packages:${PYTHONPATH} /usr/local/bin/cmake --build /home/vfran/billeagle_ws/lslidar_ws/build/lslidar_driver -- -j16 -l16
[1.441s] DEBUG:colcon.colcon_core.event_handler.log_command:Invoking command in '/home/vfran/billeagle_ws/lslidar_ws/build/lslidar_driver': AMENT_PREFIX_PATH=/home/vfran/billeagle_ws/lslidar_ws/install/lslidar_msgs:${AMENT_PREFIX_PATH} CMAKE_PREFIX_PATH=/home/vfran/billeagle_ws/lslidar_ws/install/lslidar_msgs:/home/vfran/billeagle_ws/microros_ws/install/micro_ros_setup:/home/vfran/billeagle_ws/microros_ws/install/micro_ros_agent:/home/vfran/billeagle_ws/microros_ws/install/micro_ros_msgs:/opt/ros/humble LD_LIBRARY_PATH=/home/vfran/billeagle_ws/lslidar_ws/install/lslidar_msgs/lib:${LD_LIBRARY_PATH} PYTHONPATH=/home/vfran/billeagle_ws/lslidar_ws/install/lslidar_msgs/local/lib/python3.10/dist-packages:${PYTHONPATH} /usr/local/bin/cmake --install /home/vfran/billeagle_ws/lslidar_ws/build/lslidar_driver
[1.452s] Level 1:colcon.colcon_core.environment:create_environment_scripts_only(lslidar_driver)
[1.452s] Level 1:colcon.colcon_core.environment:checking '/home/vfran/billeagle_ws/lslidar_ws/install/lslidar_driver' for CMake module files
[1.453s] DEBUG:colcon.colcon_core.event_handler.log_command:Invoked command in '/home/vfran/billeagle_ws/lslidar_ws/build/lslidar_driver' returned '0': AMENT_PREFIX_PATH=/home/vfran/billeagle_ws/lslidar_ws/install/lslidar_msgs:${AMENT_PREFIX_PATH} CMAKE_PREFIX_PATH=/home/vfran/billeagle_ws/lslidar_ws/install/lslidar_msgs:/home/vfran/billeagle_ws/microros_ws/install/micro_ros_setup:/home/vfran/billeagle_ws/microros_ws/install/micro_ros_agent:/home/vfran/billeagle_ws/microros_ws/install/micro_ros_msgs:/opt/ros/humble LD_LIBRARY_PATH=/home/vfran/billeagle_ws/lslidar_ws/install/lslidar_msgs/lib:${LD_LIBRARY_PATH} PYTHONPATH=/home/vfran/billeagle_ws/lslidar_ws/install/lslidar_msgs/local/lib/python3.10/dist-packages:${PYTHONPATH} /usr/local/bin/cmake --install /home/vfran/billeagle_ws/lslidar_ws/build/lslidar_driver
[1.454s] Level 1:colcon.colcon_core.environment:checking '/home/vfran/billeagle_ws/lslidar_ws/install/lslidar_driver' for CMake config files
[1.454s] Level 1:colcon.colcon_core.shell:create_environment_hook('lslidar_driver', 'cmake_prefix_path')
[1.454s] INFO:colcon.colcon_core.shell:Creating environment hook '/home/vfran/billeagle_ws/lslidar_ws/install/lslidar_driver/share/lslidar_driver/hook/cmake_prefix_path.ps1'
[1.455s] INFO:colcon.colcon_core.shell:Creating environment descriptor '/home/vfran/billeagle_ws/lslidar_ws/install/lslidar_driver/share/lslidar_driver/hook/cmake_prefix_path.dsv'
[1.456s] INFO:colcon.colcon_core.shell:Creating environment hook '/home/vfran/billeagle_ws/lslidar_ws/install/lslidar_driver/share/lslidar_driver/hook/cmake_prefix_path.sh'
[1.457s] Level 1:colcon.colcon_core.environment:checking '/home/vfran/billeagle_ws/lslidar_ws/install/lslidar_driver/lib'
[1.457s] Level 1:colcon.colcon_core.environment:checking '/home/vfran/billeagle_ws/lslidar_ws/install/lslidar_driver/bin'
[1.457s] Level 1:colcon.colcon_core.environment:checking '/home/vfran/billeagle_ws/lslidar_ws/install/lslidar_driver/lib/pkgconfig/lslidar_driver.pc'
[1.457s] Level 1:colcon.colcon_core.environment:checking '/home/vfran/billeagle_ws/lslidar_ws/install/lslidar_driver/lib/python3.10/site-packages'
[1.457s] Level 1:colcon.colcon_core.environment:checking '/home/vfran/billeagle_ws/lslidar_ws/install/lslidar_driver/bin'
[1.458s] INFO:colcon.colcon_core.shell:Creating package script '/home/vfran/billeagle_ws/lslidar_ws/install/lslidar_driver/share/lslidar_driver/package.ps1'
[1.460s] INFO:colcon.colcon_core.shell:Creating package descriptor '/home/vfran/billeagle_ws/lslidar_ws/install/lslidar_driver/share/lslidar_driver/package.dsv'
[1.461s] INFO:colcon.colcon_core.shell:Creating package script '/home/vfran/billeagle_ws/lslidar_ws/install/lslidar_driver/share/lslidar_driver/package.sh'
[1.462s] INFO:colcon.colcon_core.shell:Creating package script '/home/vfran/billeagle_ws/lslidar_ws/install/lslidar_driver/share/lslidar_driver/package.bash'
[1.463s] INFO:colcon.colcon_core.shell:Creating package script '/home/vfran/billeagle_ws/lslidar_ws/install/lslidar_driver/share/lslidar_driver/package.zsh'
[1.463s] Level 1:colcon.colcon_core.environment:create_file_with_runtime_dependencies(/home/vfran/billeagle_ws/lslidar_ws/install/lslidar_driver/share/colcon-core/packages/lslidar_driver)
[1.464s] Level 1:colcon.colcon_core.environment:create_environment_scripts_only(lslidar_driver)
[1.465s] Level 1:colcon.colcon_core.environment:checking '/home/vfran/billeagle_ws/lslidar_ws/install/lslidar_driver' for CMake module files
[1.465s] Level 1:colcon.colcon_core.environment:checking '/home/vfran/billeagle_ws/lslidar_ws/install/lslidar_driver' for CMake config files
[1.466s] Level 1:colcon.colcon_core.shell:create_environment_hook('lslidar_driver', 'cmake_prefix_path')
[1.466s] INFO:colcon.colcon_core.shell:Creating environment hook '/home/vfran/billeagle_ws/lslidar_ws/install/lslidar_driver/share/lslidar_driver/hook/cmake_prefix_path.ps1'
[1.467s] INFO:colcon.colcon_core.shell:Creating environment descriptor '/home/vfran/billeagle_ws/lslidar_ws/install/lslidar_driver/share/lslidar_driver/hook/cmake_prefix_path.dsv'
[1.467s] INFO:colcon.colcon_core.shell:Creating environment hook '/home/vfran/billeagle_ws/lslidar_ws/install/lslidar_driver/share/lslidar_driver/hook/cmake_prefix_path.sh'
[1.468s] Level 1:colcon.colcon_core.environment:checking '/home/vfran/billeagle_ws/lslidar_ws/install/lslidar_driver/lib'
[1.468s] Level 1:colcon.colcon_core.environment:checking '/home/vfran/billeagle_ws/lslidar_ws/install/lslidar_driver/bin'
[1.468s] Level 1:colcon.colcon_core.environment:checking '/home/vfran/billeagle_ws/lslidar_ws/install/lslidar_driver/lib/pkgconfig/lslidar_driver.pc'
[1.469s] Level 1:colcon.colcon_core.environment:checking '/home/vfran/billeagle_ws/lslidar_ws/install/lslidar_driver/lib/python3.10/site-packages'
[1.469s] Level 1:colcon.colcon_core.environment:checking '/home/vfran/billeagle_ws/lslidar_ws/install/lslidar_driver/bin'
[1.470s] INFO:colcon.colcon_core.shell:Creating package script '/home/vfran/billeagle_ws/lslidar_ws/install/lslidar_driver/share/lslidar_driver/package.ps1'
[1.471s] INFO:colcon.colcon_core.shell:Creating package descriptor '/home/vfran/billeagle_ws/lslidar_ws/install/lslidar_driver/share/lslidar_driver/package.dsv'
[1.472s] INFO:colcon.colcon_core.shell:Creating package script '/home/vfran/billeagle_ws/lslidar_ws/install/lslidar_driver/share/lslidar_driver/package.sh'
[1.472s] INFO:colcon.colcon_core.shell:Creating package script '/home/vfran/billeagle_ws/lslidar_ws/install/lslidar_driver/share/lslidar_driver/package.bash'
[1.473s] INFO:colcon.colcon_core.shell:Creating package script '/home/vfran/billeagle_ws/lslidar_ws/install/lslidar_driver/share/lslidar_driver/package.zsh'
[1.474s] Level 1:colcon.colcon_core.environment:create_file_with_runtime_dependencies(/home/vfran/billeagle_ws/lslidar_ws/install/lslidar_driver/share/colcon-core/packages/lslidar_driver)
[1.474s] DEBUG:colcon.colcon_parallel_executor.executor.parallel:closing loop
[1.475s] DEBUG:colcon.colcon_parallel_executor.executor.parallel:loop closed
[1.475s] DEBUG:colcon.colcon_parallel_executor.executor.parallel:run_until_complete finished with '0'
[1.475s] DEBUG:colcon.colcon_core.event_reactor:joining thread
[1.481s] INFO:colcon.colcon_core.plugin_system:Skipping extension 'colcon_notification.desktop_notification.terminal_notifier': Not used on non-Darwin systems
[1.481s] INFO:colcon.colcon_core.plugin_system:Skipping extension 'colcon_notification.desktop_notification.win32': Not used on non-Windows systems
[1.481s] INFO:colcon.colcon_notification.desktop_notification:Sending desktop notification using 'notify2'
[1.509s] DEBUG:colcon.colcon_core.event_reactor:joined thread
[1.509s] INFO:colcon.colcon_core.shell:Creating prefix script '/home/vfran/billeagle_ws/lslidar_ws/install/local_setup.ps1'
[1.511s] INFO:colcon.colcon_core.shell:Creating prefix util module '/home/vfran/billeagle_ws/lslidar_ws/install/_local_setup_util_ps1.py'
[1.513s] INFO:colcon.colcon_core.shell:Creating prefix chain script '/home/vfran/billeagle_ws/lslidar_ws/install/setup.ps1'
[1.516s] INFO:colcon.colcon_core.shell:Creating prefix script '/home/vfran/billeagle_ws/lslidar_ws/install/local_setup.sh'
[1.517s] INFO:colcon.colcon_core.shell:Creating prefix util module '/home/vfran/billeagle_ws/lslidar_ws/install/_local_setup_util_sh.py'
[1.518s] INFO:colcon.colcon_core.shell:Creating prefix chain script '/home/vfran/billeagle_ws/lslidar_ws/install/setup.sh'
[1.520s] INFO:colcon.colcon_core.shell:Creating prefix script '/home/vfran/billeagle_ws/lslidar_ws/install/local_setup.bash'
[1.521s] INFO:colcon.colcon_core.shell:Creating prefix chain script '/home/vfran/billeagle_ws/lslidar_ws/install/setup.bash'
[1.523s] INFO:colcon.colcon_core.shell:Creating prefix script '/home/vfran/billeagle_ws/lslidar_ws/install/local_setup.zsh'
[1.524s] INFO:colcon.colcon_core.shell:Creating prefix chain script '/home/vfran/billeagle_ws/lslidar_ws/install/setup.zsh'
