[0.006s] Invoking command in '/home/bill8/billeagle_ws/lslidar_ws/build/lslidar_msgs': CMAKE_PREFIX_PATH=/opt/ros/humble /usr/bin/cmake /home/bill8/billeagle_ws/lslidar_ws/src/LSLIDAR_M10_N10_V2.5.2_230110_ROS2/lslidar_msgs -DAMENT_CMAKE_SYMLINK_INSTALL=1 -DCMAKE_INSTALL_PREFIX=/home/bill8/billeagle_ws/lslidar_ws/install/lslidar_msgs
[0.046s] -- The C compiler identification is GNU 11.4.0
[0.083s] -- The CXX compiler identification is GNU 11.4.0
[0.087s] -- Detecting C compiler ABI info
[0.138s] -- Detecting C compiler ABI info - done
[0.142s] -- Check for working C compiler: /usr/bin/cc - skipped
[0.142s] -- Detecting C compile features
[0.142s] -- Detecting C compile features - done
[0.144s] -- Detecting CXX compiler ABI info
[0.204s] -- Detecting CXX compiler ABI info - done
[0.208s] -- Check for working CXX compiler: /usr/bin/c++ - skipped
[0.208s] -- Detecting CXX compile features
[0.209s] -- Detecting CXX compile features - done
[0.210s] -- Found ament_cmake: 1.3.11 (/opt/ros/humble/share/ament_cmake/cmake)
[0.304s] -- Found Python3: /usr/bin/python3 (found version "3.10.12") found components: Interpreter 
[0.341s] -- Override CMake install command with custom implementation using symlinks instead of copying resources
[0.357s] -- Found std_msgs: 4.2.4 (/opt/ros/humble/share/std_msgs/cmake)
[0.375s] -- Found rosidl_generator_c: 3.1.6 (/opt/ros/humble/share/rosidl_generator_c/cmake)
[0.380s] -- Found rosidl_adapter: 3.1.6 (/opt/ros/humble/share/rosidl_adapter/cmake)
[0.387s] -- Found rosidl_generator_cpp: 3.1.6 (/opt/ros/humble/share/rosidl_generator_cpp/cmake)
[0.398s] -- Using all available rosidl_typesupport_c: rosidl_typesupport_fastrtps_c;rosidl_typesupport_introspection_c
[0.409s] -- Using all available rosidl_typesupport_cpp: rosidl_typesupport_fastrtps_cpp;rosidl_typesupport_introspection_cpp
[0.422s] -- Found sensor_msgs: 4.2.4 (/opt/ros/humble/share/sensor_msgs/cmake)
[0.439s] -- Found rosidl_default_generators: 1.2.0 (/opt/ros/humble/share/rosidl_default_generators/cmake)
[0.443s] -- Found ament_lint_auto: 0.12.11 (/opt/ros/humble/share/ament_lint_auto/cmake)
[0.611s] -- Found ament_cmake_ros: 0.10.0 (/opt/ros/humble/share/ament_cmake_ros/cmake)
[0.865s] -- Using all available rosidl_typesupport_c: rosidl_typesupport_fastrtps_c;rosidl_typesupport_introspection_c
[0.956s] -- Using all available rosidl_typesupport_cpp: rosidl_typesupport_fastrtps_cpp;rosidl_typesupport_introspection_cpp
[0.971s] -- Found PythonInterp: /usr/bin/python3 (found suitable version "3.10.12", minimum required is "3.6") 
[0.971s] -- Found python_cmake_module: 0.10.0 (/opt/ros/humble/share/python_cmake_module/cmake)
[0.989s] -- Found PythonLibs: /usr/lib/x86_64-linux-gnu/libpython3.10.so (found suitable version "3.10.12", minimum required is "3.5") 
[0.989s] -- Using PYTHON_EXECUTABLE: /usr/bin/python3
[0.989s] -- Using PYTHON_INCLUDE_DIRS: /usr/include/python3.10
[0.989s] -- Using PYTHON_LIBRARIES: /usr/lib/x86_64-linux-gnu/libpython3.10.so
[1.002s] -- Found PythonExtra: .so  
[1.032s] -- Added test 'copyright' to check source files copyright and LICENSE
[1.032s] -- Added test 'lint_cmake' to check CMake code style
[1.033s] -- Added test 'xmllint' to check XML markup files
[1.035s] -- Configuring done
[1.055s] -- Generating done
[1.062s] -- Build files have been written to: /home/bill8/billeagle_ws/lslidar_ws/build/lslidar_msgs
[1.069s] Invoked command in '/home/bill8/billeagle_ws/lslidar_ws/build/lslidar_msgs' returned '0': CMAKE_PREFIX_PATH=/opt/ros/humble /usr/bin/cmake /home/bill8/billeagle_ws/lslidar_ws/src/LSLIDAR_M10_N10_V2.5.2_230110_ROS2/lslidar_msgs -DAMENT_CMAKE_SYMLINK_INSTALL=1 -DCMAKE_INSTALL_PREFIX=/home/bill8/billeagle_ws/lslidar_ws/install/lslidar_msgs
[1.069s] Invoking command in '/home/bill8/billeagle_ws/lslidar_ws/build/lslidar_msgs': CMAKE_PREFIX_PATH=/opt/ros/humble /usr/bin/cmake --build /home/bill8/billeagle_ws/lslidar_ws/build/lslidar_msgs -- -j16 -l16
[1.103s] [35m[1mConsolidate compiler generated dependencies of target lslidar_msgs__rosidl_generator_c[0m
[1.110s] [  1%] Built target lslidar_msgs__cpp
[1.110s] failed to create symbolic link '/home/bill8/billeagle_ws/lslidar_ws/build/lslidar_msgs/ament_cmake_python/lslidar_msgs/lslidar_msgs' because existing path cannot be removed: Is a directory
[1.111s] gmake[2]: *** [CMakeFiles/ament_cmake_python_symlink_lslidar_msgs.dir/build.make:70: CMakeFiles/ament_cmake_python_symlink_lslidar_msgs] Error 1
[1.111s] gmake[1]: *** [CMakeFiles/Makefile2:421: CMakeFiles/ament_cmake_python_symlink_lslidar_msgs.dir/all] Error 2
[1.111s] gmake[1]: *** Waiting for unfinished jobs....
[1.114s] [ 12%] Built target lslidar_msgs__rosidl_generator_c
[1.117s] [35m[1mConsolidate compiler generated dependencies of target lslidar_msgs__rosidl_typesupport_cpp[0m
[1.118s] [35m[1mConsolidate compiler generated dependencies of target lslidar_msgs__rosidl_typesupport_introspection_cpp[0m
[1.119s] [35m[1mConsolidate compiler generated dependencies of target lslidar_msgs__rosidl_typesupport_fastrtps_cpp[0m
[1.129s] [ 23%] Built target lslidar_msgs__rosidl_typesupport_cpp
[1.130s] [ 36%] Built target lslidar_msgs__rosidl_typesupport_introspection_cpp
[1.130s] [ 46%] Built target lslidar_msgs__rosidl_typesupport_fastrtps_cpp
[1.131s] gmake: *** [Makefile:146: all] Error 2
[1.133s] Invoked command in '/home/bill8/billeagle_ws/lslidar_ws/build/lslidar_msgs' returned '2': CMAKE_PREFIX_PATH=/opt/ros/humble /usr/bin/cmake --build /home/bill8/billeagle_ws/lslidar_ws/build/lslidar_msgs -- -j16 -l16
