[0.006s] Invoking command in '/home/vic/billeagle_ws/personal_ws/build/bill_bringup': AMENT_PREFIX_PATH=/home/vic/billeagle_ws/personal_ws/install/person_identification_mission:/home/vic/billeagle_ws/personal_ws/install/bill_bringup:/home/vic/billeagle_ws/personal_ws/install/bill_interfaces:/opt/ros/humble CMAKE_PREFIX_PATH=/home/vic/billeagle_ws/personal_ws/install/bill_interfaces:/home/vic/billeagle_ws/personal_ws/install/bill_bringup:/opt/ros/humble:/home/vic/billeagle_ws/personal_ws/install/person_identification_mission /usr/bin/cmake /home/vic/billeagle_ws/personal_ws/src/bill_bringup -DCMAKE_INSTALL_PREFIX=/home/vic/billeagle_ws/personal_ws/install/bill_bringup
[0.045s] -- The C compiler identification is GNU 11.4.0
[0.081s] -- The CXX compiler identification is GNU 11.4.0
[0.086s] -- Detecting C compiler ABI info
[0.137s] -- Detecting C compiler ABI info - done
[0.144s] -- Check for working C compiler: /usr/bin/cc - skipped
[0.144s] -- Detecting C compile features
[0.145s] -- Detecting C compile features - done
[0.147s] -- Detecting CXX compiler ABI info
[0.207s] -- Detecting CXX compiler ABI info - done
[0.211s] -- Check for working CXX compiler: /usr/bin/c++ - skipped
[0.211s] -- Detecting CXX compile features
[0.211s] -- Detecting CXX compile features - done
[0.212s] -- Found ament_cmake: 1.3.11 (/opt/ros/humble/share/ament_cmake/cmake)
[0.310s] -- Found Python3: /usr/bin/python3 (found version "3.10.12") found components: Interpreter 
[0.378s] -- Found ament_lint_auto: 0.12.11 (/opt/ros/humble/share/ament_lint_auto/cmake)
[0.426s] -- Added test 'flake8' to check Python code syntax and style conventions
[0.427s] -- Added test 'lint_cmake' to check CMake code style
[0.427s] -- Added test 'pep257' to check Python code against some of the docstring style conventions in PEP 257
[0.427s] -- Added test 'xmllint' to check XML markup files
[0.428s] -- Configuring done
[0.429s] -- Generating done
[0.430s] -- Build files have been written to: /home/vic/billeagle_ws/personal_ws/build/bill_bringup
[0.434s] Invoked command in '/home/vic/billeagle_ws/personal_ws/build/bill_bringup' returned '0': AMENT_PREFIX_PATH=/home/vic/billeagle_ws/personal_ws/install/person_identification_mission:/home/vic/billeagle_ws/personal_ws/install/bill_bringup:/home/vic/billeagle_ws/personal_ws/install/bill_interfaces:/opt/ros/humble CMAKE_PREFIX_PATH=/home/vic/billeagle_ws/personal_ws/install/bill_interfaces:/home/vic/billeagle_ws/personal_ws/install/bill_bringup:/opt/ros/humble:/home/vic/billeagle_ws/personal_ws/install/person_identification_mission /usr/bin/cmake /home/vic/billeagle_ws/personal_ws/src/bill_bringup -DCMAKE_INSTALL_PREFIX=/home/vic/billeagle_ws/personal_ws/install/bill_bringup
[0.434s] Invoking command in '/home/vic/billeagle_ws/personal_ws/build/bill_bringup': AMENT_PREFIX_PATH=/home/vic/billeagle_ws/personal_ws/install/person_identification_mission:/home/vic/billeagle_ws/personal_ws/install/bill_bringup:/home/vic/billeagle_ws/personal_ws/install/bill_interfaces:/opt/ros/humble CMAKE_PREFIX_PATH=/home/vic/billeagle_ws/personal_ws/install/bill_interfaces:/home/vic/billeagle_ws/personal_ws/install/bill_bringup:/opt/ros/humble:/home/vic/billeagle_ws/personal_ws/install/person_identification_mission /usr/bin/cmake --build /home/vic/billeagle_ws/personal_ws/build/bill_bringup -- -j16 -l16
[0.461s] Invoked command in '/home/vic/billeagle_ws/personal_ws/build/bill_bringup' returned '0': AMENT_PREFIX_PATH=/home/vic/billeagle_ws/personal_ws/install/person_identification_mission:/home/vic/billeagle_ws/personal_ws/install/bill_bringup:/home/vic/billeagle_ws/personal_ws/install/bill_interfaces:/opt/ros/humble CMAKE_PREFIX_PATH=/home/vic/billeagle_ws/personal_ws/install/bill_interfaces:/home/vic/billeagle_ws/personal_ws/install/bill_bringup:/opt/ros/humble:/home/vic/billeagle_ws/personal_ws/install/person_identification_mission /usr/bin/cmake --build /home/vic/billeagle_ws/personal_ws/build/bill_bringup -- -j16 -l16
[0.462s] Invoking command in '/home/vic/billeagle_ws/personal_ws/build/bill_bringup': AMENT_PREFIX_PATH=/home/vic/billeagle_ws/personal_ws/install/person_identification_mission:/home/vic/billeagle_ws/personal_ws/install/bill_bringup:/home/vic/billeagle_ws/personal_ws/install/bill_interfaces:/opt/ros/humble CMAKE_PREFIX_PATH=/home/vic/billeagle_ws/personal_ws/install/bill_interfaces:/home/vic/billeagle_ws/personal_ws/install/bill_bringup:/opt/ros/humble:/home/vic/billeagle_ws/personal_ws/install/person_identification_mission /usr/bin/cmake --install /home/vic/billeagle_ws/personal_ws/build/bill_bringup
[0.468s] -- Install configuration: ""
[0.468s] -- Installing: /home/vic/billeagle_ws/personal_ws/install/bill_bringup/share/bill_bringup/launch
[0.468s] -- Installing: /home/vic/billeagle_ws/personal_ws/install/bill_bringup/share/bill_bringup/launch/person_identification_mission.launch.py
[0.468s] -- Installing: /home/vic/billeagle_ws/personal_ws/install/bill_bringup/share/ament_index/resource_index/package_run_dependencies/bill_bringup
[0.468s] -- Installing: /home/vic/billeagle_ws/personal_ws/install/bill_bringup/share/ament_index/resource_index/parent_prefix_path/bill_bringup
[0.468s] -- Installing: /home/vic/billeagle_ws/personal_ws/install/bill_bringup/share/bill_bringup/environment/ament_prefix_path.sh
[0.468s] -- Installing: /home/vic/billeagle_ws/personal_ws/install/bill_bringup/share/bill_bringup/environment/ament_prefix_path.dsv
[0.468s] -- Installing: /home/vic/billeagle_ws/personal_ws/install/bill_bringup/share/bill_bringup/environment/path.sh
[0.468s] -- Installing: /home/vic/billeagle_ws/personal_ws/install/bill_bringup/share/bill_bringup/environment/path.dsv
[0.468s] -- Installing: /home/vic/billeagle_ws/personal_ws/install/bill_bringup/share/bill_bringup/local_setup.bash
[0.468s] -- Installing: /home/vic/billeagle_ws/personal_ws/install/bill_bringup/share/bill_bringup/local_setup.sh
[0.468s] -- Installing: /home/vic/billeagle_ws/personal_ws/install/bill_bringup/share/bill_bringup/local_setup.zsh
[0.468s] -- Installing: /home/vic/billeagle_ws/personal_ws/install/bill_bringup/share/bill_bringup/local_setup.dsv
[0.468s] -- Installing: /home/vic/billeagle_ws/personal_ws/install/bill_bringup/share/bill_bringup/package.dsv
[0.468s] -- Installing: /home/vic/billeagle_ws/personal_ws/install/bill_bringup/share/ament_index/resource_index/packages/bill_bringup
[0.468s] -- Installing: /home/vic/billeagle_ws/personal_ws/install/bill_bringup/share/bill_bringup/cmake/bill_bringupConfig.cmake
[0.468s] -- Installing: /home/vic/billeagle_ws/personal_ws/install/bill_bringup/share/bill_bringup/cmake/bill_bringupConfig-version.cmake
[0.468s] -- Installing: /home/vic/billeagle_ws/personal_ws/install/bill_bringup/share/bill_bringup/package.xml
[0.470s] Invoked command in '/home/vic/billeagle_ws/personal_ws/build/bill_bringup' returned '0': AMENT_PREFIX_PATH=/home/vic/billeagle_ws/personal_ws/install/person_identification_mission:/home/vic/billeagle_ws/personal_ws/install/bill_bringup:/home/vic/billeagle_ws/personal_ws/install/bill_interfaces:/opt/ros/humble CMAKE_PREFIX_PATH=/home/vic/billeagle_ws/personal_ws/install/bill_interfaces:/home/vic/billeagle_ws/personal_ws/install/bill_bringup:/opt/ros/humble:/home/vic/billeagle_ws/personal_ws/install/person_identification_mission /usr/bin/cmake --install /home/vic/billeagle_ws/personal_ws/build/bill_bringup
