-- Install configuration: ""
-- Up-to-date: /home/bill7/billeagle_ws/bill_ws/install/bill_slam/share/bill_slam/config
-- Installing: /home/bill7/billeagle_ws/bill_ws/install/bill_slam/share/bill_slam/config/amcl.config.yaml
-- Installing: /home/bill7/billeagle_ws/bill_ws/install/bill_slam/share/bill_slam/config/slam_toolbox_params.yaml
-- Up-to-date: /home/bill7/billeagle_ws/bill_ws/install/bill_slam/share/bill_slam/launch
-- Up-to-date: /home/bill7/billeagle_ws/bill_ws/install/bill_slam/share/bill_slam/launch/amcl.launch.py
-- Up-to-date: /home/bill7/billeagle_ws/bill_ws/install/bill_slam/share/bill_slam/launch/mapping.launch.py
-- Up-to-date: /home/bill7/billeagle_ws/bill_ws/install/bill_slam/share/bill_slam/mapas
-- Up-to-date: /home/bill7/billeagle_ws/bill_ws/install/bill_slam/share/bill_slam/mapas/mapa_athome_save.pgm
-- Up-to-date: /home/bill7/billeagle_ws/bill_ws/install/bill_slam/share/bill_slam/mapas/robocup_serial.data
-- Up-to-date: /home/bill7/billeagle_ws/bill_ws/install/bill_slam/share/bill_slam/mapas/ROBOCUP2025_serial.posegraph
-- Up-to-date: /home/bill7/billeagle_ws/bill_ws/install/bill_slam/share/bill_slam/mapas/finalmente2_robocup_save.yaml
-- Up-to-date: /home/bill7/billeagle_ws/bill_ws/install/bill_slam/share/bill_slam/mapas/ROBOCUP2025_save.yaml
-- Up-to-date: /home/bill7/billeagle_ws/bill_ws/install/bill_slam/share/bill_slam/mapas/ROBOCUP2025_save.pgm
-- Up-to-date: /home/bill7/billeagle_ws/bill_ws/install/bill_slam/share/bill_slam/mapas/robocup_serial.posegraph
-- Up-to-date: /home/bill7/billeagle_ws/bill_ws/install/bill_slam/share/bill_slam/mapas/mapa_home_serial.data
-- Up-to-date: /home/bill7/billeagle_ws/bill_ws/install/bill_slam/share/bill_slam/mapas/finalmente2_robocup_save.pgm
-- Up-to-date: /home/bill7/billeagle_ws/bill_ws/install/bill_slam/share/bill_slam/mapas/finalmente2_robocup_serial.data
-- Up-to-date: /home/bill7/billeagle_ws/bill_ws/install/bill_slam/share/bill_slam/mapas/mapa_athome_save.yaml
-- Up-to-date: /home/bill7/billeagle_ws/bill_ws/install/bill_slam/share/bill_slam/mapas/mapa_athome_serial.data
-- Up-to-date: /home/bill7/billeagle_ws/bill_ws/install/bill_slam/share/bill_slam/mapas/mapa_home.yaml
-- Up-to-date: /home/bill7/billeagle_ws/bill_ws/install/bill_slam/share/bill_slam/mapas/robocup_save.yaml
-- Up-to-date: /home/bill7/billeagle_ws/bill_ws/install/bill_slam/share/bill_slam/mapas/mapa_athome_serial.posegraph
-- Up-to-date: /home/bill7/billeagle_ws/bill_ws/install/bill_slam/share/bill_slam/mapas/ROBOCUP2025_serial.data
-- Up-to-date: /home/bill7/billeagle_ws/bill_ws/install/bill_slam/share/bill_slam/mapas/robocup_save.pgm
-- Up-to-date: /home/bill7/billeagle_ws/bill_ws/install/bill_slam/share/bill_slam/mapas/finalmente2_robocup_serial.posegraph
-- Up-to-date: /home/bill7/billeagle_ws/bill_ws/install/bill_slam/share/bill_slam/mapas/mapa_home_serial.posegraph
-- Up-to-date: /home/bill7/billeagle_ws/bill_ws/install/bill_slam/share/bill_slam/mapas/mapa_home_save.pgm
-- Up-to-date: /home/bill7/billeagle_ws/bill_ws/install/bill_slam/share/ament_index/resource_index/package_run_dependencies/bill_slam
-- Up-to-date: /home/bill7/billeagle_ws/bill_ws/install/bill_slam/share/ament_index/resource_index/parent_prefix_path/bill_slam
-- Up-to-date: /home/bill7/billeagle_ws/bill_ws/install/bill_slam/share/bill_slam/environment/ament_prefix_path.sh
-- Up-to-date: /home/bill7/billeagle_ws/bill_ws/install/bill_slam/share/bill_slam/environment/ament_prefix_path.dsv
-- Up-to-date: /home/bill7/billeagle_ws/bill_ws/install/bill_slam/share/bill_slam/environment/path.sh
-- Up-to-date: /home/bill7/billeagle_ws/bill_ws/install/bill_slam/share/bill_slam/environment/path.dsv
-- Up-to-date: /home/bill7/billeagle_ws/bill_ws/install/bill_slam/share/bill_slam/local_setup.bash
-- Up-to-date: /home/bill7/billeagle_ws/bill_ws/install/bill_slam/share/bill_slam/local_setup.sh
-- Up-to-date: /home/bill7/billeagle_ws/bill_ws/install/bill_slam/share/bill_slam/local_setup.zsh
-- Up-to-date: /home/bill7/billeagle_ws/bill_ws/install/bill_slam/share/bill_slam/local_setup.dsv
-- Up-to-date: /home/bill7/billeagle_ws/bill_ws/install/bill_slam/share/bill_slam/package.dsv
-- Up-to-date: /home/bill7/billeagle_ws/bill_ws/install/bill_slam/share/ament_index/resource_index/packages/bill_slam
-- Up-to-date: /home/bill7/billeagle_ws/bill_ws/install/bill_slam/share/bill_slam/cmake/bill_slamConfig.cmake
-- Up-to-date: /home/bill7/billeagle_ws/bill_ws/install/bill_slam/share/bill_slam/cmake/bill_slamConfig-version.cmake
-- Up-to-date: /home/bill7/billeagle_ws/bill_ws/install/bill_slam/share/bill_slam/package.xml
