[0.012s] Invoking command in '/home/bill7/billeagle_ws/bill_ws/build/bill_slam': CMAKE_PREFIX_PATH=${CMAKE_PREFIX_PATH}:/opt/ros/humble CONDA_PROMPT_MODIFIER=(bill) /usr/bin/cmake --build /home/bill7/billeagle_ws/bill_ws/build/bill_slam -- -j16 -l16
[0.040s] Invoked command in '/home/bill7/billeagle_ws/bill_ws/build/bill_slam' returned '0': CMAKE_PREFIX_PATH=${CMAKE_PREFIX_PATH}:/opt/ros/humble CONDA_PROMPT_MODIFIER=(bill) /usr/bin/cmake --build /home/bill7/billeagle_ws/bill_ws/build/bill_slam -- -j16 -l16
[0.041s] Invoking command in '/home/bill7/billeagle_ws/bill_ws/build/bill_slam': CMAKE_PREFIX_PATH=${CMAKE_PREFIX_PATH}:/opt/ros/humble CONDA_PROMPT_MODIFIER=(bill) /usr/bin/cmake --install /home/bill7/billeagle_ws/bill_ws/build/bill_slam
[0.048s] -- Install configuration: ""
[0.048s] -- Up-to-date: /home/bill7/billeagle_ws/bill_ws/install/bill_slam/share/bill_slam/config
[0.048s] -- Installing: /home/bill7/billeagle_ws/bill_ws/install/bill_slam/share/bill_slam/config/amcl.config.yaml
[0.048s] -- Installing: /home/bill7/billeagle_ws/bill_ws/install/bill_slam/share/bill_slam/config/slam_toolbox_params.yaml
[0.048s] -- Up-to-date: /home/bill7/billeagle_ws/bill_ws/install/bill_slam/share/bill_slam/launch
[0.048s] -- Up-to-date: /home/bill7/billeagle_ws/bill_ws/install/bill_slam/share/bill_slam/launch/amcl.launch.py
[0.048s] -- Up-to-date: /home/bill7/billeagle_ws/bill_ws/install/bill_slam/share/bill_slam/launch/mapping.launch.py
[0.048s] -- Up-to-date: /home/bill7/billeagle_ws/bill_ws/install/bill_slam/share/bill_slam/mapas
[0.048s] -- Up-to-date: /home/bill7/billeagle_ws/bill_ws/install/bill_slam/share/bill_slam/mapas/mapa_athome_save.pgm
[0.048s] -- Up-to-date: /home/bill7/billeagle_ws/bill_ws/install/bill_slam/share/bill_slam/mapas/robocup_serial.data
[0.048s] -- Up-to-date: /home/bill7/billeagle_ws/bill_ws/install/bill_slam/share/bill_slam/mapas/ROBOCUP2025_serial.posegraph
[0.048s] -- Up-to-date: /home/bill7/billeagle_ws/bill_ws/install/bill_slam/share/bill_slam/mapas/finalmente2_robocup_save.yaml
[0.048s] -- Up-to-date: /home/bill7/billeagle_ws/bill_ws/install/bill_slam/share/bill_slam/mapas/ROBOCUP2025_save.yaml
[0.049s] -- Up-to-date: /home/bill7/billeagle_ws/bill_ws/install/bill_slam/share/bill_slam/mapas/ROBOCUP2025_save.pgm
[0.049s] -- Up-to-date: /home/bill7/billeagle_ws/bill_ws/install/bill_slam/share/bill_slam/mapas/robocup_serial.posegraph
[0.049s] -- Up-to-date: /home/bill7/billeagle_ws/bill_ws/install/bill_slam/share/bill_slam/mapas/mapa_home_serial.data
[0.049s] -- Up-to-date: /home/bill7/billeagle_ws/bill_ws/install/bill_slam/share/bill_slam/mapas/finalmente2_robocup_save.pgm
[0.049s] -- Up-to-date: /home/bill7/billeagle_ws/bill_ws/install/bill_slam/share/bill_slam/mapas/finalmente2_robocup_serial.data
[0.049s] -- Up-to-date: /home/bill7/billeagle_ws/bill_ws/install/bill_slam/share/bill_slam/mapas/mapa_athome_save.yaml
[0.049s] -- Up-to-date: /home/bill7/billeagle_ws/bill_ws/install/bill_slam/share/bill_slam/mapas/mapa_athome_serial.data
[0.049s] -- Up-to-date: /home/bill7/billeagle_ws/bill_ws/install/bill_slam/share/bill_slam/mapas/mapa_home.yaml
[0.049s] -- Up-to-date: /home/bill7/billeagle_ws/bill_ws/install/bill_slam/share/bill_slam/mapas/robocup_save.yaml
[0.049s] -- Up-to-date: /home/bill7/billeagle_ws/bill_ws/install/bill_slam/share/bill_slam/mapas/mapa_athome_serial.posegraph
[0.049s] -- Up-to-date: /home/bill7/billeagle_ws/bill_ws/install/bill_slam/share/bill_slam/mapas/ROBOCUP2025_serial.data
[0.049s] -- Up-to-date: /home/bill7/billeagle_ws/bill_ws/install/bill_slam/share/bill_slam/mapas/robocup_save.pgm
[0.049s] -- Up-to-date: /home/bill7/billeagle_ws/bill_ws/install/bill_slam/share/bill_slam/mapas/finalmente2_robocup_serial.posegraph
[0.049s] -- Up-to-date: /home/bill7/billeagle_ws/bill_ws/install/bill_slam/share/bill_slam/mapas/mapa_home_serial.posegraph
[0.049s] -- Up-to-date: /home/bill7/billeagle_ws/bill_ws/install/bill_slam/share/bill_slam/mapas/mapa_home_save.pgm
[0.049s] -- Up-to-date: /home/bill7/billeagle_ws/bill_ws/install/bill_slam/share/ament_index/resource_index/package_run_dependencies/bill_slam
[0.049s] -- Up-to-date: /home/bill7/billeagle_ws/bill_ws/install/bill_slam/share/ament_index/resource_index/parent_prefix_path/bill_slam
[0.049s] -- Up-to-date: /home/bill7/billeagle_ws/bill_ws/install/bill_slam/share/bill_slam/environment/ament_prefix_path.sh
[0.049s] -- Up-to-date: /home/bill7/billeagle_ws/bill_ws/install/bill_slam/share/bill_slam/environment/ament_prefix_path.dsv
[0.049s] -- Up-to-date: /home/bill7/billeagle_ws/bill_ws/install/bill_slam/share/bill_slam/environment/path.sh
[0.049s] -- Up-to-date: /home/bill7/billeagle_ws/bill_ws/install/bill_slam/share/bill_slam/environment/path.dsv
[0.049s] -- Up-to-date: /home/bill7/billeagle_ws/bill_ws/install/bill_slam/share/bill_slam/local_setup.bash
[0.049s] -- Up-to-date: /home/bill7/billeagle_ws/bill_ws/install/bill_slam/share/bill_slam/local_setup.sh
[0.049s] -- Up-to-date: /home/bill7/billeagle_ws/bill_ws/install/bill_slam/share/bill_slam/local_setup.zsh
[0.050s] -- Up-to-date: /home/bill7/billeagle_ws/bill_ws/install/bill_slam/share/bill_slam/local_setup.dsv
[0.050s] -- Up-to-date: /home/bill7/billeagle_ws/bill_ws/install/bill_slam/share/bill_slam/package.dsv
[0.050s] -- Up-to-date: /home/bill7/billeagle_ws/bill_ws/install/bill_slam/share/ament_index/resource_index/packages/bill_slam
[0.050s] -- Up-to-date: /home/bill7/billeagle_ws/bill_ws/install/bill_slam/share/bill_slam/cmake/bill_slamConfig.cmake
[0.050s] -- Up-to-date: /home/bill7/billeagle_ws/bill_ws/install/bill_slam/share/bill_slam/cmake/bill_slamConfig-version.cmake
[0.050s] -- Up-to-date: /home/bill7/billeagle_ws/bill_ws/install/bill_slam/share/bill_slam/package.xml
[0.060s] Invoked command in '/home/bill7/billeagle_ws/bill_ws/build/bill_slam' returned '0': CMAKE_PREFIX_PATH=${CMAKE_PREFIX_PATH}:/opt/ros/humble CONDA_PROMPT_MODIFIER=(bill) /usr/bin/cmake --install /home/bill7/billeagle_ws/bill_ws/build/bill_slam
