[0.017s] Invoking command in '/home/vic/billeagle_ws/bill_ws/build/bill_slam': CMAKE_PREFIX_PATH=${CMAKE_PREFIX_PATH}:/opt/ros/humble /usr/bin/cmake /home/vic/billeagle_ws/bill_ws/src/bill_slam -DCMAKE_INSTALL_PREFIX=/home/vic/billeagle_ws/bill_ws/install/bill_slam
[0.079s] -- The C compiler identification is GNU 11.4.0
[0.146s] -- The CXX compiler identification is GNU 11.4.0
[0.152s] -- Detecting C compiler ABI info
[0.233s] -- Detecting C compiler ABI info - done
[0.240s] -- Check for working C compiler: /usr/bin/cc - skipped
[0.240s] -- Detecting C compile features
[0.240s] -- Detecting C compile features - done
[0.243s] -- Detecting CXX compiler ABI info
[0.337s] -- Detecting CXX compiler ABI info - done
[0.347s] -- Check for working CXX compiler: /usr/bin/c++ - skipped
[0.348s] -- Detecting CXX compile features
[0.348s] -- Detecting CXX compile features - done
[0.351s] -- Found ament_cmake: 1.3.11 (/opt/ros/humble/share/ament_cmake/cmake)
[0.520s] -- Found Python3: /usr/bin/python3 (found version "3.10.12") found components: Interpreter 
[0.626s] -- Found ament_lint_auto: 0.12.11 (/opt/ros/humble/share/ament_lint_auto/cmake)
[0.716s] -- Added test 'flake8' to check Python code syntax and style conventions
[0.716s] -- Added test 'lint_cmake' to check CMake code style
[0.716s] -- Added test 'pep257' to check Python code against some of the docstring style conventions in PEP 257
[0.717s] -- Added test 'xmllint' to check XML markup files
[0.718s] -- Configuring done
[0.723s] -- Generating done
[0.723s] -- Build files have been written to: /home/vic/billeagle_ws/bill_ws/build/bill_slam
[0.728s] Invoked command in '/home/vic/billeagle_ws/bill_ws/build/bill_slam' returned '0': CMAKE_PREFIX_PATH=${CMAKE_PREFIX_PATH}:/opt/ros/humble /usr/bin/cmake /home/vic/billeagle_ws/bill_ws/src/bill_slam -DCMAKE_INSTALL_PREFIX=/home/vic/billeagle_ws/bill_ws/install/bill_slam
[0.729s] Invoking command in '/home/vic/billeagle_ws/bill_ws/build/bill_slam': CMAKE_PREFIX_PATH=${CMAKE_PREFIX_PATH}:/opt/ros/humble /usr/bin/cmake --build /home/vic/billeagle_ws/bill_ws/build/bill_slam -- -j8 -l8
[0.771s] Invoked command in '/home/vic/billeagle_ws/bill_ws/build/bill_slam' returned '0': CMAKE_PREFIX_PATH=${CMAKE_PREFIX_PATH}:/opt/ros/humble /usr/bin/cmake --build /home/vic/billeagle_ws/bill_ws/build/bill_slam -- -j8 -l8
[0.797s] Invoking command in '/home/vic/billeagle_ws/bill_ws/build/bill_slam': CMAKE_PREFIX_PATH=${CMAKE_PREFIX_PATH}:/opt/ros/humble /usr/bin/cmake --install /home/vic/billeagle_ws/bill_ws/build/bill_slam
[0.806s] -- Install configuration: ""
[0.806s] -- Installing: /home/vic/billeagle_ws/bill_ws/install/bill_slam/share/bill_slam/config
[0.806s] -- Installing: /home/vic/billeagle_ws/bill_ws/install/bill_slam/share/bill_slam/config/slam_toolbox_params.yaml
[0.807s] -- Installing: /home/vic/billeagle_ws/bill_ws/install/bill_slam/share/bill_slam/config/amcl.config.yaml
[0.807s] -- Installing: /home/vic/billeagle_ws/bill_ws/install/bill_slam/share/bill_slam/launch
[0.807s] -- Installing: /home/vic/billeagle_ws/bill_ws/install/bill_slam/share/bill_slam/launch/mapping.launch.py
[0.807s] -- Installing: /home/vic/billeagle_ws/bill_ws/install/bill_slam/share/bill_slam/launch/amcl.launch.py
[0.807s] -- Installing: /home/vic/billeagle_ws/bill_ws/install/bill_slam/share/bill_slam/mapas
[0.807s] -- Installing: /home/vic/billeagle_ws/bill_ws/install/bill_slam/share/bill_slam/mapas/clean_map.pgm
[0.807s] -- Installing: /home/vic/billeagle_ws/bill_ws/install/bill_slam/share/bill_slam/mapas/mapa_home_serial.posegraph
[0.822s] -- Installing: /home/vic/billeagle_ws/bill_ws/install/bill_slam/share/bill_slam/mapas/mapa_athome_serial.data
[0.822s] -- Installing: /home/vic/billeagle_ws/bill_ws/install/bill_slam/share/bill_slam/mapas/mapa_clean.yaml
[0.822s] -- Installing: /home/vic/billeagle_ws/bill_ws/install/bill_slam/share/bill_slam/mapas/mapa_athome_serial.posegraph
[0.836s] -- Installing: /home/vic/billeagle_ws/bill_ws/install/bill_slam/share/bill_slam/mapas/mapa_athome_save.yaml
[0.836s] -- Installing: /home/vic/billeagle_ws/bill_ws/install/bill_slam/share/bill_slam/mapas/mapa_home_serial.data
[0.836s] -- Installing: /home/vic/billeagle_ws/bill_ws/install/bill_slam/share/bill_slam/mapas/mapa_athome_save.pgm
[0.836s] -- Installing: /home/vic/billeagle_ws/bill_ws/install/bill_slam/share/bill_slam/mapas/mapa_clean.pgm
[0.837s] -- Installing: /home/vic/billeagle_ws/bill_ws/install/bill_slam/share/bill_slam/mapas/mapa_home.yaml
[0.837s] -- Installing: /home/vic/billeagle_ws/bill_ws/install/bill_slam/share/bill_slam/mapas/mapa_home_save.pgm
[0.838s] -- Installing: /home/vic/billeagle_ws/bill_ws/install/bill_slam/share/ament_index/resource_index/package_run_dependencies/bill_slam
[0.839s] -- Installing: /home/vic/billeagle_ws/bill_ws/install/bill_slam/share/ament_index/resource_index/parent_prefix_path/bill_slam
[0.839s] -- Installing: /home/vic/billeagle_ws/bill_ws/install/bill_slam/share/bill_slam/environment/ament_prefix_path.sh
[0.839s] -- Installing: /home/vic/billeagle_ws/bill_ws/install/bill_slam/share/bill_slam/environment/ament_prefix_path.dsv
[0.839s] -- Installing: /home/vic/billeagle_ws/bill_ws/install/bill_slam/share/bill_slam/environment/path.sh
[0.840s] -- Installing: /home/vic/billeagle_ws/bill_ws/install/bill_slam/share/bill_slam/environment/path.dsv
[0.840s] -- Installing: /home/vic/billeagle_ws/bill_ws/install/bill_slam/share/bill_slam/local_setup.bash
[0.840s] -- Installing: /home/vic/billeagle_ws/bill_ws/install/bill_slam/share/bill_slam/local_setup.sh
[0.840s] -- Installing: /home/vic/billeagle_ws/bill_ws/install/bill_slam/share/bill_slam/local_setup.zsh
[0.840s] -- Installing: /home/vic/billeagle_ws/bill_ws/install/bill_slam/share/bill_slam/local_setup.dsv
[0.840s] -- Installing: /home/vic/billeagle_ws/bill_ws/install/bill_slam/share/bill_slam/package.dsv
[0.840s] -- Installing: /home/vic/billeagle_ws/bill_ws/install/bill_slam/share/ament_index/resource_index/packages/bill_slam
[0.840s] -- Installing: /home/vic/billeagle_ws/bill_ws/install/bill_slam/share/bill_slam/cmake/bill_slamConfig.cmake
[0.840s] -- Installing: /home/vic/billeagle_ws/bill_ws/install/bill_slam/share/bill_slam/cmake/bill_slamConfig-version.cmake
[0.840s] -- Installing: /home/vic/billeagle_ws/bill_ws/install/bill_slam/share/bill_slam/package.xml
[0.845s] Invoked command in '/home/vic/billeagle_ws/bill_ws/build/bill_slam' returned '0': CMAKE_PREFIX_PATH=${CMAKE_PREFIX_PATH}:/opt/ros/humble /usr/bin/cmake --install /home/vic/billeagle_ws/bill_ws/build/bill_slam
