[0mCMake Deprecation Warning at CMakeLists.txt:1 (cmake_minimum_required):
  Compatibility with CMake < 3.10 will be removed from a future version of
  CMake.

  Update the VERSION argument <min> value.  Or, use the <min>...<max> syntax
  to tell CMake that the project requires at least <min> but has been updated
  to work with policies introduced by <max> or earlier.

[0m
-- The C compiler identification is GNU 11.4.0
-- The CXX compiler identification is GNU 11.4.0
-- Detecting C compiler ABI info
-- Detecting C compiler ABI info - done
-- Check for working C compiler: /usr/bin/cc - skipped
-- Detecting C compile features
-- Detecting C compile features - done
-- Detecting CXX compiler ABI info
-- Detecting CXX compiler ABI info - done
-- Check for working CXX compiler: /usr/bin/c++ - skipped
-- Detecting CXX compile features
-- Detecting CXX compile features - done
-- Found ament_cmake: 1.3.11 (/opt/ros/humble/share/ament_cmake/cmake)
-- Found Python3: /usr/bin/python3 (found version "3.10.12") found components: Interpreter
-- Found rclcpp: 16.0.11 (/opt/ros/humble/share/rclcpp/cmake)
-- Found rosidl_generator_c: 3.1.6 (/opt/ros/humble/share/rosidl_generator_c/cmake)
-- Found rosidl_adapter: 3.1.6 (/opt/ros/humble/share/rosidl_adapter/cmake)
-- Found rosidl_generator_cpp: 3.1.6 (/opt/ros/humble/share/rosidl_generator_cpp/cmake)
-- Using all available rosidl_typesupport_c: rosidl_typesupport_fastrtps_c;rosidl_typesupport_introspection_c
-- Using all available rosidl_typesupport_cpp: rosidl_typesupport_fastrtps_cpp;rosidl_typesupport_introspection_cpp
-- Found rmw_implementation_cmake: 6.1.2 (/opt/ros/humble/share/rmw_implementation_cmake/cmake)
-- Found rmw_fastrtps_cpp: 6.2.7 (/opt/ros/humble/share/rmw_fastrtps_cpp/cmake)
-- Found OpenSSL: /usr/lib/x86_64-linux-gnu/libcrypto.so (found version "3.0.2")
-- Found FastRTPS: /opt/ros/humble/include
-- Using RMW implementation 'rmw_fastrtps_cpp' as default
-- Performing Test CMAKE_HAVE_LIBC_PTHREAD
-- Performing Test CMAKE_HAVE_LIBC_PTHREAD - Success
-- Found Threads: TRUE
-- Found geometry_msgs: 4.2.4 (/opt/ros/humble/share/geometry_msgs/cmake)
-- Found tf2_geometry_msgs: 0.25.12 (/opt/ros/humble/share/tf2_geometry_msgs/cmake)
-- Found eigen3_cmake_module: 0.1.1 (/opt/ros/humble/share/eigen3_cmake_module/cmake)
-- Found Eigen3: TRUE (found version "3.4.0")
-- Ensuring Eigen3 include directory is part of orocos-kdl CMake target
-- Found sensor_msgs: 4.2.4 (/opt/ros/humble/share/sensor_msgs/cmake)
-- Found nav_msgs: 4.2.4 (/opt/ros/humble/share/nav_msgs/cmake)
[33mCMake Warning (dev) at CMakeLists.txt:24 (find_package):
  Policy CMP0167 is not set: The FindBoost module is removed.  Run "cmake
  --help-policy CMP0167" for policy details.  Use the cmake_policy command to
  set the policy and suppress this warning.

This warning is for project developers.  Use -Wno-dev to suppress it.
[0m
-- Found Boost: /usr/lib/x86_64-linux-gnu/cmake/Boost-1.74.0/BoostConfig.cmake (found version "1.74.0")
-- Configuring done (0.8s)
-- Generating done (0.0s)
-- Build files have been written to: /home/bill8/billeagle_ws/laser_odom_ws/build/rf2o_laser_odometry
[ 20%] [32mBuilding CXX object CMakeFiles/rf2o_laser_odometry.dir/src/CLaserOdometry2D.cpp.o[0m
[ 40%] [32mBuilding CXX object CMakeFiles/rf2o_laser_odometry_node.dir/src/CLaserOdometry2DNode.cpp.o[0m
[ 60%] [32mBuilding CXX object CMakeFiles/rf2o_laser_odometry_node.dir/src/CLaserOdometry2D.cpp.o[0m
[ 80%] [32m[1mLinking CXX static library librf2o_laser_odometry.a[0m
[100%] [32m[1mLinking CXX executable rf2o_laser_odometry_node[0m
[100%] Built target rf2o_laser_odometry
[100%] Built target rf2o_laser_odometry_node
-- Install configuration: ""
-- Installing: /home/bill8/billeagle_ws/laser_odom_ws/install/rf2o_laser_odometry/lib/rf2o_laser_odometry/rf2o_laser_odometry_node
-- Set non-toolchain portion of runtime path of "/home/bill8/billeagle_ws/laser_odom_ws/install/rf2o_laser_odometry/lib/rf2o_laser_odometry/rf2o_laser_odometry_node" to ""
-- Installing: /home/bill8/billeagle_ws/laser_odom_ws/install/rf2o_laser_odometry/share/rf2o_laser_odometry/launch
-- Installing: /home/bill8/billeagle_ws/laser_odom_ws/install/rf2o_laser_odometry/share/rf2o_laser_odometry/launch/rf2o_laser_odometry.launch.py
-- Installing: /home/bill8/billeagle_ws/laser_odom_ws/install/rf2o_laser_odometry/share/ament_index/resource_index/package_run_dependencies/rf2o_laser_odometry
-- Installing: /home/bill8/billeagle_ws/laser_odom_ws/install/rf2o_laser_odometry/share/ament_index/resource_index/parent_prefix_path/rf2o_laser_odometry
-- Installing: /home/bill8/billeagle_ws/laser_odom_ws/install/rf2o_laser_odometry/share/rf2o_laser_odometry/environment/ament_prefix_path.sh
-- Installing: /home/bill8/billeagle_ws/laser_odom_ws/install/rf2o_laser_odometry/share/rf2o_laser_odometry/environment/ament_prefix_path.dsv
-- Installing: /home/bill8/billeagle_ws/laser_odom_ws/install/rf2o_laser_odometry/share/rf2o_laser_odometry/environment/path.sh
-- Installing: /home/bill8/billeagle_ws/laser_odom_ws/install/rf2o_laser_odometry/share/rf2o_laser_odometry/environment/path.dsv
-- Installing: /home/bill8/billeagle_ws/laser_odom_ws/install/rf2o_laser_odometry/share/rf2o_laser_odometry/local_setup.bash
-- Installing: /home/bill8/billeagle_ws/laser_odom_ws/install/rf2o_laser_odometry/share/rf2o_laser_odometry/local_setup.sh
-- Installing: /home/bill8/billeagle_ws/laser_odom_ws/install/rf2o_laser_odometry/share/rf2o_laser_odometry/local_setup.zsh
-- Installing: /home/bill8/billeagle_ws/laser_odom_ws/install/rf2o_laser_odometry/share/rf2o_laser_odometry/local_setup.dsv
-- Installing: /home/bill8/billeagle_ws/laser_odom_ws/install/rf2o_laser_odometry/share/rf2o_laser_odometry/package.dsv
-- Installing: /home/bill8/billeagle_ws/laser_odom_ws/install/rf2o_laser_odometry/share/ament_index/resource_index/packages/rf2o_laser_odometry
-- Installing: /home/bill8/billeagle_ws/laser_odom_ws/install/rf2o_laser_odometry/share/rf2o_laser_odometry/cmake/rf2o_laser_odometryConfig.cmake
-- Installing: /home/bill8/billeagle_ws/laser_odom_ws/install/rf2o_laser_odometry/share/rf2o_laser_odometry/cmake/rf2o_laser_odometryConfig-version.cmake
-- Installing: /home/bill8/billeagle_ws/laser_odom_ws/install/rf2o_laser_odometry/share/rf2o_laser_odometry/package.xml
