[0.006s] Invoking command in '/home/vic/billeagle_ws/personal_ws/src/bill_interfaces/build/bill_interfaces': CMAKE_PREFIX_PATH=${CMAKE_PREFIX_PATH}:/home/vic/billeagle_ws/personal_ws/install/person_identification_mission /usr/bin/cmake /home/vic/billeagle_ws/personal_ws/src/bill_interfaces -DCMAKE_INSTALL_PREFIX=/home/vic/billeagle_ws/personal_ws/src/bill_interfaces/install/bill_interfaces
[0.047s] -- The C compiler identification is GNU 11.4.0
[0.082s] -- The CXX compiler identification is GNU 11.4.0
[0.086s] -- Detecting C compiler ABI info
[0.138s] -- Detecting C compiler ABI info - done
[0.143s] -- Check for working C compiler: /usr/bin/cc - skipped
[0.143s] -- Detecting C compile features
[0.144s] -- Detecting C compile features - done
[0.146s] -- Detecting CXX compiler ABI info
[0.205s] -- Detecting CXX compiler ABI info - done
[0.210s] -- Check for working CXX compiler: /usr/bin/c++ - skipped
[0.210s] -- Detecting CXX compile features
[0.210s] -- Detecting CXX compile features - done
[0.212s] -- Found ament_cmake: 1.3.11 (/opt/ros/humble/share/ament_cmake/cmake)
[0.313s] -- Found Python3: /usr/bin/python3 (found version "3.10.12") found components: Interpreter 
[0.364s] -- Found rosidl_default_generators: 1.2.0 (/opt/ros/humble/share/rosidl_default_generators/cmake)
[0.366s] -- Using all available rosidl_typesupport_c: rosidl_typesupport_fastrtps_c;rosidl_typesupport_introspection_c
[0.369s] -- Found rosidl_adapter: 3.1.6 (/opt/ros/humble/share/rosidl_adapter/cmake)
[0.391s] -- Using all available rosidl_typesupport_cpp: rosidl_typesupport_fastrtps_cpp;rosidl_typesupport_introspection_cpp
[0.584s] -- Found ament_cmake_ros: 0.10.0 (/opt/ros/humble/share/ament_cmake_ros/cmake)
[0.704s] -- Using all available rosidl_typesupport_c: rosidl_typesupport_fastrtps_c;rosidl_typesupport_introspection_c
[0.869s] -- Using all available rosidl_typesupport_cpp: rosidl_typesupport_fastrtps_cpp;rosidl_typesupport_introspection_cpp
[0.884s] -- Found PythonInterp: /usr/bin/python3 (found suitable version "3.10.12", minimum required is "3.6") 
[0.886s] -- Found python_cmake_module: 0.10.0 (/opt/ros/humble/share/python_cmake_module/cmake)
[0.904s] -- Found PythonLibs: /usr/lib/x86_64-linux-gnu/libpython3.10.so (found suitable version "3.10.12", minimum required is "3.5") 
[0.905s] -- Using PYTHON_EXECUTABLE: /usr/bin/python3
[0.905s] -- Using PYTHON_INCLUDE_DIRS: /usr/include/python3.10
[0.905s] -- Using PYTHON_LIBRARIES: /usr/lib/x86_64-linux-gnu/libpython3.10.so
[0.918s] -- Found PythonExtra: .so  
[0.947s] -- Configuring done
[0.971s] -- Generating done
[0.977s] -- Build files have been written to: /home/vic/billeagle_ws/personal_ws/src/bill_interfaces/build/bill_interfaces
[0.983s] Invoked command in '/home/vic/billeagle_ws/personal_ws/src/bill_interfaces/build/bill_interfaces' returned '0': CMAKE_PREFIX_PATH=${CMAKE_PREFIX_PATH}:/home/vic/billeagle_ws/personal_ws/install/person_identification_mission /usr/bin/cmake /home/vic/billeagle_ws/personal_ws/src/bill_interfaces -DCMAKE_INSTALL_PREFIX=/home/vic/billeagle_ws/personal_ws/src/bill_interfaces/install/bill_interfaces
[0.984s] Invoking command in '/home/vic/billeagle_ws/personal_ws/src/bill_interfaces/build/bill_interfaces': CMAKE_PREFIX_PATH=${CMAKE_PREFIX_PATH}:/home/vic/billeagle_ws/personal_ws/install/person_identification_mission /usr/bin/cmake --build /home/vic/billeagle_ws/personal_ws/src/bill_interfaces/build/bill_interfaces -- -j16 -l16
[1.014s] [  1%] [34m[1mGenerating C code for ROS interfaces[0m
[1.022s] [  2%] [34m[1mGenerating C++ code for ROS interfaces[0m
[1.029s] [  2%] Built target ament_cmake_python_copy_bill_interfaces
[1.166s] running egg_info
[1.167s] creating bill_interfaces.egg-info
[1.167s] writing bill_interfaces.egg-info/PKG-INFO
[1.167s] writing dependency_links to bill_interfaces.egg-info/dependency_links.txt
[1.167s] writing top-level names to bill_interfaces.egg-info/top_level.txt
[1.167s] writing manifest file 'bill_interfaces.egg-info/SOURCES.txt'
[1.168s] reading manifest file 'bill_interfaces.egg-info/SOURCES.txt'
[1.168s] writing manifest file 'bill_interfaces.egg-info/SOURCES.txt'
[1.186s] [  2%] Built target ament_cmake_python_build_bill_interfaces_egg
[1.344s] [  5%] [32mBuilding C object CMakeFiles/bill_interfaces__rosidl_generator_c.dir/rosidl_generator_c/bill_interfaces/srv/detail/execute_spin__functions.c.o[0m
[1.344s] [  5%] [32mBuilding C object CMakeFiles/bill_interfaces__rosidl_generator_c.dir/rosidl_generator_c/bill_interfaces/srv/detail/say_something__functions.c.o[0m
[1.344s] [  7%] [32mBuilding C object CMakeFiles/bill_interfaces__rosidl_generator_c.dir/rosidl_generator_c/bill_interfaces/msg/detail/mission_status__functions.c.o[0m
[1.344s] [  8%] [32mBuilding C object CMakeFiles/bill_interfaces__rosidl_generator_c.dir/rosidl_generator_c/bill_interfaces/srv/detail/get_name__functions.c.o[0m
[1.344s] [  9%] [32mBuilding C object CMakeFiles/bill_interfaces__rosidl_generator_c.dir/rosidl_generator_c/bill_interfaces/srv/detail/search_for__functions.c.o[0m
[1.344s] [ 11%] [32mBuilding C object CMakeFiles/bill_interfaces__rosidl_generator_c.dir/rosidl_generator_c/bill_interfaces/srv/detail/get_trained__functions.c.o[0m
[1.366s] [ 11%] Built target bill_interfaces__cpp
[1.373s] [ 12%] [34m[1mGenerating C++ type support dispatch for ROS interfaces[0m
[1.375s] [ 14%] [34m[1mGenerating C++ type support for eProsima Fast-RTPS[0m
[1.376s] [ 15%] [34m[1mGenerating C++ introspection for ROS interfaces[0m
[1.397s] [ 16%] [32m[1mLinking C shared library libbill_interfaces__rosidl_generator_c.so[0m
[1.427s] [ 16%] Built target bill_interfaces__rosidl_generator_c
[1.436s] [ 21%] [34m[1mGenerating C introspection for ROS interfaces[0m
[1.436s] [ 21%] [34m[1mGenerating C type support for eProsima Fast-RTPS[0m
[1.436s] [ 21%] [34m[1mGenerating C type support dispatch for ROS interfaces[0m
[1.587s] [ 22%] [32mBuilding CXX object CMakeFiles/bill_interfaces__rosidl_typesupport_cpp.dir/rosidl_typesupport_cpp/bill_interfaces/srv/search_for__type_support.cpp.o[0m
[1.587s] [ 23%] [32mBuilding CXX object CMakeFiles/bill_interfaces__rosidl_typesupport_cpp.dir/rosidl_typesupport_cpp/bill_interfaces/srv/say_something__type_support.cpp.o[0m
[1.587s] [ 26%] [32mBuilding CXX object CMakeFiles/bill_interfaces__rosidl_typesupport_cpp.dir/rosidl_typesupport_cpp/bill_interfaces/msg/mission_status__type_support.cpp.o[0m
[1.587s] [ 26%] [32mBuilding CXX object CMakeFiles/bill_interfaces__rosidl_typesupport_cpp.dir/rosidl_typesupport_cpp/bill_interfaces/srv/get_name__type_support.cpp.o[0m
[1.588s] [ 28%] [32mBuilding CXX object CMakeFiles/bill_interfaces__rosidl_typesupport_cpp.dir/rosidl_typesupport_cpp/bill_interfaces/srv/get_trained__type_support.cpp.o[0m
[1.588s] [ 29%] [32mBuilding CXX object CMakeFiles/bill_interfaces__rosidl_typesupport_cpp.dir/rosidl_typesupport_cpp/bill_interfaces/srv/execute_spin__type_support.cpp.o[0m
[1.649s] [ 35%] [32mBuilding CXX object CMakeFiles/bill_interfaces__rosidl_typesupport_introspection_cpp.dir/rosidl_typesupport_introspection_cpp/bill_interfaces/srv/detail/get_trained__type_support.cpp.o[0m
[1.649s] [ 35%] [32mBuilding CXX object CMakeFiles/bill_interfaces__rosidl_typesupport_introspection_cpp.dir/rosidl_typesupport_introspection_cpp/bill_interfaces/srv/detail/search_for__type_support.cpp.o[0m
[1.649s] [ 35%] [32mBuilding CXX object CMakeFiles/bill_interfaces__rosidl_typesupport_introspection_cpp.dir/rosidl_typesupport_introspection_cpp/bill_interfaces/msg/detail/mission_status__type_support.cpp.o[0m
[1.649s] [ 35%] [32mBuilding CXX object CMakeFiles/bill_interfaces__rosidl_typesupport_introspection_cpp.dir/rosidl_typesupport_introspection_cpp/bill_interfaces/srv/detail/execute_spin__type_support.cpp.o[0m
[1.649s] [ 36%] [32mBuilding CXX object CMakeFiles/bill_interfaces__rosidl_typesupport_introspection_cpp.dir/rosidl_typesupport_introspection_cpp/bill_interfaces/srv/detail/get_name__type_support.cpp.o[0m
[1.649s] [ 38%] [32mBuilding CXX object CMakeFiles/bill_interfaces__rosidl_typesupport_introspection_cpp.dir/rosidl_typesupport_introspection_cpp/bill_interfaces/srv/detail/say_something__type_support.cpp.o[0m
[1.754s] [ 39%] [32mBuilding CXX object CMakeFiles/bill_interfaces__rosidl_typesupport_c.dir/rosidl_typesupport_c/bill_interfaces/msg/mission_status__type_support.cpp.o[0m
[1.766s] [ 40%] [32mBuilding CXX object CMakeFiles/bill_interfaces__rosidl_typesupport_fastrtps_cpp.dir/rosidl_typesupport_fastrtps_cpp/bill_interfaces/msg/detail/dds_fastrtps/mission_status__type_support.cpp.o[0m
[1.788s] [ 42%] [32mBuilding CXX object CMakeFiles/bill_interfaces__rosidl_typesupport_c.dir/rosidl_typesupport_c/bill_interfaces/srv/get_name__type_support.cpp.o[0m
[1.806s] [ 43%] [32mBuilding CXX object CMakeFiles/bill_interfaces__rosidl_typesupport_c.dir/rosidl_typesupport_c/bill_interfaces/srv/search_for__type_support.cpp.o[0m
[1.811s] [ 45%] [32mBuilding CXX object CMakeFiles/bill_interfaces__rosidl_typesupport_c.dir/rosidl_typesupport_c/bill_interfaces/srv/get_trained__type_support.cpp.o[0m
[1.817s] [ 46%] [32mBuilding CXX object CMakeFiles/bill_interfaces__rosidl_typesupport_c.dir/rosidl_typesupport_c/bill_interfaces/srv/execute_spin__type_support.cpp.o[0m
[1.836s] [ 47%] [32mBuilding CXX object CMakeFiles/bill_interfaces__rosidl_typesupport_fastrtps_cpp.dir/rosidl_typesupport_fastrtps_cpp/bill_interfaces/srv/detail/dds_fastrtps/get_name__type_support.cpp.o[0m
[1.843s] [ 49%] [32mBuilding CXX object CMakeFiles/bill_interfaces__rosidl_typesupport_c.dir/rosidl_typesupport_c/bill_interfaces/srv/say_something__type_support.cpp.o[0m
[1.848s] [ 50%] [32mBuilding CXX object CMakeFiles/bill_interfaces__rosidl_typesupport_fastrtps_cpp.dir/rosidl_typesupport_fastrtps_cpp/bill_interfaces/srv/detail/dds_fastrtps/search_for__type_support.cpp.o[0m
[1.863s] [ 52%] [32mBuilding CXX object CMakeFiles/bill_interfaces__rosidl_typesupport_fastrtps_cpp.dir/rosidl_typesupport_fastrtps_cpp/bill_interfaces/srv/detail/dds_fastrtps/get_trained__type_support.cpp.o[0m
[1.874s] [ 53%] [32m[1mLinking CXX shared library libbill_interfaces__rosidl_typesupport_c.so[0m
[1.876s] [ 54%] [32mBuilding CXX object CMakeFiles/bill_interfaces__rosidl_typesupport_fastrtps_cpp.dir/rosidl_typesupport_fastrtps_cpp/bill_interfaces/srv/detail/dds_fastrtps/execute_spin__type_support.cpp.o[0m
[1.879s] [ 56%] [32mBuilding CXX object CMakeFiles/bill_interfaces__rosidl_typesupport_fastrtps_cpp.dir/rosidl_typesupport_fastrtps_cpp/bill_interfaces/srv/detail/dds_fastrtps/say_something__type_support.cpp.o[0m
[1.884s] [ 57%] [32m[1mLinking CXX shared library libbill_interfaces__rosidl_typesupport_cpp.so[0m
[1.922s] [ 57%] Built target bill_interfaces__rosidl_typesupport_c
[1.930s] [ 57%] Built target bill_interfaces__rosidl_typesupport_cpp
[1.972s] [ 59%] [32mBuilding C object CMakeFiles/bill_interfaces__rosidl_typesupport_introspection_c.dir/rosidl_typesupport_introspection_c/bill_interfaces/msg/detail/mission_status__type_support.c.o[0m
[1.973s] [ 60%] [32mBuilding C object CMakeFiles/bill_interfaces__rosidl_typesupport_introspection_c.dir/rosidl_typesupport_introspection_c/bill_interfaces/srv/detail/get_name__type_support.c.o[0m
[1.981s] [ 61%] [32mBuilding C object CMakeFiles/bill_interfaces__rosidl_typesupport_introspection_c.dir/rosidl_typesupport_introspection_c/bill_interfaces/srv/detail/search_for__type_support.c.o[0m
[1.981s] [ 63%] [32mBuilding C object CMakeFiles/bill_interfaces__rosidl_typesupport_introspection_c.dir/rosidl_typesupport_introspection_c/bill_interfaces/srv/detail/get_trained__type_support.c.o[0m
[1.983s] [ 64%] [32mBuilding C object CMakeFiles/bill_interfaces__rosidl_typesupport_introspection_c.dir/rosidl_typesupport_introspection_c/bill_interfaces/srv/detail/execute_spin__type_support.c.o[0m
[1.987s] [ 66%] [32mBuilding CXX object CMakeFiles/bill_interfaces__rosidl_typesupport_fastrtps_c.dir/rosidl_typesupport_fastrtps_c/bill_interfaces/msg/detail/mission_status__type_support_c.cpp.o[0m
[1.999s] [ 67%] [32mBuilding C object CMakeFiles/bill_interfaces__rosidl_typesupport_introspection_c.dir/rosidl_typesupport_introspection_c/bill_interfaces/srv/detail/say_something__type_support.c.o[0m
[2.006s] [ 70%] [32mBuilding CXX object CMakeFiles/bill_interfaces__rosidl_typesupport_fastrtps_c.dir/rosidl_typesupport_fastrtps_c/bill_interfaces/srv/detail/get_name__type_support_c.cpp.o[0m
[2.007s] [ 70%] [32mBuilding CXX object CMakeFiles/bill_interfaces__rosidl_typesupport_fastrtps_c.dir/rosidl_typesupport_fastrtps_c/bill_interfaces/srv/detail/search_for__type_support_c.cpp.o[0m
[2.013s] [ 71%] [32mBuilding CXX object CMakeFiles/bill_interfaces__rosidl_typesupport_fastrtps_c.dir/rosidl_typesupport_fastrtps_c/bill_interfaces/srv/detail/execute_spin__type_support_c.cpp.o[0m
[2.014s] [ 73%] [32mBuilding CXX object CMakeFiles/bill_interfaces__rosidl_typesupport_fastrtps_c.dir/rosidl_typesupport_fastrtps_c/bill_interfaces/srv/detail/get_trained__type_support_c.cpp.o[0m
[2.019s] [ 74%] [32mBuilding CXX object CMakeFiles/bill_interfaces__rosidl_typesupport_fastrtps_c.dir/rosidl_typesupport_fastrtps_c/bill_interfaces/srv/detail/say_something__type_support_c.cpp.o[0m
[2.035s] [ 76%] [32m[1mLinking C shared library libbill_interfaces__rosidl_typesupport_introspection_c.so[0m
[2.065s] [ 76%] Built target bill_interfaces__rosidl_typesupport_introspection_c
[2.085s] [ 77%] [32m[1mLinking CXX shared library libbill_interfaces__rosidl_typesupport_introspection_cpp.so[0m
[2.151s] [ 77%] Built target bill_interfaces__rosidl_typesupport_introspection_cpp
[2.288s] [ 78%] [32m[1mLinking CXX shared library libbill_interfaces__rosidl_typesupport_fastrtps_cpp.so[0m
[2.335s] [ 78%] Built target bill_interfaces__rosidl_typesupport_fastrtps_cpp
[2.344s] [ 80%] [32m[1mLinking CXX shared library libbill_interfaces__rosidl_typesupport_fastrtps_c.so[0m
[2.393s] [ 80%] Built target bill_interfaces__rosidl_typesupport_fastrtps_c
[2.405s] [ 80%] Built target bill_interfaces
[2.420s] [ 81%] [34m[1mGenerating Python code for ROS interfaces[0m
[2.905s] [ 81%] Built target bill_interfaces__py
[2.919s] [ 83%] [32mBuilding C object CMakeFiles/bill_interfaces__rosidl_generator_py.dir/rosidl_generator_py/bill_interfaces/srv/_get_name_s.c.o[0m
[2.919s] [ 84%] [32mBuilding C object CMakeFiles/bill_interfaces__rosidl_generator_py.dir/rosidl_generator_py/bill_interfaces/srv/_say_something_s.c.o[0m
[2.920s] [ 85%] [32mBuilding C object CMakeFiles/bill_interfaces__rosidl_generator_py.dir/rosidl_generator_py/bill_interfaces/srv/_search_for_s.c.o[0m
[2.920s] [ 87%] [32mBuilding C object CMakeFiles/bill_interfaces__rosidl_generator_py.dir/rosidl_generator_py/bill_interfaces/msg/_mission_status_s.c.o[0m
[2.921s] [ 88%] [32mBuilding C object CMakeFiles/bill_interfaces__rosidl_generator_py.dir/rosidl_generator_py/bill_interfaces/srv/_execute_spin_s.c.o[0m
[2.921s] [ 90%] [32mBuilding C object CMakeFiles/bill_interfaces__rosidl_generator_py.dir/rosidl_generator_py/bill_interfaces/srv/_get_trained_s.c.o[0m
[3.012s] [ 91%] [32m[1mLinking C shared library rosidl_generator_py/bill_interfaces/libbill_interfaces__rosidl_generator_py.so[0m
[3.043s] [ 91%] Built target bill_interfaces__rosidl_generator_py
[3.058s] [ 92%] [32mBuilding C object CMakeFiles/bill_interfaces__rosidl_typesupport_introspection_c__pyext.dir/rosidl_generator_py/bill_interfaces/_bill_interfaces_s.ep.rosidl_typesupport_introspection_c.c.o[0m
[3.059s] [ 94%] [32mBuilding C object CMakeFiles/bill_interfaces__rosidl_typesupport_c__pyext.dir/rosidl_generator_py/bill_interfaces/_bill_interfaces_s.ep.rosidl_typesupport_c.c.o[0m
[3.060s] [ 95%] [32mBuilding C object CMakeFiles/bill_interfaces__rosidl_typesupport_fastrtps_c__pyext.dir/rosidl_generator_py/bill_interfaces/_bill_interfaces_s.ep.rosidl_typesupport_fastrtps_c.c.o[0m
[3.133s] [ 97%] [32m[1mLinking C shared library rosidl_generator_py/bill_interfaces/bill_interfaces_s__rosidl_typesupport_c.cpython-310-x86_64-linux-gnu.so[0m
[3.135s] [ 98%] [32m[1mLinking C shared library rosidl_generator_py/bill_interfaces/bill_interfaces_s__rosidl_typesupport_introspection_c.cpython-310-x86_64-linux-gnu.so[0m
[3.139s] [100%] [32m[1mLinking C shared library rosidl_generator_py/bill_interfaces/bill_interfaces_s__rosidl_typesupport_fastrtps_c.cpython-310-x86_64-linux-gnu.so[0m
[3.158s] [100%] Built target bill_interfaces__rosidl_typesupport_c__pyext
[3.159s] [100%] Built target bill_interfaces__rosidl_typesupport_introspection_c__pyext
[3.168s] [100%] Built target bill_interfaces__rosidl_typesupport_fastrtps_c__pyext
[3.175s] Invoked command in '/home/vic/billeagle_ws/personal_ws/src/bill_interfaces/build/bill_interfaces' returned '0': CMAKE_PREFIX_PATH=${CMAKE_PREFIX_PATH}:/home/vic/billeagle_ws/personal_ws/install/person_identification_mission /usr/bin/cmake --build /home/vic/billeagle_ws/personal_ws/src/bill_interfaces/build/bill_interfaces -- -j16 -l16
[3.183s] Invoking command in '/home/vic/billeagle_ws/personal_ws/src/bill_interfaces/build/bill_interfaces': CMAKE_PREFIX_PATH=${CMAKE_PREFIX_PATH}:/home/vic/billeagle_ws/personal_ws/install/person_identification_mission /usr/bin/cmake --install /home/vic/billeagle_ws/personal_ws/src/bill_interfaces/build/bill_interfaces
[3.190s] -- Install configuration: ""
[3.190s] -- Installing: /home/vic/billeagle_ws/personal_ws/src/bill_interfaces/install/bill_interfaces/share/ament_index/resource_index/rosidl_interfaces/bill_interfaces
[3.190s] -- Installing: /home/vic/billeagle_ws/personal_ws/src/bill_interfaces/install/bill_interfaces/include/bill_interfaces/bill_interfaces
[3.190s] -- Installing: /home/vic/billeagle_ws/personal_ws/src/bill_interfaces/install/bill_interfaces/include/bill_interfaces/bill_interfaces/msg
[3.190s] -- Installing: /home/vic/billeagle_ws/personal_ws/src/bill_interfaces/install/bill_interfaces/include/bill_interfaces/bill_interfaces/msg/rosidl_generator_c__visibility_control.h
[3.190s] -- Installing: /home/vic/billeagle_ws/personal_ws/src/bill_interfaces/install/bill_interfaces/include/bill_interfaces/bill_interfaces/msg/mission_status.h
[3.190s] -- Installing: /home/vic/billeagle_ws/personal_ws/src/bill_interfaces/install/bill_interfaces/include/bill_interfaces/bill_interfaces/msg/detail
[3.190s] -- Installing: /home/vic/billeagle_ws/personal_ws/src/bill_interfaces/install/bill_interfaces/include/bill_interfaces/bill_interfaces/msg/detail/mission_status__struct.h
[3.190s] -- Installing: /home/vic/billeagle_ws/personal_ws/src/bill_interfaces/install/bill_interfaces/include/bill_interfaces/bill_interfaces/msg/detail/mission_status__functions.c
[3.190s] -- Installing: /home/vic/billeagle_ws/personal_ws/src/bill_interfaces/install/bill_interfaces/include/bill_interfaces/bill_interfaces/msg/detail/mission_status__type_support.h
[3.191s] -- Installing: /home/vic/billeagle_ws/personal_ws/src/bill_interfaces/install/bill_interfaces/include/bill_interfaces/bill_interfaces/msg/detail/mission_status__functions.h
[3.191s] -- Installing: /home/vic/billeagle_ws/personal_ws/src/bill_interfaces/install/bill_interfaces/include/bill_interfaces/bill_interfaces/srv
[3.191s] -- Installing: /home/vic/billeagle_ws/personal_ws/src/bill_interfaces/install/bill_interfaces/include/bill_interfaces/bill_interfaces/srv/execute_spin.h
[3.191s] -- Installing: /home/vic/billeagle_ws/personal_ws/src/bill_interfaces/install/bill_interfaces/include/bill_interfaces/bill_interfaces/srv/get_name.h
[3.191s] -- Installing: /home/vic/billeagle_ws/personal_ws/src/bill_interfaces/install/bill_interfaces/include/bill_interfaces/bill_interfaces/srv/search_for.h
[3.191s] -- Installing: /home/vic/billeagle_ws/personal_ws/src/bill_interfaces/install/bill_interfaces/include/bill_interfaces/bill_interfaces/srv/detail
[3.191s] -- Installing: /home/vic/billeagle_ws/personal_ws/src/bill_interfaces/install/bill_interfaces/include/bill_interfaces/bill_interfaces/srv/detail/get_name__struct.h
[3.191s] -- Installing: /home/vic/billeagle_ws/personal_ws/src/bill_interfaces/install/bill_interfaces/include/bill_interfaces/bill_interfaces/srv/detail/get_name__type_support.h
[3.191s] -- Installing: /home/vic/billeagle_ws/personal_ws/src/bill_interfaces/install/bill_interfaces/include/bill_interfaces/bill_interfaces/srv/detail/say_something__functions.c
[3.191s] -- Installing: /home/vic/billeagle_ws/personal_ws/src/bill_interfaces/install/bill_interfaces/include/bill_interfaces/bill_interfaces/srv/detail/search_for__struct.h
[3.191s] -- Installing: /home/vic/billeagle_ws/personal_ws/src/bill_interfaces/install/bill_interfaces/include/bill_interfaces/bill_interfaces/srv/detail/execute_spin__functions.c
[3.191s] -- Installing: /home/vic/billeagle_ws/personal_ws/src/bill_interfaces/install/bill_interfaces/include/bill_interfaces/bill_interfaces/srv/detail/get_name__functions.h
[3.191s] -- Installing: /home/vic/billeagle_ws/personal_ws/src/bill_interfaces/install/bill_interfaces/include/bill_interfaces/bill_interfaces/srv/detail/get_trained__type_support.h
[3.191s] -- Installing: /home/vic/billeagle_ws/personal_ws/src/bill_interfaces/install/bill_interfaces/include/bill_interfaces/bill_interfaces/srv/detail/say_something__struct.h
[3.191s] -- Installing: /home/vic/billeagle_ws/personal_ws/src/bill_interfaces/install/bill_interfaces/include/bill_interfaces/bill_interfaces/srv/detail/get_trained__functions.h
[3.191s] -- Installing: /home/vic/billeagle_ws/personal_ws/src/bill_interfaces/install/bill_interfaces/include/bill_interfaces/bill_interfaces/srv/detail/execute_spin__type_support.h
[3.191s] -- Installing: /home/vic/billeagle_ws/personal_ws/src/bill_interfaces/install/bill_interfaces/include/bill_interfaces/bill_interfaces/srv/detail/say_something__functions.h
[3.191s] -- Installing: /home/vic/billeagle_ws/personal_ws/src/bill_interfaces/install/bill_interfaces/include/bill_interfaces/bill_interfaces/srv/detail/search_for__functions.c
[3.191s] -- Installing: /home/vic/billeagle_ws/personal_ws/src/bill_interfaces/install/bill_interfaces/include/bill_interfaces/bill_interfaces/srv/detail/get_trained__struct.h
[3.191s] -- Installing: /home/vic/billeagle_ws/personal_ws/src/bill_interfaces/install/bill_interfaces/include/bill_interfaces/bill_interfaces/srv/detail/get_trained__functions.c
[3.192s] -- Installing: /home/vic/billeagle_ws/personal_ws/src/bill_interfaces/install/bill_interfaces/include/bill_interfaces/bill_interfaces/srv/detail/search_for__functions.h
[3.192s] -- Installing: /home/vic/billeagle_ws/personal_ws/src/bill_interfaces/install/bill_interfaces/include/bill_interfaces/bill_interfaces/srv/detail/get_name__functions.c
[3.192s] -- Installing: /home/vic/billeagle_ws/personal_ws/src/bill_interfaces/install/bill_interfaces/include/bill_interfaces/bill_interfaces/srv/detail/search_for__type_support.h
[3.192s] -- Installing: /home/vic/billeagle_ws/personal_ws/src/bill_interfaces/install/bill_interfaces/include/bill_interfaces/bill_interfaces/srv/detail/execute_spin__struct.h
[3.192s] -- Installing: /home/vic/billeagle_ws/personal_ws/src/bill_interfaces/install/bill_interfaces/include/bill_interfaces/bill_interfaces/srv/detail/say_something__type_support.h
[3.192s] -- Installing: /home/vic/billeagle_ws/personal_ws/src/bill_interfaces/install/bill_interfaces/include/bill_interfaces/bill_interfaces/srv/detail/execute_spin__functions.h
[3.192s] -- Installing: /home/vic/billeagle_ws/personal_ws/src/bill_interfaces/install/bill_interfaces/include/bill_interfaces/bill_interfaces/srv/say_something.h
[3.192s] -- Installing: /home/vic/billeagle_ws/personal_ws/src/bill_interfaces/install/bill_interfaces/include/bill_interfaces/bill_interfaces/srv/get_trained.h
[3.192s] -- Installing: /home/vic/billeagle_ws/personal_ws/src/bill_interfaces/install/bill_interfaces/share/bill_interfaces/environment/library_path.sh
[3.192s] -- Installing: /home/vic/billeagle_ws/personal_ws/src/bill_interfaces/install/bill_interfaces/share/bill_interfaces/environment/library_path.dsv
[3.192s] -- Installing: /home/vic/billeagle_ws/personal_ws/src/bill_interfaces/install/bill_interfaces/lib/libbill_interfaces__rosidl_generator_c.so
[3.192s] -- Set runtime path of "/home/vic/billeagle_ws/personal_ws/src/bill_interfaces/install/bill_interfaces/lib/libbill_interfaces__rosidl_generator_c.so" to ""
[3.192s] -- Up-to-date: /home/vic/billeagle_ws/personal_ws/src/bill_interfaces/install/bill_interfaces/include/bill_interfaces/bill_interfaces
[3.192s] -- Up-to-date: /home/vic/billeagle_ws/personal_ws/src/bill_interfaces/install/bill_interfaces/include/bill_interfaces/bill_interfaces/msg
[3.192s] -- Installing: /home/vic/billeagle_ws/personal_ws/src/bill_interfaces/install/bill_interfaces/include/bill_interfaces/bill_interfaces/msg/rosidl_typesupport_fastrtps_c__visibility_control.h
[3.192s] -- Up-to-date: /home/vic/billeagle_ws/personal_ws/src/bill_interfaces/install/bill_interfaces/include/bill_interfaces/bill_interfaces/msg/detail
[3.192s] -- Installing: /home/vic/billeagle_ws/personal_ws/src/bill_interfaces/install/bill_interfaces/include/bill_interfaces/bill_interfaces/msg/detail/mission_status__rosidl_typesupport_fastrtps_c.h
[3.192s] -- Up-to-date: /home/vic/billeagle_ws/personal_ws/src/bill_interfaces/install/bill_interfaces/include/bill_interfaces/bill_interfaces/srv
[3.192s] -- Up-to-date: /home/vic/billeagle_ws/personal_ws/src/bill_interfaces/install/bill_interfaces/include/bill_interfaces/bill_interfaces/srv/detail
[3.192s] -- Installing: /home/vic/billeagle_ws/personal_ws/src/bill_interfaces/install/bill_interfaces/include/bill_interfaces/bill_interfaces/srv/detail/search_for__rosidl_typesupport_fastrtps_c.h
[3.192s] -- Installing: /home/vic/billeagle_ws/personal_ws/src/bill_interfaces/install/bill_interfaces/include/bill_interfaces/bill_interfaces/srv/detail/get_trained__rosidl_typesupport_fastrtps_c.h
[3.192s] -- Installing: /home/vic/billeagle_ws/personal_ws/src/bill_interfaces/install/bill_interfaces/include/bill_interfaces/bill_interfaces/srv/detail/say_something__rosidl_typesupport_fastrtps_c.h
[3.192s] -- Installing: /home/vic/billeagle_ws/personal_ws/src/bill_interfaces/install/bill_interfaces/include/bill_interfaces/bill_interfaces/srv/detail/execute_spin__rosidl_typesupport_fastrtps_c.h
[3.192s] -- Installing: /home/vic/billeagle_ws/personal_ws/src/bill_interfaces/install/bill_interfaces/include/bill_interfaces/bill_interfaces/srv/detail/get_name__rosidl_typesupport_fastrtps_c.h
[3.193s] -- Installing: /home/vic/billeagle_ws/personal_ws/src/bill_interfaces/install/bill_interfaces/lib/libbill_interfaces__rosidl_typesupport_fastrtps_c.so
[3.193s] -- Set runtime path of "/home/vic/billeagle_ws/personal_ws/src/bill_interfaces/install/bill_interfaces/lib/libbill_interfaces__rosidl_typesupport_fastrtps_c.so" to ""
[3.193s] -- Up-to-date: /home/vic/billeagle_ws/personal_ws/src/bill_interfaces/install/bill_interfaces/include/bill_interfaces/bill_interfaces
[3.193s] -- Up-to-date: /home/vic/billeagle_ws/personal_ws/src/bill_interfaces/install/bill_interfaces/include/bill_interfaces/bill_interfaces/msg
[3.193s] -- Installing: /home/vic/billeagle_ws/personal_ws/src/bill_interfaces/install/bill_interfaces/include/bill_interfaces/bill_interfaces/msg/rosidl_typesupport_introspection_c__visibility_control.h
[3.193s] -- Up-to-date: /home/vic/billeagle_ws/personal_ws/src/bill_interfaces/install/bill_interfaces/include/bill_interfaces/bill_interfaces/msg/detail
[3.193s] -- Installing: /home/vic/billeagle_ws/personal_ws/src/bill_interfaces/install/bill_interfaces/include/bill_interfaces/bill_interfaces/msg/detail/mission_status__type_support.c
[3.193s] -- Installing: /home/vic/billeagle_ws/personal_ws/src/bill_interfaces/install/bill_interfaces/include/bill_interfaces/bill_interfaces/msg/detail/mission_status__rosidl_typesupport_introspection_c.h
[3.193s] -- Up-to-date: /home/vic/billeagle_ws/personal_ws/src/bill_interfaces/install/bill_interfaces/include/bill_interfaces/bill_interfaces/srv
[3.193s] -- Up-to-date: /home/vic/billeagle_ws/personal_ws/src/bill_interfaces/install/bill_interfaces/include/bill_interfaces/bill_interfaces/srv/detail
[3.193s] -- Installing: /home/vic/billeagle_ws/personal_ws/src/bill_interfaces/install/bill_interfaces/include/bill_interfaces/bill_interfaces/srv/detail/say_something__rosidl_typesupport_introspection_c.h
[3.193s] -- Installing: /home/vic/billeagle_ws/personal_ws/src/bill_interfaces/install/bill_interfaces/include/bill_interfaces/bill_interfaces/srv/detail/get_trained__type_support.c
[3.193s] -- Installing: /home/vic/billeagle_ws/personal_ws/src/bill_interfaces/install/bill_interfaces/include/bill_interfaces/bill_interfaces/srv/detail/search_for__rosidl_typesupport_introspection_c.h
[3.193s] -- Installing: /home/vic/billeagle_ws/personal_ws/src/bill_interfaces/install/bill_interfaces/include/bill_interfaces/bill_interfaces/srv/detail/say_something__type_support.c
[3.193s] -- Installing: /home/vic/billeagle_ws/personal_ws/src/bill_interfaces/install/bill_interfaces/include/bill_interfaces/bill_interfaces/srv/detail/get_name__type_support.c
[3.193s] -- Installing: /home/vic/billeagle_ws/personal_ws/src/bill_interfaces/install/bill_interfaces/include/bill_interfaces/bill_interfaces/srv/detail/get_name__rosidl_typesupport_introspection_c.h
[3.193s] -- Installing: /home/vic/billeagle_ws/personal_ws/src/bill_interfaces/install/bill_interfaces/include/bill_interfaces/bill_interfaces/srv/detail/get_trained__rosidl_typesupport_introspection_c.h
[3.193s] -- Installing: /home/vic/billeagle_ws/personal_ws/src/bill_interfaces/install/bill_interfaces/include/bill_interfaces/bill_interfaces/srv/detail/execute_spin__rosidl_typesupport_introspection_c.h
[3.193s] -- Installing: /home/vic/billeagle_ws/personal_ws/src/bill_interfaces/install/bill_interfaces/include/bill_interfaces/bill_interfaces/srv/detail/search_for__type_support.c
[3.193s] -- Installing: /home/vic/billeagle_ws/personal_ws/src/bill_interfaces/install/bill_interfaces/include/bill_interfaces/bill_interfaces/srv/detail/execute_spin__type_support.c
[3.194s] -- Installing: /home/vic/billeagle_ws/personal_ws/src/bill_interfaces/install/bill_interfaces/lib/libbill_interfaces__rosidl_typesupport_introspection_c.so
[3.194s] -- Set runtime path of "/home/vic/billeagle_ws/personal_ws/src/bill_interfaces/install/bill_interfaces/lib/libbill_interfaces__rosidl_typesupport_introspection_c.so" to ""
[3.194s] -- Installing: /home/vic/billeagle_ws/personal_ws/src/bill_interfaces/install/bill_interfaces/lib/libbill_interfaces__rosidl_typesupport_c.so
[3.194s] -- Set runtime path of "/home/vic/billeagle_ws/personal_ws/src/bill_interfaces/install/bill_interfaces/lib/libbill_interfaces__rosidl_typesupport_c.so" to ""
[3.194s] -- Up-to-date: /home/vic/billeagle_ws/personal_ws/src/bill_interfaces/install/bill_interfaces/include/bill_interfaces/bill_interfaces
[3.194s] -- Up-to-date: /home/vic/billeagle_ws/personal_ws/src/bill_interfaces/install/bill_interfaces/include/bill_interfaces/bill_interfaces/msg
[3.194s] -- Installing: /home/vic/billeagle_ws/personal_ws/src/bill_interfaces/install/bill_interfaces/include/bill_interfaces/bill_interfaces/msg/rosidl_generator_cpp__visibility_control.hpp
[3.194s] -- Up-to-date: /home/vic/billeagle_ws/personal_ws/src/bill_interfaces/install/bill_interfaces/include/bill_interfaces/bill_interfaces/msg/detail
[3.194s] -- Installing: /home/vic/billeagle_ws/personal_ws/src/bill_interfaces/install/bill_interfaces/include/bill_interfaces/bill_interfaces/msg/detail/mission_status__type_support.hpp
[3.194s] -- Installing: /home/vic/billeagle_ws/personal_ws/src/bill_interfaces/install/bill_interfaces/include/bill_interfaces/bill_interfaces/msg/detail/mission_status__traits.hpp
[3.194s] -- Installing: /home/vic/billeagle_ws/personal_ws/src/bill_interfaces/install/bill_interfaces/include/bill_interfaces/bill_interfaces/msg/detail/mission_status__builder.hpp
[3.194s] -- Installing: /home/vic/billeagle_ws/personal_ws/src/bill_interfaces/install/bill_interfaces/include/bill_interfaces/bill_interfaces/msg/detail/mission_status__struct.hpp
[3.194s] -- Installing: /home/vic/billeagle_ws/personal_ws/src/bill_interfaces/install/bill_interfaces/include/bill_interfaces/bill_interfaces/msg/mission_status.hpp
[3.194s] -- Up-to-date: /home/vic/billeagle_ws/personal_ws/src/bill_interfaces/install/bill_interfaces/include/bill_interfaces/bill_interfaces/srv
[3.194s] -- Installing: /home/vic/billeagle_ws/personal_ws/src/bill_interfaces/install/bill_interfaces/include/bill_interfaces/bill_interfaces/srv/get_trained.hpp
[3.194s] -- Installing: /home/vic/billeagle_ws/personal_ws/src/bill_interfaces/install/bill_interfaces/include/bill_interfaces/bill_interfaces/srv/get_name.hpp
[3.194s] -- Installing: /home/vic/billeagle_ws/personal_ws/src/bill_interfaces/install/bill_interfaces/include/bill_interfaces/bill_interfaces/srv/search_for.hpp
[3.194s] -- Installing: /home/vic/billeagle_ws/personal_ws/src/bill_interfaces/install/bill_interfaces/include/bill_interfaces/bill_interfaces/srv/execute_spin.hpp
[3.194s] -- Up-to-date: /home/vic/billeagle_ws/personal_ws/src/bill_interfaces/install/bill_interfaces/include/bill_interfaces/bill_interfaces/srv/detail
[3.194s] -- Installing: /home/vic/billeagle_ws/personal_ws/src/bill_interfaces/install/bill_interfaces/include/bill_interfaces/bill_interfaces/srv/detail/say_something__traits.hpp
[3.194s] -- Installing: /home/vic/billeagle_ws/personal_ws/src/bill_interfaces/install/bill_interfaces/include/bill_interfaces/bill_interfaces/srv/detail/search_for__traits.hpp
[3.194s] -- Installing: /home/vic/billeagle_ws/personal_ws/src/bill_interfaces/install/bill_interfaces/include/bill_interfaces/bill_interfaces/srv/detail/get_name__struct.hpp
[3.195s] -- Installing: /home/vic/billeagle_ws/personal_ws/src/bill_interfaces/install/bill_interfaces/include/bill_interfaces/bill_interfaces/srv/detail/get_trained__builder.hpp
[3.195s] -- Installing: /home/vic/billeagle_ws/personal_ws/src/bill_interfaces/install/bill_interfaces/include/bill_interfaces/bill_interfaces/srv/detail/search_for__type_support.hpp
[3.195s] -- Installing: /home/vic/billeagle_ws/personal_ws/src/bill_interfaces/install/bill_interfaces/include/bill_interfaces/bill_interfaces/srv/detail/say_something__struct.hpp
[3.195s] -- Installing: /home/vic/billeagle_ws/personal_ws/src/bill_interfaces/install/bill_interfaces/include/bill_interfaces/bill_interfaces/srv/detail/execute_spin__traits.hpp
[3.195s] -- Installing: /home/vic/billeagle_ws/personal_ws/src/bill_interfaces/install/bill_interfaces/include/bill_interfaces/bill_interfaces/srv/detail/execute_spin__builder.hpp
[3.195s] -- Installing: /home/vic/billeagle_ws/personal_ws/src/bill_interfaces/install/bill_interfaces/include/bill_interfaces/bill_interfaces/srv/detail/say_something__builder.hpp
[3.195s] -- Installing: /home/vic/billeagle_ws/personal_ws/src/bill_interfaces/install/bill_interfaces/include/bill_interfaces/bill_interfaces/srv/detail/get_name__builder.hpp
[3.195s] -- Installing: /home/vic/billeagle_ws/personal_ws/src/bill_interfaces/install/bill_interfaces/include/bill_interfaces/bill_interfaces/srv/detail/get_trained__struct.hpp
[3.195s] -- Installing: /home/vic/billeagle_ws/personal_ws/src/bill_interfaces/install/bill_interfaces/include/bill_interfaces/bill_interfaces/srv/detail/get_trained__type_support.hpp
[3.195s] -- Installing: /home/vic/billeagle_ws/personal_ws/src/bill_interfaces/install/bill_interfaces/include/bill_interfaces/bill_interfaces/srv/detail/execute_spin__struct.hpp
[3.195s] -- Installing: /home/vic/billeagle_ws/personal_ws/src/bill_interfaces/install/bill_interfaces/include/bill_interfaces/bill_interfaces/srv/detail/get_trained__traits.hpp
[3.195s] -- Installing: /home/vic/billeagle_ws/personal_ws/src/bill_interfaces/install/bill_interfaces/include/bill_interfaces/bill_interfaces/srv/detail/execute_spin__type_support.hpp
[3.195s] -- Installing: /home/vic/billeagle_ws/personal_ws/src/bill_interfaces/install/bill_interfaces/include/bill_interfaces/bill_interfaces/srv/detail/get_name__traits.hpp
[3.195s] -- Installing: /home/vic/billeagle_ws/personal_ws/src/bill_interfaces/install/bill_interfaces/include/bill_interfaces/bill_interfaces/srv/detail/get_name__type_support.hpp
[3.195s] -- Installing: /home/vic/billeagle_ws/personal_ws/src/bill_interfaces/install/bill_interfaces/include/bill_interfaces/bill_interfaces/srv/detail/search_for__builder.hpp
[3.195s] -- Installing: /home/vic/billeagle_ws/personal_ws/src/bill_interfaces/install/bill_interfaces/include/bill_interfaces/bill_interfaces/srv/detail/search_for__struct.hpp
[3.195s] -- Installing: /home/vic/billeagle_ws/personal_ws/src/bill_interfaces/install/bill_interfaces/include/bill_interfaces/bill_interfaces/srv/detail/say_something__type_support.hpp
[3.195s] -- Installing: /home/vic/billeagle_ws/personal_ws/src/bill_interfaces/install/bill_interfaces/include/bill_interfaces/bill_interfaces/srv/say_something.hpp
[3.195s] -- Up-to-date: /home/vic/billeagle_ws/personal_ws/src/bill_interfaces/install/bill_interfaces/include/bill_interfaces/bill_interfaces
[3.195s] -- Up-to-date: /home/vic/billeagle_ws/personal_ws/src/bill_interfaces/install/bill_interfaces/include/bill_interfaces/bill_interfaces/msg
[3.195s] -- Installing: /home/vic/billeagle_ws/personal_ws/src/bill_interfaces/install/bill_interfaces/include/bill_interfaces/bill_interfaces/msg/rosidl_typesupport_fastrtps_cpp__visibility_control.h
[3.195s] -- Up-to-date: /home/vic/billeagle_ws/personal_ws/src/bill_interfaces/install/bill_interfaces/include/bill_interfaces/bill_interfaces/msg/detail
[3.195s] -- Installing: /home/vic/billeagle_ws/personal_ws/src/bill_interfaces/install/bill_interfaces/include/bill_interfaces/bill_interfaces/msg/detail/dds_fastrtps
[3.195s] -- Installing: /home/vic/billeagle_ws/personal_ws/src/bill_interfaces/install/bill_interfaces/include/bill_interfaces/bill_interfaces/msg/detail/mission_status__rosidl_typesupport_fastrtps_cpp.hpp
[3.195s] -- Up-to-date: /home/vic/billeagle_ws/personal_ws/src/bill_interfaces/install/bill_interfaces/include/bill_interfaces/bill_interfaces/srv
[3.195s] -- Up-to-date: /home/vic/billeagle_ws/personal_ws/src/bill_interfaces/install/bill_interfaces/include/bill_interfaces/bill_interfaces/srv/detail
[3.195s] -- Installing: /home/vic/billeagle_ws/personal_ws/src/bill_interfaces/install/bill_interfaces/include/bill_interfaces/bill_interfaces/srv/detail/get_name__rosidl_typesupport_fastrtps_cpp.hpp
[3.196s] -- Installing: /home/vic/billeagle_ws/personal_ws/src/bill_interfaces/install/bill_interfaces/include/bill_interfaces/bill_interfaces/srv/detail/execute_spin__rosidl_typesupport_fastrtps_cpp.hpp
[3.196s] -- Installing: /home/vic/billeagle_ws/personal_ws/src/bill_interfaces/install/bill_interfaces/include/bill_interfaces/bill_interfaces/srv/detail/get_trained__rosidl_typesupport_fastrtps_cpp.hpp
[3.196s] -- Installing: /home/vic/billeagle_ws/personal_ws/src/bill_interfaces/install/bill_interfaces/include/bill_interfaces/bill_interfaces/srv/detail/dds_fastrtps
[3.196s] -- Installing: /home/vic/billeagle_ws/personal_ws/src/bill_interfaces/install/bill_interfaces/include/bill_interfaces/bill_interfaces/srv/detail/search_for__rosidl_typesupport_fastrtps_cpp.hpp
[3.196s] -- Installing: /home/vic/billeagle_ws/personal_ws/src/bill_interfaces/install/bill_interfaces/include/bill_interfaces/bill_interfaces/srv/detail/say_something__rosidl_typesupport_fastrtps_cpp.hpp
[3.196s] -- Installing: /home/vic/billeagle_ws/personal_ws/src/bill_interfaces/install/bill_interfaces/lib/libbill_interfaces__rosidl_typesupport_fastrtps_cpp.so
[3.196s] -- Set runtime path of "/home/vic/billeagle_ws/personal_ws/src/bill_interfaces/install/bill_interfaces/lib/libbill_interfaces__rosidl_typesupport_fastrtps_cpp.so" to ""
[3.196s] -- Up-to-date: /home/vic/billeagle_ws/personal_ws/src/bill_interfaces/install/bill_interfaces/include/bill_interfaces/bill_interfaces
[3.196s] -- Up-to-date: /home/vic/billeagle_ws/personal_ws/src/bill_interfaces/install/bill_interfaces/include/bill_interfaces/bill_interfaces/msg
[3.196s] -- Up-to-date: /home/vic/billeagle_ws/personal_ws/src/bill_interfaces/install/bill_interfaces/include/bill_interfaces/bill_interfaces/msg/detail
[3.196s] -- Installing: /home/vic/billeagle_ws/personal_ws/src/bill_interfaces/install/bill_interfaces/include/bill_interfaces/bill_interfaces/msg/detail/mission_status__rosidl_typesupport_introspection_cpp.hpp
[3.196s] -- Installing: /home/vic/billeagle_ws/personal_ws/src/bill_interfaces/install/bill_interfaces/include/bill_interfaces/bill_interfaces/msg/detail/mission_status__type_support.cpp
[3.196s] -- Up-to-date: /home/vic/billeagle_ws/personal_ws/src/bill_interfaces/install/bill_interfaces/include/bill_interfaces/bill_interfaces/srv
[3.196s] -- Up-to-date: /home/vic/billeagle_ws/personal_ws/src/bill_interfaces/install/bill_interfaces/include/bill_interfaces/bill_interfaces/srv/detail
[3.196s] -- Installing: /home/vic/billeagle_ws/personal_ws/src/bill_interfaces/install/bill_interfaces/include/bill_interfaces/bill_interfaces/srv/detail/search_for__rosidl_typesupport_introspection_cpp.hpp
[3.196s] -- Installing: /home/vic/billeagle_ws/personal_ws/src/bill_interfaces/install/bill_interfaces/include/bill_interfaces/bill_interfaces/srv/detail/execute_spin__type_support.cpp
[3.196s] -- Installing: /home/vic/billeagle_ws/personal_ws/src/bill_interfaces/install/bill_interfaces/include/bill_interfaces/bill_interfaces/srv/detail/execute_spin__rosidl_typesupport_introspection_cpp.hpp
[3.196s] -- Installing: /home/vic/billeagle_ws/personal_ws/src/bill_interfaces/install/bill_interfaces/include/bill_interfaces/bill_interfaces/srv/detail/say_something__type_support.cpp
[3.196s] -- Installing: /home/vic/billeagle_ws/personal_ws/src/bill_interfaces/install/bill_interfaces/include/bill_interfaces/bill_interfaces/srv/detail/say_something__rosidl_typesupport_introspection_cpp.hpp
[3.196s] -- Installing: /home/vic/billeagle_ws/personal_ws/src/bill_interfaces/install/bill_interfaces/include/bill_interfaces/bill_interfaces/srv/detail/search_for__type_support.cpp
[3.196s] -- Installing: /home/vic/billeagle_ws/personal_ws/src/bill_interfaces/install/bill_interfaces/include/bill_interfaces/bill_interfaces/srv/detail/get_name__rosidl_typesupport_introspection_cpp.hpp
[3.196s] -- Installing: /home/vic/billeagle_ws/personal_ws/src/bill_interfaces/install/bill_interfaces/include/bill_interfaces/bill_interfaces/srv/detail/get_trained__rosidl_typesupport_introspection_cpp.hpp
[3.196s] -- Installing: /home/vic/billeagle_ws/personal_ws/src/bill_interfaces/install/bill_interfaces/include/bill_interfaces/bill_interfaces/srv/detail/get_trained__type_support.cpp
[3.196s] -- Installing: /home/vic/billeagle_ws/personal_ws/src/bill_interfaces/install/bill_interfaces/include/bill_interfaces/bill_interfaces/srv/detail/get_name__type_support.cpp
[3.196s] -- Installing: /home/vic/billeagle_ws/personal_ws/src/bill_interfaces/install/bill_interfaces/lib/libbill_interfaces__rosidl_typesupport_introspection_cpp.so
[3.197s] -- Set runtime path of "/home/vic/billeagle_ws/personal_ws/src/bill_interfaces/install/bill_interfaces/lib/libbill_interfaces__rosidl_typesupport_introspection_cpp.so" to ""
[3.197s] -- Installing: /home/vic/billeagle_ws/personal_ws/src/bill_interfaces/install/bill_interfaces/lib/libbill_interfaces__rosidl_typesupport_cpp.so
[3.197s] -- Set runtime path of "/home/vic/billeagle_ws/personal_ws/src/bill_interfaces/install/bill_interfaces/lib/libbill_interfaces__rosidl_typesupport_cpp.so" to ""
[3.197s] -- Installing: /home/vic/billeagle_ws/personal_ws/src/bill_interfaces/install/bill_interfaces/share/bill_interfaces/environment/pythonpath.sh
[3.197s] -- Installing: /home/vic/billeagle_ws/personal_ws/src/bill_interfaces/install/bill_interfaces/share/bill_interfaces/environment/pythonpath.dsv
[3.197s] -- Installing: /home/vic/billeagle_ws/personal_ws/src/bill_interfaces/install/bill_interfaces/local/lib/python3.10/dist-packages/bill_interfaces-0.0.0-py3.10.egg-info
[3.197s] -- Installing: /home/vic/billeagle_ws/personal_ws/src/bill_interfaces/install/bill_interfaces/local/lib/python3.10/dist-packages/bill_interfaces-0.0.0-py3.10.egg-info/PKG-INFO
[3.197s] -- Installing: /home/vic/billeagle_ws/personal_ws/src/bill_interfaces/install/bill_interfaces/local/lib/python3.10/dist-packages/bill_interfaces-0.0.0-py3.10.egg-info/dependency_links.txt
[3.197s] -- Installing: /home/vic/billeagle_ws/personal_ws/src/bill_interfaces/install/bill_interfaces/local/lib/python3.10/dist-packages/bill_interfaces-0.0.0-py3.10.egg-info/top_level.txt
[3.197s] -- Installing: /home/vic/billeagle_ws/personal_ws/src/bill_interfaces/install/bill_interfaces/local/lib/python3.10/dist-packages/bill_interfaces-0.0.0-py3.10.egg-info/SOURCES.txt
[3.197s] -- Installing: /home/vic/billeagle_ws/personal_ws/src/bill_interfaces/install/bill_interfaces/local/lib/python3.10/dist-packages/bill_interfaces
[3.197s] -- Installing: /home/vic/billeagle_ws/personal_ws/src/bill_interfaces/install/bill_interfaces/local/lib/python3.10/dist-packages/bill_interfaces/msg
[3.197s] -- Installing: /home/vic/billeagle_ws/personal_ws/src/bill_interfaces/install/bill_interfaces/local/lib/python3.10/dist-packages/bill_interfaces/msg/_mission_status.py
[3.197s] -- Installing: /home/vic/billeagle_ws/personal_ws/src/bill_interfaces/install/bill_interfaces/local/lib/python3.10/dist-packages/bill_interfaces/msg/__init__.py
[3.197s] -- Installing: /home/vic/billeagle_ws/personal_ws/src/bill_interfaces/install/bill_interfaces/local/lib/python3.10/dist-packages/bill_interfaces/msg/_mission_status_s.c
[3.197s] -- Installing: /home/vic/billeagle_ws/personal_ws/src/bill_interfaces/install/bill_interfaces/local/lib/python3.10/dist-packages/bill_interfaces/libbill_interfaces__rosidl_generator_py.so
[3.197s] -- Installing: /home/vic/billeagle_ws/personal_ws/src/bill_interfaces/install/bill_interfaces/local/lib/python3.10/dist-packages/bill_interfaces/_bill_interfaces_s.ep.rosidl_typesupport_c.c
[3.197s] -- Installing: /home/vic/billeagle_ws/personal_ws/src/bill_interfaces/install/bill_interfaces/local/lib/python3.10/dist-packages/bill_interfaces/srv
[3.197s] -- Installing: /home/vic/billeagle_ws/personal_ws/src/bill_interfaces/install/bill_interfaces/local/lib/python3.10/dist-packages/bill_interfaces/srv/_search_for.py
[3.197s] -- Installing: /home/vic/billeagle_ws/personal_ws/src/bill_interfaces/install/bill_interfaces/local/lib/python3.10/dist-packages/bill_interfaces/srv/_execute_spin.py
[3.197s] -- Installing: /home/vic/billeagle_ws/personal_ws/src/bill_interfaces/install/bill_interfaces/local/lib/python3.10/dist-packages/bill_interfaces/srv/_execute_spin_s.c
[3.198s] -- Installing: /home/vic/billeagle_ws/personal_ws/src/bill_interfaces/install/bill_interfaces/local/lib/python3.10/dist-packages/bill_interfaces/srv/_get_name.py
[3.198s] -- Installing: /home/vic/billeagle_ws/personal_ws/src/bill_interfaces/install/bill_interfaces/local/lib/python3.10/dist-packages/bill_interfaces/srv/_get_trained_s.c
[3.198s] -- Installing: /home/vic/billeagle_ws/personal_ws/src/bill_interfaces/install/bill_interfaces/local/lib/python3.10/dist-packages/bill_interfaces/srv/_say_something_s.c
[3.198s] -- Installing: /home/vic/billeagle_ws/personal_ws/src/bill_interfaces/install/bill_interfaces/local/lib/python3.10/dist-packages/bill_interfaces/srv/_say_something.py
[3.198s] -- Installing: /home/vic/billeagle_ws/personal_ws/src/bill_interfaces/install/bill_interfaces/local/lib/python3.10/dist-packages/bill_interfaces/srv/__init__.py
[3.198s] -- Installing: /home/vic/billeagle_ws/personal_ws/src/bill_interfaces/install/bill_interfaces/local/lib/python3.10/dist-packages/bill_interfaces/srv/_get_trained.py
[3.198s] -- Installing: /home/vic/billeagle_ws/personal_ws/src/bill_interfaces/install/bill_interfaces/local/lib/python3.10/dist-packages/bill_interfaces/srv/_get_name_s.c
[3.198s] -- Installing: /home/vic/billeagle_ws/personal_ws/src/bill_interfaces/install/bill_interfaces/local/lib/python3.10/dist-packages/bill_interfaces/srv/_search_for_s.c
[3.198s] -- Installing: /home/vic/billeagle_ws/personal_ws/src/bill_interfaces/install/bill_interfaces/local/lib/python3.10/dist-packages/bill_interfaces/bill_interfaces_s__rosidl_typesupport_introspection_c.cpython-310-x86_64-linux-gnu.so
[3.198s] -- Installing: /home/vic/billeagle_ws/personal_ws/src/bill_interfaces/install/bill_interfaces/local/lib/python3.10/dist-packages/bill_interfaces/_bill_interfaces_s.ep.rosidl_typesupport_fastrtps_c.c
[3.198s] -- Installing: /home/vic/billeagle_ws/personal_ws/src/bill_interfaces/install/bill_interfaces/local/lib/python3.10/dist-packages/bill_interfaces/_bill_interfaces_s.ep.rosidl_typesupport_introspection_c.c
[3.198s] -- Installing: /home/vic/billeagle_ws/personal_ws/src/bill_interfaces/install/bill_interfaces/local/lib/python3.10/dist-packages/bill_interfaces/__init__.py
[3.198s] -- Installing: /home/vic/billeagle_ws/personal_ws/src/bill_interfaces/install/bill_interfaces/local/lib/python3.10/dist-packages/bill_interfaces/bill_interfaces_s__rosidl_typesupport_c.cpython-310-x86_64-linux-gnu.so
[3.198s] -- Installing: /home/vic/billeagle_ws/personal_ws/src/bill_interfaces/install/bill_interfaces/local/lib/python3.10/dist-packages/bill_interfaces/bill_interfaces_s__rosidl_typesupport_fastrtps_c.cpython-310-x86_64-linux-gnu.so
[3.225s] Listing '/home/vic/billeagle_ws/personal_ws/src/bill_interfaces/install/bill_interfaces/local/lib/python3.10/dist-packages/bill_interfaces'...
[3.225s] Compiling '/home/vic/billeagle_ws/personal_ws/src/bill_interfaces/install/bill_interfaces/local/lib/python3.10/dist-packages/bill_interfaces/__init__.py'...
[3.225s] Listing '/home/vic/billeagle_ws/personal_ws/src/bill_interfaces/install/bill_interfaces/local/lib/python3.10/dist-packages/bill_interfaces/msg'...
[3.225s] Compiling '/home/vic/billeagle_ws/personal_ws/src/bill_interfaces/install/bill_interfaces/local/lib/python3.10/dist-packages/bill_interfaces/msg/__init__.py'...
[3.225s] Compiling '/home/vic/billeagle_ws/personal_ws/src/bill_interfaces/install/bill_interfaces/local/lib/python3.10/dist-packages/bill_interfaces/msg/_mission_status.py'...
[3.225s] Listing '/home/vic/billeagle_ws/personal_ws/src/bill_interfaces/install/bill_interfaces/local/lib/python3.10/dist-packages/bill_interfaces/srv'...
[3.225s] Compiling '/home/vic/billeagle_ws/personal_ws/src/bill_interfaces/install/bill_interfaces/local/lib/python3.10/dist-packages/bill_interfaces/srv/__init__.py'...
[3.225s] Compiling '/home/vic/billeagle_ws/personal_ws/src/bill_interfaces/install/bill_interfaces/local/lib/python3.10/dist-packages/bill_interfaces/srv/_execute_spin.py'...
[3.225s] Compiling '/home/vic/billeagle_ws/personal_ws/src/bill_interfaces/install/bill_interfaces/local/lib/python3.10/dist-packages/bill_interfaces/srv/_get_name.py'...
[3.225s] Compiling '/home/vic/billeagle_ws/personal_ws/src/bill_interfaces/install/bill_interfaces/local/lib/python3.10/dist-packages/bill_interfaces/srv/_get_trained.py'...
[3.225s] Compiling '/home/vic/billeagle_ws/personal_ws/src/bill_interfaces/install/bill_interfaces/local/lib/python3.10/dist-packages/bill_interfaces/srv/_say_something.py'...
[3.225s] Compiling '/home/vic/billeagle_ws/personal_ws/src/bill_interfaces/install/bill_interfaces/local/lib/python3.10/dist-packages/bill_interfaces/srv/_search_for.py'...
[3.228s] -- Installing: /home/vic/billeagle_ws/personal_ws/src/bill_interfaces/install/bill_interfaces/local/lib/python3.10/dist-packages/bill_interfaces/bill_interfaces_s__rosidl_typesupport_fastrtps_c.cpython-310-x86_64-linux-gnu.so
[3.228s] -- Set runtime path of "/home/vic/billeagle_ws/personal_ws/src/bill_interfaces/install/bill_interfaces/local/lib/python3.10/dist-packages/bill_interfaces/bill_interfaces_s__rosidl_typesupport_fastrtps_c.cpython-310-x86_64-linux-gnu.so" to ""
[3.228s] -- Installing: /home/vic/billeagle_ws/personal_ws/src/bill_interfaces/install/bill_interfaces/local/lib/python3.10/dist-packages/bill_interfaces/bill_interfaces_s__rosidl_typesupport_introspection_c.cpython-310-x86_64-linux-gnu.so
[3.228s] -- Set runtime path of "/home/vic/billeagle_ws/personal_ws/src/bill_interfaces/install/bill_interfaces/local/lib/python3.10/dist-packages/bill_interfaces/bill_interfaces_s__rosidl_typesupport_introspection_c.cpython-310-x86_64-linux-gnu.so" to ""
[3.228s] -- Installing: /home/vic/billeagle_ws/personal_ws/src/bill_interfaces/install/bill_interfaces/local/lib/python3.10/dist-packages/bill_interfaces/bill_interfaces_s__rosidl_typesupport_c.cpython-310-x86_64-linux-gnu.so
[3.228s] -- Set runtime path of "/home/vic/billeagle_ws/personal_ws/src/bill_interfaces/install/bill_interfaces/local/lib/python3.10/dist-packages/bill_interfaces/bill_interfaces_s__rosidl_typesupport_c.cpython-310-x86_64-linux-gnu.so" to ""
[3.228s] -- Installing: /home/vic/billeagle_ws/personal_ws/src/bill_interfaces/install/bill_interfaces/lib/libbill_interfaces__rosidl_generator_py.so
[3.228s] -- Set runtime path of "/home/vic/billeagle_ws/personal_ws/src/bill_interfaces/install/bill_interfaces/lib/libbill_interfaces__rosidl_generator_py.so" to ""
[3.228s] -- Installing: /home/vic/billeagle_ws/personal_ws/src/bill_interfaces/install/bill_interfaces/share/bill_interfaces/msg/MissionStatus.idl
[3.228s] -- Installing: /home/vic/billeagle_ws/personal_ws/src/bill_interfaces/install/bill_interfaces/share/bill_interfaces/srv/GetName.idl
[3.228s] -- Installing: /home/vic/billeagle_ws/personal_ws/src/bill_interfaces/install/bill_interfaces/share/bill_interfaces/srv/SearchFor.idl
[3.228s] -- Installing: /home/vic/billeagle_ws/personal_ws/src/bill_interfaces/install/bill_interfaces/share/bill_interfaces/srv/GetTrained.idl
[3.228s] -- Installing: /home/vic/billeagle_ws/personal_ws/src/bill_interfaces/install/bill_interfaces/share/bill_interfaces/srv/ExecuteSpin.idl
[3.228s] -- Installing: /home/vic/billeagle_ws/personal_ws/src/bill_interfaces/install/bill_interfaces/share/bill_interfaces/srv/SaySomething.idl
[3.228s] -- Installing: /home/vic/billeagle_ws/personal_ws/src/bill_interfaces/install/bill_interfaces/share/bill_interfaces/msg/MissionStatus.msg
[3.228s] -- Installing: /home/vic/billeagle_ws/personal_ws/src/bill_interfaces/install/bill_interfaces/share/bill_interfaces/srv/GetName.srv
[3.228s] -- Installing: /home/vic/billeagle_ws/personal_ws/src/bill_interfaces/install/bill_interfaces/share/bill_interfaces/srv/GetName_Request.msg
[3.229s] -- Installing: /home/vic/billeagle_ws/personal_ws/src/bill_interfaces/install/bill_interfaces/share/bill_interfaces/srv/GetName_Response.msg
[3.229s] -- Installing: /home/vic/billeagle_ws/personal_ws/src/bill_interfaces/install/bill_interfaces/share/bill_interfaces/srv/SearchFor.srv
[3.229s] -- Installing: /home/vic/billeagle_ws/personal_ws/src/bill_interfaces/install/bill_interfaces/share/bill_interfaces/srv/SearchFor_Request.msg
[3.229s] -- Installing: /home/vic/billeagle_ws/personal_ws/src/bill_interfaces/install/bill_interfaces/share/bill_interfaces/srv/SearchFor_Response.msg
[3.229s] -- Installing: /home/vic/billeagle_ws/personal_ws/src/bill_interfaces/install/bill_interfaces/share/bill_interfaces/srv/GetTrained.srv
[3.229s] -- Installing: /home/vic/billeagle_ws/personal_ws/src/bill_interfaces/install/bill_interfaces/share/bill_interfaces/srv/GetTrained_Request.msg
[3.229s] -- Installing: /home/vic/billeagle_ws/personal_ws/src/bill_interfaces/install/bill_interfaces/share/bill_interfaces/srv/GetTrained_Response.msg
[3.229s] -- Installing: /home/vic/billeagle_ws/personal_ws/src/bill_interfaces/install/bill_interfaces/share/bill_interfaces/srv/ExecuteSpin.srv
[3.229s] -- Installing: /home/vic/billeagle_ws/personal_ws/src/bill_interfaces/install/bill_interfaces/share/bill_interfaces/srv/ExecuteSpin_Request.msg
[3.229s] -- Installing: /home/vic/billeagle_ws/personal_ws/src/bill_interfaces/install/bill_interfaces/share/bill_interfaces/srv/ExecuteSpin_Response.msg
[3.229s] -- Installing: /home/vic/billeagle_ws/personal_ws/src/bill_interfaces/install/bill_interfaces/share/bill_interfaces/srv/SaySomething.srv
[3.229s] -- Installing: /home/vic/billeagle_ws/personal_ws/src/bill_interfaces/install/bill_interfaces/share/bill_interfaces/srv/SaySomething_Request.msg
[3.229s] -- Installing: /home/vic/billeagle_ws/personal_ws/src/bill_interfaces/install/bill_interfaces/share/bill_interfaces/srv/SaySomething_Response.msg
[3.229s] -- Installing: /home/vic/billeagle_ws/personal_ws/src/bill_interfaces/install/bill_interfaces/share/ament_index/resource_index/package_run_dependencies/bill_interfaces
[3.229s] -- Installing: /home/vic/billeagle_ws/personal_ws/src/bill_interfaces/install/bill_interfaces/share/ament_index/resource_index/parent_prefix_path/bill_interfaces
[3.229s] -- Installing: /home/vic/billeagle_ws/personal_ws/src/bill_interfaces/install/bill_interfaces/share/bill_interfaces/environment/ament_prefix_path.sh
[3.229s] -- Installing: /home/vic/billeagle_ws/personal_ws/src/bill_interfaces/install/bill_interfaces/share/bill_interfaces/environment/ament_prefix_path.dsv
[3.229s] -- Installing: /home/vic/billeagle_ws/personal_ws/src/bill_interfaces/install/bill_interfaces/share/bill_interfaces/environment/path.sh
[3.229s] -- Installing: /home/vic/billeagle_ws/personal_ws/src/bill_interfaces/install/bill_interfaces/share/bill_interfaces/environment/path.dsv
[3.229s] -- Installing: /home/vic/billeagle_ws/personal_ws/src/bill_interfaces/install/bill_interfaces/share/bill_interfaces/local_setup.bash
[3.229s] -- Installing: /home/vic/billeagle_ws/personal_ws/src/bill_interfaces/install/bill_interfaces/share/bill_interfaces/local_setup.sh
[3.230s] -- Installing: /home/vic/billeagle_ws/personal_ws/src/bill_interfaces/install/bill_interfaces/share/bill_interfaces/local_setup.zsh
[3.230s] -- Installing: /home/vic/billeagle_ws/personal_ws/src/bill_interfaces/install/bill_interfaces/share/bill_interfaces/local_setup.dsv
[3.230s] -- Installing: /home/vic/billeagle_ws/personal_ws/src/bill_interfaces/install/bill_interfaces/share/bill_interfaces/package.dsv
[3.230s] -- Installing: /home/vic/billeagle_ws/personal_ws/src/bill_interfaces/install/bill_interfaces/share/ament_index/resource_index/packages/bill_interfaces
[3.230s] -- Installing: /home/vic/billeagle_ws/personal_ws/src/bill_interfaces/install/bill_interfaces/share/bill_interfaces/cmake/export_bill_interfaces__rosidl_generator_cExport.cmake
[3.230s] -- Installing: /home/vic/billeagle_ws/personal_ws/src/bill_interfaces/install/bill_interfaces/share/bill_interfaces/cmake/export_bill_interfaces__rosidl_generator_cExport-noconfig.cmake
[3.230s] -- Installing: /home/vic/billeagle_ws/personal_ws/src/bill_interfaces/install/bill_interfaces/share/bill_interfaces/cmake/export_bill_interfaces__rosidl_typesupport_fastrtps_cExport.cmake
[3.230s] -- Installing: /home/vic/billeagle_ws/personal_ws/src/bill_interfaces/install/bill_interfaces/share/bill_interfaces/cmake/export_bill_interfaces__rosidl_typesupport_fastrtps_cExport-noconfig.cmake
[3.230s] -- Installing: /home/vic/billeagle_ws/personal_ws/src/bill_interfaces/install/bill_interfaces/share/bill_interfaces/cmake/bill_interfaces__rosidl_typesupport_introspection_cExport.cmake
[3.230s] -- Installing: /home/vic/billeagle_ws/personal_ws/src/bill_interfaces/install/bill_interfaces/share/bill_interfaces/cmake/bill_interfaces__rosidl_typesupport_introspection_cExport-noconfig.cmake
[3.230s] -- Installing: /home/vic/billeagle_ws/personal_ws/src/bill_interfaces/install/bill_interfaces/share/bill_interfaces/cmake/bill_interfaces__rosidl_typesupport_cExport.cmake
[3.230s] -- Installing: /home/vic/billeagle_ws/personal_ws/src/bill_interfaces/install/bill_interfaces/share/bill_interfaces/cmake/bill_interfaces__rosidl_typesupport_cExport-noconfig.cmake
[3.230s] -- Installing: /home/vic/billeagle_ws/personal_ws/src/bill_interfaces/install/bill_interfaces/share/bill_interfaces/cmake/export_bill_interfaces__rosidl_generator_cppExport.cmake
[3.230s] -- Installing: /home/vic/billeagle_ws/personal_ws/src/bill_interfaces/install/bill_interfaces/share/bill_interfaces/cmake/export_bill_interfaces__rosidl_typesupport_fastrtps_cppExport.cmake
[3.230s] -- Installing: /home/vic/billeagle_ws/personal_ws/src/bill_interfaces/install/bill_interfaces/share/bill_interfaces/cmake/export_bill_interfaces__rosidl_typesupport_fastrtps_cppExport-noconfig.cmake
[3.230s] -- Installing: /home/vic/billeagle_ws/personal_ws/src/bill_interfaces/install/bill_interfaces/share/bill_interfaces/cmake/bill_interfaces__rosidl_typesupport_introspection_cppExport.cmake
[3.230s] -- Installing: /home/vic/billeagle_ws/personal_ws/src/bill_interfaces/install/bill_interfaces/share/bill_interfaces/cmake/bill_interfaces__rosidl_typesupport_introspection_cppExport-noconfig.cmake
[3.230s] -- Installing: /home/vic/billeagle_ws/personal_ws/src/bill_interfaces/install/bill_interfaces/share/bill_interfaces/cmake/bill_interfaces__rosidl_typesupport_cppExport.cmake
[3.230s] -- Installing: /home/vic/billeagle_ws/personal_ws/src/bill_interfaces/install/bill_interfaces/share/bill_interfaces/cmake/bill_interfaces__rosidl_typesupport_cppExport-noconfig.cmake
[3.231s] -- Installing: /home/vic/billeagle_ws/personal_ws/src/bill_interfaces/install/bill_interfaces/share/bill_interfaces/cmake/export_bill_interfaces__rosidl_generator_pyExport.cmake
[3.231s] -- Installing: /home/vic/billeagle_ws/personal_ws/src/bill_interfaces/install/bill_interfaces/share/bill_interfaces/cmake/export_bill_interfaces__rosidl_generator_pyExport-noconfig.cmake
[3.231s] -- Installing: /home/vic/billeagle_ws/personal_ws/src/bill_interfaces/install/bill_interfaces/share/bill_interfaces/cmake/rosidl_cmake-extras.cmake
[3.231s] -- Installing: /home/vic/billeagle_ws/personal_ws/src/bill_interfaces/install/bill_interfaces/share/bill_interfaces/cmake/ament_cmake_export_include_directories-extras.cmake
[3.231s] -- Installing: /home/vic/billeagle_ws/personal_ws/src/bill_interfaces/install/bill_interfaces/share/bill_interfaces/cmake/ament_cmake_export_libraries-extras.cmake
[3.231s] -- Installing: /home/vic/billeagle_ws/personal_ws/src/bill_interfaces/install/bill_interfaces/share/bill_interfaces/cmake/ament_cmake_export_targets-extras.cmake
[3.231s] -- Installing: /home/vic/billeagle_ws/personal_ws/src/bill_interfaces/install/bill_interfaces/share/bill_interfaces/cmake/rosidl_cmake_export_typesupport_targets-extras.cmake
[3.231s] -- Installing: /home/vic/billeagle_ws/personal_ws/src/bill_interfaces/install/bill_interfaces/share/bill_interfaces/cmake/ament_cmake_export_dependencies-extras.cmake
[3.231s] -- Installing: /home/vic/billeagle_ws/personal_ws/src/bill_interfaces/install/bill_interfaces/share/bill_interfaces/cmake/rosidl_cmake_export_typesupport_libraries-extras.cmake
[3.231s] -- Installing: /home/vic/billeagle_ws/personal_ws/src/bill_interfaces/install/bill_interfaces/share/bill_interfaces/cmake/bill_interfacesConfig.cmake
[3.231s] -- Installing: /home/vic/billeagle_ws/personal_ws/src/bill_interfaces/install/bill_interfaces/share/bill_interfaces/cmake/bill_interfacesConfig-version.cmake
[3.231s] -- Installing: /home/vic/billeagle_ws/personal_ws/src/bill_interfaces/install/bill_interfaces/share/bill_interfaces/package.xml
[3.233s] Invoked command in '/home/vic/billeagle_ws/personal_ws/src/bill_interfaces/build/bill_interfaces' returned '0': CMAKE_PREFIX_PATH=${CMAKE_PREFIX_PATH}:/home/vic/billeagle_ws/personal_ws/install/person_identification_mission /usr/bin/cmake --install /home/vic/billeagle_ws/personal_ws/src/bill_interfaces/build/bill_interfaces
