[0.006s] Invoking command in '/home/bill8/billeagle_ws/lslidar_ws/build/lslidar_driver': AMENT_PREFIX_PATH=/home/bill8/billeagle_ws/lslidar_ws/install/lslidar_msgs:${AMENT_PREFIX_PATH} CMAKE_PREFIX_PATH=/home/bill8/billeagle_ws/lslidar_ws/install/lslidar_msgs:/opt/ros/humble LD_LIBRARY_PATH=/home/bill8/billeagle_ws/lslidar_ws/install/lslidar_msgs/lib:${LD_LIBRARY_PATH} PYTHONPATH=/home/bill8/billeagle_ws/lslidar_ws/install/lslidar_msgs/local/lib/python3.10/dist-packages:${PYTHONPATH} /usr/bin/cmake /home/bill8/billeagle_ws/lslidar_ws/src/LSLIDAR_M10_N10_V2.5.2_230110_ROS2/lslidar_driver -DAMENT_CMAKE_SYMLINK_INSTALL=1 -DCMAKE_INSTALL_PREFIX=/home/bill8/billeagle_ws/lslidar_ws/install/lslidar_driver
[0.049s] -- The C compiler identification is GNU 11.4.0
[0.087s] -- The CXX compiler identification is GNU 11.4.0
[0.092s] -- Detecting C compiler ABI info
[0.145s] -- Detecting C compiler ABI info - done
[0.149s] -- Check for working C compiler: /usr/bin/cc - skipped
[0.149s] -- Detecting C compile features
[0.149s] -- Detecting C compile features - done
[0.151s] -- Detecting CXX compiler ABI info
[0.208s] -- Detecting CXX compiler ABI info - done
[0.216s] -- Check for working CXX compiler: /usr/bin/c++ - skipped
[0.216s] -- Detecting CXX compile features
[0.217s] -- Detecting CXX compile features - done
[0.332s] -- Found Boost: /usr/lib/x86_64-linux-gnu/cmake/Boost-1.74.0/BoostConfig.cmake (found version "1.74.0") found components: thread 
[0.333s] -- Found rclcpp: 16.0.11 (/opt/ros/humble/share/rclcpp/cmake)
[0.430s] -- Found Python3: /usr/bin/python3 (found version "3.10.12") found components: Interpreter 
[0.467s] -- Override CMake install command with custom implementation using symlinks instead of copying resources
[0.500s] -- Found rosidl_generator_c: 3.1.6 (/opt/ros/humble/share/rosidl_generator_c/cmake)
[0.502s] -- Found rosidl_adapter: 3.1.6 (/opt/ros/humble/share/rosidl_adapter/cmake)
[0.506s] -- Found rosidl_generator_cpp: 3.1.6 (/opt/ros/humble/share/rosidl_generator_cpp/cmake)
[0.512s] -- Using all available rosidl_typesupport_c: rosidl_typesupport_fastrtps_c;rosidl_typesupport_introspection_c
[0.520s] -- Using all available rosidl_typesupport_cpp: rosidl_typesupport_fastrtps_cpp;rosidl_typesupport_introspection_cpp
[0.542s] -- Found rmw_implementation_cmake: 6.1.2 (/opt/ros/humble/share/rmw_implementation_cmake/cmake)
[0.543s] -- Found rmw_fastrtps_cpp: 6.2.7 (/opt/ros/humble/share/rmw_fastrtps_cpp/cmake)
[0.602s] -- Found OpenSSL: /usr/lib/x86_64-linux-gnu/libcrypto.so (found version "3.0.2")  
[0.617s] -- Found FastRTPS: /opt/ros/humble/include  
[0.639s] -- Using RMW implementation 'rmw_fastrtps_cpp' as default
[0.643s] -- Found Threads: TRUE  
[0.678s] -- Checking for module 'eigen3'
[0.689s] --   Found eigen3, version 3.4.0
[0.716s] -- Found Eigen: /usr/include/eigen3 (Required is at least version "3.1") 
[0.716s] -- Eigen found (include: /usr/include/eigen3, version: 3.4.0)
[0.725s] -- Found Boost: /usr/lib/x86_64-linux-gnu/cmake/Boost-1.74.0/BoostConfig.cmake (found suitable version "1.74.0", minimum required is "1.65.0") found components: system filesystem date_time iostreams serialization 
[0.735s] -- Checking for module 'flann'
[0.747s] --   Found flann, version 1.9.1
[0.778s] -- Found FLANN: /usr/lib/x86_64-linux-gnu/libflann_cpp.so  
[0.778s] -- FLANN found (include: /usr/include, lib: /usr/lib/x86_64-linux-gnu/libflann_cpp.so)
[0.803s] -- Found GLEW: /usr/lib/x86_64-linux-gnu/libGLEW.so  
[0.806s] -- Found OpenGL: /usr/lib/x86_64-linux-gnu/libOpenGL.so  found components: OpenGL GLX 
[0.908s] -- Found MPI_C: /usr/lib/x86_64-linux-gnu/libmpi.so (found version "3.1") 
[0.908s] -- Found MPI: TRUE (found version "3.1") found components: C 
[0.910s] -- Found JsonCpp: /usr/lib/x86_64-linux-gnu/libjsoncpp.so (found suitable version "1.9.5", minimum required is "0.7.0") 
[0.915s] -- Found ZLIB: /usr/lib/x86_64-linux-gnu/libz.so (found version "1.2.11") 
[0.924s] -- Found PNG: /usr/lib/x86_64-linux-gnu/libpng.so (found version "1.6.37") 
[0.929s] -- Found Eigen3: /usr/include/eigen3 (found version "3.4.0") 
[0.993s] -- Found X11: /usr/include   
[0.993s] -- Looking for XOpenDisplay in /usr/lib/x86_64-linux-gnu/libX11.so;/usr/lib/x86_64-linux-gnu/libXext.so
[1.047s] -- Looking for XOpenDisplay in /usr/lib/x86_64-linux-gnu/libX11.so;/usr/lib/x86_64-linux-gnu/libXext.so - found
[1.047s] -- Looking for gethostbyname
[1.096s] -- Looking for gethostbyname - found
[1.096s] -- Looking for connect
[1.143s] -- Looking for connect - found
[1.143s] -- Looking for remove
[1.195s] -- Looking for remove - found
[1.195s] -- Looking for shmat
[1.245s] -- Looking for shmat - found
[1.245s] -- Looking for IceConnectionNumber in ICE
[1.299s] -- Looking for IceConnectionNumber in ICE - found
[1.361s] -- Found EXPAT: /usr/lib/x86_64-linux-gnu/libexpat.so (found version "2.4.7") 
[1.362s] -- Found double-conversion: /usr/lib/x86_64-linux-gnu/libdouble-conversion.so  
[1.364s] -- Found LZ4: /usr/lib/x86_64-linux-gnu/liblz4.so (found version "1.9.3") 
[1.365s] -- Found LZMA: /usr/lib/x86_64-linux-gnu/liblzma.so (found version "5.2.5") 
[1.371s] -- Found JPEG: /usr/lib/x86_64-linux-gnu/libjpeg.so (found version "80") 
[1.374s] -- Found TIFF: /usr/lib/x86_64-linux-gnu/libtiff.so (found version "4.3.0")  
[1.376s] -- Found Freetype: /usr/lib/x86_64-linux-gnu/libfreetype.so (found version "2.11.1") 
[1.379s] -- Found utf8cpp: /usr/include/utf8cpp  
[1.437s] -- Checking for module 'libusb-1.0'
[1.449s] --   Found libusb-1.0, version 1.0.25
[1.479s] -- Found libusb: /usr/lib/x86_64-linux-gnu/libusb-1.0.so  
[1.480s] -- Found OpenNI: /usr/lib/libOpenNI.so;libusb::libusb (found version "1.5.4.0") 
[1.480s] -- OpenNI found (version: 1.5.4.0, include: /usr/include/ni, lib: /usr/lib/libOpenNI.so;libusb::libusb)
[1.526s] -- Found OpenNI2: /usr/lib/x86_64-linux-gnu/libOpenNI2.so;libusb::libusb (found version "2.2.0.33") 
[1.526s] -- OpenNI2 found (version: 2.2.0.33, include: /usr/include/openni2, lib: /usr/lib/x86_64-linux-gnu/libOpenNI2.so;libusb::libusb)
[1.526s] [0m** WARNING ** io features related to pcap will be disabled[0m
[1.622s] -- Eigen found (include: /usr/include/eigen3, version: 3.4.0)
[1.626s] -- OpenNI found (version: 1.5.4.0, include: /usr/include/ni, lib: /usr/lib/libOpenNI.so;libusb::libusb)
[1.631s] -- OpenNI2 found (version: 2.2.0.33, include: /usr/include/openni2, lib: /usr/lib/x86_64-linux-gnu/libOpenNI2.so;libusb::libusb)
[1.722s] -- Found Qhull version 8.0.2
[1.814s] -- OpenNI found (version: 1.5.4.0, include: /usr/include/ni, lib: /usr/lib/libOpenNI.so;libusb::libusb)
[1.901s] -- looking for PCL_COMMON
[1.901s] -- Found PCL_COMMON: /usr/lib/x86_64-linux-gnu/libpcl_common.so  
[1.901s] -- looking for PCL_KDTREE
[1.902s] -- Found PCL_KDTREE: /usr/lib/x86_64-linux-gnu/libpcl_kdtree.so  
[1.902s] -- looking for PCL_OCTREE
[1.902s] -- Found PCL_OCTREE: /usr/lib/x86_64-linux-gnu/libpcl_octree.so  
[1.902s] -- looking for PCL_SEARCH
[1.903s] -- Found PCL_SEARCH: /usr/lib/x86_64-linux-gnu/libpcl_search.so  
[1.903s] -- looking for PCL_SAMPLE_CONSENSUS
[1.904s] -- Found PCL_SAMPLE_CONSENSUS: /usr/lib/x86_64-linux-gnu/libpcl_sample_consensus.so  
[1.904s] -- looking for PCL_FILTERS
[1.905s] -- Found PCL_FILTERS: /usr/lib/x86_64-linux-gnu/libpcl_filters.so  
[1.905s] -- looking for PCL_2D
[1.905s] -- Found PCL_2D: /usr/include/pcl-1.12  
[1.905s] -- looking for PCL_GEOMETRY
[1.906s] -- Found PCL_GEOMETRY: /usr/include/pcl-1.12  
[1.906s] -- looking for PCL_IO
[1.906s] -- Found PCL_IO: /usr/lib/x86_64-linux-gnu/libpcl_io.so  
[1.906s] -- looking for PCL_FEATURES
[1.907s] -- Found PCL_FEATURES: /usr/lib/x86_64-linux-gnu/libpcl_features.so  
[1.907s] -- looking for PCL_ML
[1.908s] -- Found PCL_ML: /usr/lib/x86_64-linux-gnu/libpcl_ml.so  
[1.908s] -- looking for PCL_SEGMENTATION
[1.909s] -- Found PCL_SEGMENTATION: /usr/lib/x86_64-linux-gnu/libpcl_segmentation.so  
[1.909s] -- looking for PCL_VISUALIZATION
[1.910s] -- Found PCL_VISUALIZATION: /usr/lib/x86_64-linux-gnu/libpcl_visualization.so  
[1.910s] -- looking for PCL_SURFACE
[1.911s] -- Found PCL_SURFACE: /usr/lib/x86_64-linux-gnu/libpcl_surface.so  
[1.911s] -- looking for PCL_REGISTRATION
[1.912s] -- Found PCL_REGISTRATION: /usr/lib/x86_64-linux-gnu/libpcl_registration.so  
[1.912s] -- looking for PCL_KEYPOINTS
[1.913s] -- Found PCL_KEYPOINTS: /usr/lib/x86_64-linux-gnu/libpcl_keypoints.so  
[1.913s] -- looking for PCL_TRACKING
[1.913s] -- Found PCL_TRACKING: /usr/lib/x86_64-linux-gnu/libpcl_tracking.so  
[1.913s] -- looking for PCL_RECOGNITION
[1.914s] -- Found PCL_RECOGNITION: /usr/lib/x86_64-linux-gnu/libpcl_recognition.so  
[1.914s] -- looking for PCL_STEREO
[1.914s] -- Found PCL_STEREO: /usr/lib/x86_64-linux-gnu/libpcl_stereo.so  
[1.914s] -- looking for PCL_APPS
[1.915s] -- Found PCL_APPS: /usr/lib/x86_64-linux-gnu/libpcl_apps.so  
[1.915s] -- looking for PCL_IN_HAND_SCANNER
[1.915s] -- Found PCL_IN_HAND_SCANNER: /usr/include/pcl-1.12  
[1.915s] -- looking for PCL_MODELER
[1.915s] -- Found PCL_MODELER: /usr/include/pcl-1.12  
[1.915s] -- looking for PCL_POINT_CLOUD_EDITOR
[1.916s] -- Found PCL_POINT_CLOUD_EDITOR: /usr/include/pcl-1.12  
[1.916s] -- looking for PCL_OUTOFCORE
[1.916s] -- Found PCL_OUTOFCORE: /usr/lib/x86_64-linux-gnu/libpcl_outofcore.so  
[1.916s] -- looking for PCL_PEOPLE
[1.917s] -- Found PCL_PEOPLE: /usr/lib/x86_64-linux-gnu/libpcl_people.so  
[1.917s] -- Found PCL: pcl_common;pcl_kdtree;pcl_octree;pcl_search;pcl_sample_consensus;pcl_filters;pcl_io;pcl_features;pcl_ml;pcl_segmentation;pcl_visualization;pcl_surface;pcl_registration;pcl_keypoints;pcl_tracking;pcl_recognition;pcl_stereo;pcl_apps;pcl_outofcore;pcl_people;Boost::system;Boost::filesystem;Boost::date_time;Boost::iostreams;Boost::serialization;/usr/lib/libOpenNI.so;libusb::libusb;/usr/lib/x86_64-linux-gnu/libOpenNI2.so;libusb::libusb;VTK::ChartsCore;VTK::CommonColor;VTK::CommonComputationalGeometry;VTK::CommonCore;VTK::CommonDataModel;VTK::CommonExecutionModel;VTK::CommonMath;VTK::CommonMisc;VTK::CommonTransforms;VTK::FiltersCore;VTK::FiltersExtraction;VTK::FiltersGeneral;VTK::FiltersGeometry;VTK::FiltersModeling;VTK::FiltersSources;VTK::ImagingCore;VTK::ImagingSources;VTK::InteractionImage;VTK::InteractionStyle;VTK::InteractionWidgets;VTK::IOCore;VTK::IOGeometry;VTK::IOImage;VTK::IOLegacy;VTK::IOPLY;VTK::RenderingAnnotation;VTK::RenderingCore;VTK::RenderingContext2D;VTK::RenderingLOD;VTK::RenderingFreeType;VTK::ViewsCore;VTK::ViewsContext2D;VTK::RenderingOpenGL2;VTK::GUISupportQt;FLANN::FLANN;QHULL::QHULL  
[1.918s] -- Found diagnostic_updater: 4.0.2 (/opt/ros/humble/share/diagnostic_updater/cmake)
[1.939s] -- Found lslidar_msgs: 1.2.0 (/home/bill8/billeagle_ws/lslidar_ws/install/lslidar_msgs/share/lslidar_msgs/cmake)
[1.948s] -- Found pluginlib: 5.1.0 (/opt/ros/humble/share/pluginlib/cmake)
[1.961s] -- Found pcl_conversions: 2.4.5 (/opt/ros/humble/share/pcl_conversions/cmake)
[2.047s] -- Configuring done
[2.099s] -- Generating done
[2.105s] -- Build files have been written to: /home/bill8/billeagle_ws/lslidar_ws/build/lslidar_driver
[2.116s] Invoked command in '/home/bill8/billeagle_ws/lslidar_ws/build/lslidar_driver' returned '0': AMENT_PREFIX_PATH=/home/bill8/billeagle_ws/lslidar_ws/install/lslidar_msgs:${AMENT_PREFIX_PATH} CMAKE_PREFIX_PATH=/home/bill8/billeagle_ws/lslidar_ws/install/lslidar_msgs:/opt/ros/humble LD_LIBRARY_PATH=/home/bill8/billeagle_ws/lslidar_ws/install/lslidar_msgs/lib:${LD_LIBRARY_PATH} PYTHONPATH=/home/bill8/billeagle_ws/lslidar_ws/install/lslidar_msgs/local/lib/python3.10/dist-packages:${PYTHONPATH} /usr/bin/cmake /home/bill8/billeagle_ws/lslidar_ws/src/LSLIDAR_M10_N10_V2.5.2_230110_ROS2/lslidar_driver -DAMENT_CMAKE_SYMLINK_INSTALL=1 -DCMAKE_INSTALL_PREFIX=/home/bill8/billeagle_ws/lslidar_ws/install/lslidar_driver
[2.117s] Invoking command in '/home/bill8/billeagle_ws/lslidar_ws/build/lslidar_driver': AMENT_PREFIX_PATH=/home/bill8/billeagle_ws/lslidar_ws/install/lslidar_msgs:${AMENT_PREFIX_PATH} CMAKE_PREFIX_PATH=/home/bill8/billeagle_ws/lslidar_ws/install/lslidar_msgs:/opt/ros/humble LD_LIBRARY_PATH=/home/bill8/billeagle_ws/lslidar_ws/install/lslidar_msgs/lib:${LD_LIBRARY_PATH} PYTHONPATH=/home/bill8/billeagle_ws/lslidar_ws/install/lslidar_msgs/local/lib/python3.10/dist-packages:${PYTHONPATH} /usr/bin/cmake --build /home/bill8/billeagle_ws/lslidar_ws/build/lslidar_driver -- -j16 -l16
[2.161s] [ 20%] [32mBuilding CXX object CMakeFiles/lslidar_driver_node.dir/src/lsiosr.cpp.o[0m
[2.163s] [ 60%] [32mBuilding CXX object CMakeFiles/lslidar_driver_node.dir/src/lslidar_driver_node.cc.o[0m
[2.163s] [ 60%] [32mBuilding CXX object CMakeFiles/lslidar_driver_node.dir/src/lslidar_driver.cc.o[0m
[2.163s] [ 80%] [32mBuilding CXX object CMakeFiles/lslidar_driver_node.dir/src/input.cc.o[0m
[2.178s] In file included from [01m[K/home/bill8/billeagle_ws/lslidar_ws/src/LSLIDAR_M10_N10_V2.5.2_230110_ROS2/lslidar_driver/src/input.cc:1[m[K:
[2.178s] [01m[K/home/bill8/billeagle_ws/lslidar_ws/src/LSLIDAR_M10_N10_V2.5.2_230110_ROS2/lslidar_driver/include/lslidar_driver/input.h:32:10:[m[K [01;31m[Kfatal error: [m[Kpcap.h: No such file or directory
[2.178s]    32 | #include [01;31m[K<pcap.h>[m[K
[2.178s]       |          [01;31m[K^~~~~~~~[m[K
[2.178s] compilation terminated.
[2.178s] gmake[2]: *** [CMakeFiles/lslidar_driver_node.dir/build.make:104: CMakeFiles/lslidar_driver_node.dir/src/input.cc.o] Error 1
[2.178s] gmake[2]: *** Waiting for unfinished jobs....
[3.448s] In file included from [01m[K/home/bill8/billeagle_ws/lslidar_ws/src/LSLIDAR_M10_N10_V2.5.2_230110_ROS2/lslidar_driver/include/lslidar_driver/lslidar_driver.h:41[m[K,
[3.448s]                  from [01m[K/home/bill8/billeagle_ws/lslidar_ws/src/LSLIDAR_M10_N10_V2.5.2_230110_ROS2/lslidar_driver/src/lslidar_driver.cc:31[m[K:
[3.448s] [01m[K/home/bill8/billeagle_ws/lslidar_ws/src/LSLIDAR_M10_N10_V2.5.2_230110_ROS2/lslidar_driver/include/lslidar_driver/input.h:32:10:[m[K [01;31m[Kfatal error: [m[Kpcap.h: No such file or directory
[3.448s]    32 | #include [01;31m[K<pcap.h>[m[K
[3.448s]       |          [01;31m[K^~~~~~~~[m[K
[3.449s] compilation terminated.
[3.449s] In file included from [01m[K/home/bill8/billeagle_ws/lslidar_ws/src/LSLIDAR_M10_N10_V2.5.2_230110_ROS2/lslidar_driver/include/lslidar_driver/lslidar_driver.h:41[m[K,
[3.449s]                  from [01m[K/home/bill8/billeagle_ws/lslidar_ws/src/LSLIDAR_M10_N10_V2.5.2_230110_ROS2/lslidar_driver/src/lslidar_driver_node.cc:19[m[K:
[3.449s] [01m[K/home/bill8/billeagle_ws/lslidar_ws/src/LSLIDAR_M10_N10_V2.5.2_230110_ROS2/lslidar_driver/include/lslidar_driver/input.h:32:10:[m[K [01;31m[Kfatal error: [m[Kpcap.h: No such file or directory
[3.449s]    32 | #include [01;31m[K<pcap.h>[m[K
[3.449s]       |          [01;31m[K^~~~~~~~[m[K
[3.449s] compilation terminated.
[3.458s] gmake[2]: *** [CMakeFiles/lslidar_driver_node.dir/build.make:76: CMakeFiles/lslidar_driver_node.dir/src/lslidar_driver_node.cc.o] Error 1
[3.458s] gmake[2]: *** [CMakeFiles/lslidar_driver_node.dir/build.make:90: CMakeFiles/lslidar_driver_node.dir/src/lslidar_driver.cc.o] Error 1
[3.458s] gmake[1]: *** [CMakeFiles/Makefile2:137: CMakeFiles/lslidar_driver_node.dir/all] Error 2
[3.458s] gmake: *** [Makefile:146: all] Error 2
[3.460s] Invoked command in '/home/bill8/billeagle_ws/lslidar_ws/build/lslidar_driver' returned '2': AMENT_PREFIX_PATH=/home/bill8/billeagle_ws/lslidar_ws/install/lslidar_msgs:${AMENT_PREFIX_PATH} CMAKE_PREFIX_PATH=/home/bill8/billeagle_ws/lslidar_ws/install/lslidar_msgs:/opt/ros/humble LD_LIBRARY_PATH=/home/bill8/billeagle_ws/lslidar_ws/install/lslidar_msgs/lib:${LD_LIBRARY_PATH} PYTHONPATH=/home/bill8/billeagle_ws/lslidar_ws/install/lslidar_msgs/local/lib/python3.10/dist-packages:${PYTHONPATH} /usr/bin/cmake --build /home/bill8/billeagle_ws/lslidar_ws/build/lslidar_driver -- -j16 -l16
