[0.031s] Invoking command in '/home/vfran/billeagle_ws/bill_ws/build/bill_description': CMAKE_PREFIX_PATH=${CMAKE_PREFIX_PATH}:/opt/ros/humble /usr/local/bin/cmake /home/vfran/billeagle_ws/bill_ws/src/bill_description -DCMAKE_INSTALL_PREFIX=/home/vfran/billeagle_ws/bill_ws/install/bill_description
[0.142s] -- The C compiler identification is GNU 11.4.0
[0.238s] -- The CXX compiler identification is GNU 11.4.0
[0.250s] -- Detecting C compiler ABI info
[0.347s] -- Detecting C compiler ABI info - done
[0.358s] -- Check for working C compiler: /usr/bin/cc - skipped
[0.358s] -- Detecting C compile features
[0.359s] -- Detecting C compile features - done
[0.364s] -- Detecting CXX compiler ABI info
[0.473s] -- Detecting CXX compiler ABI info - done
[0.484s] -- Check for working CXX compiler: /usr/bin/c++ - skipped
[0.484s] -- Detecting CXX compile features
[0.485s] -- Detecting CXX compile features - done
[0.494s] -- Found ament_cmake: 1.3.11 (/opt/ros/humble/share/ament_cmake/cmake)
[0.671s] -- Found Python3: /usr/bin/python3 (found version "3.10.12") found components: Interpreter 
[0.812s] -- Found ament_lint_auto: 0.12.12 (/opt/ros/humble/share/ament_lint_auto/cmake)
[0.923s] -- Added test 'flake8' to check Python code syntax and style conventions
[0.924s] -- Added test 'lint_cmake' to check CMake code style
[0.925s] -- Added test 'pep257' to check Python code against some of the docstring style conventions in PEP 257
[0.928s] -- Added test 'xmllint' to check XML markup files
[0.930s] -- Configuring done
[0.935s] -- Generating done
[0.940s] -- Build files have been written to: /home/vfran/billeagle_ws/bill_ws/build/bill_description
[0.951s] Invoked command in '/home/vfran/billeagle_ws/bill_ws/build/bill_description' returned '0': CMAKE_PREFIX_PATH=${CMAKE_PREFIX_PATH}:/opt/ros/humble /usr/local/bin/cmake /home/vfran/billeagle_ws/bill_ws/src/bill_description -DCMAKE_INSTALL_PREFIX=/home/vfran/billeagle_ws/bill_ws/install/bill_description
[0.953s] Invoking command in '/home/vfran/billeagle_ws/bill_ws/build/bill_description': CMAKE_PREFIX_PATH=${CMAKE_PREFIX_PATH}:/opt/ros/humble /usr/local/bin/cmake --build /home/vfran/billeagle_ws/bill_ws/build/bill_description -- -j16 -l16
[0.984s] Invoked command in '/home/vfran/billeagle_ws/bill_ws/build/bill_description' returned '0': CMAKE_PREFIX_PATH=${CMAKE_PREFIX_PATH}:/opt/ros/humble /usr/local/bin/cmake --build /home/vfran/billeagle_ws/bill_ws/build/bill_description -- -j16 -l16
[0.987s] Invoking command in '/home/vfran/billeagle_ws/bill_ws/build/bill_description': CMAKE_PREFIX_PATH=${CMAKE_PREFIX_PATH}:/opt/ros/humble /usr/local/bin/cmake --install /home/vfran/billeagle_ws/bill_ws/build/bill_description
[0.992s] -- Install configuration: ""
[0.992s] -- Installing: /home/vfran/billeagle_ws/bill_ws/install/bill_description/share/bill_description/launch
[0.993s] -- Installing: /home/vfran/billeagle_ws/bill_ws/install/bill_description/share/bill_description/launch/robot.launch.py
[0.995s] -- Installing: /home/vfran/billeagle_ws/bill_ws/install/bill_description/share/bill_description/launch/rviz.launch.py
[0.995s] -- Installing: /home/vfran/billeagle_ws/bill_ws/install/bill_description/share/bill_description/launch/gazebo.launch.py
[0.995s] -- Installing: /home/vfran/billeagle_ws/bill_ws/install/bill_description/share/bill_description/launch/rsp.launch.py
[0.995s] -- Installing: /home/vfran/billeagle_ws/bill_ws/install/bill_description/share/bill_description/launch/launch_sim.launch.py
[0.996s] -- Installing: /home/vfran/billeagle_ws/bill_ws/install/bill_description/share/bill_description/description
[0.996s] -- Installing: /home/vfran/billeagle_ws/bill_ws/install/bill_description/share/bill_description/description/common.xacro
[0.996s] -- Installing: /home/vfran/billeagle_ws/bill_ws/install/bill_description/share/bill_description/description/gazebo_control.xacro
[0.996s] -- Installing: /home/vfran/billeagle_ws/bill_ws/install/bill_description/share/bill_description/description/ros2_control.xacro
[0.996s] -- Installing: /home/vfran/billeagle_ws/bill_ws/install/bill_description/share/bill_description/description/robot.urdf.xacro
[0.997s] -- Installing: /home/vfran/billeagle_ws/bill_ws/install/bill_description/share/bill_description/description/lidar.xacro
[0.997s] -- Installing: /home/vfran/billeagle_ws/bill_ws/install/bill_description/share/bill_description/description/robot_core.xacro
[0.998s] -- Installing: /home/vfran/billeagle_ws/bill_ws/install/bill_description/share/bill_description/rviz
[0.998s] -- Installing: /home/vfran/billeagle_ws/bill_ws/install/bill_description/share/bill_description/rviz/bot.rviz
[0.999s] -- Installing: /home/vfran/billeagle_ws/bill_ws/install/bill_description/share/bill_description/rviz/sim_map.config.rviz
[0.999s] -- Installing: /home/vfran/billeagle_ws/bill_ws/install/bill_description/share/bill_description/rviz/nav.config.rviz
[0.999s] -- Installing: /home/vfran/billeagle_ws/bill_ws/install/bill_description/share/bill_description/rviz/config.rviz
[0.999s] -- Installing: /home/vfran/billeagle_ws/bill_ws/install/bill_description/share/bill_description/rviz/sim.config.rviz
[1.000s] -- Installing: /home/vfran/billeagle_ws/bill_ws/install/bill_description/share/bill_description/config
[1.000s] -- Installing: /home/vfran/billeagle_ws/bill_ws/install/bill_description/share/bill_description/config/my_controller.yaml
[1.000s] -- Installing: /home/vfran/billeagle_ws/bill_ws/install/bill_description/share/bill_description/config/twist_mux_params.yaml
[1.000s] -- Installing: /home/vfran/billeagle_ws/bill_ws/install/bill_description/share/bill_description/config/gazebo_params.yaml
[1.000s] -- Installing: /home/vfran/billeagle_ws/bill_ws/install/bill_description/share/ament_index/resource_index/package_run_dependencies/bill_description
[1.000s] -- Installing: /home/vfran/billeagle_ws/bill_ws/install/bill_description/share/ament_index/resource_index/parent_prefix_path/bill_description
[1.001s] -- Installing: /home/vfran/billeagle_ws/bill_ws/install/bill_description/share/bill_description/environment/ament_prefix_path.sh
[1.001s] -- Installing: /home/vfran/billeagle_ws/bill_ws/install/bill_description/share/bill_description/environment/ament_prefix_path.dsv
[1.001s] -- Installing: /home/vfran/billeagle_ws/bill_ws/install/bill_description/share/bill_description/environment/path.sh
[1.001s] -- Installing: /home/vfran/billeagle_ws/bill_ws/install/bill_description/share/bill_description/environment/path.dsv
[1.001s] -- Installing: /home/vfran/billeagle_ws/bill_ws/install/bill_description/share/bill_description/local_setup.bash
[1.003s] -- Installing: /home/vfran/billeagle_ws/bill_ws/install/bill_description/share/bill_description/local_setup.sh
[1.003s] -- Installing: /home/vfran/billeagle_ws/bill_ws/install/bill_description/share/bill_description/local_setup.zsh
[1.004s] -- Installing: /home/vfran/billeagle_ws/bill_ws/install/bill_description/share/bill_description/local_setup.dsv
[1.004s] -- Installing: /home/vfran/billeagle_ws/bill_ws/install/bill_description/share/bill_description/package.dsv
[1.004s] -- Installing: /home/vfran/billeagle_ws/bill_ws/install/bill_description/share/ament_index/resource_index/packages/bill_description
[1.004s] -- Installing: /home/vfran/billeagle_ws/bill_ws/install/bill_description/share/bill_description/cmake/bill_descriptionConfig.cmake
[1.005s] -- Installing: /home/vfran/billeagle_ws/bill_ws/install/bill_description/share/bill_description/cmake/bill_descriptionConfig-version.cmake
[1.006s] -- Installing: /home/vfran/billeagle_ws/bill_ws/install/bill_description/share/bill_description/package.xml
[1.038s] Invoked command in '/home/vfran/billeagle_ws/bill_ws/build/bill_description' returned '0': CMAKE_PREFIX_PATH=${CMAKE_PREFIX_PATH}:/opt/ros/humble /usr/local/bin/cmake --install /home/vfran/billeagle_ws/bill_ws/build/bill_description
