[0.022s] Invoking command in '/home/bill8/billeagle_ws/bill_ws/build/bill_description': CMAKE_PREFIX_PATH=${CMAKE_PREFIX_PATH}:/opt/ros/humble CONDA_PROMPT_MODIFIER=(base) /home/bill8/.local/bin/cmake /home/bill8/billeagle_ws/bill_ws/src/bill_description -DCMAKE_INSTALL_PREFIX=/home/bill8/billeagle_ws/bill_ws/install/bill_description
[0.174s] [0mCMake Deprecation Warning at CMakeLists.txt:1 (cmake_minimum_required):
[0.174s]   Compatibility with CMake < 3.10 will be removed from a future version of
[0.174s]   CMake.
[0.174s] 
[0.174s]   Update the VERSION argument <min> value.  Or, use the <min>...<max> syntax
[0.175s]   to tell CMake that the project requires at least <min> but has been updated
[0.175s]   to work with policies introduced by <max> or earlier.
[0.175s] 
[0.175s] [0m
[0.199s] -- Found ament_cmake: 1.3.11 (/opt/ros/humble/share/ament_cmake/cmake)
[0.600s] -- Found ament_lint_auto: 0.12.11 (/opt/ros/humble/share/ament_lint_auto/cmake)
[0.801s] -- Added test 'flake8' to check Python code syntax and style conventions
[0.803s] -- Added test 'lint_cmake' to check CMake code style
[0.804s] -- Added test 'pep257' to check Python code against some of the docstring style conventions in PEP 257
[0.807s] -- Added test 'xmllint' to check XML markup files
[0.809s] -- Configuring done (0.6s)
[0.815s] -- Generating done (0.0s)
[0.818s] -- Build files have been written to: /home/bill8/billeagle_ws/bill_ws/build/bill_description
[0.830s] Invoked command in '/home/bill8/billeagle_ws/bill_ws/build/bill_description' returned '0': CMAKE_PREFIX_PATH=${CMAKE_PREFIX_PATH}:/opt/ros/humble CONDA_PROMPT_MODIFIER=(base) /home/bill8/.local/bin/cmake /home/bill8/billeagle_ws/bill_ws/src/bill_description -DCMAKE_INSTALL_PREFIX=/home/bill8/billeagle_ws/bill_ws/install/bill_description
[0.833s] Invoking command in '/home/bill8/billeagle_ws/bill_ws/build/bill_description': CMAKE_PREFIX_PATH=${CMAKE_PREFIX_PATH}:/opt/ros/humble CONDA_PROMPT_MODIFIER=(base) /home/bill8/.local/bin/cmake --build /home/bill8/billeagle_ws/bill_ws/build/bill_description -- -j16 -l16
[1.107s] Invoked command in '/home/bill8/billeagle_ws/bill_ws/build/bill_description' returned '0': CMAKE_PREFIX_PATH=${CMAKE_PREFIX_PATH}:/opt/ros/humble CONDA_PROMPT_MODIFIER=(base) /home/bill8/.local/bin/cmake --build /home/bill8/billeagle_ws/bill_ws/build/bill_description -- -j16 -l16
[1.108s] Invoking command in '/home/bill8/billeagle_ws/bill_ws/build/bill_description': CMAKE_PREFIX_PATH=${CMAKE_PREFIX_PATH}:/opt/ros/humble CONDA_PROMPT_MODIFIER=(base) /home/bill8/.local/bin/cmake --install /home/bill8/billeagle_ws/bill_ws/build/bill_description
[1.257s] -- Install configuration: ""
[1.257s] -- Installing: /home/bill8/billeagle_ws/bill_ws/install/bill_description/share/bill_description/launch
[1.258s] -- Installing: /home/bill8/billeagle_ws/bill_ws/install/bill_description/share/bill_description/launch/rsp.launch.py
[1.258s] -- Installing: /home/bill8/billeagle_ws/bill_ws/install/bill_description/share/bill_description/launch/launch_sim.launch.py
[1.259s] -- Installing: /home/bill8/billeagle_ws/bill_ws/install/bill_description/share/bill_description/launch/gazebo.launch.py
[1.259s] -- Installing: /home/bill8/billeagle_ws/bill_ws/install/bill_description/share/bill_description/launch/robot.launch.py
[1.261s] -- Installing: /home/bill8/billeagle_ws/bill_ws/install/bill_description/share/bill_description/description
[1.262s] -- Installing: /home/bill8/billeagle_ws/bill_ws/install/bill_description/share/bill_description/description/ros2_control.xacro
[1.264s] -- Installing: /home/bill8/billeagle_ws/bill_ws/install/bill_description/share/bill_description/description/robot_core.xacro
[1.264s] -- Installing: /home/bill8/billeagle_ws/bill_ws/install/bill_description/share/bill_description/description/gazebo_control.xacro
[1.266s] -- Installing: /home/bill8/billeagle_ws/bill_ws/install/bill_description/share/bill_description/description/robot.urdf.xacro
[1.266s] -- Installing: /home/bill8/billeagle_ws/bill_ws/install/bill_description/share/bill_description/description/common.xacro
[1.267s] -- Installing: /home/bill8/billeagle_ws/bill_ws/install/bill_description/share/bill_description/description/lidar.xacro
[1.267s] -- Installing: /home/bill8/billeagle_ws/bill_ws/install/bill_description/share/bill_description/rviz
[1.268s] -- Installing: /home/bill8/billeagle_ws/bill_ws/install/bill_description/share/bill_description/rviz/sim_map.config.rviz
[1.268s] -- Installing: /home/bill8/billeagle_ws/bill_ws/install/bill_description/share/bill_description/rviz/bot.rviz
[1.268s] -- Installing: /home/bill8/billeagle_ws/bill_ws/install/bill_description/share/bill_description/rviz/config.rviz
[1.269s] -- Installing: /home/bill8/billeagle_ws/bill_ws/install/bill_description/share/bill_description/rviz/nav.config.rviz
[1.270s] -- Installing: /home/bill8/billeagle_ws/bill_ws/install/bill_description/share/bill_description/rviz/sim.config.rviz
[1.271s] -- Installing: /home/bill8/billeagle_ws/bill_ws/install/bill_description/share/bill_description/config
[1.272s] -- Installing: /home/bill8/billeagle_ws/bill_ws/install/bill_description/share/bill_description/config/gazebo_params.yaml
[1.273s] -- Installing: /home/bill8/billeagle_ws/bill_ws/install/bill_description/share/bill_description/config/mecanum_drive_controller.yaml
[1.273s] -- Installing: /home/bill8/billeagle_ws/bill_ws/install/bill_description/share/bill_description/config/twist_mux_params.yaml
[1.274s] -- Installing: /home/bill8/billeagle_ws/bill_ws/install/bill_description/share/ament_index/resource_index/package_run_dependencies/bill_description
[1.274s] -- Installing: /home/bill8/billeagle_ws/bill_ws/install/bill_description/share/ament_index/resource_index/parent_prefix_path/bill_description
[1.275s] -- Installing: /home/bill8/billeagle_ws/bill_ws/install/bill_description/share/bill_description/environment/ament_prefix_path.sh
[1.275s] -- Installing: /home/bill8/billeagle_ws/bill_ws/install/bill_description/share/bill_description/environment/ament_prefix_path.dsv
[1.276s] -- Installing: /home/bill8/billeagle_ws/bill_ws/install/bill_description/share/bill_description/environment/path.sh
[1.276s] -- Installing: /home/bill8/billeagle_ws/bill_ws/install/bill_description/share/bill_description/environment/path.dsv
[1.277s] -- Installing: /home/bill8/billeagle_ws/bill_ws/install/bill_description/share/bill_description/local_setup.bash
[1.277s] -- Installing: /home/bill8/billeagle_ws/bill_ws/install/bill_description/share/bill_description/local_setup.sh
[1.279s] -- Installing: /home/bill8/billeagle_ws/bill_ws/install/bill_description/share/bill_description/local_setup.zsh
[1.280s] -- Installing: /home/bill8/billeagle_ws/bill_ws/install/bill_description/share/bill_description/local_setup.dsv
[1.283s] -- Installing: /home/bill8/billeagle_ws/bill_ws/install/bill_description/share/bill_description/package.dsv
[1.285s] -- Installing: /home/bill8/billeagle_ws/bill_ws/install/bill_description/share/ament_index/resource_index/packages/bill_description
[1.285s] -- Installing: /home/bill8/billeagle_ws/bill_ws/install/bill_description/share/bill_description/cmake/bill_descriptionConfig.cmake
[1.285s] -- Installing: /home/bill8/billeagle_ws/bill_ws/install/bill_description/share/bill_description/cmake/bill_descriptionConfig-version.cmake
[1.285s] -- Installing: /home/bill8/billeagle_ws/bill_ws/install/bill_description/share/bill_description/package.xml
[1.309s] Invoked command in '/home/bill8/billeagle_ws/bill_ws/build/bill_description' returned '0': CMAKE_PREFIX_PATH=${CMAKE_PREFIX_PATH}:/opt/ros/humble CONDA_PROMPT_MODIFIER=(base) /home/bill8/.local/bin/cmake --install /home/bill8/billeagle_ws/bill_ws/build/bill_description
