[0.107s] DEBUG:colcon:Command line arguments: ['/usr/bin/colcon', 'build', '--symlink-install']
[0.107s] DEBUG:colcon:Parsed command line arguments: Namespace(log_base=None, log_level=None, verb_name='build', build_base='build', install_base='install', merge_install=False, symlink_install=True, test_result_base=None, continue_on_error=False, executor='parallel', parallel_workers=16, event_handlers=None, ignore_user_meta=False, metas=['./colcon.meta'], base_paths=['.'], packages_ignore=None, packages_ignore_regex=None, paths=None, packages_up_to=None, packages_up_to_regex=None, packages_above=None, packages_above_and_dependencies=None, packages_above_depth=None, packages_select_by_dep=None, packages_skip_by_dep=None, packages_skip_up_to=None, packages_select_build_failed=False, packages_skip_build_finished=False, packages_select_test_failures=False, packages_skip_test_passed=False, packages_select=None, packages_skip=None, packages_select_regex=None, packages_skip_regex=None, packages_start=None, packages_end=None, allow_overriding=[], cmake_args=None, cmake_target=None, cmake_target_skip_unavailable=False, cmake_clean_cache=False, cmake_clean_first=False, cmake_force_configure=False, ament_cmake_args=None, catkin_cmake_args=None, catkin_skip_building_tests=False, verb_parser=<colcon_defaults.argument_parser.defaults.DefaultArgumentsDecorator object at 0x703da170dc00>, verb_extension=<colcon_core.verb.build.BuildVerb object at 0x703da170d600>, main=<bound method BuildVerb.main of <colcon_core.verb.build.BuildVerb object at 0x703da170d600>>)
[0.256s] Level 1:colcon.colcon_core.package_discovery:discover_packages(colcon_meta) check parameters
[0.256s] Level 1:colcon.colcon_core.package_discovery:discover_packages(recursive) check parameters
[0.256s] Level 1:colcon.colcon_core.package_discovery:discover_packages(ignore) check parameters
[0.256s] Level 1:colcon.colcon_core.package_discovery:discover_packages(path) check parameters
[0.256s] Level 1:colcon.colcon_core.package_discovery:discover_packages(colcon_meta) discover
[0.256s] Level 1:colcon.colcon_core.package_discovery:discover_packages(recursive) discover
[0.257s] INFO:colcon.colcon_core.package_discovery:Crawling recursively for packages in '/home/vfran/billeagle_ws/bill_ws'
[0.257s] Level 1:colcon.colcon_core.package_identification:_identify(.) by extensions ['ignore', 'ignore_ament_install']
[0.257s] Level 1:colcon.colcon_core.package_identification:_identify(.) by extension 'ignore'
[0.257s] Level 1:colcon.colcon_core.package_identification:_identify(.) by extension 'ignore_ament_install'
[0.257s] Level 1:colcon.colcon_core.package_identification:_identify(.) by extensions ['colcon_pkg']
[0.257s] Level 1:colcon.colcon_core.package_identification:_identify(.) by extension 'colcon_pkg'
[0.257s] Level 1:colcon.colcon_core.package_identification:_identify(.) by extensions ['colcon_meta']
[0.257s] Level 1:colcon.colcon_core.package_identification:_identify(.) by extension 'colcon_meta'
[0.257s] Level 1:colcon.colcon_core.package_identification:_identify(.) by extensions ['ros']
[0.257s] Level 1:colcon.colcon_core.package_identification:_identify(.) by extension 'ros'
[0.266s] Level 1:colcon.colcon_core.package_identification:_identify(.) by extensions ['cmake', 'python']
[0.266s] Level 1:colcon.colcon_core.package_identification:_identify(.) by extension 'cmake'
[0.266s] Level 1:colcon.colcon_core.package_identification:_identify(.) by extension 'python'
[0.266s] Level 1:colcon.colcon_core.package_identification:_identify(.) by extensions ['python_setup_py']
[0.266s] Level 1:colcon.colcon_core.package_identification:_identify(.) by extension 'python_setup_py'
[0.266s] Level 1:colcon.colcon_core.package_identification:_identify(build) by extensions ['ignore', 'ignore_ament_install']
[0.266s] Level 1:colcon.colcon_core.package_identification:_identify(build) by extension 'ignore'
[0.266s] Level 1:colcon.colcon_core.package_identification:_identify(build) ignored
[0.266s] Level 1:colcon.colcon_core.package_identification:_identify(install) by extensions ['ignore', 'ignore_ament_install']
[0.266s] Level 1:colcon.colcon_core.package_identification:_identify(install) by extension 'ignore'
[0.267s] Level 1:colcon.colcon_core.package_identification:_identify(install) ignored
[0.267s] Level 1:colcon.colcon_core.package_identification:_identify(log) by extensions ['ignore', 'ignore_ament_install']
[0.267s] Level 1:colcon.colcon_core.package_identification:_identify(log) by extension 'ignore'
[0.267s] Level 1:colcon.colcon_core.package_identification:_identify(log) ignored
[0.267s] Level 1:colcon.colcon_core.package_identification:_identify(src) by extensions ['ignore', 'ignore_ament_install']
[0.267s] Level 1:colcon.colcon_core.package_identification:_identify(src) by extension 'ignore'
[0.267s] Level 1:colcon.colcon_core.package_identification:_identify(src) by extension 'ignore_ament_install'
[0.267s] Level 1:colcon.colcon_core.package_identification:_identify(src) by extensions ['colcon_pkg']
[0.267s] Level 1:colcon.colcon_core.package_identification:_identify(src) by extension 'colcon_pkg'
[0.267s] Level 1:colcon.colcon_core.package_identification:_identify(src) by extensions ['colcon_meta']
[0.267s] Level 1:colcon.colcon_core.package_identification:_identify(src) by extension 'colcon_meta'
[0.267s] Level 1:colcon.colcon_core.package_identification:_identify(src) by extensions ['ros']
[0.267s] Level 1:colcon.colcon_core.package_identification:_identify(src) by extension 'ros'
[0.267s] Level 1:colcon.colcon_core.package_identification:_identify(src) by extensions ['cmake', 'python']
[0.267s] Level 1:colcon.colcon_core.package_identification:_identify(src) by extension 'cmake'
[0.267s] Level 1:colcon.colcon_core.package_identification:_identify(src) by extension 'python'
[0.267s] Level 1:colcon.colcon_core.package_identification:_identify(src) by extensions ['python_setup_py']
[0.267s] Level 1:colcon.colcon_core.package_identification:_identify(src) by extension 'python_setup_py'
[0.268s] Level 1:colcon.colcon_core.package_identification:_identify(src/bill) by extensions ['ignore', 'ignore_ament_install']
[0.268s] Level 1:colcon.colcon_core.package_identification:_identify(src/bill) by extension 'ignore'
[0.268s] Level 1:colcon.colcon_core.package_identification:_identify(src/bill) by extension 'ignore_ament_install'
[0.268s] Level 1:colcon.colcon_core.package_identification:_identify(src/bill) by extensions ['colcon_pkg']
[0.268s] Level 1:colcon.colcon_core.package_identification:_identify(src/bill) by extension 'colcon_pkg'
[0.268s] Level 1:colcon.colcon_core.package_identification:_identify(src/bill) by extensions ['colcon_meta']
[0.268s] Level 1:colcon.colcon_core.package_identification:_identify(src/bill) by extension 'colcon_meta'
[0.268s] Level 1:colcon.colcon_core.package_identification:_identify(src/bill) by extensions ['ros']
[0.268s] Level 1:colcon.colcon_core.package_identification:_identify(src/bill) by extension 'ros'
[0.270s] DEBUG:colcon.colcon_core.package_identification:Package 'src/bill' with type 'ros.ament_cmake' and name 'bill'
[0.270s] Level 1:colcon.colcon_core.package_identification:_identify(src/bill_description) by extensions ['ignore', 'ignore_ament_install']
[0.270s] Level 1:colcon.colcon_core.package_identification:_identify(src/bill_description) by extension 'ignore'
[0.270s] Level 1:colcon.colcon_core.package_identification:_identify(src/bill_description) by extension 'ignore_ament_install'
[0.270s] Level 1:colcon.colcon_core.package_identification:_identify(src/bill_description) by extensions ['colcon_pkg']
[0.270s] Level 1:colcon.colcon_core.package_identification:_identify(src/bill_description) by extension 'colcon_pkg'
[0.270s] Level 1:colcon.colcon_core.package_identification:_identify(src/bill_description) by extensions ['colcon_meta']
[0.271s] Level 1:colcon.colcon_core.package_identification:_identify(src/bill_description) by extension 'colcon_meta'
[0.271s] Level 1:colcon.colcon_core.package_identification:_identify(src/bill_description) by extensions ['ros']
[0.271s] Level 1:colcon.colcon_core.package_identification:_identify(src/bill_description) by extension 'ros'
[0.272s] DEBUG:colcon.colcon_core.package_identification:Package 'src/bill_description' with type 'ros.ament_cmake' and name 'bill_description'
[0.272s] Level 1:colcon.colcon_core.package_identification:_identify(src/bill_nav) by extensions ['ignore', 'ignore_ament_install']
[0.272s] Level 1:colcon.colcon_core.package_identification:_identify(src/bill_nav) by extension 'ignore'
[0.273s] Level 1:colcon.colcon_core.package_identification:_identify(src/bill_nav) by extension 'ignore_ament_install'
[0.273s] Level 1:colcon.colcon_core.package_identification:_identify(src/bill_nav) by extensions ['colcon_pkg']
[0.273s] Level 1:colcon.colcon_core.package_identification:_identify(src/bill_nav) by extension 'colcon_pkg'
[0.273s] Level 1:colcon.colcon_core.package_identification:_identify(src/bill_nav) by extensions ['colcon_meta']
[0.273s] Level 1:colcon.colcon_core.package_identification:_identify(src/bill_nav) by extension 'colcon_meta'
[0.273s] Level 1:colcon.colcon_core.package_identification:_identify(src/bill_nav) by extensions ['ros']
[0.273s] Level 1:colcon.colcon_core.package_identification:_identify(src/bill_nav) by extension 'ros'
[0.273s] DEBUG:colcon.colcon_core.package_identification:Package 'src/bill_nav' with type 'ros.ament_cmake' and name 'bill_nav'
[0.273s] Level 1:colcon.colcon_core.package_identification:_identify(src/bill_slam) by extensions ['ignore', 'ignore_ament_install']
[0.273s] Level 1:colcon.colcon_core.package_identification:_identify(src/bill_slam) by extension 'ignore'
[0.273s] Level 1:colcon.colcon_core.package_identification:_identify(src/bill_slam) by extension 'ignore_ament_install'
[0.274s] Level 1:colcon.colcon_core.package_identification:_identify(src/bill_slam) by extensions ['colcon_pkg']
[0.274s] Level 1:colcon.colcon_core.package_identification:_identify(src/bill_slam) by extension 'colcon_pkg'
[0.274s] Level 1:colcon.colcon_core.package_identification:_identify(src/bill_slam) by extensions ['colcon_meta']
[0.274s] Level 1:colcon.colcon_core.package_identification:_identify(src/bill_slam) by extension 'colcon_meta'
[0.274s] Level 1:colcon.colcon_core.package_identification:_identify(src/bill_slam) by extensions ['ros']
[0.274s] Level 1:colcon.colcon_core.package_identification:_identify(src/bill_slam) by extension 'ros'
[0.274s] DEBUG:colcon.colcon_core.package_identification:Package 'src/bill_slam' with type 'ros.ament_cmake' and name 'bill_slam'
[0.274s] Level 1:colcon.colcon_core.package_discovery:discover_packages(recursive) using defaults
[0.274s] Level 1:colcon.colcon_core.package_discovery:discover_packages(ignore) discover
[0.274s] Level 1:colcon.colcon_core.package_discovery:discover_packages(ignore) using defaults
[0.274s] Level 1:colcon.colcon_core.package_discovery:discover_packages(path) discover
[0.274s] Level 1:colcon.colcon_core.package_discovery:discover_packages(path) using defaults
[0.302s] Level 1:colcon.colcon_core.package_discovery:discover_packages(prefix_path) check parameters
[0.302s] Level 1:colcon.colcon_core.package_discovery:discover_packages(prefix_path) discover
[0.303s] DEBUG:colcon.colcon_installed_package_information.package_discovery:Found 4 installed packages in /home/vfran/billeagle_ws/bill_ws/install
[0.305s] DEBUG:colcon.colcon_installed_package_information.package_discovery:Found 431 installed packages in /opt/ros/humble
[0.307s] Level 1:colcon.colcon_core.package_discovery:discover_packages(prefix_path) using defaults
[0.348s] Level 5:colcon.colcon_core.verb:set package 'bill' build argument 'cmake_args' from command line to 'None'
[0.348s] Level 5:colcon.colcon_core.verb:set package 'bill' build argument 'cmake_target' from command line to 'None'
[0.348s] Level 5:colcon.colcon_core.verb:set package 'bill' build argument 'cmake_target_skip_unavailable' from command line to 'False'
[0.348s] Level 5:colcon.colcon_core.verb:set package 'bill' build argument 'cmake_clean_cache' from command line to 'False'
[0.348s] Level 5:colcon.colcon_core.verb:set package 'bill' build argument 'cmake_clean_first' from command line to 'False'
[0.348s] Level 5:colcon.colcon_core.verb:set package 'bill' build argument 'cmake_force_configure' from command line to 'False'
[0.348s] Level 5:colcon.colcon_core.verb:set package 'bill' build argument 'ament_cmake_args' from command line to 'None'
[0.348s] Level 5:colcon.colcon_core.verb:set package 'bill' build argument 'catkin_cmake_args' from command line to 'None'
[0.348s] Level 5:colcon.colcon_core.verb:set package 'bill' build argument 'catkin_skip_building_tests' from command line to 'False'
[0.348s] DEBUG:colcon.colcon_core.verb:Building package 'bill' with the following arguments: {'ament_cmake_args': None, 'build_base': '/home/vfran/billeagle_ws/bill_ws/build/bill', 'catkin_cmake_args': None, 'catkin_skip_building_tests': False, 'cmake_args': None, 'cmake_clean_cache': False, 'cmake_clean_first': False, 'cmake_force_configure': False, 'cmake_target': None, 'cmake_target_skip_unavailable': False, 'install_base': '/home/vfran/billeagle_ws/bill_ws/install/bill', 'merge_install': False, 'path': '/home/vfran/billeagle_ws/bill_ws/src/bill', 'symlink_install': True, 'test_result_base': None}
[0.349s] Level 5:colcon.colcon_core.verb:set package 'bill_description' build argument 'cmake_args' from command line to 'None'
[0.349s] Level 5:colcon.colcon_core.verb:set package 'bill_description' build argument 'cmake_target' from command line to 'None'
[0.349s] Level 5:colcon.colcon_core.verb:set package 'bill_description' build argument 'cmake_target_skip_unavailable' from command line to 'False'
[0.349s] Level 5:colcon.colcon_core.verb:set package 'bill_description' build argument 'cmake_clean_cache' from command line to 'False'
[0.349s] Level 5:colcon.colcon_core.verb:set package 'bill_description' build argument 'cmake_clean_first' from command line to 'False'
[0.349s] Level 5:colcon.colcon_core.verb:set package 'bill_description' build argument 'cmake_force_configure' from command line to 'False'
[0.349s] Level 5:colcon.colcon_core.verb:set package 'bill_description' build argument 'ament_cmake_args' from command line to 'None'
[0.349s] Level 5:colcon.colcon_core.verb:set package 'bill_description' build argument 'catkin_cmake_args' from command line to 'None'
[0.349s] Level 5:colcon.colcon_core.verb:set package 'bill_description' build argument 'catkin_skip_building_tests' from command line to 'False'
[0.349s] DEBUG:colcon.colcon_core.verb:Building package 'bill_description' with the following arguments: {'ament_cmake_args': None, 'build_base': '/home/vfran/billeagle_ws/bill_ws/build/bill_description', 'catkin_cmake_args': None, 'catkin_skip_building_tests': False, 'cmake_args': None, 'cmake_clean_cache': False, 'cmake_clean_first': False, 'cmake_force_configure': False, 'cmake_target': None, 'cmake_target_skip_unavailable': False, 'install_base': '/home/vfran/billeagle_ws/bill_ws/install/bill_description', 'merge_install': False, 'path': '/home/vfran/billeagle_ws/bill_ws/src/bill_description', 'symlink_install': True, 'test_result_base': None}
[0.349s] Level 5:colcon.colcon_core.verb:set package 'bill_nav' build argument 'cmake_args' from command line to 'None'
[0.349s] Level 5:colcon.colcon_core.verb:set package 'bill_nav' build argument 'cmake_target' from command line to 'None'
[0.349s] Level 5:colcon.colcon_core.verb:set package 'bill_nav' build argument 'cmake_target_skip_unavailable' from command line to 'False'
[0.349s] Level 5:colcon.colcon_core.verb:set package 'bill_nav' build argument 'cmake_clean_cache' from command line to 'False'
[0.349s] Level 5:colcon.colcon_core.verb:set package 'bill_nav' build argument 'cmake_clean_first' from command line to 'False'
[0.349s] Level 5:colcon.colcon_core.verb:set package 'bill_nav' build argument 'cmake_force_configure' from command line to 'False'
[0.349s] Level 5:colcon.colcon_core.verb:set package 'bill_nav' build argument 'ament_cmake_args' from command line to 'None'
[0.349s] Level 5:colcon.colcon_core.verb:set package 'bill_nav' build argument 'catkin_cmake_args' from command line to 'None'
[0.350s] Level 5:colcon.colcon_core.verb:set package 'bill_nav' build argument 'catkin_skip_building_tests' from command line to 'False'
[0.350s] DEBUG:colcon.colcon_core.verb:Building package 'bill_nav' with the following arguments: {'ament_cmake_args': None, 'build_base': '/home/vfran/billeagle_ws/bill_ws/build/bill_nav', 'catkin_cmake_args': None, 'catkin_skip_building_tests': False, 'cmake_args': None, 'cmake_clean_cache': False, 'cmake_clean_first': False, 'cmake_force_configure': False, 'cmake_target': None, 'cmake_target_skip_unavailable': False, 'install_base': '/home/vfran/billeagle_ws/bill_ws/install/bill_nav', 'merge_install': False, 'path': '/home/vfran/billeagle_ws/bill_ws/src/bill_nav', 'symlink_install': True, 'test_result_base': None}
[0.350s] Level 5:colcon.colcon_core.verb:set package 'bill_slam' build argument 'cmake_args' from command line to 'None'
[0.350s] Level 5:colcon.colcon_core.verb:set package 'bill_slam' build argument 'cmake_target' from command line to 'None'
[0.350s] Level 5:colcon.colcon_core.verb:set package 'bill_slam' build argument 'cmake_target_skip_unavailable' from command line to 'False'
[0.350s] Level 5:colcon.colcon_core.verb:set package 'bill_slam' build argument 'cmake_clean_cache' from command line to 'False'
[0.350s] Level 5:colcon.colcon_core.verb:set package 'bill_slam' build argument 'cmake_clean_first' from command line to 'False'
[0.350s] Level 5:colcon.colcon_core.verb:set package 'bill_slam' build argument 'cmake_force_configure' from command line to 'False'
[0.350s] Level 5:colcon.colcon_core.verb:set package 'bill_slam' build argument 'ament_cmake_args' from command line to 'None'
[0.350s] Level 5:colcon.colcon_core.verb:set package 'bill_slam' build argument 'catkin_cmake_args' from command line to 'None'
[0.350s] Level 5:colcon.colcon_core.verb:set package 'bill_slam' build argument 'catkin_skip_building_tests' from command line to 'False'
[0.350s] DEBUG:colcon.colcon_core.verb:Building package 'bill_slam' with the following arguments: {'ament_cmake_args': None, 'build_base': '/home/vfran/billeagle_ws/bill_ws/build/bill_slam', 'catkin_cmake_args': None, 'catkin_skip_building_tests': False, 'cmake_args': None, 'cmake_clean_cache': False, 'cmake_clean_first': False, 'cmake_force_configure': False, 'cmake_target': None, 'cmake_target_skip_unavailable': False, 'install_base': '/home/vfran/billeagle_ws/bill_ws/install/bill_slam', 'merge_install': False, 'path': '/home/vfran/billeagle_ws/bill_ws/src/bill_slam', 'symlink_install': True, 'test_result_base': None}
[0.350s] INFO:colcon.colcon_core.executor:Executing jobs using 'parallel' executor
[0.351s] DEBUG:colcon.colcon_parallel_executor.executor.parallel:run_until_complete
[0.352s] INFO:colcon.colcon_ros.task.ament_cmake.build:Building ROS package in '/home/vfran/billeagle_ws/bill_ws/src/bill' with build type 'ament_cmake'
[0.352s] INFO:colcon.colcon_cmake.task.cmake.build:Building CMake package in '/home/vfran/billeagle_ws/bill_ws/src/bill'
[0.354s] INFO:colcon.colcon_core.plugin_system:Skipping extension 'colcon_core.shell.bat': Not used on non-Windows systems
[0.354s] INFO:colcon.colcon_core.shell:Skip shell extension 'powershell' for command environment: Not usable outside of PowerShell
[0.354s] DEBUG:colcon.colcon_core.shell:Skip shell extension 'dsv' for command environment
[0.357s] INFO:colcon.colcon_ros.task.ament_cmake.build:Building ROS package in '/home/vfran/billeagle_ws/bill_ws/src/bill_description' with build type 'ament_cmake'
[0.358s] INFO:colcon.colcon_cmake.task.cmake.build:Building CMake package in '/home/vfran/billeagle_ws/bill_ws/src/bill_description'
[0.358s] INFO:colcon.colcon_core.shell:Skip shell extension 'powershell' for command environment: Not usable outside of PowerShell
[0.358s] DEBUG:colcon.colcon_core.shell:Skip shell extension 'dsv' for command environment
[0.362s] INFO:colcon.colcon_ros.task.ament_cmake.build:Building ROS package in '/home/vfran/billeagle_ws/bill_ws/src/bill_nav' with build type 'ament_cmake'
[0.362s] INFO:colcon.colcon_cmake.task.cmake.build:Building CMake package in '/home/vfran/billeagle_ws/bill_ws/src/bill_nav'
[0.362s] INFO:colcon.colcon_core.shell:Skip shell extension 'powershell' for command environment: Not usable outside of PowerShell
[0.362s] DEBUG:colcon.colcon_core.shell:Skip shell extension 'dsv' for command environment
[0.366s] INFO:colcon.colcon_ros.task.ament_cmake.build:Building ROS package in '/home/vfran/billeagle_ws/bill_ws/src/bill_slam' with build type 'ament_cmake'
[0.366s] INFO:colcon.colcon_cmake.task.cmake.build:Building CMake package in '/home/vfran/billeagle_ws/bill_ws/src/bill_slam'
[0.367s] INFO:colcon.colcon_core.shell:Skip shell extension 'powershell' for command environment: Not usable outside of PowerShell
[0.367s] DEBUG:colcon.colcon_core.shell:Skip shell extension 'dsv' for command environment
[0.379s] DEBUG:colcon.colcon_core.event_handler.log_command:Invoking command in '/home/vfran/billeagle_ws/bill_ws/build/bill': CMAKE_PREFIX_PATH=${CMAKE_PREFIX_PATH}:/opt/ros/humble /usr/local/bin/cmake --build /home/vfran/billeagle_ws/bill_ws/build/bill -- -j16 -l16
[0.382s] DEBUG:colcon.colcon_core.event_handler.log_command:Invoking command in '/home/vfran/billeagle_ws/bill_ws/build/bill_description': CMAKE_PREFIX_PATH=${CMAKE_PREFIX_PATH}:/opt/ros/humble /usr/local/bin/cmake --build /home/vfran/billeagle_ws/bill_ws/build/bill_description -- -j16 -l16
[0.389s] DEBUG:colcon.colcon_core.event_handler.log_command:Invoking command in '/home/vfran/billeagle_ws/bill_ws/build/bill_nav': CMAKE_PREFIX_PATH=${CMAKE_PREFIX_PATH}:/opt/ros/humble /usr/local/bin/cmake --build /home/vfran/billeagle_ws/bill_ws/build/bill_nav -- -j16 -l16
[0.393s] DEBUG:colcon.colcon_core.event_handler.log_command:Invoking command in '/home/vfran/billeagle_ws/bill_ws/build/bill_slam': CMAKE_PREFIX_PATH=${CMAKE_PREFIX_PATH}:/opt/ros/humble /usr/local/bin/cmake --build /home/vfran/billeagle_ws/bill_ws/build/bill_slam -- -j16 -l16
[0.400s] DEBUG:colcon.colcon_core.event_handler.log_command:Invoked command in '/home/vfran/billeagle_ws/bill_ws/build/bill' returned '0': CMAKE_PREFIX_PATH=${CMAKE_PREFIX_PATH}:/opt/ros/humble /usr/local/bin/cmake --build /home/vfran/billeagle_ws/bill_ws/build/bill -- -j16 -l16
[0.407s] DEBUG:colcon.colcon_core.event_handler.log_command:Invoking command in '/home/vfran/billeagle_ws/bill_ws/build/bill': CMAKE_PREFIX_PATH=${CMAKE_PREFIX_PATH}:/opt/ros/humble /usr/local/bin/cmake --install /home/vfran/billeagle_ws/bill_ws/build/bill
[0.408s] DEBUG:colcon.colcon_core.event_handler.log_command:Invoked command in '/home/vfran/billeagle_ws/bill_ws/build/bill_description' returned '0': CMAKE_PREFIX_PATH=${CMAKE_PREFIX_PATH}:/opt/ros/humble /usr/local/bin/cmake --build /home/vfran/billeagle_ws/bill_ws/build/bill_description -- -j16 -l16
[0.409s] DEBUG:colcon.colcon_core.event_handler.log_command:Invoking command in '/home/vfran/billeagle_ws/bill_ws/build/bill_description': CMAKE_PREFIX_PATH=${CMAKE_PREFIX_PATH}:/opt/ros/humble /usr/local/bin/cmake --install /home/vfran/billeagle_ws/bill_ws/build/bill_description
[0.411s] DEBUG:colcon.colcon_core.event_handler.log_command:Invoked command in '/home/vfran/billeagle_ws/bill_ws/build/bill_nav' returned '0': CMAKE_PREFIX_PATH=${CMAKE_PREFIX_PATH}:/opt/ros/humble /usr/local/bin/cmake --build /home/vfran/billeagle_ws/bill_ws/build/bill_nav -- -j16 -l16
[0.416s] DEBUG:colcon.colcon_core.event_handler.log_command:Invoking command in '/home/vfran/billeagle_ws/bill_ws/build/bill_nav': CMAKE_PREFIX_PATH=${CMAKE_PREFIX_PATH}:/opt/ros/humble /usr/local/bin/cmake --install /home/vfran/billeagle_ws/bill_ws/build/bill_nav
[0.422s] DEBUG:colcon.colcon_core.event_handler.log_command:Invoked command in '/home/vfran/billeagle_ws/bill_ws/build/bill_slam' returned '0': CMAKE_PREFIX_PATH=${CMAKE_PREFIX_PATH}:/opt/ros/humble /usr/local/bin/cmake --build /home/vfran/billeagle_ws/bill_ws/build/bill_slam -- -j16 -l16
[0.423s] Level 1:colcon.colcon_core.environment:create_environment_scripts_only(bill)
[0.425s] DEBUG:colcon.colcon_core.event_handler.log_command:Invoking command in '/home/vfran/billeagle_ws/bill_ws/build/bill_slam': CMAKE_PREFIX_PATH=${CMAKE_PREFIX_PATH}:/opt/ros/humble /usr/local/bin/cmake --install /home/vfran/billeagle_ws/bill_ws/build/bill_slam
[0.427s] DEBUG:colcon.colcon_core.event_handler.log_command:Invoked command in '/home/vfran/billeagle_ws/bill_ws/build/bill' returned '0': CMAKE_PREFIX_PATH=${CMAKE_PREFIX_PATH}:/opt/ros/humble /usr/local/bin/cmake --install /home/vfran/billeagle_ws/bill_ws/build/bill
[0.431s] Level 1:colcon.colcon_core.environment:checking '/home/vfran/billeagle_ws/bill_ws/install/bill' for CMake module files
[0.432s] Level 1:colcon.colcon_core.environment:checking '/home/vfran/billeagle_ws/bill_ws/install/bill' for CMake config files
[0.432s] Level 1:colcon.colcon_core.shell:create_environment_hook('bill', 'cmake_prefix_path')
[0.433s] INFO:colcon.colcon_core.shell:Creating environment hook '/home/vfran/billeagle_ws/bill_ws/install/bill/share/bill/hook/cmake_prefix_path.ps1'
[0.433s] INFO:colcon.colcon_core.shell:Creating environment descriptor '/home/vfran/billeagle_ws/bill_ws/install/bill/share/bill/hook/cmake_prefix_path.dsv'
[0.434s] INFO:colcon.colcon_core.shell:Creating environment hook '/home/vfran/billeagle_ws/bill_ws/install/bill/share/bill/hook/cmake_prefix_path.sh'
[0.435s] Level 1:colcon.colcon_core.environment:checking '/home/vfran/billeagle_ws/bill_ws/install/bill/bin'
[0.435s] Level 1:colcon.colcon_core.environment:checking '/home/vfran/billeagle_ws/bill_ws/install/bill/lib/pkgconfig/bill.pc'
[0.435s] Level 1:colcon.colcon_core.environment:checking '/home/vfran/billeagle_ws/bill_ws/install/bill/lib/python3.10/site-packages'
[0.435s] Level 1:colcon.colcon_core.environment:checking '/home/vfran/billeagle_ws/bill_ws/install/bill/bin'
[0.436s] INFO:colcon.colcon_core.shell:Creating package script '/home/vfran/billeagle_ws/bill_ws/install/bill/share/bill/package.ps1'
[0.436s] INFO:colcon.colcon_core.shell:Creating package descriptor '/home/vfran/billeagle_ws/bill_ws/install/bill/share/bill/package.dsv'
[0.437s] INFO:colcon.colcon_core.shell:Creating package script '/home/vfran/billeagle_ws/bill_ws/install/bill/share/bill/package.sh'
[0.438s] INFO:colcon.colcon_core.shell:Creating package script '/home/vfran/billeagle_ws/bill_ws/install/bill/share/bill/package.bash'
[0.439s] INFO:colcon.colcon_core.shell:Creating package script '/home/vfran/billeagle_ws/bill_ws/install/bill/share/bill/package.zsh'
[0.439s] Level 1:colcon.colcon_core.environment:create_file_with_runtime_dependencies(/home/vfran/billeagle_ws/bill_ws/install/bill/share/colcon-core/packages/bill)
[0.440s] Level 1:colcon.colcon_core.environment:create_environment_scripts_only(bill)
[0.440s] Level 1:colcon.colcon_core.environment:checking '/home/vfran/billeagle_ws/bill_ws/install/bill' for CMake module files
[0.441s] Level 1:colcon.colcon_core.environment:checking '/home/vfran/billeagle_ws/bill_ws/install/bill' for CMake config files
[0.441s] Level 1:colcon.colcon_core.shell:create_environment_hook('bill', 'cmake_prefix_path')
[0.441s] INFO:colcon.colcon_core.shell:Creating environment hook '/home/vfran/billeagle_ws/bill_ws/install/bill/share/bill/hook/cmake_prefix_path.ps1'
[0.442s] INFO:colcon.colcon_core.shell:Creating environment descriptor '/home/vfran/billeagle_ws/bill_ws/install/bill/share/bill/hook/cmake_prefix_path.dsv'
[0.442s] INFO:colcon.colcon_core.shell:Creating environment hook '/home/vfran/billeagle_ws/bill_ws/install/bill/share/bill/hook/cmake_prefix_path.sh'
[0.443s] Level 1:colcon.colcon_core.environment:checking '/home/vfran/billeagle_ws/bill_ws/install/bill/bin'
[0.443s] Level 1:colcon.colcon_core.environment:checking '/home/vfran/billeagle_ws/bill_ws/install/bill/lib/pkgconfig/bill.pc'
[0.443s] Level 1:colcon.colcon_core.environment:checking '/home/vfran/billeagle_ws/bill_ws/install/bill/lib/python3.10/site-packages'
[0.443s] Level 1:colcon.colcon_core.environment:checking '/home/vfran/billeagle_ws/bill_ws/install/bill/bin'
[0.443s] INFO:colcon.colcon_core.shell:Creating package script '/home/vfran/billeagle_ws/bill_ws/install/bill/share/bill/package.ps1'
[0.444s] INFO:colcon.colcon_core.shell:Creating package descriptor '/home/vfran/billeagle_ws/bill_ws/install/bill/share/bill/package.dsv'
[0.444s] INFO:colcon.colcon_core.shell:Creating package script '/home/vfran/billeagle_ws/bill_ws/install/bill/share/bill/package.sh'
[0.445s] INFO:colcon.colcon_core.shell:Creating package script '/home/vfran/billeagle_ws/bill_ws/install/bill/share/bill/package.bash'
[0.445s] INFO:colcon.colcon_core.shell:Creating package script '/home/vfran/billeagle_ws/bill_ws/install/bill/share/bill/package.zsh'
[0.446s] Level 1:colcon.colcon_core.environment:create_file_with_runtime_dependencies(/home/vfran/billeagle_ws/bill_ws/install/bill/share/colcon-core/packages/bill)
[0.447s] Level 1:colcon.colcon_core.environment:create_environment_scripts_only(bill_nav)
[0.447s] Level 1:colcon.colcon_core.environment:checking '/home/vfran/billeagle_ws/bill_ws/install/bill_nav' for CMake module files
[0.448s] DEBUG:colcon.colcon_core.event_handler.log_command:Invoked command in '/home/vfran/billeagle_ws/bill_ws/build/bill_nav' returned '0': CMAKE_PREFIX_PATH=${CMAKE_PREFIX_PATH}:/opt/ros/humble /usr/local/bin/cmake --install /home/vfran/billeagle_ws/bill_ws/build/bill_nav
[0.449s] Level 1:colcon.colcon_core.environment:checking '/home/vfran/billeagle_ws/bill_ws/install/bill_nav' for CMake config files
[0.449s] Level 1:colcon.colcon_core.shell:create_environment_hook('bill_nav', 'cmake_prefix_path')
[0.449s] INFO:colcon.colcon_core.shell:Creating environment hook '/home/vfran/billeagle_ws/bill_ws/install/bill_nav/share/bill_nav/hook/cmake_prefix_path.ps1'
[0.450s] INFO:colcon.colcon_core.shell:Creating environment descriptor '/home/vfran/billeagle_ws/bill_ws/install/bill_nav/share/bill_nav/hook/cmake_prefix_path.dsv'
[0.450s] INFO:colcon.colcon_core.shell:Creating environment hook '/home/vfran/billeagle_ws/bill_ws/install/bill_nav/share/bill_nav/hook/cmake_prefix_path.sh'
[0.450s] Level 1:colcon.colcon_core.environment:checking '/home/vfran/billeagle_ws/bill_ws/install/bill_nav/bin'
[0.450s] Level 1:colcon.colcon_core.environment:checking '/home/vfran/billeagle_ws/bill_ws/install/bill_nav/lib/pkgconfig/bill_nav.pc'
[0.451s] Level 1:colcon.colcon_core.environment:checking '/home/vfran/billeagle_ws/bill_ws/install/bill_nav/lib/python3.10/site-packages'
[0.451s] Level 1:colcon.colcon_core.environment:checking '/home/vfran/billeagle_ws/bill_ws/install/bill_nav/bin'
[0.451s] INFO:colcon.colcon_core.shell:Creating package script '/home/vfran/billeagle_ws/bill_ws/install/bill_nav/share/bill_nav/package.ps1'
[0.452s] INFO:colcon.colcon_core.shell:Creating package descriptor '/home/vfran/billeagle_ws/bill_ws/install/bill_nav/share/bill_nav/package.dsv'
[0.452s] INFO:colcon.colcon_core.shell:Creating package script '/home/vfran/billeagle_ws/bill_ws/install/bill_nav/share/bill_nav/package.sh'
[0.453s] INFO:colcon.colcon_core.shell:Creating package script '/home/vfran/billeagle_ws/bill_ws/install/bill_nav/share/bill_nav/package.bash'
[0.453s] INFO:colcon.colcon_core.shell:Creating package script '/home/vfran/billeagle_ws/bill_ws/install/bill_nav/share/bill_nav/package.zsh'
[0.453s] Level 1:colcon.colcon_core.environment:create_file_with_runtime_dependencies(/home/vfran/billeagle_ws/bill_ws/install/bill_nav/share/colcon-core/packages/bill_nav)
[0.454s] Level 1:colcon.colcon_core.environment:create_environment_scripts_only(bill_nav)
[0.454s] Level 1:colcon.colcon_core.environment:checking '/home/vfran/billeagle_ws/bill_ws/install/bill_nav' for CMake module files
[0.455s] Level 1:colcon.colcon_core.environment:checking '/home/vfran/billeagle_ws/bill_ws/install/bill_nav' for CMake config files
[0.455s] Level 1:colcon.colcon_core.shell:create_environment_hook('bill_nav', 'cmake_prefix_path')
[0.455s] INFO:colcon.colcon_core.shell:Creating environment hook '/home/vfran/billeagle_ws/bill_ws/install/bill_nav/share/bill_nav/hook/cmake_prefix_path.ps1'
[0.456s] INFO:colcon.colcon_core.shell:Creating environment descriptor '/home/vfran/billeagle_ws/bill_ws/install/bill_nav/share/bill_nav/hook/cmake_prefix_path.dsv'
[0.456s] INFO:colcon.colcon_core.shell:Creating environment hook '/home/vfran/billeagle_ws/bill_ws/install/bill_nav/share/bill_nav/hook/cmake_prefix_path.sh'
[0.456s] Level 1:colcon.colcon_core.environment:checking '/home/vfran/billeagle_ws/bill_ws/install/bill_nav/bin'
[0.456s] Level 1:colcon.colcon_core.environment:checking '/home/vfran/billeagle_ws/bill_ws/install/bill_nav/lib/pkgconfig/bill_nav.pc'
[0.457s] Level 1:colcon.colcon_core.environment:checking '/home/vfran/billeagle_ws/bill_ws/install/bill_nav/lib/python3.10/site-packages'
[0.457s] Level 1:colcon.colcon_core.environment:checking '/home/vfran/billeagle_ws/bill_ws/install/bill_nav/bin'
[0.457s] INFO:colcon.colcon_core.shell:Creating package script '/home/vfran/billeagle_ws/bill_ws/install/bill_nav/share/bill_nav/package.ps1'
[0.458s] INFO:colcon.colcon_core.shell:Creating package descriptor '/home/vfran/billeagle_ws/bill_ws/install/bill_nav/share/bill_nav/package.dsv'
[0.458s] INFO:colcon.colcon_core.shell:Creating package script '/home/vfran/billeagle_ws/bill_ws/install/bill_nav/share/bill_nav/package.sh'
[0.459s] INFO:colcon.colcon_core.shell:Creating package script '/home/vfran/billeagle_ws/bill_ws/install/bill_nav/share/bill_nav/package.bash'
[0.460s] INFO:colcon.colcon_core.shell:Creating package script '/home/vfran/billeagle_ws/bill_ws/install/bill_nav/share/bill_nav/package.zsh'
[0.460s] Level 1:colcon.colcon_core.environment:create_file_with_runtime_dependencies(/home/vfran/billeagle_ws/bill_ws/install/bill_nav/share/colcon-core/packages/bill_nav)
[0.461s] Level 1:colcon.colcon_core.environment:create_environment_scripts_only(bill_description)
[0.461s] Level 1:colcon.colcon_core.environment:checking '/home/vfran/billeagle_ws/bill_ws/install/bill_description' for CMake module files
[0.463s] DEBUG:colcon.colcon_core.event_handler.log_command:Invoked command in '/home/vfran/billeagle_ws/bill_ws/build/bill_description' returned '0': CMAKE_PREFIX_PATH=${CMAKE_PREFIX_PATH}:/opt/ros/humble /usr/local/bin/cmake --install /home/vfran/billeagle_ws/bill_ws/build/bill_description
[0.463s] Level 1:colcon.colcon_core.environment:checking '/home/vfran/billeagle_ws/bill_ws/install/bill_description' for CMake config files
[0.463s] Level 1:colcon.colcon_core.shell:create_environment_hook('bill_description', 'cmake_prefix_path')
[0.464s] INFO:colcon.colcon_core.shell:Creating environment hook '/home/vfran/billeagle_ws/bill_ws/install/bill_description/share/bill_description/hook/cmake_prefix_path.ps1'
[0.464s] INFO:colcon.colcon_core.shell:Creating environment descriptor '/home/vfran/billeagle_ws/bill_ws/install/bill_description/share/bill_description/hook/cmake_prefix_path.dsv'
[0.465s] INFO:colcon.colcon_core.shell:Creating environment hook '/home/vfran/billeagle_ws/bill_ws/install/bill_description/share/bill_description/hook/cmake_prefix_path.sh'
[0.465s] Level 1:colcon.colcon_core.environment:checking '/home/vfran/billeagle_ws/bill_ws/install/bill_description/bin'
[0.465s] Level 1:colcon.colcon_core.environment:checking '/home/vfran/billeagle_ws/bill_ws/install/bill_description/lib/pkgconfig/bill_description.pc'
[0.466s] Level 1:colcon.colcon_core.environment:checking '/home/vfran/billeagle_ws/bill_ws/install/bill_description/lib/python3.10/site-packages'
[0.466s] Level 1:colcon.colcon_core.environment:checking '/home/vfran/billeagle_ws/bill_ws/install/bill_description/bin'
[0.466s] INFO:colcon.colcon_core.shell:Creating package script '/home/vfran/billeagle_ws/bill_ws/install/bill_description/share/bill_description/package.ps1'
[0.467s] INFO:colcon.colcon_core.shell:Creating package descriptor '/home/vfran/billeagle_ws/bill_ws/install/bill_description/share/bill_description/package.dsv'
[0.467s] INFO:colcon.colcon_core.shell:Creating package script '/home/vfran/billeagle_ws/bill_ws/install/bill_description/share/bill_description/package.sh'
[0.467s] INFO:colcon.colcon_core.shell:Creating package script '/home/vfran/billeagle_ws/bill_ws/install/bill_description/share/bill_description/package.bash'
[0.468s] INFO:colcon.colcon_core.shell:Creating package script '/home/vfran/billeagle_ws/bill_ws/install/bill_description/share/bill_description/package.zsh'
[0.468s] Level 1:colcon.colcon_core.environment:create_file_with_runtime_dependencies(/home/vfran/billeagle_ws/bill_ws/install/bill_description/share/colcon-core/packages/bill_description)
[0.469s] Level 1:colcon.colcon_core.environment:create_environment_scripts_only(bill_description)
[0.469s] Level 1:colcon.colcon_core.environment:checking '/home/vfran/billeagle_ws/bill_ws/install/bill_description' for CMake module files
[0.469s] Level 1:colcon.colcon_core.environment:checking '/home/vfran/billeagle_ws/bill_ws/install/bill_description' for CMake config files
[0.470s] Level 1:colcon.colcon_core.shell:create_environment_hook('bill_description', 'cmake_prefix_path')
[0.470s] INFO:colcon.colcon_core.shell:Creating environment hook '/home/vfran/billeagle_ws/bill_ws/install/bill_description/share/bill_description/hook/cmake_prefix_path.ps1'
[0.470s] INFO:colcon.colcon_core.shell:Creating environment descriptor '/home/vfran/billeagle_ws/bill_ws/install/bill_description/share/bill_description/hook/cmake_prefix_path.dsv'
[0.471s] INFO:colcon.colcon_core.shell:Creating environment hook '/home/vfran/billeagle_ws/bill_ws/install/bill_description/share/bill_description/hook/cmake_prefix_path.sh'
[0.471s] Level 1:colcon.colcon_core.environment:checking '/home/vfran/billeagle_ws/bill_ws/install/bill_description/bin'
[0.472s] Level 1:colcon.colcon_core.environment:checking '/home/vfran/billeagle_ws/bill_ws/install/bill_description/lib/pkgconfig/bill_description.pc'
[0.472s] Level 1:colcon.colcon_core.environment:checking '/home/vfran/billeagle_ws/bill_ws/install/bill_description/lib/python3.10/site-packages'
[0.472s] Level 1:colcon.colcon_core.environment:checking '/home/vfran/billeagle_ws/bill_ws/install/bill_description/bin'
[0.472s] INFO:colcon.colcon_core.shell:Creating package script '/home/vfran/billeagle_ws/bill_ws/install/bill_description/share/bill_description/package.ps1'
[0.473s] INFO:colcon.colcon_core.shell:Creating package descriptor '/home/vfran/billeagle_ws/bill_ws/install/bill_description/share/bill_description/package.dsv'
[0.473s] INFO:colcon.colcon_core.shell:Creating package script '/home/vfran/billeagle_ws/bill_ws/install/bill_description/share/bill_description/package.sh'
[0.474s] INFO:colcon.colcon_core.shell:Creating package script '/home/vfran/billeagle_ws/bill_ws/install/bill_description/share/bill_description/package.bash'
[0.474s] INFO:colcon.colcon_core.shell:Creating package script '/home/vfran/billeagle_ws/bill_ws/install/bill_description/share/bill_description/package.zsh'
[0.475s] Level 1:colcon.colcon_core.environment:create_file_with_runtime_dependencies(/home/vfran/billeagle_ws/bill_ws/install/bill_description/share/colcon-core/packages/bill_description)
[0.475s] Level 1:colcon.colcon_core.environment:create_environment_scripts_only(bill_slam)
[0.476s] Level 1:colcon.colcon_core.environment:checking '/home/vfran/billeagle_ws/bill_ws/install/bill_slam' for CMake module files
[0.477s] DEBUG:colcon.colcon_core.event_handler.log_command:Invoked command in '/home/vfran/billeagle_ws/bill_ws/build/bill_slam' returned '0': CMAKE_PREFIX_PATH=${CMAKE_PREFIX_PATH}:/opt/ros/humble /usr/local/bin/cmake --install /home/vfran/billeagle_ws/bill_ws/build/bill_slam
[0.477s] Level 1:colcon.colcon_core.environment:checking '/home/vfran/billeagle_ws/bill_ws/install/bill_slam' for CMake config files
[0.477s] Level 1:colcon.colcon_core.shell:create_environment_hook('bill_slam', 'cmake_prefix_path')
[0.477s] INFO:colcon.colcon_core.shell:Creating environment hook '/home/vfran/billeagle_ws/bill_ws/install/bill_slam/share/bill_slam/hook/cmake_prefix_path.ps1'
[0.478s] INFO:colcon.colcon_core.shell:Creating environment descriptor '/home/vfran/billeagle_ws/bill_ws/install/bill_slam/share/bill_slam/hook/cmake_prefix_path.dsv'
[0.478s] INFO:colcon.colcon_core.shell:Creating environment hook '/home/vfran/billeagle_ws/bill_ws/install/bill_slam/share/bill_slam/hook/cmake_prefix_path.sh'
[0.478s] Level 1:colcon.colcon_core.environment:checking '/home/vfran/billeagle_ws/bill_ws/install/bill_slam/bin'
[0.478s] Level 1:colcon.colcon_core.environment:checking '/home/vfran/billeagle_ws/bill_ws/install/bill_slam/lib/pkgconfig/bill_slam.pc'
[0.479s] Level 1:colcon.colcon_core.environment:checking '/home/vfran/billeagle_ws/bill_ws/install/bill_slam/lib/python3.10/site-packages'
[0.479s] Level 1:colcon.colcon_core.environment:checking '/home/vfran/billeagle_ws/bill_ws/install/bill_slam/bin'
[0.479s] INFO:colcon.colcon_core.shell:Creating package script '/home/vfran/billeagle_ws/bill_ws/install/bill_slam/share/bill_slam/package.ps1'
[0.479s] INFO:colcon.colcon_core.shell:Creating package descriptor '/home/vfran/billeagle_ws/bill_ws/install/bill_slam/share/bill_slam/package.dsv'
[0.480s] INFO:colcon.colcon_core.shell:Creating package script '/home/vfran/billeagle_ws/bill_ws/install/bill_slam/share/bill_slam/package.sh'
[0.480s] INFO:colcon.colcon_core.shell:Creating package script '/home/vfran/billeagle_ws/bill_ws/install/bill_slam/share/bill_slam/package.bash'
[0.480s] INFO:colcon.colcon_core.shell:Creating package script '/home/vfran/billeagle_ws/bill_ws/install/bill_slam/share/bill_slam/package.zsh'
[0.481s] Level 1:colcon.colcon_core.environment:create_file_with_runtime_dependencies(/home/vfran/billeagle_ws/bill_ws/install/bill_slam/share/colcon-core/packages/bill_slam)
[0.481s] Level 1:colcon.colcon_core.environment:create_environment_scripts_only(bill_slam)
[0.481s] Level 1:colcon.colcon_core.environment:checking '/home/vfran/billeagle_ws/bill_ws/install/bill_slam' for CMake module files
[0.482s] Level 1:colcon.colcon_core.environment:checking '/home/vfran/billeagle_ws/bill_ws/install/bill_slam' for CMake config files
[0.482s] Level 1:colcon.colcon_core.shell:create_environment_hook('bill_slam', 'cmake_prefix_path')
[0.482s] INFO:colcon.colcon_core.shell:Creating environment hook '/home/vfran/billeagle_ws/bill_ws/install/bill_slam/share/bill_slam/hook/cmake_prefix_path.ps1'
[0.482s] INFO:colcon.colcon_core.shell:Creating environment descriptor '/home/vfran/billeagle_ws/bill_ws/install/bill_slam/share/bill_slam/hook/cmake_prefix_path.dsv'
[0.482s] INFO:colcon.colcon_core.shell:Creating environment hook '/home/vfran/billeagle_ws/bill_ws/install/bill_slam/share/bill_slam/hook/cmake_prefix_path.sh'
[0.483s] Level 1:colcon.colcon_core.environment:checking '/home/vfran/billeagle_ws/bill_ws/install/bill_slam/bin'
[0.483s] Level 1:colcon.colcon_core.environment:checking '/home/vfran/billeagle_ws/bill_ws/install/bill_slam/lib/pkgconfig/bill_slam.pc'
[0.483s] Level 1:colcon.colcon_core.environment:checking '/home/vfran/billeagle_ws/bill_ws/install/bill_slam/lib/python3.10/site-packages'
[0.483s] Level 1:colcon.colcon_core.environment:checking '/home/vfran/billeagle_ws/bill_ws/install/bill_slam/bin'
[0.484s] INFO:colcon.colcon_core.shell:Creating package script '/home/vfran/billeagle_ws/bill_ws/install/bill_slam/share/bill_slam/package.ps1'
[0.484s] INFO:colcon.colcon_core.shell:Creating package descriptor '/home/vfran/billeagle_ws/bill_ws/install/bill_slam/share/bill_slam/package.dsv'
[0.484s] INFO:colcon.colcon_core.shell:Creating package script '/home/vfran/billeagle_ws/bill_ws/install/bill_slam/share/bill_slam/package.sh'
[0.485s] INFO:colcon.colcon_core.shell:Creating package script '/home/vfran/billeagle_ws/bill_ws/install/bill_slam/share/bill_slam/package.bash'
[0.485s] INFO:colcon.colcon_core.shell:Creating package script '/home/vfran/billeagle_ws/bill_ws/install/bill_slam/share/bill_slam/package.zsh'
[0.486s] Level 1:colcon.colcon_core.environment:create_file_with_runtime_dependencies(/home/vfran/billeagle_ws/bill_ws/install/bill_slam/share/colcon-core/packages/bill_slam)
[0.486s] DEBUG:colcon.colcon_parallel_executor.executor.parallel:closing loop
[0.486s] DEBUG:colcon.colcon_parallel_executor.executor.parallel:loop closed
[0.486s] DEBUG:colcon.colcon_parallel_executor.executor.parallel:run_until_complete finished with '0'
[0.486s] DEBUG:colcon.colcon_core.event_reactor:joining thread
[0.491s] INFO:colcon.colcon_core.plugin_system:Skipping extension 'colcon_notification.desktop_notification.terminal_notifier': Not used on non-Darwin systems
[0.491s] INFO:colcon.colcon_core.plugin_system:Skipping extension 'colcon_notification.desktop_notification.win32': Not used on non-Windows systems
[0.491s] INFO:colcon.colcon_notification.desktop_notification:Sending desktop notification using 'notify2'
[0.503s] DEBUG:colcon.colcon_core.event_reactor:joined thread
[0.503s] INFO:colcon.colcon_core.shell:Creating prefix script '/home/vfran/billeagle_ws/bill_ws/install/local_setup.ps1'
[0.504s] INFO:colcon.colcon_core.shell:Creating prefix util module '/home/vfran/billeagle_ws/bill_ws/install/_local_setup_util_ps1.py'
[0.506s] INFO:colcon.colcon_core.shell:Creating prefix chain script '/home/vfran/billeagle_ws/bill_ws/install/setup.ps1'
[0.508s] INFO:colcon.colcon_core.shell:Creating prefix script '/home/vfran/billeagle_ws/bill_ws/install/local_setup.sh'
[0.509s] INFO:colcon.colcon_core.shell:Creating prefix util module '/home/vfran/billeagle_ws/bill_ws/install/_local_setup_util_sh.py'
[0.510s] INFO:colcon.colcon_core.shell:Creating prefix chain script '/home/vfran/billeagle_ws/bill_ws/install/setup.sh'
[0.511s] INFO:colcon.colcon_core.shell:Creating prefix script '/home/vfran/billeagle_ws/bill_ws/install/local_setup.bash'
[0.512s] INFO:colcon.colcon_core.shell:Creating prefix chain script '/home/vfran/billeagle_ws/bill_ws/install/setup.bash'
[0.514s] INFO:colcon.colcon_core.shell:Creating prefix script '/home/vfran/billeagle_ws/bill_ws/install/local_setup.zsh'
[0.515s] INFO:colcon.colcon_core.shell:Creating prefix chain script '/home/vfran/billeagle_ws/bill_ws/install/setup.zsh'
