[0.020s] Invoking command in '/home/vfran/billeagle_ws/bill_ws/build/bill_nav': CMAKE_PREFIX_PATH=${CMAKE_PREFIX_PATH}:/opt/ros/humble /usr/local/bin/cmake --build /home/vfran/billeagle_ws/bill_ws/build/bill_nav -- -j16 -l16
[0.045s] Invoked command in '/home/vfran/billeagle_ws/bill_ws/build/bill_nav' returned '0': CMAKE_PREFIX_PATH=${CMAKE_PREFIX_PATH}:/opt/ros/humble /usr/local/bin/cmake --build /home/vfran/billeagle_ws/bill_ws/build/bill_nav -- -j16 -l16
[0.051s] Invoking command in '/home/vfran/billeagle_ws/bill_ws/build/bill_nav': CMAKE_PREFIX_PATH=${CMAKE_PREFIX_PATH}:/opt/ros/humble /usr/local/bin/cmake --install /home/vfran/billeagle_ws/bill_ws/build/bill_nav
[0.059s] -- Install configuration: ""
[0.059s] -- Execute custom install script
[0.059s] -- Up-to-date symlink: /home/vfran/billeagle_ws/bill_ws/install/bill_nav/share/bill_nav/config/nav2_params.yaml
[0.059s] -- Up-to-date symlink: /home/vfran/billeagle_ws/bill_ws/install/bill_nav/share/bill_nav/launch/navigation_launch.py
[0.061s] -- Up-to-date symlink: /home/vfran/billeagle_ws/bill_ws/install/bill_nav/share/ament_index/resource_index/package_run_dependencies/bill_nav
[0.061s] -- Up-to-date symlink: /home/vfran/billeagle_ws/bill_ws/install/bill_nav/share/ament_index/resource_index/parent_prefix_path/bill_nav
[0.061s] -- Up-to-date symlink: /home/vfran/billeagle_ws/bill_ws/install/bill_nav/share/bill_nav/environment/ament_prefix_path.sh
[0.061s] -- Up-to-date symlink: /home/vfran/billeagle_ws/bill_ws/install/bill_nav/share/bill_nav/environment/ament_prefix_path.dsv
[0.061s] -- Up-to-date symlink: /home/vfran/billeagle_ws/bill_ws/install/bill_nav/share/bill_nav/environment/path.sh
[0.062s] -- Up-to-date symlink: /home/vfran/billeagle_ws/bill_ws/install/bill_nav/share/bill_nav/environment/path.dsv
[0.062s] -- Up-to-date symlink: /home/vfran/billeagle_ws/bill_ws/install/bill_nav/share/bill_nav/local_setup.bash
[0.062s] -- Up-to-date symlink: /home/vfran/billeagle_ws/bill_ws/install/bill_nav/share/bill_nav/local_setup.sh
[0.062s] -- Up-to-date symlink: /home/vfran/billeagle_ws/bill_ws/install/bill_nav/share/bill_nav/local_setup.zsh
[0.062s] -- Up-to-date symlink: /home/vfran/billeagle_ws/bill_ws/install/bill_nav/share/bill_nav/local_setup.dsv
[0.063s] -- Symlinking: /home/vfran/billeagle_ws/bill_ws/install/bill_nav/share/bill_nav/package.dsv
[0.064s] -- Up-to-date symlink: /home/vfran/billeagle_ws/bill_ws/install/bill_nav/share/ament_index/resource_index/packages/bill_nav
[0.064s] -- Up-to-date symlink: /home/vfran/billeagle_ws/bill_ws/install/bill_nav/share/bill_nav/cmake/bill_navConfig.cmake
[0.064s] -- Up-to-date symlink: /home/vfran/billeagle_ws/bill_ws/install/bill_nav/share/bill_nav/cmake/bill_navConfig-version.cmake
[0.064s] -- Up-to-date symlink: /home/vfran/billeagle_ws/bill_ws/install/bill_nav/share/bill_nav/package.xml
[0.098s] Invoked command in '/home/vfran/billeagle_ws/bill_ws/build/bill_nav' returned '0': CMAKE_PREFIX_PATH=${CMAKE_PREFIX_PATH}:/opt/ros/humble /usr/local/bin/cmake --install /home/vfran/billeagle_ws/bill_ws/build/bill_nav
