[35m[1mConsolidate compiler generated dependencies of target bill_interfaces__rosidl_generator_c[0m
[  1%] Built target bill_interfaces__cpp
[ 12%] Built target bill_interfaces__rosidl_generator_c
[35m[1mConsolidate compiler generated dependencies of target bill_interfaces__rosidl_typesupport_introspection_cpp[0m
[ 12%] Built target ament_cmake_python_copy_bill_interfaces
[35m[1mConsolidate compiler generated dependencies of target bill_interfaces__rosidl_typesupport_cpp[0m
[35m[1mConsolidate compiler generated dependencies of target bill_interfaces__rosidl_typesupport_c[0m
[35m[1mConsolidate compiler generated dependencies of target bill_interfaces__rosidl_typesupport_fastrtps_cpp[0m
[35m[1mConsolidate compiler generated dependencies of target bill_interfaces__rosidl_typesupport_introspection_c[0m
[35m[1mConsolidate compiler generated dependencies of target bill_interfaces__rosidl_typesupport_fastrtps_c[0m
[ 38%] Built target bill_interfaces__rosidl_typesupport_introspection_cpp
[ 45%] Built target bill_interfaces__rosidl_typesupport_cpp
[ 46%] Built target bill_interfaces__rosidl_typesupport_c
[ 57%] Built target bill_interfaces__rosidl_typesupport_fastrtps_cpp
[ 69%] Built target bill_interfaces__rosidl_typesupport_introspection_c
[ 80%] Built target bill_interfaces__rosidl_typesupport_fastrtps_c
[ 80%] Built target bill_interfaces
[ 81%] Built target bill_interfaces__py
[35m[1mConsolidate compiler generated dependencies of target bill_interfaces__rosidl_generator_py[0m
[ 91%] Built target bill_interfaces__rosidl_generator_py
[35m[1mConsolidate compiler generated dependencies of target bill_interfaces__rosidl_typesupport_fastrtps_c__pyext[0m
[35m[1mConsolidate compiler generated dependencies of target bill_interfaces__rosidl_typesupport_introspection_c__pyext[0m
[35m[1mConsolidate compiler generated dependencies of target bill_interfaces__rosidl_typesupport_c__pyext[0m
[100%] Built target bill_interfaces__rosidl_typesupport_c__pyext
[100%] Built target bill_interfaces__rosidl_typesupport_introspection_c__pyext
[100%] Built target bill_interfaces__rosidl_typesupport_fastrtps_c__pyext
running egg_info
writing bill_interfaces.egg-info/PKG-INFO
writing dependency_links to bill_interfaces.egg-info/dependency_links.txt
writing top-level names to bill_interfaces.egg-info/top_level.txt
reading manifest file 'bill_interfaces.egg-info/SOURCES.txt'
writing manifest file 'bill_interfaces.egg-info/SOURCES.txt'
[100%] Built target ament_cmake_python_build_bill_interfaces_egg
-- Install configuration: ""
-- Up-to-date: /home/vic/billeagle_ws/personal_ws/src/bill_interfaces/install/bill_interfaces/share/ament_index/resource_index/rosidl_interfaces/bill_interfaces
-- Up-to-date: /home/vic/billeagle_ws/personal_ws/src/bill_interfaces/install/bill_interfaces/include/bill_interfaces/bill_interfaces
-- Up-to-date: /home/vic/billeagle_ws/personal_ws/src/bill_interfaces/install/bill_interfaces/include/bill_interfaces/bill_interfaces/msg
-- Up-to-date: /home/vic/billeagle_ws/personal_ws/src/bill_interfaces/install/bill_interfaces/include/bill_interfaces/bill_interfaces/msg/rosidl_generator_c__visibility_control.h
-- Up-to-date: /home/vic/billeagle_ws/personal_ws/src/bill_interfaces/install/bill_interfaces/include/bill_interfaces/bill_interfaces/msg/mission_status.h
-- Up-to-date: /home/vic/billeagle_ws/personal_ws/src/bill_interfaces/install/bill_interfaces/include/bill_interfaces/bill_interfaces/msg/detail
-- Up-to-date: /home/vic/billeagle_ws/personal_ws/src/bill_interfaces/install/bill_interfaces/include/bill_interfaces/bill_interfaces/msg/detail/mission_status__struct.h
-- Up-to-date: /home/vic/billeagle_ws/personal_ws/src/bill_interfaces/install/bill_interfaces/include/bill_interfaces/bill_interfaces/msg/detail/mission_status__functions.c
-- Up-to-date: /home/vic/billeagle_ws/personal_ws/src/bill_interfaces/install/bill_interfaces/include/bill_interfaces/bill_interfaces/msg/detail/mission_status__type_support.h
-- Up-to-date: /home/vic/billeagle_ws/personal_ws/src/bill_interfaces/install/bill_interfaces/include/bill_interfaces/bill_interfaces/msg/detail/mission_status__functions.h
-- Up-to-date: /home/vic/billeagle_ws/personal_ws/src/bill_interfaces/install/bill_interfaces/include/bill_interfaces/bill_interfaces/srv
-- Up-to-date: /home/vic/billeagle_ws/personal_ws/src/bill_interfaces/install/bill_interfaces/include/bill_interfaces/bill_interfaces/srv/execute_spin.h
-- Up-to-date: /home/vic/billeagle_ws/personal_ws/src/bill_interfaces/install/bill_interfaces/include/bill_interfaces/bill_interfaces/srv/get_name.h
-- Up-to-date: /home/vic/billeagle_ws/personal_ws/src/bill_interfaces/install/bill_interfaces/include/bill_interfaces/bill_interfaces/srv/search_for.h
-- Up-to-date: /home/vic/billeagle_ws/personal_ws/src/bill_interfaces/install/bill_interfaces/include/bill_interfaces/bill_interfaces/srv/detail
-- Up-to-date: /home/vic/billeagle_ws/personal_ws/src/bill_interfaces/install/bill_interfaces/include/bill_interfaces/bill_interfaces/srv/detail/get_name__struct.h
-- Up-to-date: /home/vic/billeagle_ws/personal_ws/src/bill_interfaces/install/bill_interfaces/include/bill_interfaces/bill_interfaces/srv/detail/get_name__type_support.h
-- Up-to-date: /home/vic/billeagle_ws/personal_ws/src/bill_interfaces/install/bill_interfaces/include/bill_interfaces/bill_interfaces/srv/detail/say_something__functions.c
-- Up-to-date: /home/vic/billeagle_ws/personal_ws/src/bill_interfaces/install/bill_interfaces/include/bill_interfaces/bill_interfaces/srv/detail/search_for__struct.h
-- Up-to-date: /home/vic/billeagle_ws/personal_ws/src/bill_interfaces/install/bill_interfaces/include/bill_interfaces/bill_interfaces/srv/detail/execute_spin__functions.c
-- Up-to-date: /home/vic/billeagle_ws/personal_ws/src/bill_interfaces/install/bill_interfaces/include/bill_interfaces/bill_interfaces/srv/detail/get_name__functions.h
-- Up-to-date: /home/vic/billeagle_ws/personal_ws/src/bill_interfaces/install/bill_interfaces/include/bill_interfaces/bill_interfaces/srv/detail/get_trained__type_support.h
-- Up-to-date: /home/vic/billeagle_ws/personal_ws/src/bill_interfaces/install/bill_interfaces/include/bill_interfaces/bill_interfaces/srv/detail/say_something__struct.h
-- Up-to-date: /home/vic/billeagle_ws/personal_ws/src/bill_interfaces/install/bill_interfaces/include/bill_interfaces/bill_interfaces/srv/detail/get_trained__functions.h
-- Up-to-date: /home/vic/billeagle_ws/personal_ws/src/bill_interfaces/install/bill_interfaces/include/bill_interfaces/bill_interfaces/srv/detail/execute_spin__type_support.h
-- Up-to-date: /home/vic/billeagle_ws/personal_ws/src/bill_interfaces/install/bill_interfaces/include/bill_interfaces/bill_interfaces/srv/detail/say_something__functions.h
-- Up-to-date: /home/vic/billeagle_ws/personal_ws/src/bill_interfaces/install/bill_interfaces/include/bill_interfaces/bill_interfaces/srv/detail/search_for__functions.c
-- Up-to-date: /home/vic/billeagle_ws/personal_ws/src/bill_interfaces/install/bill_interfaces/include/bill_interfaces/bill_interfaces/srv/detail/get_trained__struct.h
-- Up-to-date: /home/vic/billeagle_ws/personal_ws/src/bill_interfaces/install/bill_interfaces/include/bill_interfaces/bill_interfaces/srv/detail/get_trained__functions.c
-- Up-to-date: /home/vic/billeagle_ws/personal_ws/src/bill_interfaces/install/bill_interfaces/include/bill_interfaces/bill_interfaces/srv/detail/search_for__functions.h
-- Up-to-date: /home/vic/billeagle_ws/personal_ws/src/bill_interfaces/install/bill_interfaces/include/bill_interfaces/bill_interfaces/srv/detail/get_name__functions.c
-- Up-to-date: /home/vic/billeagle_ws/personal_ws/src/bill_interfaces/install/bill_interfaces/include/bill_interfaces/bill_interfaces/srv/detail/search_for__type_support.h
-- Up-to-date: /home/vic/billeagle_ws/personal_ws/src/bill_interfaces/install/bill_interfaces/include/bill_interfaces/bill_interfaces/srv/detail/execute_spin__struct.h
-- Up-to-date: /home/vic/billeagle_ws/personal_ws/src/bill_interfaces/install/bill_interfaces/include/bill_interfaces/bill_interfaces/srv/detail/say_something__type_support.h
-- Up-to-date: /home/vic/billeagle_ws/personal_ws/src/bill_interfaces/install/bill_interfaces/include/bill_interfaces/bill_interfaces/srv/detail/execute_spin__functions.h
-- Up-to-date: /home/vic/billeagle_ws/personal_ws/src/bill_interfaces/install/bill_interfaces/include/bill_interfaces/bill_interfaces/srv/say_something.h
-- Up-to-date: /home/vic/billeagle_ws/personal_ws/src/bill_interfaces/install/bill_interfaces/include/bill_interfaces/bill_interfaces/srv/get_trained.h
-- Up-to-date: /home/vic/billeagle_ws/personal_ws/src/bill_interfaces/install/bill_interfaces/share/bill_interfaces/environment/library_path.sh
-- Up-to-date: /home/vic/billeagle_ws/personal_ws/src/bill_interfaces/install/bill_interfaces/share/bill_interfaces/environment/library_path.dsv
-- Up-to-date: /home/vic/billeagle_ws/personal_ws/src/bill_interfaces/install/bill_interfaces/lib/libbill_interfaces__rosidl_generator_c.so
-- Up-to-date: /home/vic/billeagle_ws/personal_ws/src/bill_interfaces/install/bill_interfaces/include/bill_interfaces/bill_interfaces
-- Up-to-date: /home/vic/billeagle_ws/personal_ws/src/bill_interfaces/install/bill_interfaces/include/bill_interfaces/bill_interfaces/msg
-- Up-to-date: /home/vic/billeagle_ws/personal_ws/src/bill_interfaces/install/bill_interfaces/include/bill_interfaces/bill_interfaces/msg/rosidl_typesupport_fastrtps_c__visibility_control.h
-- Up-to-date: /home/vic/billeagle_ws/personal_ws/src/bill_interfaces/install/bill_interfaces/include/bill_interfaces/bill_interfaces/msg/detail
-- Up-to-date: /home/vic/billeagle_ws/personal_ws/src/bill_interfaces/install/bill_interfaces/include/bill_interfaces/bill_interfaces/msg/detail/mission_status__rosidl_typesupport_fastrtps_c.h
-- Up-to-date: /home/vic/billeagle_ws/personal_ws/src/bill_interfaces/install/bill_interfaces/include/bill_interfaces/bill_interfaces/srv
-- Up-to-date: /home/vic/billeagle_ws/personal_ws/src/bill_interfaces/install/bill_interfaces/include/bill_interfaces/bill_interfaces/srv/detail
-- Up-to-date: /home/vic/billeagle_ws/personal_ws/src/bill_interfaces/install/bill_interfaces/include/bill_interfaces/bill_interfaces/srv/detail/search_for__rosidl_typesupport_fastrtps_c.h
-- Up-to-date: /home/vic/billeagle_ws/personal_ws/src/bill_interfaces/install/bill_interfaces/include/bill_interfaces/bill_interfaces/srv/detail/get_trained__rosidl_typesupport_fastrtps_c.h
-- Up-to-date: /home/vic/billeagle_ws/personal_ws/src/bill_interfaces/install/bill_interfaces/include/bill_interfaces/bill_interfaces/srv/detail/say_something__rosidl_typesupport_fastrtps_c.h
-- Up-to-date: /home/vic/billeagle_ws/personal_ws/src/bill_interfaces/install/bill_interfaces/include/bill_interfaces/bill_interfaces/srv/detail/execute_spin__rosidl_typesupport_fastrtps_c.h
-- Up-to-date: /home/vic/billeagle_ws/personal_ws/src/bill_interfaces/install/bill_interfaces/include/bill_interfaces/bill_interfaces/srv/detail/get_name__rosidl_typesupport_fastrtps_c.h
-- Up-to-date: /home/vic/billeagle_ws/personal_ws/src/bill_interfaces/install/bill_interfaces/lib/libbill_interfaces__rosidl_typesupport_fastrtps_c.so
-- Up-to-date: /home/vic/billeagle_ws/personal_ws/src/bill_interfaces/install/bill_interfaces/include/bill_interfaces/bill_interfaces
-- Up-to-date: /home/vic/billeagle_ws/personal_ws/src/bill_interfaces/install/bill_interfaces/include/bill_interfaces/bill_interfaces/msg
-- Up-to-date: /home/vic/billeagle_ws/personal_ws/src/bill_interfaces/install/bill_interfaces/include/bill_interfaces/bill_interfaces/msg/rosidl_typesupport_introspection_c__visibility_control.h
-- Up-to-date: /home/vic/billeagle_ws/personal_ws/src/bill_interfaces/install/bill_interfaces/include/bill_interfaces/bill_interfaces/msg/detail
-- Up-to-date: /home/vic/billeagle_ws/personal_ws/src/bill_interfaces/install/bill_interfaces/include/bill_interfaces/bill_interfaces/msg/detail/mission_status__type_support.c
-- Up-to-date: /home/vic/billeagle_ws/personal_ws/src/bill_interfaces/install/bill_interfaces/include/bill_interfaces/bill_interfaces/msg/detail/mission_status__rosidl_typesupport_introspection_c.h
-- Up-to-date: /home/vic/billeagle_ws/personal_ws/src/bill_interfaces/install/bill_interfaces/include/bill_interfaces/bill_interfaces/srv
-- Up-to-date: /home/vic/billeagle_ws/personal_ws/src/bill_interfaces/install/bill_interfaces/include/bill_interfaces/bill_interfaces/srv/detail
-- Up-to-date: /home/vic/billeagle_ws/personal_ws/src/bill_interfaces/install/bill_interfaces/include/bill_interfaces/bill_interfaces/srv/detail/say_something__rosidl_typesupport_introspection_c.h
-- Up-to-date: /home/vic/billeagle_ws/personal_ws/src/bill_interfaces/install/bill_interfaces/include/bill_interfaces/bill_interfaces/srv/detail/get_trained__type_support.c
-- Up-to-date: /home/vic/billeagle_ws/personal_ws/src/bill_interfaces/install/bill_interfaces/include/bill_interfaces/bill_interfaces/srv/detail/search_for__rosidl_typesupport_introspection_c.h
-- Up-to-date: /home/vic/billeagle_ws/personal_ws/src/bill_interfaces/install/bill_interfaces/include/bill_interfaces/bill_interfaces/srv/detail/say_something__type_support.c
-- Up-to-date: /home/vic/billeagle_ws/personal_ws/src/bill_interfaces/install/bill_interfaces/include/bill_interfaces/bill_interfaces/srv/detail/get_name__type_support.c
-- Up-to-date: /home/vic/billeagle_ws/personal_ws/src/bill_interfaces/install/bill_interfaces/include/bill_interfaces/bill_interfaces/srv/detail/get_name__rosidl_typesupport_introspection_c.h
-- Up-to-date: /home/vic/billeagle_ws/personal_ws/src/bill_interfaces/install/bill_interfaces/include/bill_interfaces/bill_interfaces/srv/detail/get_trained__rosidl_typesupport_introspection_c.h
-- Up-to-date: /home/vic/billeagle_ws/personal_ws/src/bill_interfaces/install/bill_interfaces/include/bill_interfaces/bill_interfaces/srv/detail/execute_spin__rosidl_typesupport_introspection_c.h
-- Up-to-date: /home/vic/billeagle_ws/personal_ws/src/bill_interfaces/install/bill_interfaces/include/bill_interfaces/bill_interfaces/srv/detail/search_for__type_support.c
-- Up-to-date: /home/vic/billeagle_ws/personal_ws/src/bill_interfaces/install/bill_interfaces/include/bill_interfaces/bill_interfaces/srv/detail/execute_spin__type_support.c
-- Up-to-date: /home/vic/billeagle_ws/personal_ws/src/bill_interfaces/install/bill_interfaces/lib/libbill_interfaces__rosidl_typesupport_introspection_c.so
-- Up-to-date: /home/vic/billeagle_ws/personal_ws/src/bill_interfaces/install/bill_interfaces/lib/libbill_interfaces__rosidl_typesupport_c.so
-- Up-to-date: /home/vic/billeagle_ws/personal_ws/src/bill_interfaces/install/bill_interfaces/include/bill_interfaces/bill_interfaces
-- Up-to-date: /home/vic/billeagle_ws/personal_ws/src/bill_interfaces/install/bill_interfaces/include/bill_interfaces/bill_interfaces/msg
-- Up-to-date: /home/vic/billeagle_ws/personal_ws/src/bill_interfaces/install/bill_interfaces/include/bill_interfaces/bill_interfaces/msg/rosidl_generator_cpp__visibility_control.hpp
-- Up-to-date: /home/vic/billeagle_ws/personal_ws/src/bill_interfaces/install/bill_interfaces/include/bill_interfaces/bill_interfaces/msg/detail
-- Up-to-date: /home/vic/billeagle_ws/personal_ws/src/bill_interfaces/install/bill_interfaces/include/bill_interfaces/bill_interfaces/msg/detail/mission_status__type_support.hpp
-- Up-to-date: /home/vic/billeagle_ws/personal_ws/src/bill_interfaces/install/bill_interfaces/include/bill_interfaces/bill_interfaces/msg/detail/mission_status__traits.hpp
-- Up-to-date: /home/vic/billeagle_ws/personal_ws/src/bill_interfaces/install/bill_interfaces/include/bill_interfaces/bill_interfaces/msg/detail/mission_status__builder.hpp
-- Up-to-date: /home/vic/billeagle_ws/personal_ws/src/bill_interfaces/install/bill_interfaces/include/bill_interfaces/bill_interfaces/msg/detail/mission_status__struct.hpp
-- Up-to-date: /home/vic/billeagle_ws/personal_ws/src/bill_interfaces/install/bill_interfaces/include/bill_interfaces/bill_interfaces/msg/mission_status.hpp
-- Up-to-date: /home/vic/billeagle_ws/personal_ws/src/bill_interfaces/install/bill_interfaces/include/bill_interfaces/bill_interfaces/srv
-- Up-to-date: /home/vic/billeagle_ws/personal_ws/src/bill_interfaces/install/bill_interfaces/include/bill_interfaces/bill_interfaces/srv/get_trained.hpp
-- Up-to-date: /home/vic/billeagle_ws/personal_ws/src/bill_interfaces/install/bill_interfaces/include/bill_interfaces/bill_interfaces/srv/get_name.hpp
-- Up-to-date: /home/vic/billeagle_ws/personal_ws/src/bill_interfaces/install/bill_interfaces/include/bill_interfaces/bill_interfaces/srv/search_for.hpp
-- Up-to-date: /home/vic/billeagle_ws/personal_ws/src/bill_interfaces/install/bill_interfaces/include/bill_interfaces/bill_interfaces/srv/execute_spin.hpp
-- Up-to-date: /home/vic/billeagle_ws/personal_ws/src/bill_interfaces/install/bill_interfaces/include/bill_interfaces/bill_interfaces/srv/detail
-- Up-to-date: /home/vic/billeagle_ws/personal_ws/src/bill_interfaces/install/bill_interfaces/include/bill_interfaces/bill_interfaces/srv/detail/say_something__traits.hpp
-- Up-to-date: /home/vic/billeagle_ws/personal_ws/src/bill_interfaces/install/bill_interfaces/include/bill_interfaces/bill_interfaces/srv/detail/search_for__traits.hpp
-- Up-to-date: /home/vic/billeagle_ws/personal_ws/src/bill_interfaces/install/bill_interfaces/include/bill_interfaces/bill_interfaces/srv/detail/get_name__struct.hpp
-- Up-to-date: /home/vic/billeagle_ws/personal_ws/src/bill_interfaces/install/bill_interfaces/include/bill_interfaces/bill_interfaces/srv/detail/get_trained__builder.hpp
-- Up-to-date: /home/vic/billeagle_ws/personal_ws/src/bill_interfaces/install/bill_interfaces/include/bill_interfaces/bill_interfaces/srv/detail/search_for__type_support.hpp
-- Up-to-date: /home/vic/billeagle_ws/personal_ws/src/bill_interfaces/install/bill_interfaces/include/bill_interfaces/bill_interfaces/srv/detail/say_something__struct.hpp
-- Up-to-date: /home/vic/billeagle_ws/personal_ws/src/bill_interfaces/install/bill_interfaces/include/bill_interfaces/bill_interfaces/srv/detail/execute_spin__traits.hpp
-- Up-to-date: /home/vic/billeagle_ws/personal_ws/src/bill_interfaces/install/bill_interfaces/include/bill_interfaces/bill_interfaces/srv/detail/execute_spin__builder.hpp
-- Up-to-date: /home/vic/billeagle_ws/personal_ws/src/bill_interfaces/install/bill_interfaces/include/bill_interfaces/bill_interfaces/srv/detail/say_something__builder.hpp
-- Up-to-date: /home/vic/billeagle_ws/personal_ws/src/bill_interfaces/install/bill_interfaces/include/bill_interfaces/bill_interfaces/srv/detail/get_name__builder.hpp
-- Up-to-date: /home/vic/billeagle_ws/personal_ws/src/bill_interfaces/install/bill_interfaces/include/bill_interfaces/bill_interfaces/srv/detail/get_trained__struct.hpp
-- Up-to-date: /home/vic/billeagle_ws/personal_ws/src/bill_interfaces/install/bill_interfaces/include/bill_interfaces/bill_interfaces/srv/detail/get_trained__type_support.hpp
-- Up-to-date: /home/vic/billeagle_ws/personal_ws/src/bill_interfaces/install/bill_interfaces/include/bill_interfaces/bill_interfaces/srv/detail/execute_spin__struct.hpp
-- Up-to-date: /home/vic/billeagle_ws/personal_ws/src/bill_interfaces/install/bill_interfaces/include/bill_interfaces/bill_interfaces/srv/detail/get_trained__traits.hpp
-- Up-to-date: /home/vic/billeagle_ws/personal_ws/src/bill_interfaces/install/bill_interfaces/include/bill_interfaces/bill_interfaces/srv/detail/execute_spin__type_support.hpp
-- Up-to-date: /home/vic/billeagle_ws/personal_ws/src/bill_interfaces/install/bill_interfaces/include/bill_interfaces/bill_interfaces/srv/detail/get_name__traits.hpp
-- Up-to-date: /home/vic/billeagle_ws/personal_ws/src/bill_interfaces/install/bill_interfaces/include/bill_interfaces/bill_interfaces/srv/detail/get_name__type_support.hpp
-- Up-to-date: /home/vic/billeagle_ws/personal_ws/src/bill_interfaces/install/bill_interfaces/include/bill_interfaces/bill_interfaces/srv/detail/search_for__builder.hpp
-- Up-to-date: /home/vic/billeagle_ws/personal_ws/src/bill_interfaces/install/bill_interfaces/include/bill_interfaces/bill_interfaces/srv/detail/search_for__struct.hpp
-- Up-to-date: /home/vic/billeagle_ws/personal_ws/src/bill_interfaces/install/bill_interfaces/include/bill_interfaces/bill_interfaces/srv/detail/say_something__type_support.hpp
-- Up-to-date: /home/vic/billeagle_ws/personal_ws/src/bill_interfaces/install/bill_interfaces/include/bill_interfaces/bill_interfaces/srv/say_something.hpp
-- Up-to-date: /home/vic/billeagle_ws/personal_ws/src/bill_interfaces/install/bill_interfaces/include/bill_interfaces/bill_interfaces
-- Up-to-date: /home/vic/billeagle_ws/personal_ws/src/bill_interfaces/install/bill_interfaces/include/bill_interfaces/bill_interfaces/msg
-- Up-to-date: /home/vic/billeagle_ws/personal_ws/src/bill_interfaces/install/bill_interfaces/include/bill_interfaces/bill_interfaces/msg/rosidl_typesupport_fastrtps_cpp__visibility_control.h
-- Up-to-date: /home/vic/billeagle_ws/personal_ws/src/bill_interfaces/install/bill_interfaces/include/bill_interfaces/bill_interfaces/msg/detail
-- Up-to-date: /home/vic/billeagle_ws/personal_ws/src/bill_interfaces/install/bill_interfaces/include/bill_interfaces/bill_interfaces/msg/detail/dds_fastrtps
-- Up-to-date: /home/vic/billeagle_ws/personal_ws/src/bill_interfaces/install/bill_interfaces/include/bill_interfaces/bill_interfaces/msg/detail/mission_status__rosidl_typesupport_fastrtps_cpp.hpp
-- Up-to-date: /home/vic/billeagle_ws/personal_ws/src/bill_interfaces/install/bill_interfaces/include/bill_interfaces/bill_interfaces/srv
-- Up-to-date: /home/vic/billeagle_ws/personal_ws/src/bill_interfaces/install/bill_interfaces/include/bill_interfaces/bill_interfaces/srv/detail
-- Up-to-date: /home/vic/billeagle_ws/personal_ws/src/bill_interfaces/install/bill_interfaces/include/bill_interfaces/bill_interfaces/srv/detail/get_name__rosidl_typesupport_fastrtps_cpp.hpp
-- Up-to-date: /home/vic/billeagle_ws/personal_ws/src/bill_interfaces/install/bill_interfaces/include/bill_interfaces/bill_interfaces/srv/detail/execute_spin__rosidl_typesupport_fastrtps_cpp.hpp
-- Up-to-date: /home/vic/billeagle_ws/personal_ws/src/bill_interfaces/install/bill_interfaces/include/bill_interfaces/bill_interfaces/srv/detail/get_trained__rosidl_typesupport_fastrtps_cpp.hpp
-- Up-to-date: /home/vic/billeagle_ws/personal_ws/src/bill_interfaces/install/bill_interfaces/include/bill_interfaces/bill_interfaces/srv/detail/dds_fastrtps
-- Up-to-date: /home/vic/billeagle_ws/personal_ws/src/bill_interfaces/install/bill_interfaces/include/bill_interfaces/bill_interfaces/srv/detail/search_for__rosidl_typesupport_fastrtps_cpp.hpp
-- Up-to-date: /home/vic/billeagle_ws/personal_ws/src/bill_interfaces/install/bill_interfaces/include/bill_interfaces/bill_interfaces/srv/detail/say_something__rosidl_typesupport_fastrtps_cpp.hpp
-- Up-to-date: /home/vic/billeagle_ws/personal_ws/src/bill_interfaces/install/bill_interfaces/lib/libbill_interfaces__rosidl_typesupport_fastrtps_cpp.so
-- Up-to-date: /home/vic/billeagle_ws/personal_ws/src/bill_interfaces/install/bill_interfaces/include/bill_interfaces/bill_interfaces
-- Up-to-date: /home/vic/billeagle_ws/personal_ws/src/bill_interfaces/install/bill_interfaces/include/bill_interfaces/bill_interfaces/msg
-- Up-to-date: /home/vic/billeagle_ws/personal_ws/src/bill_interfaces/install/bill_interfaces/include/bill_interfaces/bill_interfaces/msg/detail
-- Up-to-date: /home/vic/billeagle_ws/personal_ws/src/bill_interfaces/install/bill_interfaces/include/bill_interfaces/bill_interfaces/msg/detail/mission_status__rosidl_typesupport_introspection_cpp.hpp
-- Up-to-date: /home/vic/billeagle_ws/personal_ws/src/bill_interfaces/install/bill_interfaces/include/bill_interfaces/bill_interfaces/msg/detail/mission_status__type_support.cpp
-- Up-to-date: /home/vic/billeagle_ws/personal_ws/src/bill_interfaces/install/bill_interfaces/include/bill_interfaces/bill_interfaces/srv
-- Up-to-date: /home/vic/billeagle_ws/personal_ws/src/bill_interfaces/install/bill_interfaces/include/bill_interfaces/bill_interfaces/srv/detail
-- Up-to-date: /home/vic/billeagle_ws/personal_ws/src/bill_interfaces/install/bill_interfaces/include/bill_interfaces/bill_interfaces/srv/detail/search_for__rosidl_typesupport_introspection_cpp.hpp
-- Up-to-date: /home/vic/billeagle_ws/personal_ws/src/bill_interfaces/install/bill_interfaces/include/bill_interfaces/bill_interfaces/srv/detail/execute_spin__type_support.cpp
-- Up-to-date: /home/vic/billeagle_ws/personal_ws/src/bill_interfaces/install/bill_interfaces/include/bill_interfaces/bill_interfaces/srv/detail/execute_spin__rosidl_typesupport_introspection_cpp.hpp
-- Up-to-date: /home/vic/billeagle_ws/personal_ws/src/bill_interfaces/install/bill_interfaces/include/bill_interfaces/bill_interfaces/srv/detail/say_something__type_support.cpp
-- Up-to-date: /home/vic/billeagle_ws/personal_ws/src/bill_interfaces/install/bill_interfaces/include/bill_interfaces/bill_interfaces/srv/detail/say_something__rosidl_typesupport_introspection_cpp.hpp
-- Up-to-date: /home/vic/billeagle_ws/personal_ws/src/bill_interfaces/install/bill_interfaces/include/bill_interfaces/bill_interfaces/srv/detail/search_for__type_support.cpp
-- Up-to-date: /home/vic/billeagle_ws/personal_ws/src/bill_interfaces/install/bill_interfaces/include/bill_interfaces/bill_interfaces/srv/detail/get_name__rosidl_typesupport_introspection_cpp.hpp
-- Up-to-date: /home/vic/billeagle_ws/personal_ws/src/bill_interfaces/install/bill_interfaces/include/bill_interfaces/bill_interfaces/srv/detail/get_trained__rosidl_typesupport_introspection_cpp.hpp
-- Up-to-date: /home/vic/billeagle_ws/personal_ws/src/bill_interfaces/install/bill_interfaces/include/bill_interfaces/bill_interfaces/srv/detail/get_trained__type_support.cpp
-- Up-to-date: /home/vic/billeagle_ws/personal_ws/src/bill_interfaces/install/bill_interfaces/include/bill_interfaces/bill_interfaces/srv/detail/get_name__type_support.cpp
-- Up-to-date: /home/vic/billeagle_ws/personal_ws/src/bill_interfaces/install/bill_interfaces/lib/libbill_interfaces__rosidl_typesupport_introspection_cpp.so
-- Up-to-date: /home/vic/billeagle_ws/personal_ws/src/bill_interfaces/install/bill_interfaces/lib/libbill_interfaces__rosidl_typesupport_cpp.so
-- Up-to-date: /home/vic/billeagle_ws/personal_ws/src/bill_interfaces/install/bill_interfaces/share/bill_interfaces/environment/pythonpath.sh
-- Up-to-date: /home/vic/billeagle_ws/personal_ws/src/bill_interfaces/install/bill_interfaces/share/bill_interfaces/environment/pythonpath.dsv
-- Up-to-date: /home/vic/billeagle_ws/personal_ws/src/bill_interfaces/install/bill_interfaces/local/lib/python3.10/dist-packages/bill_interfaces-0.0.0-py3.10.egg-info
-- Installing: /home/vic/billeagle_ws/personal_ws/src/bill_interfaces/install/bill_interfaces/local/lib/python3.10/dist-packages/bill_interfaces-0.0.0-py3.10.egg-info/PKG-INFO
-- Installing: /home/vic/billeagle_ws/personal_ws/src/bill_interfaces/install/bill_interfaces/local/lib/python3.10/dist-packages/bill_interfaces-0.0.0-py3.10.egg-info/dependency_links.txt
-- Installing: /home/vic/billeagle_ws/personal_ws/src/bill_interfaces/install/bill_interfaces/local/lib/python3.10/dist-packages/bill_interfaces-0.0.0-py3.10.egg-info/top_level.txt
-- Installing: /home/vic/billeagle_ws/personal_ws/src/bill_interfaces/install/bill_interfaces/local/lib/python3.10/dist-packages/bill_interfaces-0.0.0-py3.10.egg-info/SOURCES.txt
-- Up-to-date: /home/vic/billeagle_ws/personal_ws/src/bill_interfaces/install/bill_interfaces/local/lib/python3.10/dist-packages/bill_interfaces
-- Up-to-date: /home/vic/billeagle_ws/personal_ws/src/bill_interfaces/install/bill_interfaces/local/lib/python3.10/dist-packages/bill_interfaces/msg
-- Up-to-date: /home/vic/billeagle_ws/personal_ws/src/bill_interfaces/install/bill_interfaces/local/lib/python3.10/dist-packages/bill_interfaces/msg/_mission_status.py
-- Up-to-date: /home/vic/billeagle_ws/personal_ws/src/bill_interfaces/install/bill_interfaces/local/lib/python3.10/dist-packages/bill_interfaces/msg/__init__.py
-- Up-to-date: /home/vic/billeagle_ws/personal_ws/src/bill_interfaces/install/bill_interfaces/local/lib/python3.10/dist-packages/bill_interfaces/msg/_mission_status_s.c
-- Up-to-date: /home/vic/billeagle_ws/personal_ws/src/bill_interfaces/install/bill_interfaces/local/lib/python3.10/dist-packages/bill_interfaces/libbill_interfaces__rosidl_generator_py.so
-- Up-to-date: /home/vic/billeagle_ws/personal_ws/src/bill_interfaces/install/bill_interfaces/local/lib/python3.10/dist-packages/bill_interfaces/_bill_interfaces_s.ep.rosidl_typesupport_c.c
-- Up-to-date: /home/vic/billeagle_ws/personal_ws/src/bill_interfaces/install/bill_interfaces/local/lib/python3.10/dist-packages/bill_interfaces/srv
-- Up-to-date: /home/vic/billeagle_ws/personal_ws/src/bill_interfaces/install/bill_interfaces/local/lib/python3.10/dist-packages/bill_interfaces/srv/_search_for.py
-- Up-to-date: /home/vic/billeagle_ws/personal_ws/src/bill_interfaces/install/bill_interfaces/local/lib/python3.10/dist-packages/bill_interfaces/srv/_execute_spin.py
-- Up-to-date: /home/vic/billeagle_ws/personal_ws/src/bill_interfaces/install/bill_interfaces/local/lib/python3.10/dist-packages/bill_interfaces/srv/_execute_spin_s.c
-- Up-to-date: /home/vic/billeagle_ws/personal_ws/src/bill_interfaces/install/bill_interfaces/local/lib/python3.10/dist-packages/bill_interfaces/srv/_get_name.py
-- Up-to-date: /home/vic/billeagle_ws/personal_ws/src/bill_interfaces/install/bill_interfaces/local/lib/python3.10/dist-packages/bill_interfaces/srv/_get_trained_s.c
-- Up-to-date: /home/vic/billeagle_ws/personal_ws/src/bill_interfaces/install/bill_interfaces/local/lib/python3.10/dist-packages/bill_interfaces/srv/_say_something_s.c
-- Up-to-date: /home/vic/billeagle_ws/personal_ws/src/bill_interfaces/install/bill_interfaces/local/lib/python3.10/dist-packages/bill_interfaces/srv/_say_something.py
-- Up-to-date: /home/vic/billeagle_ws/personal_ws/src/bill_interfaces/install/bill_interfaces/local/lib/python3.10/dist-packages/bill_interfaces/srv/__init__.py
-- Up-to-date: /home/vic/billeagle_ws/personal_ws/src/bill_interfaces/install/bill_interfaces/local/lib/python3.10/dist-packages/bill_interfaces/srv/_get_trained.py
-- Up-to-date: /home/vic/billeagle_ws/personal_ws/src/bill_interfaces/install/bill_interfaces/local/lib/python3.10/dist-packages/bill_interfaces/srv/_get_name_s.c
-- Up-to-date: /home/vic/billeagle_ws/personal_ws/src/bill_interfaces/install/bill_interfaces/local/lib/python3.10/dist-packages/bill_interfaces/srv/_search_for_s.c
-- Up-to-date: /home/vic/billeagle_ws/personal_ws/src/bill_interfaces/install/bill_interfaces/local/lib/python3.10/dist-packages/bill_interfaces/bill_interfaces_s__rosidl_typesupport_introspection_c.cpython-310-x86_64-linux-gnu.so
-- Up-to-date: /home/vic/billeagle_ws/personal_ws/src/bill_interfaces/install/bill_interfaces/local/lib/python3.10/dist-packages/bill_interfaces/_bill_interfaces_s.ep.rosidl_typesupport_fastrtps_c.c
-- Up-to-date: /home/vic/billeagle_ws/personal_ws/src/bill_interfaces/install/bill_interfaces/local/lib/python3.10/dist-packages/bill_interfaces/_bill_interfaces_s.ep.rosidl_typesupport_introspection_c.c
-- Up-to-date: /home/vic/billeagle_ws/personal_ws/src/bill_interfaces/install/bill_interfaces/local/lib/python3.10/dist-packages/bill_interfaces/__init__.py
-- Up-to-date: /home/vic/billeagle_ws/personal_ws/src/bill_interfaces/install/bill_interfaces/local/lib/python3.10/dist-packages/bill_interfaces/bill_interfaces_s__rosidl_typesupport_c.cpython-310-x86_64-linux-gnu.so
-- Up-to-date: /home/vic/billeagle_ws/personal_ws/src/bill_interfaces/install/bill_interfaces/local/lib/python3.10/dist-packages/bill_interfaces/bill_interfaces_s__rosidl_typesupport_fastrtps_c.cpython-310-x86_64-linux-gnu.so
Listing '/home/vic/billeagle_ws/personal_ws/src/bill_interfaces/install/bill_interfaces/local/lib/python3.10/dist-packages/bill_interfaces'...
Listing '/home/vic/billeagle_ws/personal_ws/src/bill_interfaces/install/bill_interfaces/local/lib/python3.10/dist-packages/bill_interfaces/msg'...
Listing '/home/vic/billeagle_ws/personal_ws/src/bill_interfaces/install/bill_interfaces/local/lib/python3.10/dist-packages/bill_interfaces/srv'...
-- Up-to-date: /home/vic/billeagle_ws/personal_ws/src/bill_interfaces/install/bill_interfaces/local/lib/python3.10/dist-packages/bill_interfaces/bill_interfaces_s__rosidl_typesupport_fastrtps_c.cpython-310-x86_64-linux-gnu.so
-- Up-to-date: /home/vic/billeagle_ws/personal_ws/src/bill_interfaces/install/bill_interfaces/local/lib/python3.10/dist-packages/bill_interfaces/bill_interfaces_s__rosidl_typesupport_introspection_c.cpython-310-x86_64-linux-gnu.so
-- Up-to-date: /home/vic/billeagle_ws/personal_ws/src/bill_interfaces/install/bill_interfaces/local/lib/python3.10/dist-packages/bill_interfaces/bill_interfaces_s__rosidl_typesupport_c.cpython-310-x86_64-linux-gnu.so
-- Up-to-date: /home/vic/billeagle_ws/personal_ws/src/bill_interfaces/install/bill_interfaces/lib/libbill_interfaces__rosidl_generator_py.so
-- Up-to-date: /home/vic/billeagle_ws/personal_ws/src/bill_interfaces/install/bill_interfaces/share/bill_interfaces/msg/MissionStatus.idl
-- Up-to-date: /home/vic/billeagle_ws/personal_ws/src/bill_interfaces/install/bill_interfaces/share/bill_interfaces/srv/GetName.idl
-- Up-to-date: /home/vic/billeagle_ws/personal_ws/src/bill_interfaces/install/bill_interfaces/share/bill_interfaces/srv/SearchFor.idl
-- Up-to-date: /home/vic/billeagle_ws/personal_ws/src/bill_interfaces/install/bill_interfaces/share/bill_interfaces/srv/GetTrained.idl
-- Up-to-date: /home/vic/billeagle_ws/personal_ws/src/bill_interfaces/install/bill_interfaces/share/bill_interfaces/srv/ExecuteSpin.idl
-- Up-to-date: /home/vic/billeagle_ws/personal_ws/src/bill_interfaces/install/bill_interfaces/share/bill_interfaces/srv/SaySomething.idl
-- Up-to-date: /home/vic/billeagle_ws/personal_ws/src/bill_interfaces/install/bill_interfaces/share/bill_interfaces/msg/MissionStatus.msg
-- Up-to-date: /home/vic/billeagle_ws/personal_ws/src/bill_interfaces/install/bill_interfaces/share/bill_interfaces/srv/GetName.srv
-- Up-to-date: /home/vic/billeagle_ws/personal_ws/src/bill_interfaces/install/bill_interfaces/share/bill_interfaces/srv/GetName_Request.msg
-- Up-to-date: /home/vic/billeagle_ws/personal_ws/src/bill_interfaces/install/bill_interfaces/share/bill_interfaces/srv/GetName_Response.msg
-- Up-to-date: /home/vic/billeagle_ws/personal_ws/src/bill_interfaces/install/bill_interfaces/share/bill_interfaces/srv/SearchFor.srv
-- Up-to-date: /home/vic/billeagle_ws/personal_ws/src/bill_interfaces/install/bill_interfaces/share/bill_interfaces/srv/SearchFor_Request.msg
-- Up-to-date: /home/vic/billeagle_ws/personal_ws/src/bill_interfaces/install/bill_interfaces/share/bill_interfaces/srv/SearchFor_Response.msg
-- Up-to-date: /home/vic/billeagle_ws/personal_ws/src/bill_interfaces/install/bill_interfaces/share/bill_interfaces/srv/GetTrained.srv
-- Up-to-date: /home/vic/billeagle_ws/personal_ws/src/bill_interfaces/install/bill_interfaces/share/bill_interfaces/srv/GetTrained_Request.msg
-- Up-to-date: /home/vic/billeagle_ws/personal_ws/src/bill_interfaces/install/bill_interfaces/share/bill_interfaces/srv/GetTrained_Response.msg
-- Up-to-date: /home/vic/billeagle_ws/personal_ws/src/bill_interfaces/install/bill_interfaces/share/bill_interfaces/srv/ExecuteSpin.srv
-- Up-to-date: /home/vic/billeagle_ws/personal_ws/src/bill_interfaces/install/bill_interfaces/share/bill_interfaces/srv/ExecuteSpin_Request.msg
-- Up-to-date: /home/vic/billeagle_ws/personal_ws/src/bill_interfaces/install/bill_interfaces/share/bill_interfaces/srv/ExecuteSpin_Response.msg
-- Up-to-date: /home/vic/billeagle_ws/personal_ws/src/bill_interfaces/install/bill_interfaces/share/bill_interfaces/srv/SaySomething.srv
-- Up-to-date: /home/vic/billeagle_ws/personal_ws/src/bill_interfaces/install/bill_interfaces/share/bill_interfaces/srv/SaySomething_Request.msg
-- Up-to-date: /home/vic/billeagle_ws/personal_ws/src/bill_interfaces/install/bill_interfaces/share/bill_interfaces/srv/SaySomething_Response.msg
-- Up-to-date: /home/vic/billeagle_ws/personal_ws/src/bill_interfaces/install/bill_interfaces/share/ament_index/resource_index/package_run_dependencies/bill_interfaces
-- Up-to-date: /home/vic/billeagle_ws/personal_ws/src/bill_interfaces/install/bill_interfaces/share/ament_index/resource_index/parent_prefix_path/bill_interfaces
-- Up-to-date: /home/vic/billeagle_ws/personal_ws/src/bill_interfaces/install/bill_interfaces/share/bill_interfaces/environment/ament_prefix_path.sh
-- Up-to-date: /home/vic/billeagle_ws/personal_ws/src/bill_interfaces/install/bill_interfaces/share/bill_interfaces/environment/ament_prefix_path.dsv
-- Up-to-date: /home/vic/billeagle_ws/personal_ws/src/bill_interfaces/install/bill_interfaces/share/bill_interfaces/environment/path.sh
-- Up-to-date: /home/vic/billeagle_ws/personal_ws/src/bill_interfaces/install/bill_interfaces/share/bill_interfaces/environment/path.dsv
-- Up-to-date: /home/vic/billeagle_ws/personal_ws/src/bill_interfaces/install/bill_interfaces/share/bill_interfaces/local_setup.bash
-- Up-to-date: /home/vic/billeagle_ws/personal_ws/src/bill_interfaces/install/bill_interfaces/share/bill_interfaces/local_setup.sh
-- Up-to-date: /home/vic/billeagle_ws/personal_ws/src/bill_interfaces/install/bill_interfaces/share/bill_interfaces/local_setup.zsh
-- Up-to-date: /home/vic/billeagle_ws/personal_ws/src/bill_interfaces/install/bill_interfaces/share/bill_interfaces/local_setup.dsv
-- Installing: /home/vic/billeagle_ws/personal_ws/src/bill_interfaces/install/bill_interfaces/share/bill_interfaces/package.dsv
-- Up-to-date: /home/vic/billeagle_ws/personal_ws/src/bill_interfaces/install/bill_interfaces/share/ament_index/resource_index/packages/bill_interfaces
-- Up-to-date: /home/vic/billeagle_ws/personal_ws/src/bill_interfaces/install/bill_interfaces/share/bill_interfaces/cmake/export_bill_interfaces__rosidl_generator_cExport.cmake
-- Up-to-date: /home/vic/billeagle_ws/personal_ws/src/bill_interfaces/install/bill_interfaces/share/bill_interfaces/cmake/export_bill_interfaces__rosidl_generator_cExport-noconfig.cmake
-- Up-to-date: /home/vic/billeagle_ws/personal_ws/src/bill_interfaces/install/bill_interfaces/share/bill_interfaces/cmake/export_bill_interfaces__rosidl_typesupport_fastrtps_cExport.cmake
-- Up-to-date: /home/vic/billeagle_ws/personal_ws/src/bill_interfaces/install/bill_interfaces/share/bill_interfaces/cmake/export_bill_interfaces__rosidl_typesupport_fastrtps_cExport-noconfig.cmake
-- Up-to-date: /home/vic/billeagle_ws/personal_ws/src/bill_interfaces/install/bill_interfaces/share/bill_interfaces/cmake/bill_interfaces__rosidl_typesupport_introspection_cExport.cmake
-- Up-to-date: /home/vic/billeagle_ws/personal_ws/src/bill_interfaces/install/bill_interfaces/share/bill_interfaces/cmake/bill_interfaces__rosidl_typesupport_introspection_cExport-noconfig.cmake
-- Up-to-date: /home/vic/billeagle_ws/personal_ws/src/bill_interfaces/install/bill_interfaces/share/bill_interfaces/cmake/bill_interfaces__rosidl_typesupport_cExport.cmake
-- Up-to-date: /home/vic/billeagle_ws/personal_ws/src/bill_interfaces/install/bill_interfaces/share/bill_interfaces/cmake/bill_interfaces__rosidl_typesupport_cExport-noconfig.cmake
-- Up-to-date: /home/vic/billeagle_ws/personal_ws/src/bill_interfaces/install/bill_interfaces/share/bill_interfaces/cmake/export_bill_interfaces__rosidl_generator_cppExport.cmake
-- Up-to-date: /home/vic/billeagle_ws/personal_ws/src/bill_interfaces/install/bill_interfaces/share/bill_interfaces/cmake/export_bill_interfaces__rosidl_typesupport_fastrtps_cppExport.cmake
-- Up-to-date: /home/vic/billeagle_ws/personal_ws/src/bill_interfaces/install/bill_interfaces/share/bill_interfaces/cmake/export_bill_interfaces__rosidl_typesupport_fastrtps_cppExport-noconfig.cmake
-- Up-to-date: /home/vic/billeagle_ws/personal_ws/src/bill_interfaces/install/bill_interfaces/share/bill_interfaces/cmake/bill_interfaces__rosidl_typesupport_introspection_cppExport.cmake
-- Up-to-date: /home/vic/billeagle_ws/personal_ws/src/bill_interfaces/install/bill_interfaces/share/bill_interfaces/cmake/bill_interfaces__rosidl_typesupport_introspection_cppExport-noconfig.cmake
-- Up-to-date: /home/vic/billeagle_ws/personal_ws/src/bill_interfaces/install/bill_interfaces/share/bill_interfaces/cmake/bill_interfaces__rosidl_typesupport_cppExport.cmake
-- Up-to-date: /home/vic/billeagle_ws/personal_ws/src/bill_interfaces/install/bill_interfaces/share/bill_interfaces/cmake/bill_interfaces__rosidl_typesupport_cppExport-noconfig.cmake
-- Up-to-date: /home/vic/billeagle_ws/personal_ws/src/bill_interfaces/install/bill_interfaces/share/bill_interfaces/cmake/export_bill_interfaces__rosidl_generator_pyExport.cmake
-- Up-to-date: /home/vic/billeagle_ws/personal_ws/src/bill_interfaces/install/bill_interfaces/share/bill_interfaces/cmake/export_bill_interfaces__rosidl_generator_pyExport-noconfig.cmake
-- Up-to-date: /home/vic/billeagle_ws/personal_ws/src/bill_interfaces/install/bill_interfaces/share/bill_interfaces/cmake/rosidl_cmake-extras.cmake
-- Up-to-date: /home/vic/billeagle_ws/personal_ws/src/bill_interfaces/install/bill_interfaces/share/bill_interfaces/cmake/ament_cmake_export_include_directories-extras.cmake
-- Up-to-date: /home/vic/billeagle_ws/personal_ws/src/bill_interfaces/install/bill_interfaces/share/bill_interfaces/cmake/ament_cmake_export_libraries-extras.cmake
-- Up-to-date: /home/vic/billeagle_ws/personal_ws/src/bill_interfaces/install/bill_interfaces/share/bill_interfaces/cmake/ament_cmake_export_targets-extras.cmake
-- Up-to-date: /home/vic/billeagle_ws/personal_ws/src/bill_interfaces/install/bill_interfaces/share/bill_interfaces/cmake/rosidl_cmake_export_typesupport_targets-extras.cmake
-- Up-to-date: /home/vic/billeagle_ws/personal_ws/src/bill_interfaces/install/bill_interfaces/share/bill_interfaces/cmake/ament_cmake_export_dependencies-extras.cmake
-- Up-to-date: /home/vic/billeagle_ws/personal_ws/src/bill_interfaces/install/bill_interfaces/share/bill_interfaces/cmake/rosidl_cmake_export_typesupport_libraries-extras.cmake
-- Up-to-date: /home/vic/billeagle_ws/personal_ws/src/bill_interfaces/install/bill_interfaces/share/bill_interfaces/cmake/bill_interfacesConfig.cmake
-- Up-to-date: /home/vic/billeagle_ws/personal_ws/src/bill_interfaces/install/bill_interfaces/share/bill_interfaces/cmake/bill_interfacesConfig-version.cmake
-- Up-to-date: /home/vic/billeagle_ws/personal_ws/src/bill_interfaces/install/bill_interfaces/share/bill_interfaces/package.xml
