[0.007s] Invoking command in '/home/vic/billeagle_ws/personal_ws/src/bill_interfaces/build/bill_interfaces': CMAKE_PREFIX_PATH=${CMAKE_PREFIX_PATH}:/home/vic/billeagle_ws/personal_ws/install/person_identification_mission /usr/bin/cmake --build /home/vic/billeagle_ws/personal_ws/src/bill_interfaces/build/bill_interfaces -- -j16 -l16
[0.039s] [35m[1mConsolidate compiler generated dependencies of target bill_interfaces__rosidl_generator_c[0m
[0.047s] [  1%] Built target bill_interfaces__cpp
[0.050s] [ 12%] Built target bill_interfaces__rosidl_generator_c
[0.055s] [35m[1mConsolidate compiler generated dependencies of target bill_interfaces__rosidl_typesupport_introspection_cpp[0m
[0.055s] [ 12%] Built target ament_cmake_python_copy_bill_interfaces
[0.055s] [35m[1mConsolidate compiler generated dependencies of target bill_interfaces__rosidl_typesupport_cpp[0m
[0.057s] [35m[1mConsolidate compiler generated dependencies of target bill_interfaces__rosidl_typesupport_c[0m
[0.058s] [35m[1mConsolidate compiler generated dependencies of target bill_interfaces__rosidl_typesupport_fastrtps_cpp[0m
[0.060s] [35m[1mConsolidate compiler generated dependencies of target bill_interfaces__rosidl_typesupport_introspection_c[0m
[0.061s] [35m[1mConsolidate compiler generated dependencies of target bill_interfaces__rosidl_typesupport_fastrtps_c[0m
[0.063s] [ 38%] Built target bill_interfaces__rosidl_typesupport_introspection_cpp
[0.063s] [ 45%] Built target bill_interfaces__rosidl_typesupport_cpp
[0.063s] [ 46%] Built target bill_interfaces__rosidl_typesupport_c
[0.070s] [ 57%] Built target bill_interfaces__rosidl_typesupport_fastrtps_cpp
[0.071s] [ 69%] Built target bill_interfaces__rosidl_typesupport_introspection_c
[0.075s] [ 80%] Built target bill_interfaces__rosidl_typesupport_fastrtps_c
[0.091s] [ 80%] Built target bill_interfaces
[0.107s] [ 81%] Built target bill_interfaces__py
[0.116s] [35m[1mConsolidate compiler generated dependencies of target bill_interfaces__rosidl_generator_py[0m
[0.128s] [ 91%] Built target bill_interfaces__rosidl_generator_py
[0.137s] [35m[1mConsolidate compiler generated dependencies of target bill_interfaces__rosidl_typesupport_fastrtps_c__pyext[0m
[0.137s] [35m[1mConsolidate compiler generated dependencies of target bill_interfaces__rosidl_typesupport_introspection_c__pyext[0m
[0.137s] [35m[1mConsolidate compiler generated dependencies of target bill_interfaces__rosidl_typesupport_c__pyext[0m
[0.149s] [100%] Built target bill_interfaces__rosidl_typesupport_c__pyext
[0.149s] [100%] Built target bill_interfaces__rosidl_typesupport_introspection_c__pyext
[0.149s] [100%] Built target bill_interfaces__rosidl_typesupport_fastrtps_c__pyext
[0.190s] running egg_info
[0.191s] writing bill_interfaces.egg-info/PKG-INFO
[0.191s] writing dependency_links to bill_interfaces.egg-info/dependency_links.txt
[0.191s] writing top-level names to bill_interfaces.egg-info/top_level.txt
[0.192s] reading manifest file 'bill_interfaces.egg-info/SOURCES.txt'
[0.192s] writing manifest file 'bill_interfaces.egg-info/SOURCES.txt'
[0.210s] [100%] Built target ament_cmake_python_build_bill_interfaces_egg
[0.220s] Invoked command in '/home/vic/billeagle_ws/personal_ws/src/bill_interfaces/build/bill_interfaces' returned '0': CMAKE_PREFIX_PATH=${CMAKE_PREFIX_PATH}:/home/vic/billeagle_ws/personal_ws/install/person_identification_mission /usr/bin/cmake --build /home/vic/billeagle_ws/personal_ws/src/bill_interfaces/build/bill_interfaces -- -j16 -l16
[0.228s] Invoking command in '/home/vic/billeagle_ws/personal_ws/src/bill_interfaces/build/bill_interfaces': CMAKE_PREFIX_PATH=${CMAKE_PREFIX_PATH}:/home/vic/billeagle_ws/personal_ws/install/person_identification_mission /usr/bin/cmake --install /home/vic/billeagle_ws/personal_ws/src/bill_interfaces/build/bill_interfaces
[0.235s] -- Install configuration: ""
[0.235s] -- Up-to-date: /home/vic/billeagle_ws/personal_ws/src/bill_interfaces/install/bill_interfaces/share/ament_index/resource_index/rosidl_interfaces/bill_interfaces
[0.235s] -- Up-to-date: /home/vic/billeagle_ws/personal_ws/src/bill_interfaces/install/bill_interfaces/include/bill_interfaces/bill_interfaces
[0.235s] -- Up-to-date: /home/vic/billeagle_ws/personal_ws/src/bill_interfaces/install/bill_interfaces/include/bill_interfaces/bill_interfaces/msg
[0.235s] -- Up-to-date: /home/vic/billeagle_ws/personal_ws/src/bill_interfaces/install/bill_interfaces/include/bill_interfaces/bill_interfaces/msg/rosidl_generator_c__visibility_control.h
[0.235s] -- Up-to-date: /home/vic/billeagle_ws/personal_ws/src/bill_interfaces/install/bill_interfaces/include/bill_interfaces/bill_interfaces/msg/mission_status.h
[0.235s] -- Up-to-date: /home/vic/billeagle_ws/personal_ws/src/bill_interfaces/install/bill_interfaces/include/bill_interfaces/bill_interfaces/msg/detail
[0.235s] -- Up-to-date: /home/vic/billeagle_ws/personal_ws/src/bill_interfaces/install/bill_interfaces/include/bill_interfaces/bill_interfaces/msg/detail/mission_status__struct.h
[0.235s] -- Up-to-date: /home/vic/billeagle_ws/personal_ws/src/bill_interfaces/install/bill_interfaces/include/bill_interfaces/bill_interfaces/msg/detail/mission_status__functions.c
[0.235s] -- Up-to-date: /home/vic/billeagle_ws/personal_ws/src/bill_interfaces/install/bill_interfaces/include/bill_interfaces/bill_interfaces/msg/detail/mission_status__type_support.h
[0.235s] -- Up-to-date: /home/vic/billeagle_ws/personal_ws/src/bill_interfaces/install/bill_interfaces/include/bill_interfaces/bill_interfaces/msg/detail/mission_status__functions.h
[0.235s] -- Up-to-date: /home/vic/billeagle_ws/personal_ws/src/bill_interfaces/install/bill_interfaces/include/bill_interfaces/bill_interfaces/srv
[0.235s] -- Up-to-date: /home/vic/billeagle_ws/personal_ws/src/bill_interfaces/install/bill_interfaces/include/bill_interfaces/bill_interfaces/srv/execute_spin.h
[0.235s] -- Up-to-date: /home/vic/billeagle_ws/personal_ws/src/bill_interfaces/install/bill_interfaces/include/bill_interfaces/bill_interfaces/srv/get_name.h
[0.235s] -- Up-to-date: /home/vic/billeagle_ws/personal_ws/src/bill_interfaces/install/bill_interfaces/include/bill_interfaces/bill_interfaces/srv/search_for.h
[0.236s] -- Up-to-date: /home/vic/billeagle_ws/personal_ws/src/bill_interfaces/install/bill_interfaces/include/bill_interfaces/bill_interfaces/srv/detail
[0.236s] -- Up-to-date: /home/vic/billeagle_ws/personal_ws/src/bill_interfaces/install/bill_interfaces/include/bill_interfaces/bill_interfaces/srv/detail/get_name__struct.h
[0.236s] -- Up-to-date: /home/vic/billeagle_ws/personal_ws/src/bill_interfaces/install/bill_interfaces/include/bill_interfaces/bill_interfaces/srv/detail/get_name__type_support.h
[0.236s] -- Up-to-date: /home/vic/billeagle_ws/personal_ws/src/bill_interfaces/install/bill_interfaces/include/bill_interfaces/bill_interfaces/srv/detail/say_something__functions.c
[0.236s] -- Up-to-date: /home/vic/billeagle_ws/personal_ws/src/bill_interfaces/install/bill_interfaces/include/bill_interfaces/bill_interfaces/srv/detail/search_for__struct.h
[0.236s] -- Up-to-date: /home/vic/billeagle_ws/personal_ws/src/bill_interfaces/install/bill_interfaces/include/bill_interfaces/bill_interfaces/srv/detail/execute_spin__functions.c
[0.236s] -- Up-to-date: /home/vic/billeagle_ws/personal_ws/src/bill_interfaces/install/bill_interfaces/include/bill_interfaces/bill_interfaces/srv/detail/get_name__functions.h
[0.236s] -- Up-to-date: /home/vic/billeagle_ws/personal_ws/src/bill_interfaces/install/bill_interfaces/include/bill_interfaces/bill_interfaces/srv/detail/get_trained__type_support.h
[0.236s] -- Up-to-date: /home/vic/billeagle_ws/personal_ws/src/bill_interfaces/install/bill_interfaces/include/bill_interfaces/bill_interfaces/srv/detail/say_something__struct.h
[0.236s] -- Up-to-date: /home/vic/billeagle_ws/personal_ws/src/bill_interfaces/install/bill_interfaces/include/bill_interfaces/bill_interfaces/srv/detail/get_trained__functions.h
[0.236s] -- Up-to-date: /home/vic/billeagle_ws/personal_ws/src/bill_interfaces/install/bill_interfaces/include/bill_interfaces/bill_interfaces/srv/detail/execute_spin__type_support.h
[0.236s] -- Up-to-date: /home/vic/billeagle_ws/personal_ws/src/bill_interfaces/install/bill_interfaces/include/bill_interfaces/bill_interfaces/srv/detail/say_something__functions.h
[0.236s] -- Up-to-date: /home/vic/billeagle_ws/personal_ws/src/bill_interfaces/install/bill_interfaces/include/bill_interfaces/bill_interfaces/srv/detail/search_for__functions.c
[0.236s] -- Up-to-date: /home/vic/billeagle_ws/personal_ws/src/bill_interfaces/install/bill_interfaces/include/bill_interfaces/bill_interfaces/srv/detail/get_trained__struct.h
[0.236s] -- Up-to-date: /home/vic/billeagle_ws/personal_ws/src/bill_interfaces/install/bill_interfaces/include/bill_interfaces/bill_interfaces/srv/detail/get_trained__functions.c
[0.236s] -- Up-to-date: /home/vic/billeagle_ws/personal_ws/src/bill_interfaces/install/bill_interfaces/include/bill_interfaces/bill_interfaces/srv/detail/search_for__functions.h
[0.236s] -- Up-to-date: /home/vic/billeagle_ws/personal_ws/src/bill_interfaces/install/bill_interfaces/include/bill_interfaces/bill_interfaces/srv/detail/get_name__functions.c
[0.236s] -- Up-to-date: /home/vic/billeagle_ws/personal_ws/src/bill_interfaces/install/bill_interfaces/include/bill_interfaces/bill_interfaces/srv/detail/search_for__type_support.h
[0.236s] -- Up-to-date: /home/vic/billeagle_ws/personal_ws/src/bill_interfaces/install/bill_interfaces/include/bill_interfaces/bill_interfaces/srv/detail/execute_spin__struct.h
[0.236s] -- Up-to-date: /home/vic/billeagle_ws/personal_ws/src/bill_interfaces/install/bill_interfaces/include/bill_interfaces/bill_interfaces/srv/detail/say_something__type_support.h
[0.236s] -- Up-to-date: /home/vic/billeagle_ws/personal_ws/src/bill_interfaces/install/bill_interfaces/include/bill_interfaces/bill_interfaces/srv/detail/execute_spin__functions.h
[0.236s] -- Up-to-date: /home/vic/billeagle_ws/personal_ws/src/bill_interfaces/install/bill_interfaces/include/bill_interfaces/bill_interfaces/srv/say_something.h
[0.236s] -- Up-to-date: /home/vic/billeagle_ws/personal_ws/src/bill_interfaces/install/bill_interfaces/include/bill_interfaces/bill_interfaces/srv/get_trained.h
[0.236s] -- Up-to-date: /home/vic/billeagle_ws/personal_ws/src/bill_interfaces/install/bill_interfaces/share/bill_interfaces/environment/library_path.sh
[0.236s] -- Up-to-date: /home/vic/billeagle_ws/personal_ws/src/bill_interfaces/install/bill_interfaces/share/bill_interfaces/environment/library_path.dsv
[0.236s] -- Up-to-date: /home/vic/billeagle_ws/personal_ws/src/bill_interfaces/install/bill_interfaces/lib/libbill_interfaces__rosidl_generator_c.so
[0.236s] -- Up-to-date: /home/vic/billeagle_ws/personal_ws/src/bill_interfaces/install/bill_interfaces/include/bill_interfaces/bill_interfaces
[0.236s] -- Up-to-date: /home/vic/billeagle_ws/personal_ws/src/bill_interfaces/install/bill_interfaces/include/bill_interfaces/bill_interfaces/msg
[0.236s] -- Up-to-date: /home/vic/billeagle_ws/personal_ws/src/bill_interfaces/install/bill_interfaces/include/bill_interfaces/bill_interfaces/msg/rosidl_typesupport_fastrtps_c__visibility_control.h
[0.236s] -- Up-to-date: /home/vic/billeagle_ws/personal_ws/src/bill_interfaces/install/bill_interfaces/include/bill_interfaces/bill_interfaces/msg/detail
[0.236s] -- Up-to-date: /home/vic/billeagle_ws/personal_ws/src/bill_interfaces/install/bill_interfaces/include/bill_interfaces/bill_interfaces/msg/detail/mission_status__rosidl_typesupport_fastrtps_c.h
[0.236s] -- Up-to-date: /home/vic/billeagle_ws/personal_ws/src/bill_interfaces/install/bill_interfaces/include/bill_interfaces/bill_interfaces/srv
[0.236s] -- Up-to-date: /home/vic/billeagle_ws/personal_ws/src/bill_interfaces/install/bill_interfaces/include/bill_interfaces/bill_interfaces/srv/detail
[0.236s] -- Up-to-date: /home/vic/billeagle_ws/personal_ws/src/bill_interfaces/install/bill_interfaces/include/bill_interfaces/bill_interfaces/srv/detail/search_for__rosidl_typesupport_fastrtps_c.h
[0.236s] -- Up-to-date: /home/vic/billeagle_ws/personal_ws/src/bill_interfaces/install/bill_interfaces/include/bill_interfaces/bill_interfaces/srv/detail/get_trained__rosidl_typesupport_fastrtps_c.h
[0.237s] -- Up-to-date: /home/vic/billeagle_ws/personal_ws/src/bill_interfaces/install/bill_interfaces/include/bill_interfaces/bill_interfaces/srv/detail/say_something__rosidl_typesupport_fastrtps_c.h
[0.237s] -- Up-to-date: /home/vic/billeagle_ws/personal_ws/src/bill_interfaces/install/bill_interfaces/include/bill_interfaces/bill_interfaces/srv/detail/execute_spin__rosidl_typesupport_fastrtps_c.h
[0.237s] -- Up-to-date: /home/vic/billeagle_ws/personal_ws/src/bill_interfaces/install/bill_interfaces/include/bill_interfaces/bill_interfaces/srv/detail/get_name__rosidl_typesupport_fastrtps_c.h
[0.237s] -- Up-to-date: /home/vic/billeagle_ws/personal_ws/src/bill_interfaces/install/bill_interfaces/lib/libbill_interfaces__rosidl_typesupport_fastrtps_c.so
[0.237s] -- Up-to-date: /home/vic/billeagle_ws/personal_ws/src/bill_interfaces/install/bill_interfaces/include/bill_interfaces/bill_interfaces
[0.237s] -- Up-to-date: /home/vic/billeagle_ws/personal_ws/src/bill_interfaces/install/bill_interfaces/include/bill_interfaces/bill_interfaces/msg
[0.237s] -- Up-to-date: /home/vic/billeagle_ws/personal_ws/src/bill_interfaces/install/bill_interfaces/include/bill_interfaces/bill_interfaces/msg/rosidl_typesupport_introspection_c__visibility_control.h
[0.237s] -- Up-to-date: /home/vic/billeagle_ws/personal_ws/src/bill_interfaces/install/bill_interfaces/include/bill_interfaces/bill_interfaces/msg/detail
[0.237s] -- Up-to-date: /home/vic/billeagle_ws/personal_ws/src/bill_interfaces/install/bill_interfaces/include/bill_interfaces/bill_interfaces/msg/detail/mission_status__type_support.c
[0.237s] -- Up-to-date: /home/vic/billeagle_ws/personal_ws/src/bill_interfaces/install/bill_interfaces/include/bill_interfaces/bill_interfaces/msg/detail/mission_status__rosidl_typesupport_introspection_c.h
[0.237s] -- Up-to-date: /home/vic/billeagle_ws/personal_ws/src/bill_interfaces/install/bill_interfaces/include/bill_interfaces/bill_interfaces/srv
[0.237s] -- Up-to-date: /home/vic/billeagle_ws/personal_ws/src/bill_interfaces/install/bill_interfaces/include/bill_interfaces/bill_interfaces/srv/detail
[0.237s] -- Up-to-date: /home/vic/billeagle_ws/personal_ws/src/bill_interfaces/install/bill_interfaces/include/bill_interfaces/bill_interfaces/srv/detail/say_something__rosidl_typesupport_introspection_c.h
[0.237s] -- Up-to-date: /home/vic/billeagle_ws/personal_ws/src/bill_interfaces/install/bill_interfaces/include/bill_interfaces/bill_interfaces/srv/detail/get_trained__type_support.c
[0.237s] -- Up-to-date: /home/vic/billeagle_ws/personal_ws/src/bill_interfaces/install/bill_interfaces/include/bill_interfaces/bill_interfaces/srv/detail/search_for__rosidl_typesupport_introspection_c.h
[0.237s] -- Up-to-date: /home/vic/billeagle_ws/personal_ws/src/bill_interfaces/install/bill_interfaces/include/bill_interfaces/bill_interfaces/srv/detail/say_something__type_support.c
[0.237s] -- Up-to-date: /home/vic/billeagle_ws/personal_ws/src/bill_interfaces/install/bill_interfaces/include/bill_interfaces/bill_interfaces/srv/detail/get_name__type_support.c
[0.237s] -- Up-to-date: /home/vic/billeagle_ws/personal_ws/src/bill_interfaces/install/bill_interfaces/include/bill_interfaces/bill_interfaces/srv/detail/get_name__rosidl_typesupport_introspection_c.h
[0.237s] -- Up-to-date: /home/vic/billeagle_ws/personal_ws/src/bill_interfaces/install/bill_interfaces/include/bill_interfaces/bill_interfaces/srv/detail/get_trained__rosidl_typesupport_introspection_c.h
[0.237s] -- Up-to-date: /home/vic/billeagle_ws/personal_ws/src/bill_interfaces/install/bill_interfaces/include/bill_interfaces/bill_interfaces/srv/detail/execute_spin__rosidl_typesupport_introspection_c.h
[0.237s] -- Up-to-date: /home/vic/billeagle_ws/personal_ws/src/bill_interfaces/install/bill_interfaces/include/bill_interfaces/bill_interfaces/srv/detail/search_for__type_support.c
[0.237s] -- Up-to-date: /home/vic/billeagle_ws/personal_ws/src/bill_interfaces/install/bill_interfaces/include/bill_interfaces/bill_interfaces/srv/detail/execute_spin__type_support.c
[0.237s] -- Up-to-date: /home/vic/billeagle_ws/personal_ws/src/bill_interfaces/install/bill_interfaces/lib/libbill_interfaces__rosidl_typesupport_introspection_c.so
[0.237s] -- Up-to-date: /home/vic/billeagle_ws/personal_ws/src/bill_interfaces/install/bill_interfaces/lib/libbill_interfaces__rosidl_typesupport_c.so
[0.237s] -- Up-to-date: /home/vic/billeagle_ws/personal_ws/src/bill_interfaces/install/bill_interfaces/include/bill_interfaces/bill_interfaces
[0.237s] -- Up-to-date: /home/vic/billeagle_ws/personal_ws/src/bill_interfaces/install/bill_interfaces/include/bill_interfaces/bill_interfaces/msg
[0.237s] -- Up-to-date: /home/vic/billeagle_ws/personal_ws/src/bill_interfaces/install/bill_interfaces/include/bill_interfaces/bill_interfaces/msg/rosidl_generator_cpp__visibility_control.hpp
[0.237s] -- Up-to-date: /home/vic/billeagle_ws/personal_ws/src/bill_interfaces/install/bill_interfaces/include/bill_interfaces/bill_interfaces/msg/detail
[0.237s] -- Up-to-date: /home/vic/billeagle_ws/personal_ws/src/bill_interfaces/install/bill_interfaces/include/bill_interfaces/bill_interfaces/msg/detail/mission_status__type_support.hpp
[0.237s] -- Up-to-date: /home/vic/billeagle_ws/personal_ws/src/bill_interfaces/install/bill_interfaces/include/bill_interfaces/bill_interfaces/msg/detail/mission_status__traits.hpp
[0.237s] -- Up-to-date: /home/vic/billeagle_ws/personal_ws/src/bill_interfaces/install/bill_interfaces/include/bill_interfaces/bill_interfaces/msg/detail/mission_status__builder.hpp
[0.237s] -- Up-to-date: /home/vic/billeagle_ws/personal_ws/src/bill_interfaces/install/bill_interfaces/include/bill_interfaces/bill_interfaces/msg/detail/mission_status__struct.hpp
[0.237s] -- Up-to-date: /home/vic/billeagle_ws/personal_ws/src/bill_interfaces/install/bill_interfaces/include/bill_interfaces/bill_interfaces/msg/mission_status.hpp
[0.238s] -- Up-to-date: /home/vic/billeagle_ws/personal_ws/src/bill_interfaces/install/bill_interfaces/include/bill_interfaces/bill_interfaces/srv
[0.238s] -- Up-to-date: /home/vic/billeagle_ws/personal_ws/src/bill_interfaces/install/bill_interfaces/include/bill_interfaces/bill_interfaces/srv/get_trained.hpp
[0.238s] -- Up-to-date: /home/vic/billeagle_ws/personal_ws/src/bill_interfaces/install/bill_interfaces/include/bill_interfaces/bill_interfaces/srv/get_name.hpp
[0.238s] -- Up-to-date: /home/vic/billeagle_ws/personal_ws/src/bill_interfaces/install/bill_interfaces/include/bill_interfaces/bill_interfaces/srv/search_for.hpp
[0.238s] -- Up-to-date: /home/vic/billeagle_ws/personal_ws/src/bill_interfaces/install/bill_interfaces/include/bill_interfaces/bill_interfaces/srv/execute_spin.hpp
[0.238s] -- Up-to-date: /home/vic/billeagle_ws/personal_ws/src/bill_interfaces/install/bill_interfaces/include/bill_interfaces/bill_interfaces/srv/detail
[0.238s] -- Up-to-date: /home/vic/billeagle_ws/personal_ws/src/bill_interfaces/install/bill_interfaces/include/bill_interfaces/bill_interfaces/srv/detail/say_something__traits.hpp
[0.238s] -- Up-to-date: /home/vic/billeagle_ws/personal_ws/src/bill_interfaces/install/bill_interfaces/include/bill_interfaces/bill_interfaces/srv/detail/search_for__traits.hpp
[0.238s] -- Up-to-date: /home/vic/billeagle_ws/personal_ws/src/bill_interfaces/install/bill_interfaces/include/bill_interfaces/bill_interfaces/srv/detail/get_name__struct.hpp
[0.238s] -- Up-to-date: /home/vic/billeagle_ws/personal_ws/src/bill_interfaces/install/bill_interfaces/include/bill_interfaces/bill_interfaces/srv/detail/get_trained__builder.hpp
[0.238s] -- Up-to-date: /home/vic/billeagle_ws/personal_ws/src/bill_interfaces/install/bill_interfaces/include/bill_interfaces/bill_interfaces/srv/detail/search_for__type_support.hpp
[0.238s] -- Up-to-date: /home/vic/billeagle_ws/personal_ws/src/bill_interfaces/install/bill_interfaces/include/bill_interfaces/bill_interfaces/srv/detail/say_something__struct.hpp
[0.238s] -- Up-to-date: /home/vic/billeagle_ws/personal_ws/src/bill_interfaces/install/bill_interfaces/include/bill_interfaces/bill_interfaces/srv/detail/execute_spin__traits.hpp
[0.238s] -- Up-to-date: /home/vic/billeagle_ws/personal_ws/src/bill_interfaces/install/bill_interfaces/include/bill_interfaces/bill_interfaces/srv/detail/execute_spin__builder.hpp
[0.238s] -- Up-to-date: /home/vic/billeagle_ws/personal_ws/src/bill_interfaces/install/bill_interfaces/include/bill_interfaces/bill_interfaces/srv/detail/say_something__builder.hpp
[0.238s] -- Up-to-date: /home/vic/billeagle_ws/personal_ws/src/bill_interfaces/install/bill_interfaces/include/bill_interfaces/bill_interfaces/srv/detail/get_name__builder.hpp
[0.238s] -- Up-to-date: /home/vic/billeagle_ws/personal_ws/src/bill_interfaces/install/bill_interfaces/include/bill_interfaces/bill_interfaces/srv/detail/get_trained__struct.hpp
[0.238s] -- Up-to-date: /home/vic/billeagle_ws/personal_ws/src/bill_interfaces/install/bill_interfaces/include/bill_interfaces/bill_interfaces/srv/detail/get_trained__type_support.hpp
[0.238s] -- Up-to-date: /home/vic/billeagle_ws/personal_ws/src/bill_interfaces/install/bill_interfaces/include/bill_interfaces/bill_interfaces/srv/detail/execute_spin__struct.hpp
[0.238s] -- Up-to-date: /home/vic/billeagle_ws/personal_ws/src/bill_interfaces/install/bill_interfaces/include/bill_interfaces/bill_interfaces/srv/detail/get_trained__traits.hpp
[0.238s] -- Up-to-date: /home/vic/billeagle_ws/personal_ws/src/bill_interfaces/install/bill_interfaces/include/bill_interfaces/bill_interfaces/srv/detail/execute_spin__type_support.hpp
[0.238s] -- Up-to-date: /home/vic/billeagle_ws/personal_ws/src/bill_interfaces/install/bill_interfaces/include/bill_interfaces/bill_interfaces/srv/detail/get_name__traits.hpp
[0.238s] -- Up-to-date: /home/vic/billeagle_ws/personal_ws/src/bill_interfaces/install/bill_interfaces/include/bill_interfaces/bill_interfaces/srv/detail/get_name__type_support.hpp
[0.238s] -- Up-to-date: /home/vic/billeagle_ws/personal_ws/src/bill_interfaces/install/bill_interfaces/include/bill_interfaces/bill_interfaces/srv/detail/search_for__builder.hpp
[0.238s] -- Up-to-date: /home/vic/billeagle_ws/personal_ws/src/bill_interfaces/install/bill_interfaces/include/bill_interfaces/bill_interfaces/srv/detail/search_for__struct.hpp
[0.238s] -- Up-to-date: /home/vic/billeagle_ws/personal_ws/src/bill_interfaces/install/bill_interfaces/include/bill_interfaces/bill_interfaces/srv/detail/say_something__type_support.hpp
[0.238s] -- Up-to-date: /home/vic/billeagle_ws/personal_ws/src/bill_interfaces/install/bill_interfaces/include/bill_interfaces/bill_interfaces/srv/say_something.hpp
[0.238s] -- Up-to-date: /home/vic/billeagle_ws/personal_ws/src/bill_interfaces/install/bill_interfaces/include/bill_interfaces/bill_interfaces
[0.238s] -- Up-to-date: /home/vic/billeagle_ws/personal_ws/src/bill_interfaces/install/bill_interfaces/include/bill_interfaces/bill_interfaces/msg
[0.238s] -- Up-to-date: /home/vic/billeagle_ws/personal_ws/src/bill_interfaces/install/bill_interfaces/include/bill_interfaces/bill_interfaces/msg/rosidl_typesupport_fastrtps_cpp__visibility_control.h
[0.238s] -- Up-to-date: /home/vic/billeagle_ws/personal_ws/src/bill_interfaces/install/bill_interfaces/include/bill_interfaces/bill_interfaces/msg/detail
[0.238s] -- Up-to-date: /home/vic/billeagle_ws/personal_ws/src/bill_interfaces/install/bill_interfaces/include/bill_interfaces/bill_interfaces/msg/detail/dds_fastrtps
[0.238s] -- Up-to-date: /home/vic/billeagle_ws/personal_ws/src/bill_interfaces/install/bill_interfaces/include/bill_interfaces/bill_interfaces/msg/detail/mission_status__rosidl_typesupport_fastrtps_cpp.hpp
[0.239s] -- Up-to-date: /home/vic/billeagle_ws/personal_ws/src/bill_interfaces/install/bill_interfaces/include/bill_interfaces/bill_interfaces/srv
[0.239s] -- Up-to-date: /home/vic/billeagle_ws/personal_ws/src/bill_interfaces/install/bill_interfaces/include/bill_interfaces/bill_interfaces/srv/detail
[0.239s] -- Up-to-date: /home/vic/billeagle_ws/personal_ws/src/bill_interfaces/install/bill_interfaces/include/bill_interfaces/bill_interfaces/srv/detail/get_name__rosidl_typesupport_fastrtps_cpp.hpp
[0.239s] -- Up-to-date: /home/vic/billeagle_ws/personal_ws/src/bill_interfaces/install/bill_interfaces/include/bill_interfaces/bill_interfaces/srv/detail/execute_spin__rosidl_typesupport_fastrtps_cpp.hpp
[0.239s] -- Up-to-date: /home/vic/billeagle_ws/personal_ws/src/bill_interfaces/install/bill_interfaces/include/bill_interfaces/bill_interfaces/srv/detail/get_trained__rosidl_typesupport_fastrtps_cpp.hpp
[0.239s] -- Up-to-date: /home/vic/billeagle_ws/personal_ws/src/bill_interfaces/install/bill_interfaces/include/bill_interfaces/bill_interfaces/srv/detail/dds_fastrtps
[0.239s] -- Up-to-date: /home/vic/billeagle_ws/personal_ws/src/bill_interfaces/install/bill_interfaces/include/bill_interfaces/bill_interfaces/srv/detail/search_for__rosidl_typesupport_fastrtps_cpp.hpp
[0.239s] -- Up-to-date: /home/vic/billeagle_ws/personal_ws/src/bill_interfaces/install/bill_interfaces/include/bill_interfaces/bill_interfaces/srv/detail/say_something__rosidl_typesupport_fastrtps_cpp.hpp
[0.239s] -- Up-to-date: /home/vic/billeagle_ws/personal_ws/src/bill_interfaces/install/bill_interfaces/lib/libbill_interfaces__rosidl_typesupport_fastrtps_cpp.so
[0.239s] -- Up-to-date: /home/vic/billeagle_ws/personal_ws/src/bill_interfaces/install/bill_interfaces/include/bill_interfaces/bill_interfaces
[0.239s] -- Up-to-date: /home/vic/billeagle_ws/personal_ws/src/bill_interfaces/install/bill_interfaces/include/bill_interfaces/bill_interfaces/msg
[0.239s] -- Up-to-date: /home/vic/billeagle_ws/personal_ws/src/bill_interfaces/install/bill_interfaces/include/bill_interfaces/bill_interfaces/msg/detail
[0.239s] -- Up-to-date: /home/vic/billeagle_ws/personal_ws/src/bill_interfaces/install/bill_interfaces/include/bill_interfaces/bill_interfaces/msg/detail/mission_status__rosidl_typesupport_introspection_cpp.hpp
[0.239s] -- Up-to-date: /home/vic/billeagle_ws/personal_ws/src/bill_interfaces/install/bill_interfaces/include/bill_interfaces/bill_interfaces/msg/detail/mission_status__type_support.cpp
[0.239s] -- Up-to-date: /home/vic/billeagle_ws/personal_ws/src/bill_interfaces/install/bill_interfaces/include/bill_interfaces/bill_interfaces/srv
[0.239s] -- Up-to-date: /home/vic/billeagle_ws/personal_ws/src/bill_interfaces/install/bill_interfaces/include/bill_interfaces/bill_interfaces/srv/detail
[0.239s] -- Up-to-date: /home/vic/billeagle_ws/personal_ws/src/bill_interfaces/install/bill_interfaces/include/bill_interfaces/bill_interfaces/srv/detail/search_for__rosidl_typesupport_introspection_cpp.hpp
[0.239s] -- Up-to-date: /home/vic/billeagle_ws/personal_ws/src/bill_interfaces/install/bill_interfaces/include/bill_interfaces/bill_interfaces/srv/detail/execute_spin__type_support.cpp
[0.239s] -- Up-to-date: /home/vic/billeagle_ws/personal_ws/src/bill_interfaces/install/bill_interfaces/include/bill_interfaces/bill_interfaces/srv/detail/execute_spin__rosidl_typesupport_introspection_cpp.hpp
[0.239s] -- Up-to-date: /home/vic/billeagle_ws/personal_ws/src/bill_interfaces/install/bill_interfaces/include/bill_interfaces/bill_interfaces/srv/detail/say_something__type_support.cpp
[0.239s] -- Up-to-date: /home/vic/billeagle_ws/personal_ws/src/bill_interfaces/install/bill_interfaces/include/bill_interfaces/bill_interfaces/srv/detail/say_something__rosidl_typesupport_introspection_cpp.hpp
[0.239s] -- Up-to-date: /home/vic/billeagle_ws/personal_ws/src/bill_interfaces/install/bill_interfaces/include/bill_interfaces/bill_interfaces/srv/detail/search_for__type_support.cpp
[0.239s] -- Up-to-date: /home/vic/billeagle_ws/personal_ws/src/bill_interfaces/install/bill_interfaces/include/bill_interfaces/bill_interfaces/srv/detail/get_name__rosidl_typesupport_introspection_cpp.hpp
[0.239s] -- Up-to-date: /home/vic/billeagle_ws/personal_ws/src/bill_interfaces/install/bill_interfaces/include/bill_interfaces/bill_interfaces/srv/detail/get_trained__rosidl_typesupport_introspection_cpp.hpp
[0.239s] -- Up-to-date: /home/vic/billeagle_ws/personal_ws/src/bill_interfaces/install/bill_interfaces/include/bill_interfaces/bill_interfaces/srv/detail/get_trained__type_support.cpp
[0.239s] -- Up-to-date: /home/vic/billeagle_ws/personal_ws/src/bill_interfaces/install/bill_interfaces/include/bill_interfaces/bill_interfaces/srv/detail/get_name__type_support.cpp
[0.239s] -- Up-to-date: /home/vic/billeagle_ws/personal_ws/src/bill_interfaces/install/bill_interfaces/lib/libbill_interfaces__rosidl_typesupport_introspection_cpp.so
[0.239s] -- Up-to-date: /home/vic/billeagle_ws/personal_ws/src/bill_interfaces/install/bill_interfaces/lib/libbill_interfaces__rosidl_typesupport_cpp.so
[0.239s] -- Up-to-date: /home/vic/billeagle_ws/personal_ws/src/bill_interfaces/install/bill_interfaces/share/bill_interfaces/environment/pythonpath.sh
[0.239s] -- Up-to-date: /home/vic/billeagle_ws/personal_ws/src/bill_interfaces/install/bill_interfaces/share/bill_interfaces/environment/pythonpath.dsv
[0.239s] -- Up-to-date: /home/vic/billeagle_ws/personal_ws/src/bill_interfaces/install/bill_interfaces/local/lib/python3.10/dist-packages/bill_interfaces-0.0.0-py3.10.egg-info
[0.239s] -- Installing: /home/vic/billeagle_ws/personal_ws/src/bill_interfaces/install/bill_interfaces/local/lib/python3.10/dist-packages/bill_interfaces-0.0.0-py3.10.egg-info/PKG-INFO
[0.239s] -- Installing: /home/vic/billeagle_ws/personal_ws/src/bill_interfaces/install/bill_interfaces/local/lib/python3.10/dist-packages/bill_interfaces-0.0.0-py3.10.egg-info/dependency_links.txt
[0.239s] -- Installing: /home/vic/billeagle_ws/personal_ws/src/bill_interfaces/install/bill_interfaces/local/lib/python3.10/dist-packages/bill_interfaces-0.0.0-py3.10.egg-info/top_level.txt
[0.240s] -- Installing: /home/vic/billeagle_ws/personal_ws/src/bill_interfaces/install/bill_interfaces/local/lib/python3.10/dist-packages/bill_interfaces-0.0.0-py3.10.egg-info/SOURCES.txt
[0.240s] -- Up-to-date: /home/vic/billeagle_ws/personal_ws/src/bill_interfaces/install/bill_interfaces/local/lib/python3.10/dist-packages/bill_interfaces
[0.240s] -- Up-to-date: /home/vic/billeagle_ws/personal_ws/src/bill_interfaces/install/bill_interfaces/local/lib/python3.10/dist-packages/bill_interfaces/msg
[0.240s] -- Up-to-date: /home/vic/billeagle_ws/personal_ws/src/bill_interfaces/install/bill_interfaces/local/lib/python3.10/dist-packages/bill_interfaces/msg/_mission_status.py
[0.240s] -- Up-to-date: /home/vic/billeagle_ws/personal_ws/src/bill_interfaces/install/bill_interfaces/local/lib/python3.10/dist-packages/bill_interfaces/msg/__init__.py
[0.240s] -- Up-to-date: /home/vic/billeagle_ws/personal_ws/src/bill_interfaces/install/bill_interfaces/local/lib/python3.10/dist-packages/bill_interfaces/msg/_mission_status_s.c
[0.240s] -- Up-to-date: /home/vic/billeagle_ws/personal_ws/src/bill_interfaces/install/bill_interfaces/local/lib/python3.10/dist-packages/bill_interfaces/libbill_interfaces__rosidl_generator_py.so
[0.240s] -- Up-to-date: /home/vic/billeagle_ws/personal_ws/src/bill_interfaces/install/bill_interfaces/local/lib/python3.10/dist-packages/bill_interfaces/_bill_interfaces_s.ep.rosidl_typesupport_c.c
[0.240s] -- Up-to-date: /home/vic/billeagle_ws/personal_ws/src/bill_interfaces/install/bill_interfaces/local/lib/python3.10/dist-packages/bill_interfaces/srv
[0.240s] -- Up-to-date: /home/vic/billeagle_ws/personal_ws/src/bill_interfaces/install/bill_interfaces/local/lib/python3.10/dist-packages/bill_interfaces/srv/_search_for.py
[0.240s] -- Up-to-date: /home/vic/billeagle_ws/personal_ws/src/bill_interfaces/install/bill_interfaces/local/lib/python3.10/dist-packages/bill_interfaces/srv/_execute_spin.py
[0.240s] -- Up-to-date: /home/vic/billeagle_ws/personal_ws/src/bill_interfaces/install/bill_interfaces/local/lib/python3.10/dist-packages/bill_interfaces/srv/_execute_spin_s.c
[0.240s] -- Up-to-date: /home/vic/billeagle_ws/personal_ws/src/bill_interfaces/install/bill_interfaces/local/lib/python3.10/dist-packages/bill_interfaces/srv/_get_name.py
[0.240s] -- Up-to-date: /home/vic/billeagle_ws/personal_ws/src/bill_interfaces/install/bill_interfaces/local/lib/python3.10/dist-packages/bill_interfaces/srv/_get_trained_s.c
[0.240s] -- Up-to-date: /home/vic/billeagle_ws/personal_ws/src/bill_interfaces/install/bill_interfaces/local/lib/python3.10/dist-packages/bill_interfaces/srv/_say_something_s.c
[0.240s] -- Up-to-date: /home/vic/billeagle_ws/personal_ws/src/bill_interfaces/install/bill_interfaces/local/lib/python3.10/dist-packages/bill_interfaces/srv/_say_something.py
[0.240s] -- Up-to-date: /home/vic/billeagle_ws/personal_ws/src/bill_interfaces/install/bill_interfaces/local/lib/python3.10/dist-packages/bill_interfaces/srv/__init__.py
[0.240s] -- Up-to-date: /home/vic/billeagle_ws/personal_ws/src/bill_interfaces/install/bill_interfaces/local/lib/python3.10/dist-packages/bill_interfaces/srv/_get_trained.py
[0.240s] -- Up-to-date: /home/vic/billeagle_ws/personal_ws/src/bill_interfaces/install/bill_interfaces/local/lib/python3.10/dist-packages/bill_interfaces/srv/_get_name_s.c
[0.240s] -- Up-to-date: /home/vic/billeagle_ws/personal_ws/src/bill_interfaces/install/bill_interfaces/local/lib/python3.10/dist-packages/bill_interfaces/srv/_search_for_s.c
[0.240s] -- Up-to-date: /home/vic/billeagle_ws/personal_ws/src/bill_interfaces/install/bill_interfaces/local/lib/python3.10/dist-packages/bill_interfaces/bill_interfaces_s__rosidl_typesupport_introspection_c.cpython-310-x86_64-linux-gnu.so
[0.240s] -- Up-to-date: /home/vic/billeagle_ws/personal_ws/src/bill_interfaces/install/bill_interfaces/local/lib/python3.10/dist-packages/bill_interfaces/_bill_interfaces_s.ep.rosidl_typesupport_fastrtps_c.c
[0.240s] -- Up-to-date: /home/vic/billeagle_ws/personal_ws/src/bill_interfaces/install/bill_interfaces/local/lib/python3.10/dist-packages/bill_interfaces/_bill_interfaces_s.ep.rosidl_typesupport_introspection_c.c
[0.240s] -- Up-to-date: /home/vic/billeagle_ws/personal_ws/src/bill_interfaces/install/bill_interfaces/local/lib/python3.10/dist-packages/bill_interfaces/__init__.py
[0.240s] -- Up-to-date: /home/vic/billeagle_ws/personal_ws/src/bill_interfaces/install/bill_interfaces/local/lib/python3.10/dist-packages/bill_interfaces/bill_interfaces_s__rosidl_typesupport_c.cpython-310-x86_64-linux-gnu.so
[0.240s] -- Up-to-date: /home/vic/billeagle_ws/personal_ws/src/bill_interfaces/install/bill_interfaces/local/lib/python3.10/dist-packages/bill_interfaces/bill_interfaces_s__rosidl_typesupport_fastrtps_c.cpython-310-x86_64-linux-gnu.so
[0.263s] Listing '/home/vic/billeagle_ws/personal_ws/src/bill_interfaces/install/bill_interfaces/local/lib/python3.10/dist-packages/bill_interfaces'...
[0.263s] Listing '/home/vic/billeagle_ws/personal_ws/src/bill_interfaces/install/bill_interfaces/local/lib/python3.10/dist-packages/bill_interfaces/msg'...
[0.263s] Listing '/home/vic/billeagle_ws/personal_ws/src/bill_interfaces/install/bill_interfaces/local/lib/python3.10/dist-packages/bill_interfaces/srv'...
[0.266s] -- Up-to-date: /home/vic/billeagle_ws/personal_ws/src/bill_interfaces/install/bill_interfaces/local/lib/python3.10/dist-packages/bill_interfaces/bill_interfaces_s__rosidl_typesupport_fastrtps_c.cpython-310-x86_64-linux-gnu.so
[0.266s] -- Up-to-date: /home/vic/billeagle_ws/personal_ws/src/bill_interfaces/install/bill_interfaces/local/lib/python3.10/dist-packages/bill_interfaces/bill_interfaces_s__rosidl_typesupport_introspection_c.cpython-310-x86_64-linux-gnu.so
[0.266s] -- Up-to-date: /home/vic/billeagle_ws/personal_ws/src/bill_interfaces/install/bill_interfaces/local/lib/python3.10/dist-packages/bill_interfaces/bill_interfaces_s__rosidl_typesupport_c.cpython-310-x86_64-linux-gnu.so
[0.266s] -- Up-to-date: /home/vic/billeagle_ws/personal_ws/src/bill_interfaces/install/bill_interfaces/lib/libbill_interfaces__rosidl_generator_py.so
[0.266s] -- Up-to-date: /home/vic/billeagle_ws/personal_ws/src/bill_interfaces/install/bill_interfaces/share/bill_interfaces/msg/MissionStatus.idl
[0.266s] -- Up-to-date: /home/vic/billeagle_ws/personal_ws/src/bill_interfaces/install/bill_interfaces/share/bill_interfaces/srv/GetName.idl
[0.266s] -- Up-to-date: /home/vic/billeagle_ws/personal_ws/src/bill_interfaces/install/bill_interfaces/share/bill_interfaces/srv/SearchFor.idl
[0.266s] -- Up-to-date: /home/vic/billeagle_ws/personal_ws/src/bill_interfaces/install/bill_interfaces/share/bill_interfaces/srv/GetTrained.idl
[0.266s] -- Up-to-date: /home/vic/billeagle_ws/personal_ws/src/bill_interfaces/install/bill_interfaces/share/bill_interfaces/srv/ExecuteSpin.idl
[0.266s] -- Up-to-date: /home/vic/billeagle_ws/personal_ws/src/bill_interfaces/install/bill_interfaces/share/bill_interfaces/srv/SaySomething.idl
[0.267s] -- Up-to-date: /home/vic/billeagle_ws/personal_ws/src/bill_interfaces/install/bill_interfaces/share/bill_interfaces/msg/MissionStatus.msg
[0.267s] -- Up-to-date: /home/vic/billeagle_ws/personal_ws/src/bill_interfaces/install/bill_interfaces/share/bill_interfaces/srv/GetName.srv
[0.267s] -- Up-to-date: /home/vic/billeagle_ws/personal_ws/src/bill_interfaces/install/bill_interfaces/share/bill_interfaces/srv/GetName_Request.msg
[0.267s] -- Up-to-date: /home/vic/billeagle_ws/personal_ws/src/bill_interfaces/install/bill_interfaces/share/bill_interfaces/srv/GetName_Response.msg
[0.267s] -- Up-to-date: /home/vic/billeagle_ws/personal_ws/src/bill_interfaces/install/bill_interfaces/share/bill_interfaces/srv/SearchFor.srv
[0.267s] -- Up-to-date: /home/vic/billeagle_ws/personal_ws/src/bill_interfaces/install/bill_interfaces/share/bill_interfaces/srv/SearchFor_Request.msg
[0.267s] -- Up-to-date: /home/vic/billeagle_ws/personal_ws/src/bill_interfaces/install/bill_interfaces/share/bill_interfaces/srv/SearchFor_Response.msg
[0.267s] -- Up-to-date: /home/vic/billeagle_ws/personal_ws/src/bill_interfaces/install/bill_interfaces/share/bill_interfaces/srv/GetTrained.srv
[0.267s] -- Up-to-date: /home/vic/billeagle_ws/personal_ws/src/bill_interfaces/install/bill_interfaces/share/bill_interfaces/srv/GetTrained_Request.msg
[0.267s] -- Up-to-date: /home/vic/billeagle_ws/personal_ws/src/bill_interfaces/install/bill_interfaces/share/bill_interfaces/srv/GetTrained_Response.msg
[0.267s] -- Up-to-date: /home/vic/billeagle_ws/personal_ws/src/bill_interfaces/install/bill_interfaces/share/bill_interfaces/srv/ExecuteSpin.srv
[0.267s] -- Up-to-date: /home/vic/billeagle_ws/personal_ws/src/bill_interfaces/install/bill_interfaces/share/bill_interfaces/srv/ExecuteSpin_Request.msg
[0.267s] -- Up-to-date: /home/vic/billeagle_ws/personal_ws/src/bill_interfaces/install/bill_interfaces/share/bill_interfaces/srv/ExecuteSpin_Response.msg
[0.268s] -- Up-to-date: /home/vic/billeagle_ws/personal_ws/src/bill_interfaces/install/bill_interfaces/share/bill_interfaces/srv/SaySomething.srv
[0.268s] -- Up-to-date: /home/vic/billeagle_ws/personal_ws/src/bill_interfaces/install/bill_interfaces/share/bill_interfaces/srv/SaySomething_Request.msg
[0.268s] -- Up-to-date: /home/vic/billeagle_ws/personal_ws/src/bill_interfaces/install/bill_interfaces/share/bill_interfaces/srv/SaySomething_Response.msg
[0.268s] -- Up-to-date: /home/vic/billeagle_ws/personal_ws/src/bill_interfaces/install/bill_interfaces/share/ament_index/resource_index/package_run_dependencies/bill_interfaces
[0.268s] -- Up-to-date: /home/vic/billeagle_ws/personal_ws/src/bill_interfaces/install/bill_interfaces/share/ament_index/resource_index/parent_prefix_path/bill_interfaces
[0.268s] -- Up-to-date: /home/vic/billeagle_ws/personal_ws/src/bill_interfaces/install/bill_interfaces/share/bill_interfaces/environment/ament_prefix_path.sh
[0.268s] -- Up-to-date: /home/vic/billeagle_ws/personal_ws/src/bill_interfaces/install/bill_interfaces/share/bill_interfaces/environment/ament_prefix_path.dsv
[0.268s] -- Up-to-date: /home/vic/billeagle_ws/personal_ws/src/bill_interfaces/install/bill_interfaces/share/bill_interfaces/environment/path.sh
[0.268s] -- Up-to-date: /home/vic/billeagle_ws/personal_ws/src/bill_interfaces/install/bill_interfaces/share/bill_interfaces/environment/path.dsv
[0.268s] -- Up-to-date: /home/vic/billeagle_ws/personal_ws/src/bill_interfaces/install/bill_interfaces/share/bill_interfaces/local_setup.bash
[0.268s] -- Up-to-date: /home/vic/billeagle_ws/personal_ws/src/bill_interfaces/install/bill_interfaces/share/bill_interfaces/local_setup.sh
[0.268s] -- Up-to-date: /home/vic/billeagle_ws/personal_ws/src/bill_interfaces/install/bill_interfaces/share/bill_interfaces/local_setup.zsh
[0.268s] -- Up-to-date: /home/vic/billeagle_ws/personal_ws/src/bill_interfaces/install/bill_interfaces/share/bill_interfaces/local_setup.dsv
[0.268s] -- Installing: /home/vic/billeagle_ws/personal_ws/src/bill_interfaces/install/bill_interfaces/share/bill_interfaces/package.dsv
[0.268s] -- Up-to-date: /home/vic/billeagle_ws/personal_ws/src/bill_interfaces/install/bill_interfaces/share/ament_index/resource_index/packages/bill_interfaces
[0.268s] -- Up-to-date: /home/vic/billeagle_ws/personal_ws/src/bill_interfaces/install/bill_interfaces/share/bill_interfaces/cmake/export_bill_interfaces__rosidl_generator_cExport.cmake
[0.268s] -- Up-to-date: /home/vic/billeagle_ws/personal_ws/src/bill_interfaces/install/bill_interfaces/share/bill_interfaces/cmake/export_bill_interfaces__rosidl_generator_cExport-noconfig.cmake
[0.268s] -- Up-to-date: /home/vic/billeagle_ws/personal_ws/src/bill_interfaces/install/bill_interfaces/share/bill_interfaces/cmake/export_bill_interfaces__rosidl_typesupport_fastrtps_cExport.cmake
[0.268s] -- Up-to-date: /home/vic/billeagle_ws/personal_ws/src/bill_interfaces/install/bill_interfaces/share/bill_interfaces/cmake/export_bill_interfaces__rosidl_typesupport_fastrtps_cExport-noconfig.cmake
[0.268s] -- Up-to-date: /home/vic/billeagle_ws/personal_ws/src/bill_interfaces/install/bill_interfaces/share/bill_interfaces/cmake/bill_interfaces__rosidl_typesupport_introspection_cExport.cmake
[0.268s] -- Up-to-date: /home/vic/billeagle_ws/personal_ws/src/bill_interfaces/install/bill_interfaces/share/bill_interfaces/cmake/bill_interfaces__rosidl_typesupport_introspection_cExport-noconfig.cmake
[0.268s] -- Up-to-date: /home/vic/billeagle_ws/personal_ws/src/bill_interfaces/install/bill_interfaces/share/bill_interfaces/cmake/bill_interfaces__rosidl_typesupport_cExport.cmake
[0.268s] -- Up-to-date: /home/vic/billeagle_ws/personal_ws/src/bill_interfaces/install/bill_interfaces/share/bill_interfaces/cmake/bill_interfaces__rosidl_typesupport_cExport-noconfig.cmake
[0.268s] -- Up-to-date: /home/vic/billeagle_ws/personal_ws/src/bill_interfaces/install/bill_interfaces/share/bill_interfaces/cmake/export_bill_interfaces__rosidl_generator_cppExport.cmake
[0.268s] -- Up-to-date: /home/vic/billeagle_ws/personal_ws/src/bill_interfaces/install/bill_interfaces/share/bill_interfaces/cmake/export_bill_interfaces__rosidl_typesupport_fastrtps_cppExport.cmake
[0.268s] -- Up-to-date: /home/vic/billeagle_ws/personal_ws/src/bill_interfaces/install/bill_interfaces/share/bill_interfaces/cmake/export_bill_interfaces__rosidl_typesupport_fastrtps_cppExport-noconfig.cmake
[0.268s] -- Up-to-date: /home/vic/billeagle_ws/personal_ws/src/bill_interfaces/install/bill_interfaces/share/bill_interfaces/cmake/bill_interfaces__rosidl_typesupport_introspection_cppExport.cmake
[0.268s] -- Up-to-date: /home/vic/billeagle_ws/personal_ws/src/bill_interfaces/install/bill_interfaces/share/bill_interfaces/cmake/bill_interfaces__rosidl_typesupport_introspection_cppExport-noconfig.cmake
[0.268s] -- Up-to-date: /home/vic/billeagle_ws/personal_ws/src/bill_interfaces/install/bill_interfaces/share/bill_interfaces/cmake/bill_interfaces__rosidl_typesupport_cppExport.cmake
[0.268s] -- Up-to-date: /home/vic/billeagle_ws/personal_ws/src/bill_interfaces/install/bill_interfaces/share/bill_interfaces/cmake/bill_interfaces__rosidl_typesupport_cppExport-noconfig.cmake
[0.268s] -- Up-to-date: /home/vic/billeagle_ws/personal_ws/src/bill_interfaces/install/bill_interfaces/share/bill_interfaces/cmake/export_bill_interfaces__rosidl_generator_pyExport.cmake
[0.268s] -- Up-to-date: /home/vic/billeagle_ws/personal_ws/src/bill_interfaces/install/bill_interfaces/share/bill_interfaces/cmake/export_bill_interfaces__rosidl_generator_pyExport-noconfig.cmake
[0.268s] -- Up-to-date: /home/vic/billeagle_ws/personal_ws/src/bill_interfaces/install/bill_interfaces/share/bill_interfaces/cmake/rosidl_cmake-extras.cmake
[0.268s] -- Up-to-date: /home/vic/billeagle_ws/personal_ws/src/bill_interfaces/install/bill_interfaces/share/bill_interfaces/cmake/ament_cmake_export_include_directories-extras.cmake
[0.268s] -- Up-to-date: /home/vic/billeagle_ws/personal_ws/src/bill_interfaces/install/bill_interfaces/share/bill_interfaces/cmake/ament_cmake_export_libraries-extras.cmake
[0.268s] -- Up-to-date: /home/vic/billeagle_ws/personal_ws/src/bill_interfaces/install/bill_interfaces/share/bill_interfaces/cmake/ament_cmake_export_targets-extras.cmake
[0.269s] -- Up-to-date: /home/vic/billeagle_ws/personal_ws/src/bill_interfaces/install/bill_interfaces/share/bill_interfaces/cmake/rosidl_cmake_export_typesupport_targets-extras.cmake
[0.269s] -- Up-to-date: /home/vic/billeagle_ws/personal_ws/src/bill_interfaces/install/bill_interfaces/share/bill_interfaces/cmake/ament_cmake_export_dependencies-extras.cmake
[0.269s] -- Up-to-date: /home/vic/billeagle_ws/personal_ws/src/bill_interfaces/install/bill_interfaces/share/bill_interfaces/cmake/rosidl_cmake_export_typesupport_libraries-extras.cmake
[0.269s] -- Up-to-date: /home/vic/billeagle_ws/personal_ws/src/bill_interfaces/install/bill_interfaces/share/bill_interfaces/cmake/bill_interfacesConfig.cmake
[0.269s] -- Up-to-date: /home/vic/billeagle_ws/personal_ws/src/bill_interfaces/install/bill_interfaces/share/bill_interfaces/cmake/bill_interfacesConfig-version.cmake
[0.269s] -- Up-to-date: /home/vic/billeagle_ws/personal_ws/src/bill_interfaces/install/bill_interfaces/share/bill_interfaces/package.xml
[0.269s] Invoked command in '/home/vic/billeagle_ws/personal_ws/src/bill_interfaces/build/bill_interfaces' returned '0': CMAKE_PREFIX_PATH=${CMAKE_PREFIX_PATH}:/home/vic/billeagle_ws/personal_ws/install/person_identification_mission /usr/bin/cmake --install /home/vic/billeagle_ws/personal_ws/src/bill_interfaces/build/bill_interfaces
