[0.007s] Invoking command in '/home/bill8/billeagle_ws/lslidar_ws/build/lslidar_driver': AMENT_PREFIX_PATH=/home/bill8/billeagle_ws/lslidar_ws/install/lslidar_msgs:${AMENT_PREFIX_PATH} CMAKE_PREFIX_PATH=/home/bill8/billeagle_ws/lslidar_ws/install/lslidar_msgs:/opt/ros/humble LD_LIBRARY_PATH=/home/bill8/billeagle_ws/lslidar_ws/install/lslidar_msgs/lib:${LD_LIBRARY_PATH} PYTHONPATH=/home/bill8/billeagle_ws/lslidar_ws/install/lslidar_msgs/local/lib/python3.10/dist-packages:${PYTHONPATH} /usr/bin/cmake /home/bill8/billeagle_ws/lslidar_ws/src/LSLIDAR_M10_N10_V2.5.2_230110_ROS2/lslidar_driver -DCMAKE_INSTALL_PREFIX=/home/bill8/billeagle_ws/lslidar_ws/install/lslidar_driver
[0.021s] -- Found Boost: /usr/lib/x86_64-linux-gnu/cmake/Boost-1.74.0/BoostConfig.cmake (found version "1.74.0") found components: thread 
[0.021s] -- Found rclcpp: 16.0.11 (/opt/ros/humble/share/rclcpp/cmake)
[0.099s] -- Override CMake install command with custom implementation using symlinks instead of copying resources
[0.119s] -- Found rosidl_generator_c: 3.1.6 (/opt/ros/humble/share/rosidl_generator_c/cmake)
[0.120s] -- Found rosidl_adapter: 3.1.6 (/opt/ros/humble/share/rosidl_adapter/cmake)
[0.123s] -- Found rosidl_generator_cpp: 3.1.6 (/opt/ros/humble/share/rosidl_generator_cpp/cmake)
[0.128s] -- Using all available rosidl_typesupport_c: rosidl_typesupport_fastrtps_c;rosidl_typesupport_introspection_c
[0.135s] -- Using all available rosidl_typesupport_cpp: rosidl_typesupport_fastrtps_cpp;rosidl_typesupport_introspection_cpp
[0.152s] -- Found rmw_implementation_cmake: 6.1.2 (/opt/ros/humble/share/rmw_implementation_cmake/cmake)
[0.153s] -- Found rmw_fastrtps_cpp: 6.2.7 (/opt/ros/humble/share/rmw_fastrtps_cpp/cmake)
[0.220s] -- Using RMW implementation 'rmw_fastrtps_cpp' as default
[0.257s] -- Eigen found (include: /usr/include/eigen3, version: 3.4.0)
[0.265s] -- Found Boost: /usr/lib/x86_64-linux-gnu/cmake/Boost-1.74.0/BoostConfig.cmake (found suitable version "1.74.0", minimum required is "1.65.0") found components: system filesystem date_time iostreams serialization 
[0.283s] -- FLANN found (include: /usr/include, lib: /usr/lib/x86_64-linux-gnu/libflann_cpp.so)
[0.470s] -- OpenNI found (version: 1.5.4.0, include: /usr/include/ni, lib: /usr/lib/libOpenNI.so;libusb::libusb)
[0.476s] -- OpenNI2 found (version: 2.2.0.33, include: /usr/include/openni2, lib: /usr/lib/x86_64-linux-gnu/libOpenNI2.so;libusb::libusb)
[0.476s] [0m** WARNING ** io features related to pcap will be disabled[0m
[0.571s] -- Eigen found (include: /usr/include/eigen3, version: 3.4.0)
[0.576s] -- OpenNI found (version: 1.5.4.0, include: /usr/include/ni, lib: /usr/lib/libOpenNI.so;libusb::libusb)
[0.581s] -- OpenNI2 found (version: 2.2.0.33, include: /usr/include/openni2, lib: /usr/lib/x86_64-linux-gnu/libOpenNI2.so;libusb::libusb)
[0.671s] -- Found Qhull version 8.0.2
[0.762s] -- OpenNI found (version: 1.5.4.0, include: /usr/include/ni, lib: /usr/lib/libOpenNI.so;libusb::libusb)
[0.852s] -- looking for PCL_COMMON
[0.852s] -- looking for PCL_KDTREE
[0.852s] -- looking for PCL_OCTREE
[0.852s] -- looking for PCL_SEARCH
[0.852s] -- looking for PCL_SAMPLE_CONSENSUS
[0.852s] -- looking for PCL_FILTERS
[0.853s] -- looking for PCL_2D
[0.853s] -- looking for PCL_GEOMETRY
[0.853s] -- looking for PCL_IO
[0.853s] -- looking for PCL_FEATURES
[0.854s] -- looking for PCL_ML
[0.854s] -- looking for PCL_SEGMENTATION
[0.854s] -- looking for PCL_VISUALIZATION
[0.854s] -- looking for PCL_SURFACE
[0.854s] -- looking for PCL_REGISTRATION
[0.854s] -- looking for PCL_KEYPOINTS
[0.854s] -- looking for PCL_TRACKING
[0.855s] -- looking for PCL_RECOGNITION
[0.855s] -- looking for PCL_STEREO
[0.855s] -- looking for PCL_APPS
[0.856s] -- looking for PCL_IN_HAND_SCANNER
[0.856s] -- looking for PCL_MODELER
[0.856s] -- looking for PCL_POINT_CLOUD_EDITOR
[0.856s] -- looking for PCL_OUTOFCORE
[0.856s] -- looking for PCL_PEOPLE
[0.857s] -- Found diagnostic_updater: 4.0.2 (/opt/ros/humble/share/diagnostic_updater/cmake)
[0.866s] -- Found lslidar_msgs: 1.2.0 (/home/bill8/billeagle_ws/lslidar_ws/install/lslidar_msgs/share/lslidar_msgs/cmake)
[0.874s] -- Found pluginlib: 5.1.0 (/opt/ros/humble/share/pluginlib/cmake)
[0.881s] -- Found pcl_conversions: 2.4.5 (/opt/ros/humble/share/pcl_conversions/cmake)
[0.955s] -- Configuring done
[0.986s] -- Generating done
[0.992s] -- Build files have been written to: /home/bill8/billeagle_ws/lslidar_ws/build/lslidar_driver
[1.002s] Invoked command in '/home/bill8/billeagle_ws/lslidar_ws/build/lslidar_driver' returned '0': AMENT_PREFIX_PATH=/home/bill8/billeagle_ws/lslidar_ws/install/lslidar_msgs:${AMENT_PREFIX_PATH} CMAKE_PREFIX_PATH=/home/bill8/billeagle_ws/lslidar_ws/install/lslidar_msgs:/opt/ros/humble LD_LIBRARY_PATH=/home/bill8/billeagle_ws/lslidar_ws/install/lslidar_msgs/lib:${LD_LIBRARY_PATH} PYTHONPATH=/home/bill8/billeagle_ws/lslidar_ws/install/lslidar_msgs/local/lib/python3.10/dist-packages:${PYTHONPATH} /usr/bin/cmake /home/bill8/billeagle_ws/lslidar_ws/src/LSLIDAR_M10_N10_V2.5.2_230110_ROS2/lslidar_driver -DCMAKE_INSTALL_PREFIX=/home/bill8/billeagle_ws/lslidar_ws/install/lslidar_driver
[1.003s] Invoking command in '/home/bill8/billeagle_ws/lslidar_ws/build/lslidar_driver': AMENT_PREFIX_PATH=/home/bill8/billeagle_ws/lslidar_ws/install/lslidar_msgs:${AMENT_PREFIX_PATH} CMAKE_PREFIX_PATH=/home/bill8/billeagle_ws/lslidar_ws/install/lslidar_msgs:/opt/ros/humble LD_LIBRARY_PATH=/home/bill8/billeagle_ws/lslidar_ws/install/lslidar_msgs/lib:${LD_LIBRARY_PATH} PYTHONPATH=/home/bill8/billeagle_ws/lslidar_ws/install/lslidar_msgs/local/lib/python3.10/dist-packages:${PYTHONPATH} /usr/bin/cmake --build /home/bill8/billeagle_ws/lslidar_ws/build/lslidar_driver -- -j16 -l16
[1.035s] [35m[1mConsolidate compiler generated dependencies of target lslidar_driver_node[0m
[1.045s] [ 20%] [32mBuilding CXX object CMakeFiles/lslidar_driver_node.dir/src/lslidar_driver.cc.o[0m
[1.045s] [ 40%] [32mBuilding CXX object CMakeFiles/lslidar_driver_node.dir/src/lslidar_driver_node.cc.o[0m
[1.047s] [ 60%] [32mBuilding CXX object CMakeFiles/lslidar_driver_node.dir/src/input.cc.o[0m
[9.356s] [ 80%] [32m[1mLinking CXX executable lslidar_driver_node[0m
[10.238s] [100%] Built target lslidar_driver_node
[10.249s] Invoked command in '/home/bill8/billeagle_ws/lslidar_ws/build/lslidar_driver' returned '0': AMENT_PREFIX_PATH=/home/bill8/billeagle_ws/lslidar_ws/install/lslidar_msgs:${AMENT_PREFIX_PATH} CMAKE_PREFIX_PATH=/home/bill8/billeagle_ws/lslidar_ws/install/lslidar_msgs:/opt/ros/humble LD_LIBRARY_PATH=/home/bill8/billeagle_ws/lslidar_ws/install/lslidar_msgs/lib:${LD_LIBRARY_PATH} PYTHONPATH=/home/bill8/billeagle_ws/lslidar_ws/install/lslidar_msgs/local/lib/python3.10/dist-packages:${PYTHONPATH} /usr/bin/cmake --build /home/bill8/billeagle_ws/lslidar_ws/build/lslidar_driver -- -j16 -l16
[10.251s] Invoking command in '/home/bill8/billeagle_ws/lslidar_ws/build/lslidar_driver': AMENT_PREFIX_PATH=/home/bill8/billeagle_ws/lslidar_ws/install/lslidar_msgs:${AMENT_PREFIX_PATH} CMAKE_PREFIX_PATH=/home/bill8/billeagle_ws/lslidar_ws/install/lslidar_msgs:/opt/ros/humble LD_LIBRARY_PATH=/home/bill8/billeagle_ws/lslidar_ws/install/lslidar_msgs/lib:${LD_LIBRARY_PATH} PYTHONPATH=/home/bill8/billeagle_ws/lslidar_ws/install/lslidar_msgs/local/lib/python3.10/dist-packages:${PYTHONPATH} /usr/bin/cmake --install /home/bill8/billeagle_ws/lslidar_ws/build/lslidar_driver
[10.255s] -- Install configuration: ""
[10.255s] -- Execute custom install script
[10.255s] -- Symlinking: /home/bill8/billeagle_ws/lslidar_ws/install/lslidar_driver/share/lslidar_driver/launch/lslidar_launch.py
[10.263s] -- Symlinking: /home/bill8/billeagle_ws/lslidar_ws/install/lslidar_driver/share/lslidar_driver/params/lsx10.yaml
[10.268s] -- Symlinking: /home/bill8/billeagle_ws/lslidar_ws/install/lslidar_driver/share/lslidar_driver/params/lsx10_1.yaml
[10.273s] -- Symlinking: /home/bill8/billeagle_ws/lslidar_ws/install/lslidar_driver/share/lslidar_driver/params/lsx10_2.yaml
[10.278s] -- Symlinking: /home/bill8/billeagle_ws/lslidar_ws/install/lslidar_driver/share/lslidar_driver/rviz/lslidar.rviz
[10.283s] -- Symlinking: /home/bill8/billeagle_ws/lslidar_ws/install/lslidar_driver/lib/lslidar_driver/lslidar_driver_node
[10.291s] -- Symlinking: /home/bill8/billeagle_ws/lslidar_ws/install/lslidar_driver/share/ament_index/resource_index/package_run_dependencies/lslidar_driver
[10.297s] -- Symlinking: /home/bill8/billeagle_ws/lslidar_ws/install/lslidar_driver/share/ament_index/resource_index/parent_prefix_path/lslidar_driver
[10.302s] -- Symlinking: /home/bill8/billeagle_ws/lslidar_ws/install/lslidar_driver/share/lslidar_driver/environment/ament_prefix_path.sh
[10.308s] -- Symlinking: /home/bill8/billeagle_ws/lslidar_ws/install/lslidar_driver/share/lslidar_driver/environment/ament_prefix_path.dsv
[10.312s] -- Symlinking: /home/bill8/billeagle_ws/lslidar_ws/install/lslidar_driver/share/lslidar_driver/environment/path.sh
[10.317s] -- Symlinking: /home/bill8/billeagle_ws/lslidar_ws/install/lslidar_driver/share/lslidar_driver/environment/path.dsv
[10.324s] -- Symlinking: /home/bill8/billeagle_ws/lslidar_ws/install/lslidar_driver/share/lslidar_driver/local_setup.bash
[10.328s] -- Symlinking: /home/bill8/billeagle_ws/lslidar_ws/install/lslidar_driver/share/lslidar_driver/local_setup.sh
[10.334s] -- Symlinking: /home/bill8/billeagle_ws/lslidar_ws/install/lslidar_driver/share/lslidar_driver/local_setup.zsh
[10.339s] -- Symlinking: /home/bill8/billeagle_ws/lslidar_ws/install/lslidar_driver/share/lslidar_driver/local_setup.dsv
[10.344s] -- Symlinking: /home/bill8/billeagle_ws/lslidar_ws/install/lslidar_driver/share/lslidar_driver/package.dsv
[10.349s] -- Symlinking: /home/bill8/billeagle_ws/lslidar_ws/install/lslidar_driver/share/ament_index/resource_index/packages/lslidar_driver
[10.354s] -- Symlinking: /home/bill8/billeagle_ws/lslidar_ws/install/lslidar_driver/share/lslidar_driver/cmake/ament_cmake_export_dependencies-extras.cmake
[10.361s] -- Symlinking: /home/bill8/billeagle_ws/lslidar_ws/install/lslidar_driver/share/lslidar_driver/cmake/ament_cmake_export_include_directories-extras.cmake
[10.366s] -- Symlinking: /home/bill8/billeagle_ws/lslidar_ws/install/lslidar_driver/share/lslidar_driver/cmake/lslidar_driverConfig.cmake
[10.372s] -- Symlinking: /home/bill8/billeagle_ws/lslidar_ws/install/lslidar_driver/share/lslidar_driver/cmake/lslidar_driverConfig-version.cmake
[10.379s] -- Symlinking: /home/bill8/billeagle_ws/lslidar_ws/install/lslidar_driver/share/lslidar_driver/package.xml
[10.386s] Invoked command in '/home/bill8/billeagle_ws/lslidar_ws/build/lslidar_driver' returned '0': AMENT_PREFIX_PATH=/home/bill8/billeagle_ws/lslidar_ws/install/lslidar_msgs:${AMENT_PREFIX_PATH} CMAKE_PREFIX_PATH=/home/bill8/billeagle_ws/lslidar_ws/install/lslidar_msgs:/opt/ros/humble LD_LIBRARY_PATH=/home/bill8/billeagle_ws/lslidar_ws/install/lslidar_msgs/lib:${LD_LIBRARY_PATH} PYTHONPATH=/home/bill8/billeagle_ws/lslidar_ws/install/lslidar_msgs/local/lib/python3.10/dist-packages:${PYTHONPATH} /usr/bin/cmake --install /home/bill8/billeagle_ws/lslidar_ws/build/lslidar_driver
