[0.057s] DEBUG:colcon:Command line arguments: ['/usr/bin/colcon', 'build']
[0.057s] DEBUG:colcon:Parsed command line arguments: Namespace(log_base=None, log_level=None, verb_name='build', build_base='build', install_base='install', merge_install=False, symlink_install=False, test_result_base=None, continue_on_error=False, executor='parallel', parallel_workers=16, event_handlers=None, ignore_user_meta=False, metas=['./colcon.meta'], base_paths=['.'], packages_ignore=None, packages_ignore_regex=None, paths=None, packages_up_to=None, packages_up_to_regex=None, packages_above=None, packages_above_and_dependencies=None, packages_above_depth=None, packages_select_by_dep=None, packages_skip_by_dep=None, packages_skip_up_to=None, packages_select_build_failed=False, packages_skip_build_finished=False, packages_select_test_failures=False, packages_skip_test_passed=False, packages_select=None, packages_skip=None, packages_select_regex=None, packages_skip_regex=None, packages_start=None, packages_end=None, allow_overriding=[], cmake_args=None, cmake_target=None, cmake_target_skip_unavailable=False, cmake_clean_cache=False, cmake_clean_first=False, cmake_force_configure=False, ament_cmake_args=None, catkin_cmake_args=None, catkin_skip_building_tests=False, verb_parser=<colcon_defaults.argument_parser.defaults.DefaultArgumentsDecorator object at 0x7fdc45d6e650>, verb_extension=<colcon_core.verb.build.BuildVerb object at 0x7fdc45ee6c20>, main=<bound method BuildVerb.main of <colcon_core.verb.build.BuildVerb object at 0x7fdc45ee6c20>>)
[0.156s] Level 1:colcon.colcon_core.package_discovery:discover_packages(colcon_meta) check parameters
[0.156s] Level 1:colcon.colcon_core.package_discovery:discover_packages(recursive) check parameters
[0.156s] Level 1:colcon.colcon_core.package_discovery:discover_packages(ignore) check parameters
[0.156s] Level 1:colcon.colcon_core.package_discovery:discover_packages(path) check parameters
[0.156s] Level 1:colcon.colcon_core.package_discovery:discover_packages(colcon_meta) discover
[0.156s] Level 1:colcon.colcon_core.package_discovery:discover_packages(recursive) discover
[0.156s] INFO:colcon.colcon_core.package_discovery:Crawling recursively for packages in '/home/bill8/billeagle_ws/laser_odom_ws'
[0.156s] Level 1:colcon.colcon_core.package_identification:_identify(.) by extensions ['ignore', 'ignore_ament_install']
[0.156s] Level 1:colcon.colcon_core.package_identification:_identify(.) by extension 'ignore'
[0.156s] Level 1:colcon.colcon_core.package_identification:_identify(.) by extension 'ignore_ament_install'
[0.156s] Level 1:colcon.colcon_core.package_identification:_identify(.) by extensions ['colcon_pkg']
[0.156s] Level 1:colcon.colcon_core.package_identification:_identify(.) by extension 'colcon_pkg'
[0.156s] Level 1:colcon.colcon_core.package_identification:_identify(.) by extensions ['colcon_meta']
[0.156s] Level 1:colcon.colcon_core.package_identification:_identify(.) by extension 'colcon_meta'
[0.156s] Level 1:colcon.colcon_core.package_identification:_identify(.) by extensions ['ros']
[0.156s] Level 1:colcon.colcon_core.package_identification:_identify(.) by extension 'ros'
[0.167s] Level 1:colcon.colcon_core.package_identification:_identify(.) by extensions ['cmake', 'python']
[0.167s] Level 1:colcon.colcon_core.package_identification:_identify(.) by extension 'cmake'
[0.168s] Level 1:colcon.colcon_core.package_identification:_identify(.) by extension 'python'
[0.168s] Level 1:colcon.colcon_core.package_identification:_identify(.) by extensions ['python_setup_py']
[0.168s] Level 1:colcon.colcon_core.package_identification:_identify(.) by extension 'python_setup_py'
[0.168s] Level 1:colcon.colcon_core.package_identification:_identify(build) by extensions ['ignore', 'ignore_ament_install']
[0.168s] Level 1:colcon.colcon_core.package_identification:_identify(build) by extension 'ignore'
[0.168s] Level 1:colcon.colcon_core.package_identification:_identify(build) ignored
[0.168s] Level 1:colcon.colcon_core.package_identification:_identify(install) by extensions ['ignore', 'ignore_ament_install']
[0.168s] Level 1:colcon.colcon_core.package_identification:_identify(install) by extension 'ignore'
[0.168s] Level 1:colcon.colcon_core.package_identification:_identify(install) ignored
[0.168s] Level 1:colcon.colcon_core.package_identification:_identify(log) by extensions ['ignore', 'ignore_ament_install']
[0.168s] Level 1:colcon.colcon_core.package_identification:_identify(log) by extension 'ignore'
[0.168s] Level 1:colcon.colcon_core.package_identification:_identify(log) ignored
[0.168s] Level 1:colcon.colcon_core.package_identification:_identify(src) by extensions ['ignore', 'ignore_ament_install']
[0.168s] Level 1:colcon.colcon_core.package_identification:_identify(src) by extension 'ignore'
[0.168s] Level 1:colcon.colcon_core.package_identification:_identify(src) by extension 'ignore_ament_install'
[0.168s] Level 1:colcon.colcon_core.package_identification:_identify(src) by extensions ['colcon_pkg']
[0.168s] Level 1:colcon.colcon_core.package_identification:_identify(src) by extension 'colcon_pkg'
[0.168s] Level 1:colcon.colcon_core.package_identification:_identify(src) by extensions ['colcon_meta']
[0.168s] Level 1:colcon.colcon_core.package_identification:_identify(src) by extension 'colcon_meta'
[0.168s] Level 1:colcon.colcon_core.package_identification:_identify(src) by extensions ['ros']
[0.168s] Level 1:colcon.colcon_core.package_identification:_identify(src) by extension 'ros'
[0.168s] Level 1:colcon.colcon_core.package_identification:_identify(src) by extensions ['cmake', 'python']
[0.168s] Level 1:colcon.colcon_core.package_identification:_identify(src) by extension 'cmake'
[0.168s] Level 1:colcon.colcon_core.package_identification:_identify(src) by extension 'python'
[0.168s] Level 1:colcon.colcon_core.package_identification:_identify(src) by extensions ['python_setup_py']
[0.168s] Level 1:colcon.colcon_core.package_identification:_identify(src) by extension 'python_setup_py'
[0.168s] Level 1:colcon.colcon_core.package_identification:_identify(src/rf2o_laser_odometry) by extensions ['ignore', 'ignore_ament_install']
[0.168s] Level 1:colcon.colcon_core.package_identification:_identify(src/rf2o_laser_odometry) by extension 'ignore'
[0.168s] Level 1:colcon.colcon_core.package_identification:_identify(src/rf2o_laser_odometry) by extension 'ignore_ament_install'
[0.168s] Level 1:colcon.colcon_core.package_identification:_identify(src/rf2o_laser_odometry) by extensions ['colcon_pkg']
[0.168s] Level 1:colcon.colcon_core.package_identification:_identify(src/rf2o_laser_odometry) by extension 'colcon_pkg'
[0.168s] Level 1:colcon.colcon_core.package_identification:_identify(src/rf2o_laser_odometry) by extensions ['colcon_meta']
[0.168s] Level 1:colcon.colcon_core.package_identification:_identify(src/rf2o_laser_odometry) by extension 'colcon_meta'
[0.168s] Level 1:colcon.colcon_core.package_identification:_identify(src/rf2o_laser_odometry) by extensions ['ros']
[0.168s] Level 1:colcon.colcon_core.package_identification:_identify(src/rf2o_laser_odometry) by extension 'ros'
[0.170s] DEBUG:colcon.colcon_core.package_identification:Package 'src/rf2o_laser_odometry' with type 'ros.ament_cmake' and name 'rf2o_laser_odometry'
[0.170s] Level 1:colcon.colcon_core.package_discovery:discover_packages(recursive) using defaults
[0.170s] Level 1:colcon.colcon_core.package_discovery:discover_packages(ignore) discover
[0.170s] Level 1:colcon.colcon_core.package_discovery:discover_packages(ignore) using defaults
[0.170s] Level 1:colcon.colcon_core.package_discovery:discover_packages(path) discover
[0.170s] Level 1:colcon.colcon_core.package_discovery:discover_packages(path) using defaults
[0.181s] Level 1:colcon.colcon_core.package_discovery:discover_packages(prefix_path) check parameters
[0.181s] Level 1:colcon.colcon_core.package_discovery:discover_packages(prefix_path) discover
[0.182s] DEBUG:colcon.colcon_installed_package_information.package_discovery:Found 1 installed packages in /home/bill8/billeagle_ws/laser_odom_ws/install
[0.182s] DEBUG:colcon.colcon_installed_package_information.package_discovery:Found 3 installed packages in /home/bill8/microros_ws/install
[0.183s] DEBUG:colcon.colcon_installed_package_information.package_discovery:Found 329 installed packages in /opt/ros/humble
[0.184s] Level 1:colcon.colcon_core.package_discovery:discover_packages(prefix_path) using defaults
[0.205s] Level 5:colcon.colcon_core.verb:set package 'rf2o_laser_odometry' build argument 'cmake_args' from command line to 'None'
[0.205s] Level 5:colcon.colcon_core.verb:set package 'rf2o_laser_odometry' build argument 'cmake_target' from command line to 'None'
[0.205s] Level 5:colcon.colcon_core.verb:set package 'rf2o_laser_odometry' build argument 'cmake_target_skip_unavailable' from command line to 'False'
[0.205s] Level 5:colcon.colcon_core.verb:set package 'rf2o_laser_odometry' build argument 'cmake_clean_cache' from command line to 'False'
[0.205s] Level 5:colcon.colcon_core.verb:set package 'rf2o_laser_odometry' build argument 'cmake_clean_first' from command line to 'False'
[0.205s] Level 5:colcon.colcon_core.verb:set package 'rf2o_laser_odometry' build argument 'cmake_force_configure' from command line to 'False'
[0.205s] Level 5:colcon.colcon_core.verb:set package 'rf2o_laser_odometry' build argument 'ament_cmake_args' from command line to 'None'
[0.205s] Level 5:colcon.colcon_core.verb:set package 'rf2o_laser_odometry' build argument 'catkin_cmake_args' from command line to 'None'
[0.205s] Level 5:colcon.colcon_core.verb:set package 'rf2o_laser_odometry' build argument 'catkin_skip_building_tests' from command line to 'False'
[0.205s] DEBUG:colcon.colcon_core.verb:Building package 'rf2o_laser_odometry' with the following arguments: {'ament_cmake_args': None, 'build_base': '/home/bill8/billeagle_ws/laser_odom_ws/build/rf2o_laser_odometry', 'catkin_cmake_args': None, 'catkin_skip_building_tests': False, 'cmake_args': None, 'cmake_clean_cache': False, 'cmake_clean_first': False, 'cmake_force_configure': False, 'cmake_target': None, 'cmake_target_skip_unavailable': False, 'install_base': '/home/bill8/billeagle_ws/laser_odom_ws/install/rf2o_laser_odometry', 'merge_install': False, 'path': '/home/bill8/billeagle_ws/laser_odom_ws/src/rf2o_laser_odometry', 'symlink_install': False, 'test_result_base': None}
[0.205s] INFO:colcon.colcon_core.executor:Executing jobs using 'parallel' executor
[0.206s] DEBUG:colcon.colcon_parallel_executor.executor.parallel:run_until_complete
[0.206s] INFO:colcon.colcon_ros.task.ament_cmake.build:Building ROS package in '/home/bill8/billeagle_ws/laser_odom_ws/src/rf2o_laser_odometry' with build type 'ament_cmake'
[0.206s] INFO:colcon.colcon_cmake.task.cmake.build:Building CMake package in '/home/bill8/billeagle_ws/laser_odom_ws/src/rf2o_laser_odometry'
[0.207s] INFO:colcon.colcon_core.plugin_system:Skipping extension 'colcon_core.shell.bat': Not used on non-Windows systems
[0.208s] INFO:colcon.colcon_core.shell:Skip shell extension 'powershell' for command environment: Not usable outside of PowerShell
[0.208s] DEBUG:colcon.colcon_core.shell:Skip shell extension 'dsv' for command environment
[0.213s] DEBUG:colcon.colcon_core.event_handler.log_command:Invoking command in '/home/bill8/billeagle_ws/laser_odom_ws/build/rf2o_laser_odometry': CMAKE_PREFIX_PATH=${CMAKE_PREFIX_PATH}:/opt/ros/humble /home/bill8/.local/bin/cmake --build /home/bill8/billeagle_ws/laser_odom_ws/build/rf2o_laser_odometry -- -j16 -l16
[7.911s] DEBUG:colcon.colcon_core.event_handler.log_command:Invoked command in '/home/bill8/billeagle_ws/laser_odom_ws/build/rf2o_laser_odometry' returned '0': CMAKE_PREFIX_PATH=${CMAKE_PREFIX_PATH}:/opt/ros/humble /home/bill8/.local/bin/cmake --build /home/bill8/billeagle_ws/laser_odom_ws/build/rf2o_laser_odometry -- -j16 -l16
[7.957s] DEBUG:colcon.colcon_core.event_handler.log_command:Invoking command in '/home/bill8/billeagle_ws/laser_odom_ws/build/rf2o_laser_odometry': CMAKE_PREFIX_PATH=${CMAKE_PREFIX_PATH}:/opt/ros/humble /home/bill8/.local/bin/cmake --install /home/bill8/billeagle_ws/laser_odom_ws/build/rf2o_laser_odometry
[8.015s] Level 1:colcon.colcon_core.environment:create_environment_scripts_only(rf2o_laser_odometry)
[8.015s] DEBUG:colcon.colcon_core.event_handler.log_command:Invoked command in '/home/bill8/billeagle_ws/laser_odom_ws/build/rf2o_laser_odometry' returned '0': CMAKE_PREFIX_PATH=${CMAKE_PREFIX_PATH}:/opt/ros/humble /home/bill8/.local/bin/cmake --install /home/bill8/billeagle_ws/laser_odom_ws/build/rf2o_laser_odometry
[8.017s] Level 1:colcon.colcon_core.environment:checking '/home/bill8/billeagle_ws/laser_odom_ws/install/rf2o_laser_odometry' for CMake module files
[8.017s] Level 1:colcon.colcon_core.environment:checking '/home/bill8/billeagle_ws/laser_odom_ws/install/rf2o_laser_odometry' for CMake config files
[8.017s] Level 1:colcon.colcon_core.shell:create_environment_hook('rf2o_laser_odometry', 'cmake_prefix_path')
[8.017s] INFO:colcon.colcon_core.shell:Creating environment hook '/home/bill8/billeagle_ws/laser_odom_ws/install/rf2o_laser_odometry/share/rf2o_laser_odometry/hook/cmake_prefix_path.ps1'
[8.018s] INFO:colcon.colcon_core.shell:Creating environment descriptor '/home/bill8/billeagle_ws/laser_odom_ws/install/rf2o_laser_odometry/share/rf2o_laser_odometry/hook/cmake_prefix_path.dsv'
[8.018s] INFO:colcon.colcon_core.shell:Creating environment hook '/home/bill8/billeagle_ws/laser_odom_ws/install/rf2o_laser_odometry/share/rf2o_laser_odometry/hook/cmake_prefix_path.sh'
[8.018s] Level 1:colcon.colcon_core.environment:checking '/home/bill8/billeagle_ws/laser_odom_ws/install/rf2o_laser_odometry/lib'
[8.018s] Level 1:colcon.colcon_core.environment:checking '/home/bill8/billeagle_ws/laser_odom_ws/install/rf2o_laser_odometry/bin'
[8.018s] Level 1:colcon.colcon_core.environment:checking '/home/bill8/billeagle_ws/laser_odom_ws/install/rf2o_laser_odometry/lib/pkgconfig/rf2o_laser_odometry.pc'
[8.019s] Level 1:colcon.colcon_core.environment:checking '/home/bill8/billeagle_ws/laser_odom_ws/install/rf2o_laser_odometry/lib/python3.10/site-packages'
[8.019s] Level 1:colcon.colcon_core.environment:checking '/home/bill8/billeagle_ws/laser_odom_ws/install/rf2o_laser_odometry/bin'
[8.019s] INFO:colcon.colcon_core.shell:Creating package script '/home/bill8/billeagle_ws/laser_odom_ws/install/rf2o_laser_odometry/share/rf2o_laser_odometry/package.ps1'
[8.019s] INFO:colcon.colcon_core.shell:Creating package descriptor '/home/bill8/billeagle_ws/laser_odom_ws/install/rf2o_laser_odometry/share/rf2o_laser_odometry/package.dsv'
[8.019s] INFO:colcon.colcon_core.shell:Creating package script '/home/bill8/billeagle_ws/laser_odom_ws/install/rf2o_laser_odometry/share/rf2o_laser_odometry/package.sh'
[8.020s] INFO:colcon.colcon_core.shell:Creating package script '/home/bill8/billeagle_ws/laser_odom_ws/install/rf2o_laser_odometry/share/rf2o_laser_odometry/package.bash'
[8.020s] INFO:colcon.colcon_core.shell:Creating package script '/home/bill8/billeagle_ws/laser_odom_ws/install/rf2o_laser_odometry/share/rf2o_laser_odometry/package.zsh'
[8.020s] Level 1:colcon.colcon_core.environment:create_file_with_runtime_dependencies(/home/bill8/billeagle_ws/laser_odom_ws/install/rf2o_laser_odometry/share/colcon-core/packages/rf2o_laser_odometry)
[8.021s] Level 1:colcon.colcon_core.environment:create_environment_scripts_only(rf2o_laser_odometry)
[8.021s] Level 1:colcon.colcon_core.environment:checking '/home/bill8/billeagle_ws/laser_odom_ws/install/rf2o_laser_odometry' for CMake module files
[8.021s] Level 1:colcon.colcon_core.environment:checking '/home/bill8/billeagle_ws/laser_odom_ws/install/rf2o_laser_odometry' for CMake config files
[8.021s] Level 1:colcon.colcon_core.shell:create_environment_hook('rf2o_laser_odometry', 'cmake_prefix_path')
[8.021s] INFO:colcon.colcon_core.shell:Creating environment hook '/home/bill8/billeagle_ws/laser_odom_ws/install/rf2o_laser_odometry/share/rf2o_laser_odometry/hook/cmake_prefix_path.ps1'
[8.023s] INFO:colcon.colcon_core.shell:Creating environment descriptor '/home/bill8/billeagle_ws/laser_odom_ws/install/rf2o_laser_odometry/share/rf2o_laser_odometry/hook/cmake_prefix_path.dsv'
[8.023s] INFO:colcon.colcon_core.shell:Creating environment hook '/home/bill8/billeagle_ws/laser_odom_ws/install/rf2o_laser_odometry/share/rf2o_laser_odometry/hook/cmake_prefix_path.sh'
[8.023s] Level 1:colcon.colcon_core.environment:checking '/home/bill8/billeagle_ws/laser_odom_ws/install/rf2o_laser_odometry/lib'
[8.023s] Level 1:colcon.colcon_core.environment:checking '/home/bill8/billeagle_ws/laser_odom_ws/install/rf2o_laser_odometry/bin'
[8.023s] Level 1:colcon.colcon_core.environment:checking '/home/bill8/billeagle_ws/laser_odom_ws/install/rf2o_laser_odometry/lib/pkgconfig/rf2o_laser_odometry.pc'
[8.024s] Level 1:colcon.colcon_core.environment:checking '/home/bill8/billeagle_ws/laser_odom_ws/install/rf2o_laser_odometry/lib/python3.10/site-packages'
[8.024s] Level 1:colcon.colcon_core.environment:checking '/home/bill8/billeagle_ws/laser_odom_ws/install/rf2o_laser_odometry/bin'
[8.024s] INFO:colcon.colcon_core.shell:Creating package script '/home/bill8/billeagle_ws/laser_odom_ws/install/rf2o_laser_odometry/share/rf2o_laser_odometry/package.ps1'
[8.024s] INFO:colcon.colcon_core.shell:Creating package descriptor '/home/bill8/billeagle_ws/laser_odom_ws/install/rf2o_laser_odometry/share/rf2o_laser_odometry/package.dsv'
[8.024s] INFO:colcon.colcon_core.shell:Creating package script '/home/bill8/billeagle_ws/laser_odom_ws/install/rf2o_laser_odometry/share/rf2o_laser_odometry/package.sh'
[8.024s] INFO:colcon.colcon_core.shell:Creating package script '/home/bill8/billeagle_ws/laser_odom_ws/install/rf2o_laser_odometry/share/rf2o_laser_odometry/package.bash'
[8.025s] INFO:colcon.colcon_core.shell:Creating package script '/home/bill8/billeagle_ws/laser_odom_ws/install/rf2o_laser_odometry/share/rf2o_laser_odometry/package.zsh'
[8.025s] Level 1:colcon.colcon_core.environment:create_file_with_runtime_dependencies(/home/bill8/billeagle_ws/laser_odom_ws/install/rf2o_laser_odometry/share/colcon-core/packages/rf2o_laser_odometry)
[8.025s] DEBUG:colcon.colcon_parallel_executor.executor.parallel:closing loop
[8.025s] DEBUG:colcon.colcon_parallel_executor.executor.parallel:loop closed
[8.025s] DEBUG:colcon.colcon_parallel_executor.executor.parallel:run_until_complete finished with '0'
[8.025s] DEBUG:colcon.colcon_core.event_reactor:joining thread
[8.030s] INFO:colcon.colcon_core.plugin_system:Skipping extension 'colcon_notification.desktop_notification.terminal_notifier': Not used on non-Darwin systems
[8.030s] INFO:colcon.colcon_core.plugin_system:Skipping extension 'colcon_notification.desktop_notification.win32': Not used on non-Windows systems
[8.030s] INFO:colcon.colcon_notification.desktop_notification:Sending desktop notification using 'notify2'
[8.038s] DEBUG:colcon.colcon_core.event_reactor:joined thread
[8.038s] INFO:colcon.colcon_core.shell:Creating prefix script '/home/bill8/billeagle_ws/laser_odom_ws/install/local_setup.ps1'
[8.039s] INFO:colcon.colcon_core.shell:Creating prefix util module '/home/bill8/billeagle_ws/laser_odom_ws/install/_local_setup_util_ps1.py'
[8.039s] INFO:colcon.colcon_core.shell:Creating prefix chain script '/home/bill8/billeagle_ws/laser_odom_ws/install/setup.ps1'
[8.040s] INFO:colcon.colcon_core.shell:Creating prefix script '/home/bill8/billeagle_ws/laser_odom_ws/install/local_setup.sh'
[8.040s] INFO:colcon.colcon_core.shell:Creating prefix util module '/home/bill8/billeagle_ws/laser_odom_ws/install/_local_setup_util_sh.py'
[8.041s] INFO:colcon.colcon_core.shell:Creating prefix chain script '/home/bill8/billeagle_ws/laser_odom_ws/install/setup.sh'
[8.041s] INFO:colcon.colcon_core.shell:Creating prefix script '/home/bill8/billeagle_ws/laser_odom_ws/install/local_setup.bash'
[8.042s] INFO:colcon.colcon_core.shell:Creating prefix chain script '/home/bill8/billeagle_ws/laser_odom_ws/install/setup.bash'
[8.042s] INFO:colcon.colcon_core.shell:Creating prefix script '/home/bill8/billeagle_ws/laser_odom_ws/install/local_setup.zsh'
[8.042s] INFO:colcon.colcon_core.shell:Creating prefix chain script '/home/bill8/billeagle_ws/laser_odom_ws/install/setup.zsh'
