[0.056s] DEBUG:colcon:Command line arguments: ['/usr/bin/colcon', 'build']
[0.056s] DEBUG:colcon:Parsed command line arguments: Namespace(log_base=None, log_level=None, verb_name='build', build_base='build', install_base='install', merge_install=False, symlink_install=False, test_result_base=None, continue_on_error=False, executor='parallel', parallel_workers=16, event_handlers=None, ignore_user_meta=False, metas=['./colcon.meta'], base_paths=['.'], packages_ignore=None, packages_ignore_regex=None, paths=None, packages_up_to=None, packages_up_to_regex=None, packages_above=None, packages_above_and_dependencies=None, packages_above_depth=None, packages_select_by_dep=None, packages_skip_by_dep=None, packages_skip_up_to=None, packages_select_build_failed=False, packages_skip_build_finished=False, packages_select_test_failures=False, packages_skip_test_passed=False, packages_select=None, packages_skip=None, packages_select_regex=None, packages_skip_regex=None, packages_start=None, packages_end=None, allow_overriding=[], cmake_args=None, cmake_target=None, cmake_target_skip_unavailable=False, cmake_clean_cache=False, cmake_clean_first=False, cmake_force_configure=False, ament_cmake_args=None, catkin_cmake_args=None, catkin_skip_building_tests=False, mixin_files=None, mixin=None, verb_parser=<colcon_mixin.mixin.mixin_argument.MixinArgumentDecorator object at 0x7b17db064f40>, verb_extension=<colcon_core.verb.build.BuildVerb object at 0x7b17db0644c0>, main=<bound method BuildVerb.main of <colcon_core.verb.build.BuildVerb object at 0x7b17db0644c0>>, mixin_verb=('build',))
[0.138s] Level 1:colcon.colcon_core.package_discovery:discover_packages(colcon_meta) check parameters
[0.138s] Level 1:colcon.colcon_core.package_discovery:discover_packages(recursive) check parameters
[0.138s] Level 1:colcon.colcon_core.package_discovery:discover_packages(ignore) check parameters
[0.138s] Level 1:colcon.colcon_core.package_discovery:discover_packages(path) check parameters
[0.138s] Level 1:colcon.colcon_core.package_discovery:discover_packages(colcon_meta) discover
[0.138s] Level 1:colcon.colcon_core.package_discovery:discover_packages(recursive) discover
[0.138s] INFO:colcon.colcon_core.package_discovery:Crawling recursively for packages in '/home/vic/billeagle_ws/lslidar_ws'
[0.138s] Level 1:colcon.colcon_core.package_identification:_identify(.) by extensions ['ignore', 'ignore_ament_install']
[0.138s] Level 1:colcon.colcon_core.package_identification:_identify(.) by extension 'ignore'
[0.138s] Level 1:colcon.colcon_core.package_identification:_identify(.) by extension 'ignore_ament_install'
[0.138s] Level 1:colcon.colcon_core.package_identification:_identify(.) by extensions ['colcon_pkg']
[0.138s] Level 1:colcon.colcon_core.package_identification:_identify(.) by extension 'colcon_pkg'
[0.138s] Level 1:colcon.colcon_core.package_identification:_identify(.) by extensions ['colcon_meta']
[0.138s] Level 1:colcon.colcon_core.package_identification:_identify(.) by extension 'colcon_meta'
[0.138s] Level 1:colcon.colcon_core.package_identification:_identify(.) by extensions ['ros']
[0.138s] Level 1:colcon.colcon_core.package_identification:_identify(.) by extension 'ros'
[0.144s] Level 1:colcon.colcon_core.package_identification:_identify(.) by extensions ['cmake', 'python']
[0.144s] Level 1:colcon.colcon_core.package_identification:_identify(.) by extension 'cmake'
[0.144s] Level 1:colcon.colcon_core.package_identification:_identify(.) by extension 'python'
[0.144s] Level 1:colcon.colcon_core.package_identification:_identify(.) by extensions ['python_setup_py']
[0.144s] Level 1:colcon.colcon_core.package_identification:_identify(.) by extension 'python_setup_py'
[0.144s] Level 1:colcon.colcon_core.package_identification:_identify(build) by extensions ['ignore', 'ignore_ament_install']
[0.145s] Level 1:colcon.colcon_core.package_identification:_identify(build) by extension 'ignore'
[0.145s] Level 1:colcon.colcon_core.package_identification:_identify(build) ignored
[0.145s] Level 1:colcon.colcon_core.package_identification:_identify(install) by extensions ['ignore', 'ignore_ament_install']
[0.145s] Level 1:colcon.colcon_core.package_identification:_identify(install) by extension 'ignore'
[0.145s] Level 1:colcon.colcon_core.package_identification:_identify(install) ignored
[0.145s] Level 1:colcon.colcon_core.package_identification:_identify(log) by extensions ['ignore', 'ignore_ament_install']
[0.145s] Level 1:colcon.colcon_core.package_identification:_identify(log) by extension 'ignore'
[0.145s] Level 1:colcon.colcon_core.package_identification:_identify(log) ignored
[0.145s] Level 1:colcon.colcon_core.package_identification:_identify(src) by extensions ['ignore', 'ignore_ament_install']
[0.145s] Level 1:colcon.colcon_core.package_identification:_identify(src) by extension 'ignore'
[0.145s] Level 1:colcon.colcon_core.package_identification:_identify(src) by extension 'ignore_ament_install'
[0.145s] Level 1:colcon.colcon_core.package_identification:_identify(src) by extensions ['colcon_pkg']
[0.145s] Level 1:colcon.colcon_core.package_identification:_identify(src) by extension 'colcon_pkg'
[0.145s] Level 1:colcon.colcon_core.package_identification:_identify(src) by extensions ['colcon_meta']
[0.145s] Level 1:colcon.colcon_core.package_identification:_identify(src) by extension 'colcon_meta'
[0.145s] Level 1:colcon.colcon_core.package_identification:_identify(src) by extensions ['ros']
[0.145s] Level 1:colcon.colcon_core.package_identification:_identify(src) by extension 'ros'
[0.145s] Level 1:colcon.colcon_core.package_identification:_identify(src) by extensions ['cmake', 'python']
[0.145s] Level 1:colcon.colcon_core.package_identification:_identify(src) by extension 'cmake'
[0.145s] Level 1:colcon.colcon_core.package_identification:_identify(src) by extension 'python'
[0.145s] Level 1:colcon.colcon_core.package_identification:_identify(src) by extensions ['python_setup_py']
[0.145s] Level 1:colcon.colcon_core.package_identification:_identify(src) by extension 'python_setup_py'
[0.145s] Level 1:colcon.colcon_core.package_identification:_identify(src/LSLIDAR_M10_N10_V2.5.2_230110_ROS2) by extensions ['ignore', 'ignore_ament_install']
[0.145s] Level 1:colcon.colcon_core.package_identification:_identify(src/LSLIDAR_M10_N10_V2.5.2_230110_ROS2) by extension 'ignore'
[0.145s] Level 1:colcon.colcon_core.package_identification:_identify(src/LSLIDAR_M10_N10_V2.5.2_230110_ROS2) by extension 'ignore_ament_install'
[0.145s] Level 1:colcon.colcon_core.package_identification:_identify(src/LSLIDAR_M10_N10_V2.5.2_230110_ROS2) by extensions ['colcon_pkg']
[0.145s] Level 1:colcon.colcon_core.package_identification:_identify(src/LSLIDAR_M10_N10_V2.5.2_230110_ROS2) by extension 'colcon_pkg'
[0.145s] Level 1:colcon.colcon_core.package_identification:_identify(src/LSLIDAR_M10_N10_V2.5.2_230110_ROS2) by extensions ['colcon_meta']
[0.145s] Level 1:colcon.colcon_core.package_identification:_identify(src/LSLIDAR_M10_N10_V2.5.2_230110_ROS2) by extension 'colcon_meta'
[0.145s] Level 1:colcon.colcon_core.package_identification:_identify(src/LSLIDAR_M10_N10_V2.5.2_230110_ROS2) by extensions ['ros']
[0.145s] Level 1:colcon.colcon_core.package_identification:_identify(src/LSLIDAR_M10_N10_V2.5.2_230110_ROS2) by extension 'ros'
[0.145s] Level 1:colcon.colcon_core.package_identification:_identify(src/LSLIDAR_M10_N10_V2.5.2_230110_ROS2) by extensions ['cmake', 'python']
[0.145s] Level 1:colcon.colcon_core.package_identification:_identify(src/LSLIDAR_M10_N10_V2.5.2_230110_ROS2) by extension 'cmake'
[0.145s] Level 1:colcon.colcon_core.package_identification:_identify(src/LSLIDAR_M10_N10_V2.5.2_230110_ROS2) by extension 'python'
[0.145s] Level 1:colcon.colcon_core.package_identification:_identify(src/LSLIDAR_M10_N10_V2.5.2_230110_ROS2) by extensions ['python_setup_py']
[0.145s] Level 1:colcon.colcon_core.package_identification:_identify(src/LSLIDAR_M10_N10_V2.5.2_230110_ROS2) by extension 'python_setup_py'
[0.145s] Level 1:colcon.colcon_core.package_identification:_identify(src/LSLIDAR_M10_N10_V2.5.2_230110_ROS2/lslidar_driver) by extensions ['ignore', 'ignore_ament_install']
[0.146s] Level 1:colcon.colcon_core.package_identification:_identify(src/LSLIDAR_M10_N10_V2.5.2_230110_ROS2/lslidar_driver) by extension 'ignore'
[0.146s] Level 1:colcon.colcon_core.package_identification:_identify(src/LSLIDAR_M10_N10_V2.5.2_230110_ROS2/lslidar_driver) by extension 'ignore_ament_install'
[0.146s] Level 1:colcon.colcon_core.package_identification:_identify(src/LSLIDAR_M10_N10_V2.5.2_230110_ROS2/lslidar_driver) by extensions ['colcon_pkg']
[0.146s] Level 1:colcon.colcon_core.package_identification:_identify(src/LSLIDAR_M10_N10_V2.5.2_230110_ROS2/lslidar_driver) by extension 'colcon_pkg'
[0.146s] Level 1:colcon.colcon_core.package_identification:_identify(src/LSLIDAR_M10_N10_V2.5.2_230110_ROS2/lslidar_driver) by extensions ['colcon_meta']
[0.146s] Level 1:colcon.colcon_core.package_identification:_identify(src/LSLIDAR_M10_N10_V2.5.2_230110_ROS2/lslidar_driver) by extension 'colcon_meta'
[0.146s] Level 1:colcon.colcon_core.package_identification:_identify(src/LSLIDAR_M10_N10_V2.5.2_230110_ROS2/lslidar_driver) by extensions ['ros']
[0.146s] Level 1:colcon.colcon_core.package_identification:_identify(src/LSLIDAR_M10_N10_V2.5.2_230110_ROS2/lslidar_driver) by extension 'ros'
[0.147s] DEBUG:colcon.colcon_core.package_identification:Package 'src/LSLIDAR_M10_N10_V2.5.2_230110_ROS2/lslidar_driver' with type 'ros.ament_cmake' and name 'lslidar_driver'
[0.147s] Level 1:colcon.colcon_core.package_identification:_identify(src/LSLIDAR_M10_N10_V2.5.2_230110_ROS2/lslidar_msgs) by extensions ['ignore', 'ignore_ament_install']
[0.147s] Level 1:colcon.colcon_core.package_identification:_identify(src/LSLIDAR_M10_N10_V2.5.2_230110_ROS2/lslidar_msgs) by extension 'ignore'
[0.147s] Level 1:colcon.colcon_core.package_identification:_identify(src/LSLIDAR_M10_N10_V2.5.2_230110_ROS2/lslidar_msgs) by extension 'ignore_ament_install'
[0.147s] Level 1:colcon.colcon_core.package_identification:_identify(src/LSLIDAR_M10_N10_V2.5.2_230110_ROS2/lslidar_msgs) by extensions ['colcon_pkg']
[0.147s] Level 1:colcon.colcon_core.package_identification:_identify(src/LSLIDAR_M10_N10_V2.5.2_230110_ROS2/lslidar_msgs) by extension 'colcon_pkg'
[0.148s] Level 1:colcon.colcon_core.package_identification:_identify(src/LSLIDAR_M10_N10_V2.5.2_230110_ROS2/lslidar_msgs) by extensions ['colcon_meta']
[0.148s] Level 1:colcon.colcon_core.package_identification:_identify(src/LSLIDAR_M10_N10_V2.5.2_230110_ROS2/lslidar_msgs) by extension 'colcon_meta'
[0.148s] Level 1:colcon.colcon_core.package_identification:_identify(src/LSLIDAR_M10_N10_V2.5.2_230110_ROS2/lslidar_msgs) by extensions ['ros']
[0.148s] Level 1:colcon.colcon_core.package_identification:_identify(src/LSLIDAR_M10_N10_V2.5.2_230110_ROS2/lslidar_msgs) by extension 'ros'
[0.148s] DEBUG:colcon.colcon_core.package_identification:Package 'src/LSLIDAR_M10_N10_V2.5.2_230110_ROS2/lslidar_msgs' with type 'ros.ament_cmake' and name 'lslidar_msgs'
[0.148s] Level 1:colcon.colcon_core.package_discovery:discover_packages(recursive) using defaults
[0.148s] Level 1:colcon.colcon_core.package_discovery:discover_packages(ignore) discover
[0.148s] Level 1:colcon.colcon_core.package_discovery:discover_packages(ignore) using defaults
[0.148s] Level 1:colcon.colcon_core.package_discovery:discover_packages(path) discover
[0.148s] Level 1:colcon.colcon_core.package_discovery:discover_packages(path) using defaults
[0.166s] Level 1:colcon.colcon_core.package_discovery:discover_packages(prefix_path) check parameters
[0.166s] Level 1:colcon.colcon_core.package_discovery:discover_packages(prefix_path) discover
[0.167s] DEBUG:colcon.colcon_installed_package_information.package_discovery:Found 3 installed packages in /home/vic/microros_ws/install
[0.167s] DEBUG:colcon.colcon_installed_package_information.package_discovery:Found 1 installed packages in /home/vic/billeagle_ws/microros_ws/install
[0.168s] DEBUG:colcon.colcon_installed_package_information.package_discovery:Found 319 installed packages in /opt/ros/humble
[0.169s] Level 1:colcon.colcon_core.package_discovery:discover_packages(prefix_path) using defaults
[0.189s] Level 5:colcon.colcon_core.verb:set package 'lslidar_msgs' build argument 'cmake_args' from command line to 'None'
[0.189s] Level 5:colcon.colcon_core.verb:set package 'lslidar_msgs' build argument 'cmake_target' from command line to 'None'
[0.189s] Level 5:colcon.colcon_core.verb:set package 'lslidar_msgs' build argument 'cmake_target_skip_unavailable' from command line to 'False'
[0.189s] Level 5:colcon.colcon_core.verb:set package 'lslidar_msgs' build argument 'cmake_clean_cache' from command line to 'False'
[0.189s] Level 5:colcon.colcon_core.verb:set package 'lslidar_msgs' build argument 'cmake_clean_first' from command line to 'False'
[0.189s] Level 5:colcon.colcon_core.verb:set package 'lslidar_msgs' build argument 'cmake_force_configure' from command line to 'False'
[0.189s] Level 5:colcon.colcon_core.verb:set package 'lslidar_msgs' build argument 'ament_cmake_args' from command line to 'None'
[0.189s] Level 5:colcon.colcon_core.verb:set package 'lslidar_msgs' build argument 'catkin_cmake_args' from command line to 'None'
[0.189s] Level 5:colcon.colcon_core.verb:set package 'lslidar_msgs' build argument 'catkin_skip_building_tests' from command line to 'False'
[0.189s] DEBUG:colcon.colcon_core.verb:Building package 'lslidar_msgs' with the following arguments: {'ament_cmake_args': None, 'build_base': '/home/vic/billeagle_ws/lslidar_ws/build/lslidar_msgs', 'catkin_cmake_args': None, 'catkin_skip_building_tests': False, 'cmake_args': None, 'cmake_clean_cache': False, 'cmake_clean_first': False, 'cmake_force_configure': False, 'cmake_target': None, 'cmake_target_skip_unavailable': False, 'install_base': '/home/vic/billeagle_ws/lslidar_ws/install/lslidar_msgs', 'merge_install': False, 'path': '/home/vic/billeagle_ws/lslidar_ws/src/LSLIDAR_M10_N10_V2.5.2_230110_ROS2/lslidar_msgs', 'symlink_install': False, 'test_result_base': None}
[0.189s] Level 5:colcon.colcon_core.verb:set package 'lslidar_driver' build argument 'cmake_args' from command line to 'None'
[0.189s] Level 5:colcon.colcon_core.verb:set package 'lslidar_driver' build argument 'cmake_target' from command line to 'None'
[0.189s] Level 5:colcon.colcon_core.verb:set package 'lslidar_driver' build argument 'cmake_target_skip_unavailable' from command line to 'False'
[0.189s] Level 5:colcon.colcon_core.verb:set package 'lslidar_driver' build argument 'cmake_clean_cache' from command line to 'False'
[0.189s] Level 5:colcon.colcon_core.verb:set package 'lslidar_driver' build argument 'cmake_clean_first' from command line to 'False'
[0.189s] Level 5:colcon.colcon_core.verb:set package 'lslidar_driver' build argument 'cmake_force_configure' from command line to 'False'
[0.189s] Level 5:colcon.colcon_core.verb:set package 'lslidar_driver' build argument 'ament_cmake_args' from command line to 'None'
[0.189s] Level 5:colcon.colcon_core.verb:set package 'lslidar_driver' build argument 'catkin_cmake_args' from command line to 'None'
[0.189s] Level 5:colcon.colcon_core.verb:set package 'lslidar_driver' build argument 'catkin_skip_building_tests' from command line to 'False'
[0.189s] DEBUG:colcon.colcon_core.verb:Building package 'lslidar_driver' with the following arguments: {'ament_cmake_args': None, 'build_base': '/home/vic/billeagle_ws/lslidar_ws/build/lslidar_driver', 'catkin_cmake_args': None, 'catkin_skip_building_tests': False, 'cmake_args': None, 'cmake_clean_cache': False, 'cmake_clean_first': False, 'cmake_force_configure': False, 'cmake_target': None, 'cmake_target_skip_unavailable': False, 'install_base': '/home/vic/billeagle_ws/lslidar_ws/install/lslidar_driver', 'merge_install': False, 'path': '/home/vic/billeagle_ws/lslidar_ws/src/LSLIDAR_M10_N10_V2.5.2_230110_ROS2/lslidar_driver', 'symlink_install': False, 'test_result_base': None}
[0.189s] INFO:colcon.colcon_core.executor:Executing jobs using 'parallel' executor
[0.190s] DEBUG:colcon.colcon_parallel_executor.executor.parallel:run_until_complete
[0.190s] INFO:colcon.colcon_ros.task.ament_cmake.build:Building ROS package in '/home/vic/billeagle_ws/lslidar_ws/src/LSLIDAR_M10_N10_V2.5.2_230110_ROS2/lslidar_msgs' with build type 'ament_cmake'
[0.190s] INFO:colcon.colcon_cmake.task.cmake.build:Building CMake package in '/home/vic/billeagle_ws/lslidar_ws/src/LSLIDAR_M10_N10_V2.5.2_230110_ROS2/lslidar_msgs'
[0.191s] INFO:colcon.colcon_core.plugin_system:Skipping extension 'colcon_core.shell.bat': Not used on non-Windows systems
[0.191s] INFO:colcon.colcon_core.shell:Skip shell extension 'powershell' for command environment: Not usable outside of PowerShell
[0.191s] DEBUG:colcon.colcon_core.shell:Skip shell extension 'dsv' for command environment
[0.197s] DEBUG:colcon.colcon_core.event_handler.log_command:Invoking command in '/home/vic/billeagle_ws/lslidar_ws/build/lslidar_msgs': CMAKE_PREFIX_PATH=${CMAKE_PREFIX_PATH}:/opt/ros/humble /usr/bin/cmake --build /home/vic/billeagle_ws/lslidar_ws/build/lslidar_msgs -- -j16 -l16
[0.414s] DEBUG:colcon.colcon_core.event_handler.log_command:Invoked command in '/home/vic/billeagle_ws/lslidar_ws/build/lslidar_msgs' returned '0': CMAKE_PREFIX_PATH=${CMAKE_PREFIX_PATH}:/opt/ros/humble /usr/bin/cmake --build /home/vic/billeagle_ws/lslidar_ws/build/lslidar_msgs -- -j16 -l16
[0.422s] DEBUG:colcon.colcon_core.event_handler.log_command:Invoking command in '/home/vic/billeagle_ws/lslidar_ws/build/lslidar_msgs': CMAKE_PREFIX_PATH=${CMAKE_PREFIX_PATH}:/opt/ros/humble /usr/bin/cmake --install /home/vic/billeagle_ws/lslidar_ws/build/lslidar_msgs
[0.458s] Level 1:colcon.colcon_core.environment:create_environment_scripts_only(lslidar_msgs)
[0.459s] DEBUG:colcon.colcon_core.event_handler.log_command:Invoked command in '/home/vic/billeagle_ws/lslidar_ws/build/lslidar_msgs' returned '0': CMAKE_PREFIX_PATH=${CMAKE_PREFIX_PATH}:/opt/ros/humble /usr/bin/cmake --install /home/vic/billeagle_ws/lslidar_ws/build/lslidar_msgs
[0.460s] Level 1:colcon.colcon_core.environment:checking '/home/vic/billeagle_ws/lslidar_ws/install/lslidar_msgs' for CMake module files
[0.460s] Level 1:colcon.colcon_core.environment:checking '/home/vic/billeagle_ws/lslidar_ws/install/lslidar_msgs' for CMake config files
[0.460s] Level 1:colcon.colcon_core.shell:create_environment_hook('lslidar_msgs', 'cmake_prefix_path')
[0.460s] INFO:colcon.colcon_core.shell:Creating environment hook '/home/vic/billeagle_ws/lslidar_ws/install/lslidar_msgs/share/lslidar_msgs/hook/cmake_prefix_path.ps1'
[0.461s] INFO:colcon.colcon_core.shell:Creating environment descriptor '/home/vic/billeagle_ws/lslidar_ws/install/lslidar_msgs/share/lslidar_msgs/hook/cmake_prefix_path.dsv'
[0.461s] INFO:colcon.colcon_core.shell:Creating environment hook '/home/vic/billeagle_ws/lslidar_ws/install/lslidar_msgs/share/lslidar_msgs/hook/cmake_prefix_path.sh'
[0.461s] Level 1:colcon.colcon_core.environment:checking '/home/vic/billeagle_ws/lslidar_ws/install/lslidar_msgs/lib'
[0.462s] Level 1:colcon.colcon_core.shell:create_environment_hook('lslidar_msgs', 'ld_library_path_lib')
[0.462s] INFO:colcon.colcon_core.shell:Creating environment hook '/home/vic/billeagle_ws/lslidar_ws/install/lslidar_msgs/share/lslidar_msgs/hook/ld_library_path_lib.ps1'
[0.462s] INFO:colcon.colcon_core.shell:Creating environment descriptor '/home/vic/billeagle_ws/lslidar_ws/install/lslidar_msgs/share/lslidar_msgs/hook/ld_library_path_lib.dsv'
[0.462s] INFO:colcon.colcon_core.shell:Creating environment hook '/home/vic/billeagle_ws/lslidar_ws/install/lslidar_msgs/share/lslidar_msgs/hook/ld_library_path_lib.sh'
[0.462s] Level 1:colcon.colcon_core.environment:checking '/home/vic/billeagle_ws/lslidar_ws/install/lslidar_msgs/bin'
[0.462s] Level 1:colcon.colcon_core.environment:checking '/home/vic/billeagle_ws/lslidar_ws/install/lslidar_msgs/lib/pkgconfig/lslidar_msgs.pc'
[0.462s] Level 1:colcon.colcon_core.environment:checking '/home/vic/billeagle_ws/lslidar_ws/install/lslidar_msgs/lib/python3.10/site-packages'
[0.462s] Level 1:colcon.colcon_core.environment:checking '/home/vic/billeagle_ws/lslidar_ws/install/lslidar_msgs/bin'
[0.463s] INFO:colcon.colcon_core.shell:Creating package script '/home/vic/billeagle_ws/lslidar_ws/install/lslidar_msgs/share/lslidar_msgs/package.ps1'
[0.463s] INFO:colcon.colcon_core.shell:Creating package descriptor '/home/vic/billeagle_ws/lslidar_ws/install/lslidar_msgs/share/lslidar_msgs/package.dsv'
[0.463s] INFO:colcon.colcon_core.shell:Creating package script '/home/vic/billeagle_ws/lslidar_ws/install/lslidar_msgs/share/lslidar_msgs/package.sh'
[0.464s] INFO:colcon.colcon_core.shell:Creating package script '/home/vic/billeagle_ws/lslidar_ws/install/lslidar_msgs/share/lslidar_msgs/package.bash'
[0.464s] INFO:colcon.colcon_core.shell:Creating package script '/home/vic/billeagle_ws/lslidar_ws/install/lslidar_msgs/share/lslidar_msgs/package.zsh'
[0.464s] Level 1:colcon.colcon_core.environment:create_file_with_runtime_dependencies(/home/vic/billeagle_ws/lslidar_ws/install/lslidar_msgs/share/colcon-core/packages/lslidar_msgs)
[0.465s] Level 1:colcon.colcon_core.environment:create_environment_scripts_only(lslidar_msgs)
[0.465s] Level 1:colcon.colcon_core.environment:checking '/home/vic/billeagle_ws/lslidar_ws/install/lslidar_msgs' for CMake module files
[0.465s] Level 1:colcon.colcon_core.environment:checking '/home/vic/billeagle_ws/lslidar_ws/install/lslidar_msgs' for CMake config files
[0.465s] Level 1:colcon.colcon_core.shell:create_environment_hook('lslidar_msgs', 'cmake_prefix_path')
[0.465s] INFO:colcon.colcon_core.shell:Creating environment hook '/home/vic/billeagle_ws/lslidar_ws/install/lslidar_msgs/share/lslidar_msgs/hook/cmake_prefix_path.ps1'
[0.466s] INFO:colcon.colcon_core.shell:Creating environment descriptor '/home/vic/billeagle_ws/lslidar_ws/install/lslidar_msgs/share/lslidar_msgs/hook/cmake_prefix_path.dsv'
[0.466s] INFO:colcon.colcon_core.shell:Creating environment hook '/home/vic/billeagle_ws/lslidar_ws/install/lslidar_msgs/share/lslidar_msgs/hook/cmake_prefix_path.sh'
[0.466s] Level 1:colcon.colcon_core.environment:checking '/home/vic/billeagle_ws/lslidar_ws/install/lslidar_msgs/lib'
[0.466s] Level 1:colcon.colcon_core.shell:create_environment_hook('lslidar_msgs', 'ld_library_path_lib')
[0.466s] INFO:colcon.colcon_core.shell:Creating environment hook '/home/vic/billeagle_ws/lslidar_ws/install/lslidar_msgs/share/lslidar_msgs/hook/ld_library_path_lib.ps1'
[0.466s] INFO:colcon.colcon_core.shell:Creating environment descriptor '/home/vic/billeagle_ws/lslidar_ws/install/lslidar_msgs/share/lslidar_msgs/hook/ld_library_path_lib.dsv'
[0.467s] INFO:colcon.colcon_core.shell:Creating environment hook '/home/vic/billeagle_ws/lslidar_ws/install/lslidar_msgs/share/lslidar_msgs/hook/ld_library_path_lib.sh'
[0.467s] Level 1:colcon.colcon_core.environment:checking '/home/vic/billeagle_ws/lslidar_ws/install/lslidar_msgs/bin'
[0.467s] Level 1:colcon.colcon_core.environment:checking '/home/vic/billeagle_ws/lslidar_ws/install/lslidar_msgs/lib/pkgconfig/lslidar_msgs.pc'
[0.467s] Level 1:colcon.colcon_core.environment:checking '/home/vic/billeagle_ws/lslidar_ws/install/lslidar_msgs/lib/python3.10/site-packages'
[0.467s] Level 1:colcon.colcon_core.environment:checking '/home/vic/billeagle_ws/lslidar_ws/install/lslidar_msgs/bin'
[0.467s] INFO:colcon.colcon_core.shell:Creating package script '/home/vic/billeagle_ws/lslidar_ws/install/lslidar_msgs/share/lslidar_msgs/package.ps1'
[0.467s] INFO:colcon.colcon_core.shell:Creating package descriptor '/home/vic/billeagle_ws/lslidar_ws/install/lslidar_msgs/share/lslidar_msgs/package.dsv'
[0.468s] INFO:colcon.colcon_core.shell:Creating package script '/home/vic/billeagle_ws/lslidar_ws/install/lslidar_msgs/share/lslidar_msgs/package.sh'
[0.468s] INFO:colcon.colcon_core.shell:Creating package script '/home/vic/billeagle_ws/lslidar_ws/install/lslidar_msgs/share/lslidar_msgs/package.bash'
[0.468s] INFO:colcon.colcon_core.shell:Creating package script '/home/vic/billeagle_ws/lslidar_ws/install/lslidar_msgs/share/lslidar_msgs/package.zsh'
[0.468s] Level 1:colcon.colcon_core.environment:create_file_with_runtime_dependencies(/home/vic/billeagle_ws/lslidar_ws/install/lslidar_msgs/share/colcon-core/packages/lslidar_msgs)
[0.468s] INFO:colcon.colcon_ros.task.ament_cmake.build:Building ROS package in '/home/vic/billeagle_ws/lslidar_ws/src/LSLIDAR_M10_N10_V2.5.2_230110_ROS2/lslidar_driver' with build type 'ament_cmake'
[0.468s] INFO:colcon.colcon_cmake.task.cmake.build:Building CMake package in '/home/vic/billeagle_ws/lslidar_ws/src/LSLIDAR_M10_N10_V2.5.2_230110_ROS2/lslidar_driver'
[0.469s] INFO:colcon.colcon_core.shell:Skip shell extension 'powershell' for command environment: Not usable outside of PowerShell
[0.469s] DEBUG:colcon.colcon_core.shell:Skip shell extension 'dsv' for command environment
[0.476s] DEBUG:colcon.colcon_core.event_handler.log_command:Invoking command in '/home/vic/billeagle_ws/lslidar_ws/build/lslidar_driver': AMENT_PREFIX_PATH=/home/vic/billeagle_ws/lslidar_ws/install/lslidar_msgs:${AMENT_PREFIX_PATH} CMAKE_PREFIX_PATH=/home/vic/billeagle_ws/lslidar_ws/install/lslidar_msgs:/home/vic/microros_ws/install/micro_ros_agent:/home/vic/microros_ws/install/micro_ros_msgs:/home/vic/microros_ws/install/micro_ros_setup:/home/vic/billeagle_ws/microros_ws/install/micro_ros_setup:/opt/ros/humble LD_LIBRARY_PATH=/home/vic/billeagle_ws/lslidar_ws/install/lslidar_msgs/lib:${LD_LIBRARY_PATH} PYTHONPATH=/home/vic/billeagle_ws/lslidar_ws/install/lslidar_msgs/local/lib/python3.10/dist-packages:${PYTHONPATH} /usr/bin/cmake --build /home/vic/billeagle_ws/lslidar_ws/build/lslidar_driver -- -j16 -l16
[9.788s] DEBUG:colcon.colcon_core.event_handler.log_command:Invoked command in '/home/vic/billeagle_ws/lslidar_ws/build/lslidar_driver' returned '0': AMENT_PREFIX_PATH=/home/vic/billeagle_ws/lslidar_ws/install/lslidar_msgs:${AMENT_PREFIX_PATH} CMAKE_PREFIX_PATH=/home/vic/billeagle_ws/lslidar_ws/install/lslidar_msgs:/home/vic/microros_ws/install/micro_ros_agent:/home/vic/microros_ws/install/micro_ros_msgs:/home/vic/microros_ws/install/micro_ros_setup:/home/vic/billeagle_ws/microros_ws/install/micro_ros_setup:/opt/ros/humble LD_LIBRARY_PATH=/home/vic/billeagle_ws/lslidar_ws/install/lslidar_msgs/lib:${LD_LIBRARY_PATH} PYTHONPATH=/home/vic/billeagle_ws/lslidar_ws/install/lslidar_msgs/local/lib/python3.10/dist-packages:${PYTHONPATH} /usr/bin/cmake --build /home/vic/billeagle_ws/lslidar_ws/build/lslidar_driver -- -j16 -l16
[9.789s] DEBUG:colcon.colcon_core.event_handler.log_command:Invoking command in '/home/vic/billeagle_ws/lslidar_ws/build/lslidar_driver': AMENT_PREFIX_PATH=/home/vic/billeagle_ws/lslidar_ws/install/lslidar_msgs:${AMENT_PREFIX_PATH} CMAKE_PREFIX_PATH=/home/vic/billeagle_ws/lslidar_ws/install/lslidar_msgs:/home/vic/microros_ws/install/micro_ros_agent:/home/vic/microros_ws/install/micro_ros_msgs:/home/vic/microros_ws/install/micro_ros_setup:/home/vic/billeagle_ws/microros_ws/install/micro_ros_setup:/opt/ros/humble LD_LIBRARY_PATH=/home/vic/billeagle_ws/lslidar_ws/install/lslidar_msgs/lib:${LD_LIBRARY_PATH} PYTHONPATH=/home/vic/billeagle_ws/lslidar_ws/install/lslidar_msgs/local/lib/python3.10/dist-packages:${PYTHONPATH} /usr/bin/cmake --install /home/vic/billeagle_ws/lslidar_ws/build/lslidar_driver
[9.798s] Level 1:colcon.colcon_core.environment:create_environment_scripts_only(lslidar_driver)
[9.799s] Level 1:colcon.colcon_core.environment:checking '/home/vic/billeagle_ws/lslidar_ws/install/lslidar_driver' for CMake module files
[9.799s] DEBUG:colcon.colcon_core.event_handler.log_command:Invoked command in '/home/vic/billeagle_ws/lslidar_ws/build/lslidar_driver' returned '0': AMENT_PREFIX_PATH=/home/vic/billeagle_ws/lslidar_ws/install/lslidar_msgs:${AMENT_PREFIX_PATH} CMAKE_PREFIX_PATH=/home/vic/billeagle_ws/lslidar_ws/install/lslidar_msgs:/home/vic/microros_ws/install/micro_ros_agent:/home/vic/microros_ws/install/micro_ros_msgs:/home/vic/microros_ws/install/micro_ros_setup:/home/vic/billeagle_ws/microros_ws/install/micro_ros_setup:/opt/ros/humble LD_LIBRARY_PATH=/home/vic/billeagle_ws/lslidar_ws/install/lslidar_msgs/lib:${LD_LIBRARY_PATH} PYTHONPATH=/home/vic/billeagle_ws/lslidar_ws/install/lslidar_msgs/local/lib/python3.10/dist-packages:${PYTHONPATH} /usr/bin/cmake --install /home/vic/billeagle_ws/lslidar_ws/build/lslidar_driver
[9.799s] Level 1:colcon.colcon_core.environment:checking '/home/vic/billeagle_ws/lslidar_ws/install/lslidar_driver' for CMake config files
[9.799s] Level 1:colcon.colcon_core.shell:create_environment_hook('lslidar_driver', 'cmake_prefix_path')
[9.799s] INFO:colcon.colcon_core.shell:Creating environment hook '/home/vic/billeagle_ws/lslidar_ws/install/lslidar_driver/share/lslidar_driver/hook/cmake_prefix_path.ps1'
[9.800s] INFO:colcon.colcon_core.shell:Creating environment descriptor '/home/vic/billeagle_ws/lslidar_ws/install/lslidar_driver/share/lslidar_driver/hook/cmake_prefix_path.dsv'
[9.800s] INFO:colcon.colcon_core.shell:Creating environment hook '/home/vic/billeagle_ws/lslidar_ws/install/lslidar_driver/share/lslidar_driver/hook/cmake_prefix_path.sh'
[9.800s] Level 1:colcon.colcon_core.environment:checking '/home/vic/billeagle_ws/lslidar_ws/install/lslidar_driver/lib'
[9.800s] Level 1:colcon.colcon_core.environment:checking '/home/vic/billeagle_ws/lslidar_ws/install/lslidar_driver/bin'
[9.800s] Level 1:colcon.colcon_core.environment:checking '/home/vic/billeagle_ws/lslidar_ws/install/lslidar_driver/lib/pkgconfig/lslidar_driver.pc'
[9.800s] Level 1:colcon.colcon_core.environment:checking '/home/vic/billeagle_ws/lslidar_ws/install/lslidar_driver/lib/python3.10/site-packages'
[9.800s] Level 1:colcon.colcon_core.environment:checking '/home/vic/billeagle_ws/lslidar_ws/install/lslidar_driver/bin'
[9.801s] INFO:colcon.colcon_core.shell:Creating package script '/home/vic/billeagle_ws/lslidar_ws/install/lslidar_driver/share/lslidar_driver/package.ps1'
[9.801s] INFO:colcon.colcon_core.shell:Creating package descriptor '/home/vic/billeagle_ws/lslidar_ws/install/lslidar_driver/share/lslidar_driver/package.dsv'
[9.801s] INFO:colcon.colcon_core.shell:Creating package script '/home/vic/billeagle_ws/lslidar_ws/install/lslidar_driver/share/lslidar_driver/package.sh'
[9.801s] INFO:colcon.colcon_core.shell:Creating package script '/home/vic/billeagle_ws/lslidar_ws/install/lslidar_driver/share/lslidar_driver/package.bash'
[9.801s] INFO:colcon.colcon_core.shell:Creating package script '/home/vic/billeagle_ws/lslidar_ws/install/lslidar_driver/share/lslidar_driver/package.zsh'
[9.801s] Level 1:colcon.colcon_core.environment:create_file_with_runtime_dependencies(/home/vic/billeagle_ws/lslidar_ws/install/lslidar_driver/share/colcon-core/packages/lslidar_driver)
[9.802s] Level 1:colcon.colcon_core.environment:create_environment_scripts_only(lslidar_driver)
[9.802s] Level 1:colcon.colcon_core.environment:checking '/home/vic/billeagle_ws/lslidar_ws/install/lslidar_driver' for CMake module files
[9.802s] Level 1:colcon.colcon_core.environment:checking '/home/vic/billeagle_ws/lslidar_ws/install/lslidar_driver' for CMake config files
[9.802s] Level 1:colcon.colcon_core.shell:create_environment_hook('lslidar_driver', 'cmake_prefix_path')
[9.802s] INFO:colcon.colcon_core.shell:Creating environment hook '/home/vic/billeagle_ws/lslidar_ws/install/lslidar_driver/share/lslidar_driver/hook/cmake_prefix_path.ps1'
[9.803s] INFO:colcon.colcon_core.shell:Creating environment descriptor '/home/vic/billeagle_ws/lslidar_ws/install/lslidar_driver/share/lslidar_driver/hook/cmake_prefix_path.dsv'
[9.803s] INFO:colcon.colcon_core.shell:Creating environment hook '/home/vic/billeagle_ws/lslidar_ws/install/lslidar_driver/share/lslidar_driver/hook/cmake_prefix_path.sh'
[9.803s] Level 1:colcon.colcon_core.environment:checking '/home/vic/billeagle_ws/lslidar_ws/install/lslidar_driver/lib'
[9.803s] Level 1:colcon.colcon_core.environment:checking '/home/vic/billeagle_ws/lslidar_ws/install/lslidar_driver/bin'
[9.803s] Level 1:colcon.colcon_core.environment:checking '/home/vic/billeagle_ws/lslidar_ws/install/lslidar_driver/lib/pkgconfig/lslidar_driver.pc'
[9.803s] Level 1:colcon.colcon_core.environment:checking '/home/vic/billeagle_ws/lslidar_ws/install/lslidar_driver/lib/python3.10/site-packages'
[9.803s] Level 1:colcon.colcon_core.environment:checking '/home/vic/billeagle_ws/lslidar_ws/install/lslidar_driver/bin'
[9.803s] INFO:colcon.colcon_core.shell:Creating package script '/home/vic/billeagle_ws/lslidar_ws/install/lslidar_driver/share/lslidar_driver/package.ps1'
[9.804s] INFO:colcon.colcon_core.shell:Creating package descriptor '/home/vic/billeagle_ws/lslidar_ws/install/lslidar_driver/share/lslidar_driver/package.dsv'
[9.804s] INFO:colcon.colcon_core.shell:Creating package script '/home/vic/billeagle_ws/lslidar_ws/install/lslidar_driver/share/lslidar_driver/package.sh'
[9.804s] INFO:colcon.colcon_core.shell:Creating package script '/home/vic/billeagle_ws/lslidar_ws/install/lslidar_driver/share/lslidar_driver/package.bash'
[9.804s] INFO:colcon.colcon_core.shell:Creating package script '/home/vic/billeagle_ws/lslidar_ws/install/lslidar_driver/share/lslidar_driver/package.zsh'
[9.804s] Level 1:colcon.colcon_core.environment:create_file_with_runtime_dependencies(/home/vic/billeagle_ws/lslidar_ws/install/lslidar_driver/share/colcon-core/packages/lslidar_driver)
[9.805s] DEBUG:colcon.colcon_parallel_executor.executor.parallel:closing loop
[9.805s] DEBUG:colcon.colcon_parallel_executor.executor.parallel:loop closed
[9.805s] DEBUG:colcon.colcon_parallel_executor.executor.parallel:run_until_complete finished with '0'
[9.805s] DEBUG:colcon.colcon_core.event_reactor:joining thread
[9.808s] INFO:colcon.colcon_core.plugin_system:Skipping extension 'colcon_notification.desktop_notification.terminal_notifier': Not used on non-Darwin systems
[9.808s] INFO:colcon.colcon_core.plugin_system:Skipping extension 'colcon_notification.desktop_notification.win32': Not used on non-Windows systems
[9.808s] INFO:colcon.colcon_notification.desktop_notification:Sending desktop notification using 'notify2'
[9.815s] DEBUG:colcon.colcon_core.event_reactor:joined thread
[9.816s] INFO:colcon.colcon_core.shell:Creating prefix script '/home/vic/billeagle_ws/lslidar_ws/install/local_setup.ps1'
[9.817s] INFO:colcon.colcon_core.shell:Creating prefix util module '/home/vic/billeagle_ws/lslidar_ws/install/_local_setup_util_ps1.py'
[9.818s] INFO:colcon.colcon_core.shell:Creating prefix chain script '/home/vic/billeagle_ws/lslidar_ws/install/setup.ps1'
[9.819s] INFO:colcon.colcon_core.shell:Creating prefix script '/home/vic/billeagle_ws/lslidar_ws/install/local_setup.sh'
[9.819s] INFO:colcon.colcon_core.shell:Creating prefix util module '/home/vic/billeagle_ws/lslidar_ws/install/_local_setup_util_sh.py'
[9.820s] INFO:colcon.colcon_core.shell:Creating prefix chain script '/home/vic/billeagle_ws/lslidar_ws/install/setup.sh'
[9.821s] INFO:colcon.colcon_core.shell:Creating prefix script '/home/vic/billeagle_ws/lslidar_ws/install/local_setup.bash'
[9.821s] INFO:colcon.colcon_core.shell:Creating prefix chain script '/home/vic/billeagle_ws/lslidar_ws/install/setup.bash'
[9.822s] INFO:colcon.colcon_core.shell:Creating prefix script '/home/vic/billeagle_ws/lslidar_ws/install/local_setup.zsh'
[9.823s] INFO:colcon.colcon_core.shell:Creating prefix chain script '/home/vic/billeagle_ws/lslidar_ws/install/setup.zsh'
