running egg_info
creating ../../build/person_identification_mission/person_identification_mission.egg-info
writing ../../build/person_identification_mission/person_identification_mission.egg-info/PKG-INFO
writing dependency_links to ../../build/person_identification_mission/person_identification_mission.egg-info/dependency_links.txt
writing entry points to ../../build/person_identification_mission/person_identification_mission.egg-info/entry_points.txt
writing requirements to ../../build/person_identification_mission/person_identification_mission.egg-info/requires.txt
writing top-level names to ../../build/person_identification_mission/person_identification_mission.egg-info/top_level.txt
writing manifest file '../../build/person_identification_mission/person_identification_mission.egg-info/SOURCES.txt'
reading manifest file '../../build/person_identification_mission/person_identification_mission.egg-info/SOURCES.txt'
writing manifest file '../../build/person_identification_mission/person_identification_mission.egg-info/SOURCES.txt'
running build
running build_py
creating /home/vic/billeagle_ws/personal_ws/build/person_identification_mission/build
creating /home/vic/billeagle_ws/personal_ws/build/person_identification_mission/build/lib
creating /home/vic/billeagle_ws/personal_ws/build/person_identification_mission/build/lib/person_identification_mission
copying person_identification_mission/face_recognition.py -> /home/vic/billeagle_ws/personal_ws/build/person_identification_mission/build/lib/person_identification_mission
copying person_identification_mission/voice_speech_recognition.py -> /home/vic/billeagle_ws/personal_ws/build/person_identification_mission/build/lib/person_identification_mission
copying person_identification_mission/navigation.py -> /home/vic/billeagle_ws/personal_ws/build/person_identification_mission/build/lib/person_identification_mission
copying person_identification_mission/__init__.py -> /home/vic/billeagle_ws/personal_ws/build/person_identification_mission/build/lib/person_identification_mission
copying person_identification_mission/control_panel.py -> /home/vic/billeagle_ws/personal_ws/build/person_identification_mission/build/lib/person_identification_mission
copying person_identification_mission/mission_control.py -> /home/vic/billeagle_ws/personal_ws/build/person_identification_mission/build/lib/person_identification_mission
running install
running install_lib
creating /home/vic/billeagle_ws/personal_ws/install/person_identification_mission/lib/python3.10/site-packages/person_identification_mission
copying /home/vic/billeagle_ws/personal_ws/build/person_identification_mission/build/lib/person_identification_mission/face_recognition.py -> /home/vic/billeagle_ws/personal_ws/install/person_identification_mission/lib/python3.10/site-packages/person_identification_mission
copying /home/vic/billeagle_ws/personal_ws/build/person_identification_mission/build/lib/person_identification_mission/voice_speech_recognition.py -> /home/vic/billeagle_ws/personal_ws/install/person_identification_mission/lib/python3.10/site-packages/person_identification_mission
copying /home/vic/billeagle_ws/personal_ws/build/person_identification_mission/build/lib/person_identification_mission/navigation.py -> /home/vic/billeagle_ws/personal_ws/install/person_identification_mission/lib/python3.10/site-packages/person_identification_mission
copying /home/vic/billeagle_ws/personal_ws/build/person_identification_mission/build/lib/person_identification_mission/__init__.py -> /home/vic/billeagle_ws/personal_ws/install/person_identification_mission/lib/python3.10/site-packages/person_identification_mission
copying /home/vic/billeagle_ws/personal_ws/build/person_identification_mission/build/lib/person_identification_mission/control_panel.py -> /home/vic/billeagle_ws/personal_ws/install/person_identification_mission/lib/python3.10/site-packages/person_identification_mission
copying /home/vic/billeagle_ws/personal_ws/build/person_identification_mission/build/lib/person_identification_mission/mission_control.py -> /home/vic/billeagle_ws/personal_ws/install/person_identification_mission/lib/python3.10/site-packages/person_identification_mission
byte-compiling /home/vic/billeagle_ws/personal_ws/install/person_identification_mission/lib/python3.10/site-packages/person_identification_mission/face_recognition.py to face_recognition.cpython-310.pyc
byte-compiling /home/vic/billeagle_ws/personal_ws/install/person_identification_mission/lib/python3.10/site-packages/person_identification_mission/voice_speech_recognition.py to voice_speech_recognition.cpython-310.pyc
byte-compiling /home/vic/billeagle_ws/personal_ws/install/person_identification_mission/lib/python3.10/site-packages/person_identification_mission/navigation.py to navigation.cpython-310.pyc
byte-compiling /home/vic/billeagle_ws/personal_ws/install/person_identification_mission/lib/python3.10/site-packages/person_identification_mission/__init__.py to __init__.cpython-310.pyc
byte-compiling /home/vic/billeagle_ws/personal_ws/install/person_identification_mission/lib/python3.10/site-packages/person_identification_mission/control_panel.py to control_panel.cpython-310.pyc
byte-compiling /home/vic/billeagle_ws/personal_ws/install/person_identification_mission/lib/python3.10/site-packages/person_identification_mission/mission_control.py to mission_control.cpython-310.pyc
running install_data
creating /home/vic/billeagle_ws/personal_ws/install/person_identification_mission/share/ament_index
creating /home/vic/billeagle_ws/personal_ws/install/person_identification_mission/share/ament_index/resource_index
creating /home/vic/billeagle_ws/personal_ws/install/person_identification_mission/share/ament_index/resource_index/packages
copying resource/person_identification_mission -> /home/vic/billeagle_ws/personal_ws/install/person_identification_mission/share/ament_index/resource_index/packages
copying package.xml -> /home/vic/billeagle_ws/personal_ws/install/person_identification_mission/share/person_identification_mission
running install_egg_info
Copying ../../build/person_identification_mission/person_identification_mission.egg-info to /home/vic/billeagle_ws/personal_ws/install/person_identification_mission/lib/python3.10/site-packages/person_identification_mission-0.0.0-py3.10.egg-info
running install_scripts
Installing control_panel script to /home/vic/billeagle_ws/personal_ws/install/person_identification_mission/lib/person_identification_mission
Installing face_recognition script to /home/vic/billeagle_ws/personal_ws/install/person_identification_mission/lib/person_identification_mission
Installing mission_control script to /home/vic/billeagle_ws/personal_ws/install/person_identification_mission/lib/person_identification_mission
Installing navigation script to /home/vic/billeagle_ws/personal_ws/install/person_identification_mission/lib/person_identification_mission
Installing voice_speech_recognition script to /home/vic/billeagle_ws/personal_ws/install/person_identification_mission/lib/person_identification_mission
writing list of installed files to '/home/vic/billeagle_ws/personal_ws/build/person_identification_mission/install.log'
