[0.330s] Invoking command in '/home/vic/billeagle_ws/personal_ws/src/person_identification_mission': CMAKE_PREFIX_PATH=/home/vic/billeagle_ws/personal_ws/install/bill_interfaces:/home/vic/billeagle_ws/personal_ws/install/bill_bringup:/opt/ros/humble PYTHONPATH=/home/vic/billeagle_ws/personal_ws/build/person_identification_mission/prefix_override:/usr/lib/python3/dist-packages/colcon_core/task/python/colcon_distutils_commands:/home/vic/billeagle_ws/personal_ws/install/person_identification_mission/lib/python3.10/site-packages:${PYTHONPATH} /usr/bin/python3 -W ignore:setup.py install is deprecated -W ignore:easy_install command is deprecated setup.py egg_info --egg-base ../../build/person_identification_mission build --build-base /home/vic/billeagle_ws/personal_ws/build/person_identification_mission/build install --record /home/vic/billeagle_ws/personal_ws/build/person_identification_mission/install.log --single-version-externally-managed install_data
[0.452s] running egg_info
[0.452s] creating ../../build/person_identification_mission/person_identification_mission.egg-info
[0.452s] writing ../../build/person_identification_mission/person_identification_mission.egg-info/PKG-INFO
[0.452s] writing dependency_links to ../../build/person_identification_mission/person_identification_mission.egg-info/dependency_links.txt
[0.452s] writing entry points to ../../build/person_identification_mission/person_identification_mission.egg-info/entry_points.txt
[0.452s] writing requirements to ../../build/person_identification_mission/person_identification_mission.egg-info/requires.txt
[0.452s] writing top-level names to ../../build/person_identification_mission/person_identification_mission.egg-info/top_level.txt
[0.452s] writing manifest file '../../build/person_identification_mission/person_identification_mission.egg-info/SOURCES.txt'
[0.453s] reading manifest file '../../build/person_identification_mission/person_identification_mission.egg-info/SOURCES.txt'
[0.453s] writing manifest file '../../build/person_identification_mission/person_identification_mission.egg-info/SOURCES.txt'
[0.453s] running build
[0.454s] running build_py
[0.454s] creating /home/vic/billeagle_ws/personal_ws/build/person_identification_mission/build
[0.454s] creating /home/vic/billeagle_ws/personal_ws/build/person_identification_mission/build/lib
[0.454s] creating /home/vic/billeagle_ws/personal_ws/build/person_identification_mission/build/lib/person_identification_mission
[0.454s] copying person_identification_mission/face_recognition.py -> /home/vic/billeagle_ws/personal_ws/build/person_identification_mission/build/lib/person_identification_mission
[0.454s] copying person_identification_mission/voice_speech_recognition.py -> /home/vic/billeagle_ws/personal_ws/build/person_identification_mission/build/lib/person_identification_mission
[0.454s] copying person_identification_mission/navigation.py -> /home/vic/billeagle_ws/personal_ws/build/person_identification_mission/build/lib/person_identification_mission
[0.454s] copying person_identification_mission/__init__.py -> /home/vic/billeagle_ws/personal_ws/build/person_identification_mission/build/lib/person_identification_mission
[0.454s] copying person_identification_mission/control_panel.py -> /home/vic/billeagle_ws/personal_ws/build/person_identification_mission/build/lib/person_identification_mission
[0.454s] copying person_identification_mission/mission_control.py -> /home/vic/billeagle_ws/personal_ws/build/person_identification_mission/build/lib/person_identification_mission
[0.454s] running install
[0.454s] running install_lib
[0.455s] creating /home/vic/billeagle_ws/personal_ws/install/person_identification_mission/lib/python3.10/site-packages/person_identification_mission
[0.455s] copying /home/vic/billeagle_ws/personal_ws/build/person_identification_mission/build/lib/person_identification_mission/face_recognition.py -> /home/vic/billeagle_ws/personal_ws/install/person_identification_mission/lib/python3.10/site-packages/person_identification_mission
[0.455s] copying /home/vic/billeagle_ws/personal_ws/build/person_identification_mission/build/lib/person_identification_mission/voice_speech_recognition.py -> /home/vic/billeagle_ws/personal_ws/install/person_identification_mission/lib/python3.10/site-packages/person_identification_mission
[0.455s] copying /home/vic/billeagle_ws/personal_ws/build/person_identification_mission/build/lib/person_identification_mission/navigation.py -> /home/vic/billeagle_ws/personal_ws/install/person_identification_mission/lib/python3.10/site-packages/person_identification_mission
[0.455s] copying /home/vic/billeagle_ws/personal_ws/build/person_identification_mission/build/lib/person_identification_mission/__init__.py -> /home/vic/billeagle_ws/personal_ws/install/person_identification_mission/lib/python3.10/site-packages/person_identification_mission
[0.455s] copying /home/vic/billeagle_ws/personal_ws/build/person_identification_mission/build/lib/person_identification_mission/control_panel.py -> /home/vic/billeagle_ws/personal_ws/install/person_identification_mission/lib/python3.10/site-packages/person_identification_mission
[0.455s] copying /home/vic/billeagle_ws/personal_ws/build/person_identification_mission/build/lib/person_identification_mission/mission_control.py -> /home/vic/billeagle_ws/personal_ws/install/person_identification_mission/lib/python3.10/site-packages/person_identification_mission
[0.455s] byte-compiling /home/vic/billeagle_ws/personal_ws/install/person_identification_mission/lib/python3.10/site-packages/person_identification_mission/face_recognition.py to face_recognition.cpython-310.pyc
[0.456s] byte-compiling /home/vic/billeagle_ws/personal_ws/install/person_identification_mission/lib/python3.10/site-packages/person_identification_mission/voice_speech_recognition.py to voice_speech_recognition.cpython-310.pyc
[0.457s] byte-compiling /home/vic/billeagle_ws/personal_ws/install/person_identification_mission/lib/python3.10/site-packages/person_identification_mission/navigation.py to navigation.cpython-310.pyc
[0.457s] byte-compiling /home/vic/billeagle_ws/personal_ws/install/person_identification_mission/lib/python3.10/site-packages/person_identification_mission/__init__.py to __init__.cpython-310.pyc
[0.457s] byte-compiling /home/vic/billeagle_ws/personal_ws/install/person_identification_mission/lib/python3.10/site-packages/person_identification_mission/control_panel.py to control_panel.cpython-310.pyc
[0.457s] byte-compiling /home/vic/billeagle_ws/personal_ws/install/person_identification_mission/lib/python3.10/site-packages/person_identification_mission/mission_control.py to mission_control.cpython-310.pyc
[0.458s] running install_data
[0.458s] creating /home/vic/billeagle_ws/personal_ws/install/person_identification_mission/share/ament_index
[0.458s] creating /home/vic/billeagle_ws/personal_ws/install/person_identification_mission/share/ament_index/resource_index
[0.458s] creating /home/vic/billeagle_ws/personal_ws/install/person_identification_mission/share/ament_index/resource_index/packages
[0.458s] copying resource/person_identification_mission -> /home/vic/billeagle_ws/personal_ws/install/person_identification_mission/share/ament_index/resource_index/packages
[0.458s] copying package.xml -> /home/vic/billeagle_ws/personal_ws/install/person_identification_mission/share/person_identification_mission
[0.458s] running install_egg_info
[0.459s] Copying ../../build/person_identification_mission/person_identification_mission.egg-info to /home/vic/billeagle_ws/personal_ws/install/person_identification_mission/lib/python3.10/site-packages/person_identification_mission-0.0.0-py3.10.egg-info
[0.460s] running install_scripts
[0.471s] Installing control_panel script to /home/vic/billeagle_ws/personal_ws/install/person_identification_mission/lib/person_identification_mission
[0.471s] Installing face_recognition script to /home/vic/billeagle_ws/personal_ws/install/person_identification_mission/lib/person_identification_mission
[0.471s] Installing mission_control script to /home/vic/billeagle_ws/personal_ws/install/person_identification_mission/lib/person_identification_mission
[0.472s] Installing navigation script to /home/vic/billeagle_ws/personal_ws/install/person_identification_mission/lib/person_identification_mission
[0.472s] Installing voice_speech_recognition script to /home/vic/billeagle_ws/personal_ws/install/person_identification_mission/lib/person_identification_mission
[0.472s] writing list of installed files to '/home/vic/billeagle_ws/personal_ws/build/person_identification_mission/install.log'
[0.485s] Invoked command in '/home/vic/billeagle_ws/personal_ws/src/person_identification_mission' returned '0': CMAKE_PREFIX_PATH=/home/vic/billeagle_ws/personal_ws/install/bill_interfaces:/home/vic/billeagle_ws/personal_ws/install/bill_bringup:/opt/ros/humble PYTHONPATH=/home/vic/billeagle_ws/personal_ws/build/person_identification_mission/prefix_override:/usr/lib/python3/dist-packages/colcon_core/task/python/colcon_distutils_commands:/home/vic/billeagle_ws/personal_ws/install/person_identification_mission/lib/python3.10/site-packages:${PYTHONPATH} /usr/bin/python3 -W ignore:setup.py install is deprecated -W ignore:easy_install command is deprecated setup.py egg_info --egg-base ../../build/person_identification_mission build --build-base /home/vic/billeagle_ws/personal_ws/build/person_identification_mission/build install --record /home/vic/billeagle_ws/personal_ws/build/person_identification_mission/install.log --single-version-externally-managed install_data
