[1.704s] Invoking command in '/home/vfran/billeagle_ws/nav_ws/src/task_nav': PYTHONPATH=/home/vfran/billeagle_ws/nav_ws/build/task_nav/prefix_override:/usr/lib/python3/dist-packages/colcon_core/task/python/colcon_distutils_commands:/home/vfran/billeagle_ws/nav_ws/install/task_nav/lib/python3.10/site-packages:${PYTHONPATH} /usr/bin/python3 -W ignore:setup.py install is deprecated -W ignore:easy_install command is deprecated setup.py egg_info --egg-base ../../build/task_nav build --build-base /home/vfran/billeagle_ws/nav_ws/build/task_nav/build install --record /home/vfran/billeagle_ws/nav_ws/build/task_nav/install.log --single-version-externally-managed install_data
[2.333s] running egg_info
[2.335s] writing ../../build/task_nav/task_nav.egg-info/PKG-INFO
[2.335s] writing dependency_links to ../../build/task_nav/task_nav.egg-info/dependency_links.txt
[2.336s] writing entry points to ../../build/task_nav/task_nav.egg-info/entry_points.txt
[2.336s] writing requirements to ../../build/task_nav/task_nav.egg-info/requires.txt
[2.337s] writing top-level names to ../../build/task_nav/task_nav.egg-info/top_level.txt
[2.341s] reading manifest file '../../build/task_nav/task_nav.egg-info/SOURCES.txt'
[2.344s] writing manifest file '../../build/task_nav/task_nav.egg-info/SOURCES.txt'
[2.344s] running build
[2.344s] running build_py
[2.345s] copying task_nav/mecanum_drive.py -> /home/vfran/billeagle_ws/nav_ws/build/task_nav/build/lib/task_nav
[2.346s] running install
[2.347s] running install_lib
[2.349s] copying /home/vfran/billeagle_ws/nav_ws/build/task_nav/build/lib/task_nav/mecanum_drive.py -> /home/vfran/billeagle_ws/nav_ws/install/task_nav/lib/python3.10/site-packages/task_nav
[2.351s] byte-compiling /home/vfran/billeagle_ws/nav_ws/install/task_nav/lib/python3.10/site-packages/task_nav/mecanum_drive.py to mecanum_drive.cpython-310.pyc
[2.354s] running install_data
[2.354s] running install_egg_info
[2.358s] removing '/home/vfran/billeagle_ws/nav_ws/install/task_nav/lib/python3.10/site-packages/task_nav-0.0.0-py3.10.egg-info' (and everything under it)
[2.359s] Copying ../../build/task_nav/task_nav.egg-info to /home/vfran/billeagle_ws/nav_ws/install/task_nav/lib/python3.10/site-packages/task_nav-0.0.0-py3.10.egg-info
[2.361s] running install_scripts
[2.411s] Installing fake_node script to /home/vfran/billeagle_ws/nav_ws/install/task_nav/lib/task_nav
[2.411s] Installing goal_pose script to /home/vfran/billeagle_ws/nav_ws/install/task_nav/lib/task_nav
[2.412s] Installing init_pose script to /home/vfran/billeagle_ws/nav_ws/install/task_nav/lib/task_nav
[2.412s] Installing inspection_routine script to /home/vfran/billeagle_ws/nav_ws/install/task_nav/lib/task_nav
[2.413s] Installing mecanum_drive script to /home/vfran/billeagle_ws/nav_ws/install/task_nav/lib/task_nav
[2.413s] Installing object_avoidance script to /home/vfran/billeagle_ws/nav_ws/install/task_nav/lib/task_nav
[2.414s] Installing pub_turned script to /home/vfran/billeagle_ws/nav_ws/install/task_nav/lib/task_nav
[2.415s] Installing turn_around script to /home/vfran/billeagle_ws/nav_ws/install/task_nav/lib/task_nav
[2.416s] writing list of installed files to '/home/vfran/billeagle_ws/nav_ws/build/task_nav/install.log'
[2.486s] Invoked command in '/home/vfran/billeagle_ws/nav_ws/src/task_nav' returned '0': PYTHONPATH=/home/vfran/billeagle_ws/nav_ws/build/task_nav/prefix_override:/usr/lib/python3/dist-packages/colcon_core/task/python/colcon_distutils_commands:/home/vfran/billeagle_ws/nav_ws/install/task_nav/lib/python3.10/site-packages:${PYTHONPATH} /usr/bin/python3 -W ignore:setup.py install is deprecated -W ignore:easy_install command is deprecated setup.py egg_info --egg-base ../../build/task_nav build --build-base /home/vfran/billeagle_ws/nav_ws/build/task_nav/build install --record /home/vfran/billeagle_ws/nav_ws/build/task_nav/install.log --single-version-externally-managed install_data
