[0.012s] Invoking command in '/home/vfran/billeagle_ws/laser_odom_ws/build/rf2o_laser_odometry': CMAKE_PREFIX_PATH=/opt/ros/humble /usr/local/bin/cmake --build /home/vfran/billeagle_ws/laser_odom_ws/build/rf2o_laser_odometry -- -j16 -l16
[0.074s] [35m[1mConsolidate compiler generated dependencies of target rf2o_laser_odometry[0m
[0.075s] [35m[1mConsolidate compiler generated dependencies of target rf2o_laser_odometry_node[0m
[0.118s] [ 40%] Built target rf2o_laser_odometry
[0.122s] [100%] Built target rf2o_laser_odometry_node
[0.130s] Invoked command in '/home/vfran/billeagle_ws/laser_odom_ws/build/rf2o_laser_odometry' returned '0': CMAKE_PREFIX_PATH=/opt/ros/humble /usr/local/bin/cmake --build /home/vfran/billeagle_ws/laser_odom_ws/build/rf2o_laser_odometry -- -j16 -l16
[0.137s] Invoking command in '/home/vfran/billeagle_ws/laser_odom_ws/build/rf2o_laser_odometry': CMAKE_PREFIX_PATH=/opt/ros/humble /usr/local/bin/cmake --install /home/vfran/billeagle_ws/laser_odom_ws/build/rf2o_laser_odometry
[0.142s] -- Install configuration: ""
[0.142s] -- Up-to-date: /home/vfran/billeagle_ws/laser_odom_ws/install/rf2o_laser_odometry/lib/rf2o_laser_odometry/rf2o_laser_odometry_node
[0.142s] -- Up-to-date: /home/vfran/billeagle_ws/laser_odom_ws/install/rf2o_laser_odometry/share/rf2o_laser_odometry/launch
[0.143s] -- Up-to-date: /home/vfran/billeagle_ws/laser_odom_ws/install/rf2o_laser_odometry/share/rf2o_laser_odometry/launch/rf2o_laser_odometry.launch.py
[0.143s] -- Up-to-date: /home/vfran/billeagle_ws/laser_odom_ws/install/rf2o_laser_odometry/share/ament_index/resource_index/package_run_dependencies/rf2o_laser_odometry
[0.143s] -- Up-to-date: /home/vfran/billeagle_ws/laser_odom_ws/install/rf2o_laser_odometry/share/ament_index/resource_index/parent_prefix_path/rf2o_laser_odometry
[0.143s] -- Up-to-date: /home/vfran/billeagle_ws/laser_odom_ws/install/rf2o_laser_odometry/share/rf2o_laser_odometry/environment/ament_prefix_path.sh
[0.143s] -- Up-to-date: /home/vfran/billeagle_ws/laser_odom_ws/install/rf2o_laser_odometry/share/rf2o_laser_odometry/environment/ament_prefix_path.dsv
[0.143s] -- Up-to-date: /home/vfran/billeagle_ws/laser_odom_ws/install/rf2o_laser_odometry/share/rf2o_laser_odometry/environment/path.sh
[0.143s] -- Up-to-date: /home/vfran/billeagle_ws/laser_odom_ws/install/rf2o_laser_odometry/share/rf2o_laser_odometry/environment/path.dsv
[0.143s] -- Up-to-date: /home/vfran/billeagle_ws/laser_odom_ws/install/rf2o_laser_odometry/share/rf2o_laser_odometry/local_setup.bash
[0.143s] -- Up-to-date: /home/vfran/billeagle_ws/laser_odom_ws/install/rf2o_laser_odometry/share/rf2o_laser_odometry/local_setup.sh
[0.144s] -- Up-to-date: /home/vfran/billeagle_ws/laser_odom_ws/install/rf2o_laser_odometry/share/rf2o_laser_odometry/local_setup.zsh
[0.144s] -- Up-to-date: /home/vfran/billeagle_ws/laser_odom_ws/install/rf2o_laser_odometry/share/rf2o_laser_odometry/local_setup.dsv
[0.144s] -- Installing: /home/vfran/billeagle_ws/laser_odom_ws/install/rf2o_laser_odometry/share/rf2o_laser_odometry/package.dsv
[0.144s] -- Up-to-date: /home/vfran/billeagle_ws/laser_odom_ws/install/rf2o_laser_odometry/share/ament_index/resource_index/packages/rf2o_laser_odometry
[0.144s] -- Up-to-date: /home/vfran/billeagle_ws/laser_odom_ws/install/rf2o_laser_odometry/share/rf2o_laser_odometry/cmake/rf2o_laser_odometryConfig.cmake
[0.144s] -- Up-to-date: /home/vfran/billeagle_ws/laser_odom_ws/install/rf2o_laser_odometry/share/rf2o_laser_odometry/cmake/rf2o_laser_odometryConfig-version.cmake
[0.144s] -- Up-to-date: /home/vfran/billeagle_ws/laser_odom_ws/install/rf2o_laser_odometry/share/rf2o_laser_odometry/package.xml
[0.146s] Invoked command in '/home/vfran/billeagle_ws/laser_odom_ws/build/rf2o_laser_odometry' returned '0': CMAKE_PREFIX_PATH=/opt/ros/humble /usr/local/bin/cmake --install /home/vfran/billeagle_ws/laser_odom_ws/build/rf2o_laser_odometry
