running egg_info
creating ../../build/task_nav/task_nav.egg-info
writing ../../build/task_nav/task_nav.egg-info/PKG-INFO
writing dependency_links to ../../build/task_nav/task_nav.egg-info/dependency_links.txt
writing entry points to ../../build/task_nav/task_nav.egg-info/entry_points.txt
writing requirements to ../../build/task_nav/task_nav.egg-info/requires.txt
writing top-level names to ../../build/task_nav/task_nav.egg-info/top_level.txt
writing manifest file '../../build/task_nav/task_nav.egg-info/SOURCES.txt'
reading manifest file '../../build/task_nav/task_nav.egg-info/SOURCES.txt'
writing manifest file '../../build/task_nav/task_nav.egg-info/SOURCES.txt'
running build
running build_py
creating /home/vfran/billeagle_ws/nav_ws/build/task_nav/build
creating /home/vfran/billeagle_ws/nav_ws/build/task_nav/build/lib
creating /home/vfran/billeagle_ws/nav_ws/build/task_nav/build/lib/task_nav
copying task_nav/__init__.py -> /home/vfran/billeagle_ws/nav_ws/build/task_nav/build/lib/task_nav
running install
running install_lib
creating /home/vfran/billeagle_ws/nav_ws/install/task_nav/lib/python3.10/site-packages/task_nav
copying /home/vfran/billeagle_ws/nav_ws/build/task_nav/build/lib/task_nav/__init__.py -> /home/vfran/billeagle_ws/nav_ws/install/task_nav/lib/python3.10/site-packages/task_nav
byte-compiling /home/vfran/billeagle_ws/nav_ws/install/task_nav/lib/python3.10/site-packages/task_nav/__init__.py to __init__.cpython-310.pyc
running install_data
creating /home/vfran/billeagle_ws/nav_ws/install/task_nav/share/ament_index
creating /home/vfran/billeagle_ws/nav_ws/install/task_nav/share/ament_index/resource_index
creating /home/vfran/billeagle_ws/nav_ws/install/task_nav/share/ament_index/resource_index/packages
copying resource/task_nav -> /home/vfran/billeagle_ws/nav_ws/install/task_nav/share/ament_index/resource_index/packages
copying package.xml -> /home/vfran/billeagle_ws/nav_ws/install/task_nav/share/task_nav
running install_egg_info
Copying ../../build/task_nav/task_nav.egg-info to /home/vfran/billeagle_ws/nav_ws/install/task_nav/lib/python3.10/site-packages/task_nav-0.0.0-py3.10.egg-info
running install_scripts
writing list of installed files to '/home/vfran/billeagle_ws/nav_ws/build/task_nav/install.log'
