[0.022s] Invoking command in '/home/bill8/billeagle_ws/bill_ws/build/bill_nav': CMAKE_PREFIX_PATH=${CMAKE_PREFIX_PATH}:/opt/ros/humble CONDA_PROMPT_MODIFIER=(base) /home/bill8/.local/bin/cmake /home/bill8/billeagle_ws/bill_ws/src/bill_nav -DCMAKE_INSTALL_PREFIX=/home/bill8/billeagle_ws/bill_ws/install/bill_nav
[0.162s] [0mCMake Deprecation Warning at CMakeLists.txt:1 (cmake_minimum_required):
[0.162s]   Compatibility with CMake < 3.10 will be removed from a future version of
[0.162s]   CMake.
[0.162s] 
[0.162s]   Update the VERSION argument <min> value.  Or, use the <min>...<max> syntax
[0.162s]   to tell CMake that the project requires at least <min> but has been updated
[0.162s]   to work with policies introduced by <max> or earlier.
[0.162s] 
[0.162s] [0m
[0.189s] -- Found ament_cmake: 1.3.11 (/opt/ros/humble/share/ament_cmake/cmake)
[0.588s] -- Found ament_lint_auto: 0.12.11 (/opt/ros/humble/share/ament_lint_auto/cmake)
[0.790s] -- Added test 'flake8' to check Python code syntax and style conventions
[0.791s] -- Added test 'lint_cmake' to check CMake code style
[0.792s] -- Added test 'pep257' to check Python code against some of the docstring style conventions in PEP 257
[0.794s] -- Added test 'xmllint' to check XML markup files
[0.796s] -- Configuring done (0.6s)
[0.802s] -- Generating done (0.0s)
[0.805s] -- Build files have been written to: /home/bill8/billeagle_ws/bill_ws/build/bill_nav
[0.810s] Invoked command in '/home/bill8/billeagle_ws/bill_ws/build/bill_nav' returned '0': CMAKE_PREFIX_PATH=${CMAKE_PREFIX_PATH}:/opt/ros/humble CONDA_PROMPT_MODIFIER=(base) /home/bill8/.local/bin/cmake /home/bill8/billeagle_ws/bill_ws/src/bill_nav -DCMAKE_INSTALL_PREFIX=/home/bill8/billeagle_ws/bill_ws/install/bill_nav
[0.814s] Invoking command in '/home/bill8/billeagle_ws/bill_ws/build/bill_nav': CMAKE_PREFIX_PATH=${CMAKE_PREFIX_PATH}:/opt/ros/humble CONDA_PROMPT_MODIFIER=(base) /home/bill8/.local/bin/cmake --build /home/bill8/billeagle_ws/bill_ws/build/bill_nav -- -j16 -l16
[0.986s] Invoked command in '/home/bill8/billeagle_ws/bill_ws/build/bill_nav' returned '0': CMAKE_PREFIX_PATH=${CMAKE_PREFIX_PATH}:/opt/ros/humble CONDA_PROMPT_MODIFIER=(base) /home/bill8/.local/bin/cmake --build /home/bill8/billeagle_ws/bill_ws/build/bill_nav -- -j16 -l16
[1.095s] Invoking command in '/home/bill8/billeagle_ws/bill_ws/build/bill_nav': CMAKE_PREFIX_PATH=${CMAKE_PREFIX_PATH}:/opt/ros/humble CONDA_PROMPT_MODIFIER=(base) /home/bill8/.local/bin/cmake --install /home/bill8/billeagle_ws/bill_ws/build/bill_nav
[1.240s] -- Install configuration: ""
[1.240s] -- Installing: /home/bill8/billeagle_ws/bill_ws/install/bill_nav/share/bill_nav/config
[1.240s] -- Installing: /home/bill8/billeagle_ws/bill_ws/install/bill_nav/share/bill_nav/config/nav2_params.yaml
[1.243s] -- Installing: /home/bill8/billeagle_ws/bill_ws/install/bill_nav/share/bill_nav/launch
[1.246s] -- Installing: /home/bill8/billeagle_ws/bill_ws/install/bill_nav/share/bill_nav/launch/navigation_launch.py
[1.246s] -- Installing: /home/bill8/billeagle_ws/bill_ws/install/bill_nav/share/ament_index/resource_index/package_run_dependencies/bill_nav
[1.247s] -- Installing: /home/bill8/billeagle_ws/bill_ws/install/bill_nav/share/ament_index/resource_index/parent_prefix_path/bill_nav
[1.247s] -- Installing: /home/bill8/billeagle_ws/bill_ws/install/bill_nav/share/bill_nav/environment/ament_prefix_path.sh
[1.247s] -- Installing: /home/bill8/billeagle_ws/bill_ws/install/bill_nav/share/bill_nav/environment/ament_prefix_path.dsv
[1.249s] -- Installing: /home/bill8/billeagle_ws/bill_ws/install/bill_nav/share/bill_nav/environment/path.sh
[1.250s] -- Installing: /home/bill8/billeagle_ws/bill_ws/install/bill_nav/share/bill_nav/environment/path.dsv
[1.251s] -- Installing: /home/bill8/billeagle_ws/bill_ws/install/bill_nav/share/bill_nav/local_setup.bash
[1.253s] -- Installing: /home/bill8/billeagle_ws/bill_ws/install/bill_nav/share/bill_nav/local_setup.sh
[1.254s] -- Installing: /home/bill8/billeagle_ws/bill_ws/install/bill_nav/share/bill_nav/local_setup.zsh
[1.255s] -- Installing: /home/bill8/billeagle_ws/bill_ws/install/bill_nav/share/bill_nav/local_setup.dsv
[1.257s] -- Installing: /home/bill8/billeagle_ws/bill_ws/install/bill_nav/share/bill_nav/package.dsv
[1.259s] -- Installing: /home/bill8/billeagle_ws/bill_ws/install/bill_nav/share/ament_index/resource_index/packages/bill_nav
[1.262s] -- Installing: /home/bill8/billeagle_ws/bill_ws/install/bill_nav/share/bill_nav/cmake/bill_navConfig.cmake
[1.262s] -- Installing: /home/bill8/billeagle_ws/bill_ws/install/bill_nav/share/bill_nav/cmake/bill_navConfig-version.cmake
[1.263s] -- Installing: /home/bill8/billeagle_ws/bill_ws/install/bill_nav/share/bill_nav/package.xml
[1.280s] Invoked command in '/home/bill8/billeagle_ws/bill_ws/build/bill_nav' returned '0': CMAKE_PREFIX_PATH=${CMAKE_PREFIX_PATH}:/opt/ros/humble CONDA_PROMPT_MODIFIER=(base) /home/bill8/.local/bin/cmake --install /home/bill8/billeagle_ws/bill_ws/build/bill_nav
