[0.007s] Invoking command in '/home/bill8/billeagle_ws/bill_ws/build/rf2o_laser_odometry': CMAKE_PREFIX_PATH=${CMAKE_PREFIX_PATH}:/opt/ros/humble /usr/bin/cmake /home/bill8/billeagle_ws/bill_ws/src/rf2o_laser_odometry -DCMAKE_INSTALL_PREFIX=/home/bill8/billeagle_ws/bill_ws/install/rf2o_laser_odometry
[0.082s] -- The C compiler identification is GNU 11.4.0
[0.137s] -- The CXX compiler identification is GNU 11.4.0
[0.144s] -- Detecting C compiler ABI info
[0.194s] -- Detecting C compiler ABI info - done
[0.201s] -- Check for working C compiler: /usr/bin/cc - skipped
[0.201s] -- Detecting C compile features
[0.201s] -- Detecting C compile features - done
[0.203s] -- Detecting CXX compiler ABI info
[0.259s] -- Detecting CXX compiler ABI info - done
[0.264s] -- Check for working CXX compiler: /usr/bin/c++ - skipped
[0.265s] -- Detecting CXX compile features
[0.265s] -- Detecting CXX compile features - done
[0.267s] -- Found ament_cmake: 1.3.11 (/opt/ros/humble/share/ament_cmake/cmake)
[0.377s] -- Found Python3: /usr/bin/python3 (found version "3.10.12") found components: Interpreter 
[0.440s] -- Found rclcpp: 16.0.11 (/opt/ros/humble/share/rclcpp/cmake)
[0.468s] -- Found rosidl_generator_c: 3.1.6 (/opt/ros/humble/share/rosidl_generator_c/cmake)
[0.471s] -- Found rosidl_adapter: 3.1.6 (/opt/ros/humble/share/rosidl_adapter/cmake)
[0.477s] -- Found rosidl_generator_cpp: 3.1.6 (/opt/ros/humble/share/rosidl_generator_cpp/cmake)
[0.485s] -- Using all available rosidl_typesupport_c: rosidl_typesupport_fastrtps_c;rosidl_typesupport_introspection_c
[0.496s] -- Using all available rosidl_typesupport_cpp: rosidl_typesupport_fastrtps_cpp;rosidl_typesupport_introspection_cpp
[0.525s] -- Found rmw_implementation_cmake: 6.1.2 (/opt/ros/humble/share/rmw_implementation_cmake/cmake)
[0.527s] -- Found rmw_fastrtps_cpp: 6.2.7 (/opt/ros/humble/share/rmw_fastrtps_cpp/cmake)
[0.589s] -- Found OpenSSL: /usr/lib/x86_64-linux-gnu/libcrypto.so (found version "3.0.2")  
[0.605s] -- Found FastRTPS: /opt/ros/humble/include  
[0.631s] -- Using RMW implementation 'rmw_fastrtps_cpp' as default
[0.638s] -- Looking for pthread.h
[0.691s] -- Looking for pthread.h - found
[0.691s] -- Performing Test CMAKE_HAVE_LIBC_PTHREAD
[0.746s] -- Performing Test CMAKE_HAVE_LIBC_PTHREAD - Success
[0.747s] -- Found Threads: TRUE  
[0.781s] -- Found geometry_msgs: 4.2.4 (/opt/ros/humble/share/geometry_msgs/cmake)
[0.790s] -- Found tf2_geometry_msgs: 0.25.12 (/opt/ros/humble/share/tf2_geometry_msgs/cmake)
[0.798s] -- Found eigen3_cmake_module: 0.1.1 (/opt/ros/humble/share/eigen3_cmake_module/cmake)
[0.799s] -- Found Eigen3: TRUE (found version "3.4.0") 
[0.799s] -- Ensuring Eigen3 include directory is part of orocos-kdl CMake target
[0.864s] -- Found sensor_msgs: 4.2.4 (/opt/ros/humble/share/sensor_msgs/cmake)
[0.875s] -- Found nav_msgs: 4.2.4 (/opt/ros/humble/share/nav_msgs/cmake)
[0.892s] -- Found Boost: /usr/lib/x86_64-linux-gnu/cmake/Boost-1.74.0/BoostConfig.cmake (found version "1.74.0")  
[0.941s] -- Configuring done
[0.951s] -- Generating done
[0.954s] -- Build files have been written to: /home/bill8/billeagle_ws/bill_ws/build/rf2o_laser_odometry
[0.960s] Invoked command in '/home/bill8/billeagle_ws/bill_ws/build/rf2o_laser_odometry' returned '0': CMAKE_PREFIX_PATH=${CMAKE_PREFIX_PATH}:/opt/ros/humble /usr/bin/cmake /home/bill8/billeagle_ws/bill_ws/src/rf2o_laser_odometry -DCMAKE_INSTALL_PREFIX=/home/bill8/billeagle_ws/bill_ws/install/rf2o_laser_odometry
[0.962s] Invoking command in '/home/bill8/billeagle_ws/bill_ws/build/rf2o_laser_odometry': CMAKE_PREFIX_PATH=${CMAKE_PREFIX_PATH}:/opt/ros/humble /usr/bin/cmake --build /home/bill8/billeagle_ws/bill_ws/build/rf2o_laser_odometry -- -j16 -l16
[1.002s] [ 60%] [32mBuilding CXX object CMakeFiles/rf2o_laser_odometry.dir/src/CLaserOdometry2D.cpp.o[0m
[1.002s] [ 60%] [32mBuilding CXX object CMakeFiles/rf2o_laser_odometry_node.dir/src/CLaserOdometry2D.cpp.o[0m
[1.002s] [ 60%] [32mBuilding CXX object CMakeFiles/rf2o_laser_odometry_node.dir/src/CLaserOdometry2DNode.cpp.o[0m
[13.258s] [ 80%] [32m[1mLinking CXX static library librf2o_laser_odometry.a[0m
[13.266s] [100%] [32m[1mLinking CXX executable rf2o_laser_odometry_node[0m
[13.505s] [100%] Built target rf2o_laser_odometry
[13.962s] [100%] Built target rf2o_laser_odometry_node
[13.973s] Invoked command in '/home/bill8/billeagle_ws/bill_ws/build/rf2o_laser_odometry' returned '0': CMAKE_PREFIX_PATH=${CMAKE_PREFIX_PATH}:/opt/ros/humble /usr/bin/cmake --build /home/bill8/billeagle_ws/bill_ws/build/rf2o_laser_odometry -- -j16 -l16
[13.973s] Invoking command in '/home/bill8/billeagle_ws/bill_ws/build/rf2o_laser_odometry': CMAKE_PREFIX_PATH=${CMAKE_PREFIX_PATH}:/opt/ros/humble /usr/bin/cmake --install /home/bill8/billeagle_ws/bill_ws/build/rf2o_laser_odometry
[13.980s] -- Install configuration: ""
[13.980s] -- Installing: /home/bill8/billeagle_ws/bill_ws/install/rf2o_laser_odometry/lib/rf2o_laser_odometry/rf2o_laser_odometry_node
[13.986s] -- Set runtime path of "/home/bill8/billeagle_ws/bill_ws/install/rf2o_laser_odometry/lib/rf2o_laser_odometry/rf2o_laser_odometry_node" to ""
[13.986s] -- Installing: /home/bill8/billeagle_ws/bill_ws/install/rf2o_laser_odometry/share/rf2o_laser_odometry/launch
[13.986s] -- Installing: /home/bill8/billeagle_ws/bill_ws/install/rf2o_laser_odometry/share/rf2o_laser_odometry/launch/rf2o_laser_odometry.launch.py
[13.986s] -- Installing: /home/bill8/billeagle_ws/bill_ws/install/rf2o_laser_odometry/share/ament_index/resource_index/package_run_dependencies/rf2o_laser_odometry
[13.986s] -- Installing: /home/bill8/billeagle_ws/bill_ws/install/rf2o_laser_odometry/share/ament_index/resource_index/parent_prefix_path/rf2o_laser_odometry
[13.986s] -- Installing: /home/bill8/billeagle_ws/bill_ws/install/rf2o_laser_odometry/share/rf2o_laser_odometry/environment/ament_prefix_path.sh
[13.986s] -- Installing: /home/bill8/billeagle_ws/bill_ws/install/rf2o_laser_odometry/share/rf2o_laser_odometry/environment/ament_prefix_path.dsv
[13.986s] -- Installing: /home/bill8/billeagle_ws/bill_ws/install/rf2o_laser_odometry/share/rf2o_laser_odometry/environment/path.sh
[13.986s] -- Installing: /home/bill8/billeagle_ws/bill_ws/install/rf2o_laser_odometry/share/rf2o_laser_odometry/environment/path.dsv
[13.986s] -- Installing: /home/bill8/billeagle_ws/bill_ws/install/rf2o_laser_odometry/share/rf2o_laser_odometry/local_setup.bash
[13.986s] -- Installing: /home/bill8/billeagle_ws/bill_ws/install/rf2o_laser_odometry/share/rf2o_laser_odometry/local_setup.sh
[13.986s] -- Installing: /home/bill8/billeagle_ws/bill_ws/install/rf2o_laser_odometry/share/rf2o_laser_odometry/local_setup.zsh
[13.986s] -- Installing: /home/bill8/billeagle_ws/bill_ws/install/rf2o_laser_odometry/share/rf2o_laser_odometry/local_setup.dsv
[13.986s] -- Installing: /home/bill8/billeagle_ws/bill_ws/install/rf2o_laser_odometry/share/rf2o_laser_odometry/package.dsv
[13.986s] -- Installing: /home/bill8/billeagle_ws/bill_ws/install/rf2o_laser_odometry/share/ament_index/resource_index/packages/rf2o_laser_odometry
[13.986s] -- Installing: /home/bill8/billeagle_ws/bill_ws/install/rf2o_laser_odometry/share/rf2o_laser_odometry/cmake/rf2o_laser_odometryConfig.cmake
[13.986s] -- Installing: /home/bill8/billeagle_ws/bill_ws/install/rf2o_laser_odometry/share/rf2o_laser_odometry/cmake/rf2o_laser_odometryConfig-version.cmake
[13.987s] -- Installing: /home/bill8/billeagle_ws/bill_ws/install/rf2o_laser_odometry/share/rf2o_laser_odometry/package.xml
[13.988s] Invoked command in '/home/bill8/billeagle_ws/bill_ws/build/rf2o_laser_odometry' returned '0': CMAKE_PREFIX_PATH=${CMAKE_PREFIX_PATH}:/opt/ros/humble /usr/bin/cmake --install /home/bill8/billeagle_ws/bill_ws/build/rf2o_laser_odometry
