-- Found ament_cmake: 1.3.11 (/opt/ros/humble/share/ament_cmake/cmake)
-- Override CMake install command with custom implementation using symlinks instead of copying resources
-- Found ament_lint_auto: 0.12.12 (/opt/ros/humble/share/ament_lint_auto/cmake)
-- Added test 'flake8' to check Python code syntax and style conventions
-- Added test 'lint_cmake' to check CMake code style
-- Added test 'pep257' to check Python code against some of the docstring style conventions in PEP 257
-- Added test 'xmllint' to check XML markup files
-- Configuring done
-- Generating done
-- Build files have been written to: /home/vfran/billeagle_ws/bill_ws/build/bill_nav
-- Install configuration: ""
-- Execute custom install script
-- Symlinking: /home/vfran/billeagle_ws/bill_ws/install/bill_nav/share/bill_nav/config/nav2_params.yaml
-- Symlinking: /home/vfran/billeagle_ws/bill_ws/install/bill_nav/share/bill_nav/launch/navigation_launch.py
-- Symlinking: /home/vfran/billeagle_ws/bill_ws/install/bill_nav/share/ament_index/resource_index/package_run_dependencies/bill_nav
-- Symlinking: /home/vfran/billeagle_ws/bill_ws/install/bill_nav/share/ament_index/resource_index/parent_prefix_path/bill_nav
-- Symlinking: /home/vfran/billeagle_ws/bill_ws/install/bill_nav/share/bill_nav/environment/ament_prefix_path.sh
-- Symlinking: /home/vfran/billeagle_ws/bill_ws/install/bill_nav/share/bill_nav/environment/ament_prefix_path.dsv
-- Symlinking: /home/vfran/billeagle_ws/bill_ws/install/bill_nav/share/bill_nav/environment/path.sh
-- Symlinking: /home/vfran/billeagle_ws/bill_ws/install/bill_nav/share/bill_nav/environment/path.dsv
-- Symlinking: /home/vfran/billeagle_ws/bill_ws/install/bill_nav/share/bill_nav/local_setup.bash
-- Symlinking: /home/vfran/billeagle_ws/bill_ws/install/bill_nav/share/bill_nav/local_setup.sh
-- Symlinking: /home/vfran/billeagle_ws/bill_ws/install/bill_nav/share/bill_nav/local_setup.zsh
-- Symlinking: /home/vfran/billeagle_ws/bill_ws/install/bill_nav/share/bill_nav/local_setup.dsv
-- Symlinking: /home/vfran/billeagle_ws/bill_ws/install/bill_nav/share/bill_nav/package.dsv
-- Symlinking: /home/vfran/billeagle_ws/bill_ws/install/bill_nav/share/ament_index/resource_index/packages/bill_nav
-- Symlinking: /home/vfran/billeagle_ws/bill_ws/install/bill_nav/share/bill_nav/cmake/bill_navConfig.cmake
-- Symlinking: /home/vfran/billeagle_ws/bill_ws/install/bill_nav/share/bill_nav/cmake/bill_navConfig-version.cmake
-- Symlinking: /home/vfran/billeagle_ws/bill_ws/install/bill_nav/share/bill_nav/package.xml
