[0.016s] Invoking command in '/home/vfran/billeagle_ws/laser_odom_ws/build/rf2o_laser_odometry': CMAKE_PREFIX_PATH=/opt/ros/humble /usr/local/bin/cmake /home/vfran/billeagle_ws/laser_odom_ws/src/rf2o_laser_odometry -DCMAKE_INSTALL_PREFIX=/home/vfran/billeagle_ws/laser_odom_ws/install/rf2o_laser_odometry
[0.089s] -- The C compiler identification is GNU 11.4.0
[0.167s] -- The CXX compiler identification is GNU 11.4.0
[0.177s] -- Detecting C compiler ABI info
[0.261s] -- Detecting C compiler ABI info - done
[0.272s] -- Check for working C compiler: /usr/bin/cc - skipped
[0.272s] -- Detecting C compile features
[0.273s] -- Detecting C compile features - done
[0.277s] -- Detecting CXX compiler ABI info
[0.378s] -- Detecting CXX compiler ABI info - done
[0.390s] -- Check for working CXX compiler: /usr/bin/c++ - skipped
[0.391s] -- Detecting CXX compile features
[0.391s] -- Detecting CXX compile features - done
[0.395s] -- Found ament_cmake: 1.3.11 (/opt/ros/humble/share/ament_cmake/cmake)
[0.558s] -- Found Python3: /usr/bin/python3 (found version "3.10.12") found components: Interpreter 
[0.693s] -- Found rclcpp: 16.0.12 (/opt/ros/humble/share/rclcpp/cmake)
[0.772s] -- Found rosidl_generator_c: 3.1.6 (/opt/ros/humble/share/rosidl_generator_c/cmake)
[0.780s] -- Found rosidl_adapter: 3.1.6 (/opt/ros/humble/share/rosidl_adapter/cmake)
[0.796s] -- Found rosidl_generator_cpp: 3.1.6 (/opt/ros/humble/share/rosidl_generator_cpp/cmake)
[0.819s] -- Using all available rosidl_typesupport_c: rosidl_typesupport_fastrtps_c;rosidl_typesupport_introspection_c
[0.849s] -- Using all available rosidl_typesupport_cpp: rosidl_typesupport_fastrtps_cpp;rosidl_typesupport_introspection_cpp
[0.928s] -- Found rmw_implementation_cmake: 6.1.2 (/opt/ros/humble/share/rmw_implementation_cmake/cmake)
[0.933s] -- Found rmw_fastrtps_cpp: 6.2.7 (/opt/ros/humble/share/rmw_fastrtps_cpp/cmake)
[1.080s] -- Found OpenSSL: /usr/lib/x86_64-linux-gnu/libcrypto.so (found version "3.0.2")  
[1.127s] -- Found FastRTPS: /opt/ros/humble/include  
[1.198s] -- Using RMW implementation 'rmw_fastrtps_cpp' as default
[1.214s] -- Looking for pthread.h
[1.312s] -- Looking for pthread.h - found
[1.312s] -- Performing Test CMAKE_HAVE_LIBC_PTHREAD
[1.405s] -- Performing Test CMAKE_HAVE_LIBC_PTHREAD - Success
[1.407s] -- Found Threads: TRUE  
[1.497s] -- Found geometry_msgs: 4.8.0 (/opt/ros/humble/share/geometry_msgs/cmake)
[1.521s] -- Found tf2_geometry_msgs: 0.25.12 (/opt/ros/humble/share/tf2_geometry_msgs/cmake)
[1.547s] -- Found eigen3_cmake_module: 0.1.1 (/opt/ros/humble/share/eigen3_cmake_module/cmake)
[1.549s] -- Found Eigen3: TRUE (found version "3.4.0") 
[1.549s] -- Ensuring Eigen3 include directory is part of orocos-kdl CMake target
[1.737s] -- Found sensor_msgs: 4.8.0 (/opt/ros/humble/share/sensor_msgs/cmake)
[1.765s] -- Found nav_msgs: 4.8.0 (/opt/ros/humble/share/nav_msgs/cmake)
[1.806s] -- Found Boost: /usr/lib/x86_64-linux-gnu/cmake/Boost-1.74.0/BoostConfig.cmake (found version "1.74.0")  
[1.905s] -- Configuring done
[1.932s] -- Generating done
[1.942s] -- Build files have been written to: /home/vfran/billeagle_ws/laser_odom_ws/build/rf2o_laser_odometry
[1.961s] Invoked command in '/home/vfran/billeagle_ws/laser_odom_ws/build/rf2o_laser_odometry' returned '0': CMAKE_PREFIX_PATH=/opt/ros/humble /usr/local/bin/cmake /home/vfran/billeagle_ws/laser_odom_ws/src/rf2o_laser_odometry -DCMAKE_INSTALL_PREFIX=/home/vfran/billeagle_ws/laser_odom_ws/install/rf2o_laser_odometry
[1.963s] Invoking command in '/home/vfran/billeagle_ws/laser_odom_ws/build/rf2o_laser_odometry': CMAKE_PREFIX_PATH=/opt/ros/humble /usr/local/bin/cmake --build /home/vfran/billeagle_ws/laser_odom_ws/build/rf2o_laser_odometry -- -j16 -l16
[2.008s] [ 20%] [32mBuilding CXX object CMakeFiles/rf2o_laser_odometry.dir/src/CLaserOdometry2D.cpp.o[0m
[2.008s] [ 40%] [32mBuilding CXX object CMakeFiles/rf2o_laser_odometry_node.dir/src/CLaserOdometry2DNode.cpp.o[0m
[2.009s] [ 60%] [32mBuilding CXX object CMakeFiles/rf2o_laser_odometry_node.dir/src/CLaserOdometry2D.cpp.o[0m
[27.470s] [ 80%] [32m[1mLinking CXX executable rf2o_laser_odometry_node[0m
[28.467s] [100%] [32m[1mLinking CXX static library librf2o_laser_odometry.a[0m
[28.903s] [100%] Built target rf2o_laser_odometry
[29.318s] [100%] Built target rf2o_laser_odometry_node
[29.327s] Invoked command in '/home/vfran/billeagle_ws/laser_odom_ws/build/rf2o_laser_odometry' returned '0': CMAKE_PREFIX_PATH=/opt/ros/humble /usr/local/bin/cmake --build /home/vfran/billeagle_ws/laser_odom_ws/build/rf2o_laser_odometry -- -j16 -l16
[29.335s] Invoking command in '/home/vfran/billeagle_ws/laser_odom_ws/build/rf2o_laser_odometry': CMAKE_PREFIX_PATH=/opt/ros/humble /usr/local/bin/cmake --install /home/vfran/billeagle_ws/laser_odom_ws/build/rf2o_laser_odometry
[29.339s] -- Install configuration: ""
[29.339s] -- Installing: /home/vfran/billeagle_ws/laser_odom_ws/install/rf2o_laser_odometry/lib/rf2o_laser_odometry/rf2o_laser_odometry_node
[29.352s] -- Set runtime path of "/home/vfran/billeagle_ws/laser_odom_ws/install/rf2o_laser_odometry/lib/rf2o_laser_odometry/rf2o_laser_odometry_node" to ""
[29.352s] -- Installing: /home/vfran/billeagle_ws/laser_odom_ws/install/rf2o_laser_odometry/share/rf2o_laser_odometry/launch
[29.352s] -- Installing: /home/vfran/billeagle_ws/laser_odom_ws/install/rf2o_laser_odometry/share/rf2o_laser_odometry/launch/rf2o_laser_odometry.launch.py
[29.352s] -- Installing: /home/vfran/billeagle_ws/laser_odom_ws/install/rf2o_laser_odometry/share/ament_index/resource_index/package_run_dependencies/rf2o_laser_odometry
[29.353s] -- Installing: /home/vfran/billeagle_ws/laser_odom_ws/install/rf2o_laser_odometry/share/ament_index/resource_index/parent_prefix_path/rf2o_laser_odometry
[29.354s] -- Installing: /home/vfran/billeagle_ws/laser_odom_ws/install/rf2o_laser_odometry/share/rf2o_laser_odometry/environment/ament_prefix_path.sh
[29.354s] -- Installing: /home/vfran/billeagle_ws/laser_odom_ws/install/rf2o_laser_odometry/share/rf2o_laser_odometry/environment/ament_prefix_path.dsv
[29.354s] -- Installing: /home/vfran/billeagle_ws/laser_odom_ws/install/rf2o_laser_odometry/share/rf2o_laser_odometry/environment/path.sh
[29.354s] -- Installing: /home/vfran/billeagle_ws/laser_odom_ws/install/rf2o_laser_odometry/share/rf2o_laser_odometry/environment/path.dsv
[29.355s] -- Installing: /home/vfran/billeagle_ws/laser_odom_ws/install/rf2o_laser_odometry/share/rf2o_laser_odometry/local_setup.bash
[29.355s] -- Installing: /home/vfran/billeagle_ws/laser_odom_ws/install/rf2o_laser_odometry/share/rf2o_laser_odometry/local_setup.sh
[29.355s] -- Installing: /home/vfran/billeagle_ws/laser_odom_ws/install/rf2o_laser_odometry/share/rf2o_laser_odometry/local_setup.zsh
[29.355s] -- Installing: /home/vfran/billeagle_ws/laser_odom_ws/install/rf2o_laser_odometry/share/rf2o_laser_odometry/local_setup.dsv
[29.356s] -- Installing: /home/vfran/billeagle_ws/laser_odom_ws/install/rf2o_laser_odometry/share/rf2o_laser_odometry/package.dsv
[29.356s] -- Installing: /home/vfran/billeagle_ws/laser_odom_ws/install/rf2o_laser_odometry/share/ament_index/resource_index/packages/rf2o_laser_odometry
[29.356s] -- Installing: /home/vfran/billeagle_ws/laser_odom_ws/install/rf2o_laser_odometry/share/rf2o_laser_odometry/cmake/rf2o_laser_odometryConfig.cmake
[29.356s] -- Installing: /home/vfran/billeagle_ws/laser_odom_ws/install/rf2o_laser_odometry/share/rf2o_laser_odometry/cmake/rf2o_laser_odometryConfig-version.cmake
[29.356s] -- Installing: /home/vfran/billeagle_ws/laser_odom_ws/install/rf2o_laser_odometry/share/rf2o_laser_odometry/package.xml
[29.359s] Invoked command in '/home/vfran/billeagle_ws/laser_odom_ws/build/rf2o_laser_odometry' returned '0': CMAKE_PREFIX_PATH=/opt/ros/humble /usr/local/bin/cmake --install /home/vfran/billeagle_ws/laser_odom_ws/build/rf2o_laser_odometry
