[0.007s] Invoking command in '/home/vic/billeagle_ws/lslidar_ws/build/lslidar_driver': AMENT_PREFIX_PATH=/home/vic/billeagle_ws/lslidar_ws/install/lslidar_msgs:${AMENT_PREFIX_PATH} CMAKE_PREFIX_PATH=/home/vic/billeagle_ws/lslidar_ws/install/lslidar_msgs:/home/vic/microros_ws/install/micro_ros_agent:/home/vic/microros_ws/install/micro_ros_msgs:/home/vic/microros_ws/install/micro_ros_setup:/home/vic/billeagle_ws/microros_ws/install/micro_ros_setup:/opt/ros/humble LD_LIBRARY_PATH=/home/vic/billeagle_ws/lslidar_ws/install/lslidar_msgs/lib:${LD_LIBRARY_PATH} PYTHONPATH=/home/vic/billeagle_ws/lslidar_ws/install/lslidar_msgs/local/lib/python3.10/dist-packages:${PYTHONPATH} /usr/bin/cmake --build /home/vic/billeagle_ws/lslidar_ws/build/lslidar_driver -- -j16 -l16
[0.038s] [35m[1mConsolidate compiler generated dependencies of target lslidar_driver_node[0m
[0.048s] [ 20%] [32mBuilding CXX object CMakeFiles/lslidar_driver_node.dir/src/lslidar_driver_node.cc.o[0m
[0.049s] [ 60%] [32mBuilding CXX object CMakeFiles/lslidar_driver_node.dir/src/input.cc.o[0m
[0.049s] [ 60%] [32mBuilding CXX object CMakeFiles/lslidar_driver_node.dir/src/lslidar_driver.cc.o[0m
[8.333s] [ 80%] [32m[1mLinking CXX executable lslidar_driver_node[0m
[9.308s] [100%] Built target lslidar_driver_node
[9.319s] Invoked command in '/home/vic/billeagle_ws/lslidar_ws/build/lslidar_driver' returned '0': AMENT_PREFIX_PATH=/home/vic/billeagle_ws/lslidar_ws/install/lslidar_msgs:${AMENT_PREFIX_PATH} CMAKE_PREFIX_PATH=/home/vic/billeagle_ws/lslidar_ws/install/lslidar_msgs:/home/vic/microros_ws/install/micro_ros_agent:/home/vic/microros_ws/install/micro_ros_msgs:/home/vic/microros_ws/install/micro_ros_setup:/home/vic/billeagle_ws/microros_ws/install/micro_ros_setup:/opt/ros/humble LD_LIBRARY_PATH=/home/vic/billeagle_ws/lslidar_ws/install/lslidar_msgs/lib:${LD_LIBRARY_PATH} PYTHONPATH=/home/vic/billeagle_ws/lslidar_ws/install/lslidar_msgs/local/lib/python3.10/dist-packages:${PYTHONPATH} /usr/bin/cmake --build /home/vic/billeagle_ws/lslidar_ws/build/lslidar_driver -- -j16 -l16
[9.320s] Invoking command in '/home/vic/billeagle_ws/lslidar_ws/build/lslidar_driver': AMENT_PREFIX_PATH=/home/vic/billeagle_ws/lslidar_ws/install/lslidar_msgs:${AMENT_PREFIX_PATH} CMAKE_PREFIX_PATH=/home/vic/billeagle_ws/lslidar_ws/install/lslidar_msgs:/home/vic/microros_ws/install/micro_ros_agent:/home/vic/microros_ws/install/micro_ros_msgs:/home/vic/microros_ws/install/micro_ros_setup:/home/vic/billeagle_ws/microros_ws/install/micro_ros_setup:/opt/ros/humble LD_LIBRARY_PATH=/home/vic/billeagle_ws/lslidar_ws/install/lslidar_msgs/lib:${LD_LIBRARY_PATH} PYTHONPATH=/home/vic/billeagle_ws/lslidar_ws/install/lslidar_msgs/local/lib/python3.10/dist-packages:${PYTHONPATH} /usr/bin/cmake --install /home/vic/billeagle_ws/lslidar_ws/build/lslidar_driver
[9.324s] -- Install configuration: ""
[9.324s] -- Installing: /home/vic/billeagle_ws/lslidar_ws/install/lslidar_driver/share/lslidar_driver/launch
[9.324s] -- Installing: /home/vic/billeagle_ws/lslidar_ws/install/lslidar_driver/share/lslidar_driver/launch/lslidar_launch.py
[9.324s] -- Installing: /home/vic/billeagle_ws/lslidar_ws/install/lslidar_driver/share/lslidar_driver/params
[9.324s] -- Installing: /home/vic/billeagle_ws/lslidar_ws/install/lslidar_driver/share/lslidar_driver/params/lsx10_2.yaml
[9.324s] -- Installing: /home/vic/billeagle_ws/lslidar_ws/install/lslidar_driver/share/lslidar_driver/params/lsx10.yaml
[9.324s] -- Installing: /home/vic/billeagle_ws/lslidar_ws/install/lslidar_driver/share/lslidar_driver/params/lsx10_1.yaml
[9.324s] -- Installing: /home/vic/billeagle_ws/lslidar_ws/install/lslidar_driver/share/lslidar_driver/rviz
[9.324s] -- Installing: /home/vic/billeagle_ws/lslidar_ws/install/lslidar_driver/share/lslidar_driver/rviz/lslidar.rviz
[9.324s] -- Installing: /home/vic/billeagle_ws/lslidar_ws/install/lslidar_driver/lib/lslidar_driver/lslidar_driver_node
[9.327s] -- Set runtime path of "/home/vic/billeagle_ws/lslidar_ws/install/lslidar_driver/lib/lslidar_driver/lslidar_driver_node" to ""
[9.327s] -- Installing: /home/vic/billeagle_ws/lslidar_ws/install/lslidar_driver/share/ament_index/resource_index/package_run_dependencies/lslidar_driver
[9.327s] -- Installing: /home/vic/billeagle_ws/lslidar_ws/install/lslidar_driver/share/ament_index/resource_index/parent_prefix_path/lslidar_driver
[9.327s] -- Installing: /home/vic/billeagle_ws/lslidar_ws/install/lslidar_driver/share/lslidar_driver/environment/ament_prefix_path.sh
[9.327s] -- Installing: /home/vic/billeagle_ws/lslidar_ws/install/lslidar_driver/share/lslidar_driver/environment/ament_prefix_path.dsv
[9.328s] -- Installing: /home/vic/billeagle_ws/lslidar_ws/install/lslidar_driver/share/lslidar_driver/environment/path.sh
[9.328s] -- Installing: /home/vic/billeagle_ws/lslidar_ws/install/lslidar_driver/share/lslidar_driver/environment/path.dsv
[9.328s] -- Installing: /home/vic/billeagle_ws/lslidar_ws/install/lslidar_driver/share/lslidar_driver/local_setup.bash
[9.328s] -- Installing: /home/vic/billeagle_ws/lslidar_ws/install/lslidar_driver/share/lslidar_driver/local_setup.sh
[9.328s] -- Installing: /home/vic/billeagle_ws/lslidar_ws/install/lslidar_driver/share/lslidar_driver/local_setup.zsh
[9.328s] -- Installing: /home/vic/billeagle_ws/lslidar_ws/install/lslidar_driver/share/lslidar_driver/local_setup.dsv
[9.328s] -- Installing: /home/vic/billeagle_ws/lslidar_ws/install/lslidar_driver/share/lslidar_driver/package.dsv
[9.328s] -- Installing: /home/vic/billeagle_ws/lslidar_ws/install/lslidar_driver/share/ament_index/resource_index/packages/lslidar_driver
[9.328s] -- Installing: /home/vic/billeagle_ws/lslidar_ws/install/lslidar_driver/share/lslidar_driver/cmake/ament_cmake_export_dependencies-extras.cmake
[9.328s] -- Installing: /home/vic/billeagle_ws/lslidar_ws/install/lslidar_driver/share/lslidar_driver/cmake/ament_cmake_export_include_directories-extras.cmake
[9.328s] -- Installing: /home/vic/billeagle_ws/lslidar_ws/install/lslidar_driver/share/lslidar_driver/cmake/lslidar_driverConfig.cmake
[9.328s] -- Installing: /home/vic/billeagle_ws/lslidar_ws/install/lslidar_driver/share/lslidar_driver/cmake/lslidar_driverConfig-version.cmake
[9.328s] -- Installing: /home/vic/billeagle_ws/lslidar_ws/install/lslidar_driver/share/lslidar_driver/package.xml
[9.330s] Invoked command in '/home/vic/billeagle_ws/lslidar_ws/build/lslidar_driver' returned '0': AMENT_PREFIX_PATH=/home/vic/billeagle_ws/lslidar_ws/install/lslidar_msgs:${AMENT_PREFIX_PATH} CMAKE_PREFIX_PATH=/home/vic/billeagle_ws/lslidar_ws/install/lslidar_msgs:/home/vic/microros_ws/install/micro_ros_agent:/home/vic/microros_ws/install/micro_ros_msgs:/home/vic/microros_ws/install/micro_ros_setup:/home/vic/billeagle_ws/microros_ws/install/micro_ros_setup:/opt/ros/humble LD_LIBRARY_PATH=/home/vic/billeagle_ws/lslidar_ws/install/lslidar_msgs/lib:${LD_LIBRARY_PATH} PYTHONPATH=/home/vic/billeagle_ws/lslidar_ws/install/lslidar_msgs/local/lib/python3.10/dist-packages:${PYTHONPATH} /usr/bin/cmake --install /home/vic/billeagle_ws/lslidar_ws/build/lslidar_driver
