[0.056s] DEBUG:colcon:Command line arguments: ['/usr/bin/colcon', 'build']
[0.056s] DEBUG:colcon:Parsed command line arguments: Namespace(log_base=None, log_level=None, verb_name='build', build_base='build', install_base='install', merge_install=False, symlink_install=False, test_result_base=None, continue_on_error=False, executor='parallel', parallel_workers=16, event_handlers=None, ignore_user_meta=False, metas=['./colcon.meta'], base_paths=['.'], packages_ignore=None, packages_ignore_regex=None, paths=None, packages_up_to=None, packages_up_to_regex=None, packages_above=None, packages_above_and_dependencies=None, packages_above_depth=None, packages_select_by_dep=None, packages_skip_by_dep=None, packages_skip_up_to=None, packages_select_build_failed=False, packages_skip_build_finished=False, packages_select_test_failures=False, packages_skip_test_passed=False, packages_select=None, packages_skip=None, packages_select_regex=None, packages_skip_regex=None, packages_start=None, packages_end=None, allow_overriding=[], cmake_args=None, cmake_target=None, cmake_target_skip_unavailable=False, cmake_clean_cache=False, cmake_clean_first=False, cmake_force_configure=False, ament_cmake_args=None, catkin_cmake_args=None, catkin_skip_building_tests=False, mixin_files=None, mixin=None, verb_parser=<colcon_mixin.mixin.mixin_argument.MixinArgumentDecorator object at 0x71623e66cf40>, verb_extension=<colcon_core.verb.build.BuildVerb object at 0x71623e66c4c0>, main=<bound method BuildVerb.main of <colcon_core.verb.build.BuildVerb object at 0x71623e66c4c0>>, mixin_verb=('build',))
[0.137s] Level 1:colcon.colcon_core.package_discovery:discover_packages(colcon_meta) check parameters
[0.137s] Level 1:colcon.colcon_core.package_discovery:discover_packages(recursive) check parameters
[0.138s] Level 1:colcon.colcon_core.package_discovery:discover_packages(ignore) check parameters
[0.138s] Level 1:colcon.colcon_core.package_discovery:discover_packages(path) check parameters
[0.138s] Level 1:colcon.colcon_core.package_discovery:discover_packages(colcon_meta) discover
[0.138s] Level 1:colcon.colcon_core.package_discovery:discover_packages(recursive) discover
[0.138s] INFO:colcon.colcon_core.package_discovery:Crawling recursively for packages in '/home/vic/billeagle_ws/bill_ws'
[0.138s] Level 1:colcon.colcon_core.package_identification:_identify(.) by extensions ['ignore', 'ignore_ament_install']
[0.138s] Level 1:colcon.colcon_core.package_identification:_identify(.) by extension 'ignore'
[0.138s] Level 1:colcon.colcon_core.package_identification:_identify(.) by extension 'ignore_ament_install'
[0.138s] Level 1:colcon.colcon_core.package_identification:_identify(.) by extensions ['colcon_pkg']
[0.138s] Level 1:colcon.colcon_core.package_identification:_identify(.) by extension 'colcon_pkg'
[0.138s] Level 1:colcon.colcon_core.package_identification:_identify(.) by extensions ['colcon_meta']
[0.138s] Level 1:colcon.colcon_core.package_identification:_identify(.) by extension 'colcon_meta'
[0.138s] Level 1:colcon.colcon_core.package_identification:_identify(.) by extensions ['ros']
[0.138s] Level 1:colcon.colcon_core.package_identification:_identify(.) by extension 'ros'
[0.144s] Level 1:colcon.colcon_core.package_identification:_identify(.) by extensions ['cmake', 'python']
[0.144s] Level 1:colcon.colcon_core.package_identification:_identify(.) by extension 'cmake'
[0.144s] Level 1:colcon.colcon_core.package_identification:_identify(.) by extension 'python'
[0.144s] Level 1:colcon.colcon_core.package_identification:_identify(.) by extensions ['python_setup_py']
[0.144s] Level 1:colcon.colcon_core.package_identification:_identify(.) by extension 'python_setup_py'
[0.144s] Level 1:colcon.colcon_core.package_identification:_identify(build) by extensions ['ignore', 'ignore_ament_install']
[0.144s] Level 1:colcon.colcon_core.package_identification:_identify(build) by extension 'ignore'
[0.144s] Level 1:colcon.colcon_core.package_identification:_identify(build) ignored
[0.144s] Level 1:colcon.colcon_core.package_identification:_identify(install) by extensions ['ignore', 'ignore_ament_install']
[0.144s] Level 1:colcon.colcon_core.package_identification:_identify(install) by extension 'ignore'
[0.144s] Level 1:colcon.colcon_core.package_identification:_identify(install) ignored
[0.144s] Level 1:colcon.colcon_core.package_identification:_identify(log) by extensions ['ignore', 'ignore_ament_install']
[0.144s] Level 1:colcon.colcon_core.package_identification:_identify(log) by extension 'ignore'
[0.144s] Level 1:colcon.colcon_core.package_identification:_identify(log) ignored
[0.144s] Level 1:colcon.colcon_core.package_identification:_identify(src) by extensions ['ignore', 'ignore_ament_install']
[0.144s] Level 1:colcon.colcon_core.package_identification:_identify(src) by extension 'ignore'
[0.144s] Level 1:colcon.colcon_core.package_identification:_identify(src) by extension 'ignore_ament_install'
[0.144s] Level 1:colcon.colcon_core.package_identification:_identify(src) by extensions ['colcon_pkg']
[0.144s] Level 1:colcon.colcon_core.package_identification:_identify(src) by extension 'colcon_pkg'
[0.144s] Level 1:colcon.colcon_core.package_identification:_identify(src) by extensions ['colcon_meta']
[0.144s] Level 1:colcon.colcon_core.package_identification:_identify(src) by extension 'colcon_meta'
[0.144s] Level 1:colcon.colcon_core.package_identification:_identify(src) by extensions ['ros']
[0.144s] Level 1:colcon.colcon_core.package_identification:_identify(src) by extension 'ros'
[0.145s] Level 1:colcon.colcon_core.package_identification:_identify(src) by extensions ['cmake', 'python']
[0.145s] Level 1:colcon.colcon_core.package_identification:_identify(src) by extension 'cmake'
[0.145s] Level 1:colcon.colcon_core.package_identification:_identify(src) by extension 'python'
[0.145s] Level 1:colcon.colcon_core.package_identification:_identify(src) by extensions ['python_setup_py']
[0.145s] Level 1:colcon.colcon_core.package_identification:_identify(src) by extension 'python_setup_py'
[0.145s] Level 1:colcon.colcon_core.package_identification:_identify(src/bill) by extensions ['ignore', 'ignore_ament_install']
[0.145s] Level 1:colcon.colcon_core.package_identification:_identify(src/bill) by extension 'ignore'
[0.145s] Level 1:colcon.colcon_core.package_identification:_identify(src/bill) by extension 'ignore_ament_install'
[0.145s] Level 1:colcon.colcon_core.package_identification:_identify(src/bill) by extensions ['colcon_pkg']
[0.145s] Level 1:colcon.colcon_core.package_identification:_identify(src/bill) by extension 'colcon_pkg'
[0.145s] Level 1:colcon.colcon_core.package_identification:_identify(src/bill) by extensions ['colcon_meta']
[0.145s] Level 1:colcon.colcon_core.package_identification:_identify(src/bill) by extension 'colcon_meta'
[0.145s] Level 1:colcon.colcon_core.package_identification:_identify(src/bill) by extensions ['ros']
[0.145s] Level 1:colcon.colcon_core.package_identification:_identify(src/bill) by extension 'ros'
[0.146s] DEBUG:colcon.colcon_core.package_identification:Package 'src/bill' with type 'ros.ament_cmake' and name 'bill'
[0.146s] Level 1:colcon.colcon_core.package_discovery:discover_packages(recursive) using defaults
[0.146s] Level 1:colcon.colcon_core.package_discovery:discover_packages(ignore) discover
[0.146s] Level 1:colcon.colcon_core.package_discovery:discover_packages(ignore) using defaults
[0.146s] Level 1:colcon.colcon_core.package_discovery:discover_packages(path) discover
[0.146s] Level 1:colcon.colcon_core.package_discovery:discover_packages(path) using defaults
[0.163s] Level 1:colcon.colcon_core.package_discovery:discover_packages(prefix_path) check parameters
[0.163s] Level 1:colcon.colcon_core.package_discovery:discover_packages(prefix_path) discover
[0.164s] DEBUG:colcon.colcon_installed_package_information.package_discovery:Found 3 installed packages in /home/vic/microros_ws/install
[0.164s] DEBUG:colcon.colcon_installed_package_information.package_discovery:Found 1 installed packages in /home/vic/billeagle_ws/microros_ws/install
[0.165s] DEBUG:colcon.colcon_installed_package_information.package_discovery:Found 319 installed packages in /opt/ros/humble
[0.165s] Level 1:colcon.colcon_core.package_discovery:discover_packages(prefix_path) using defaults
[0.186s] Level 5:colcon.colcon_core.verb:set package 'bill' build argument 'cmake_args' from command line to 'None'
[0.186s] Level 5:colcon.colcon_core.verb:set package 'bill' build argument 'cmake_target' from command line to 'None'
[0.186s] Level 5:colcon.colcon_core.verb:set package 'bill' build argument 'cmake_target_skip_unavailable' from command line to 'False'
[0.186s] Level 5:colcon.colcon_core.verb:set package 'bill' build argument 'cmake_clean_cache' from command line to 'False'
[0.186s] Level 5:colcon.colcon_core.verb:set package 'bill' build argument 'cmake_clean_first' from command line to 'False'
[0.186s] Level 5:colcon.colcon_core.verb:set package 'bill' build argument 'cmake_force_configure' from command line to 'False'
[0.186s] Level 5:colcon.colcon_core.verb:set package 'bill' build argument 'ament_cmake_args' from command line to 'None'
[0.186s] Level 5:colcon.colcon_core.verb:set package 'bill' build argument 'catkin_cmake_args' from command line to 'None'
[0.186s] Level 5:colcon.colcon_core.verb:set package 'bill' build argument 'catkin_skip_building_tests' from command line to 'False'
[0.186s] DEBUG:colcon.colcon_core.verb:Building package 'bill' with the following arguments: {'ament_cmake_args': None, 'build_base': '/home/vic/billeagle_ws/bill_ws/build/bill', 'catkin_cmake_args': None, 'catkin_skip_building_tests': False, 'cmake_args': None, 'cmake_clean_cache': False, 'cmake_clean_first': False, 'cmake_force_configure': False, 'cmake_target': None, 'cmake_target_skip_unavailable': False, 'install_base': '/home/vic/billeagle_ws/bill_ws/install/bill', 'merge_install': False, 'path': '/home/vic/billeagle_ws/bill_ws/src/bill', 'symlink_install': False, 'test_result_base': None}
[0.186s] INFO:colcon.colcon_core.executor:Executing jobs using 'parallel' executor
[0.187s] DEBUG:colcon.colcon_parallel_executor.executor.parallel:run_until_complete
[0.187s] INFO:colcon.colcon_ros.task.ament_cmake.build:Building ROS package in '/home/vic/billeagle_ws/bill_ws/src/bill' with build type 'ament_cmake'
[0.187s] INFO:colcon.colcon_cmake.task.cmake.build:Building CMake package in '/home/vic/billeagle_ws/bill_ws/src/bill'
[0.188s] INFO:colcon.colcon_core.plugin_system:Skipping extension 'colcon_core.shell.bat': Not used on non-Windows systems
[0.188s] INFO:colcon.colcon_core.shell:Skip shell extension 'powershell' for command environment: Not usable outside of PowerShell
[0.188s] DEBUG:colcon.colcon_core.shell:Skip shell extension 'dsv' for command environment
[0.194s] DEBUG:colcon.colcon_core.event_handler.log_command:Invoking command in '/home/vic/billeagle_ws/bill_ws/build/bill': CMAKE_PREFIX_PATH=${CMAKE_PREFIX_PATH}:/opt/ros/humble /usr/bin/cmake /home/vic/billeagle_ws/bill_ws/src/bill -DCMAKE_INSTALL_PREFIX=/home/vic/billeagle_ws/bill_ws/install/bill
[0.604s] DEBUG:colcon.colcon_core.event_handler.log_command:Invoked command in '/home/vic/billeagle_ws/bill_ws/build/bill' returned '0': CMAKE_PREFIX_PATH=${CMAKE_PREFIX_PATH}:/opt/ros/humble /usr/bin/cmake /home/vic/billeagle_ws/bill_ws/src/bill -DCMAKE_INSTALL_PREFIX=/home/vic/billeagle_ws/bill_ws/install/bill
[0.605s] DEBUG:colcon.colcon_core.event_handler.log_command:Invoking command in '/home/vic/billeagle_ws/bill_ws/build/bill': CMAKE_PREFIX_PATH=${CMAKE_PREFIX_PATH}:/opt/ros/humble /usr/bin/cmake --build /home/vic/billeagle_ws/bill_ws/build/bill -- -j16 -l16
[0.631s] DEBUG:colcon.colcon_core.event_handler.log_command:Invoked command in '/home/vic/billeagle_ws/bill_ws/build/bill' returned '0': CMAKE_PREFIX_PATH=${CMAKE_PREFIX_PATH}:/opt/ros/humble /usr/bin/cmake --build /home/vic/billeagle_ws/bill_ws/build/bill -- -j16 -l16
[0.639s] DEBUG:colcon.colcon_core.event_handler.log_command:Invoking command in '/home/vic/billeagle_ws/bill_ws/build/bill': CMAKE_PREFIX_PATH=${CMAKE_PREFIX_PATH}:/opt/ros/humble /usr/bin/cmake --install /home/vic/billeagle_ws/bill_ws/build/bill
[0.647s] Level 1:colcon.colcon_core.environment:create_environment_scripts_only(bill)
[0.647s] DEBUG:colcon.colcon_core.event_handler.log_command:Invoked command in '/home/vic/billeagle_ws/bill_ws/build/bill' returned '0': CMAKE_PREFIX_PATH=${CMAKE_PREFIX_PATH}:/opt/ros/humble /usr/bin/cmake --install /home/vic/billeagle_ws/bill_ws/build/bill
[0.648s] Level 1:colcon.colcon_core.environment:checking '/home/vic/billeagle_ws/bill_ws/install/bill' for CMake module files
[0.649s] Level 1:colcon.colcon_core.environment:checking '/home/vic/billeagle_ws/bill_ws/install/bill' for CMake config files
[0.649s] Level 1:colcon.colcon_core.shell:create_environment_hook('bill', 'cmake_prefix_path')
[0.649s] INFO:colcon.colcon_core.shell:Creating environment hook '/home/vic/billeagle_ws/bill_ws/install/bill/share/bill/hook/cmake_prefix_path.ps1'
[0.649s] INFO:colcon.colcon_core.shell:Creating environment descriptor '/home/vic/billeagle_ws/bill_ws/install/bill/share/bill/hook/cmake_prefix_path.dsv'
[0.650s] INFO:colcon.colcon_core.shell:Creating environment hook '/home/vic/billeagle_ws/bill_ws/install/bill/share/bill/hook/cmake_prefix_path.sh'
[0.650s] Level 1:colcon.colcon_core.environment:checking '/home/vic/billeagle_ws/bill_ws/install/bill/bin'
[0.650s] Level 1:colcon.colcon_core.environment:checking '/home/vic/billeagle_ws/bill_ws/install/bill/lib/pkgconfig/bill.pc'
[0.650s] Level 1:colcon.colcon_core.environment:checking '/home/vic/billeagle_ws/bill_ws/install/bill/lib/python3.10/site-packages'
[0.650s] Level 1:colcon.colcon_core.environment:checking '/home/vic/billeagle_ws/bill_ws/install/bill/bin'
[0.651s] INFO:colcon.colcon_core.shell:Creating package script '/home/vic/billeagle_ws/bill_ws/install/bill/share/bill/package.ps1'
[0.651s] INFO:colcon.colcon_core.shell:Creating package descriptor '/home/vic/billeagle_ws/bill_ws/install/bill/share/bill/package.dsv'
[0.651s] INFO:colcon.colcon_core.shell:Creating package script '/home/vic/billeagle_ws/bill_ws/install/bill/share/bill/package.sh'
[0.652s] INFO:colcon.colcon_core.shell:Creating package script '/home/vic/billeagle_ws/bill_ws/install/bill/share/bill/package.bash'
[0.652s] INFO:colcon.colcon_core.shell:Creating package script '/home/vic/billeagle_ws/bill_ws/install/bill/share/bill/package.zsh'
[0.652s] Level 1:colcon.colcon_core.environment:create_file_with_runtime_dependencies(/home/vic/billeagle_ws/bill_ws/install/bill/share/colcon-core/packages/bill)
[0.652s] Level 1:colcon.colcon_core.environment:create_environment_scripts_only(bill)
[0.653s] Level 1:colcon.colcon_core.environment:checking '/home/vic/billeagle_ws/bill_ws/install/bill' for CMake module files
[0.653s] Level 1:colcon.colcon_core.environment:checking '/home/vic/billeagle_ws/bill_ws/install/bill' for CMake config files
[0.653s] Level 1:colcon.colcon_core.shell:create_environment_hook('bill', 'cmake_prefix_path')
[0.653s] INFO:colcon.colcon_core.shell:Creating environment hook '/home/vic/billeagle_ws/bill_ws/install/bill/share/bill/hook/cmake_prefix_path.ps1'
[0.653s] INFO:colcon.colcon_core.shell:Creating environment descriptor '/home/vic/billeagle_ws/bill_ws/install/bill/share/bill/hook/cmake_prefix_path.dsv'
[0.653s] INFO:colcon.colcon_core.shell:Creating environment hook '/home/vic/billeagle_ws/bill_ws/install/bill/share/bill/hook/cmake_prefix_path.sh'
[0.654s] Level 1:colcon.colcon_core.environment:checking '/home/vic/billeagle_ws/bill_ws/install/bill/bin'
[0.654s] Level 1:colcon.colcon_core.environment:checking '/home/vic/billeagle_ws/bill_ws/install/bill/lib/pkgconfig/bill.pc'
[0.654s] Level 1:colcon.colcon_core.environment:checking '/home/vic/billeagle_ws/bill_ws/install/bill/lib/python3.10/site-packages'
[0.654s] Level 1:colcon.colcon_core.environment:checking '/home/vic/billeagle_ws/bill_ws/install/bill/bin'
[0.654s] INFO:colcon.colcon_core.shell:Creating package script '/home/vic/billeagle_ws/bill_ws/install/bill/share/bill/package.ps1'
[0.654s] INFO:colcon.colcon_core.shell:Creating package descriptor '/home/vic/billeagle_ws/bill_ws/install/bill/share/bill/package.dsv'
[0.655s] INFO:colcon.colcon_core.shell:Creating package script '/home/vic/billeagle_ws/bill_ws/install/bill/share/bill/package.sh'
[0.655s] INFO:colcon.colcon_core.shell:Creating package script '/home/vic/billeagle_ws/bill_ws/install/bill/share/bill/package.bash'
[0.655s] INFO:colcon.colcon_core.shell:Creating package script '/home/vic/billeagle_ws/bill_ws/install/bill/share/bill/package.zsh'
[0.655s] Level 1:colcon.colcon_core.environment:create_file_with_runtime_dependencies(/home/vic/billeagle_ws/bill_ws/install/bill/share/colcon-core/packages/bill)
[0.655s] DEBUG:colcon.colcon_parallel_executor.executor.parallel:closing loop
[0.655s] DEBUG:colcon.colcon_parallel_executor.executor.parallel:loop closed
[0.655s] DEBUG:colcon.colcon_parallel_executor.executor.parallel:run_until_complete finished with '0'
[0.655s] DEBUG:colcon.colcon_core.event_reactor:joining thread
[0.658s] INFO:colcon.colcon_core.plugin_system:Skipping extension 'colcon_notification.desktop_notification.terminal_notifier': Not used on non-Darwin systems
[0.658s] INFO:colcon.colcon_core.plugin_system:Skipping extension 'colcon_notification.desktop_notification.win32': Not used on non-Windows systems
[0.658s] INFO:colcon.colcon_notification.desktop_notification:Sending desktop notification using 'notify2'
[0.667s] DEBUG:colcon.colcon_core.event_reactor:joined thread
[0.667s] INFO:colcon.colcon_core.shell:Creating prefix script '/home/vic/billeagle_ws/bill_ws/install/local_setup.ps1'
[0.668s] INFO:colcon.colcon_core.shell:Creating prefix util module '/home/vic/billeagle_ws/bill_ws/install/_local_setup_util_ps1.py'
[0.669s] INFO:colcon.colcon_core.shell:Creating prefix chain script '/home/vic/billeagle_ws/bill_ws/install/setup.ps1'
[0.670s] INFO:colcon.colcon_core.shell:Creating prefix script '/home/vic/billeagle_ws/bill_ws/install/local_setup.sh'
[0.671s] INFO:colcon.colcon_core.shell:Creating prefix util module '/home/vic/billeagle_ws/bill_ws/install/_local_setup_util_sh.py'
[0.671s] INFO:colcon.colcon_core.shell:Creating prefix chain script '/home/vic/billeagle_ws/bill_ws/install/setup.sh'
[0.672s] INFO:colcon.colcon_core.shell:Creating prefix script '/home/vic/billeagle_ws/bill_ws/install/local_setup.bash'
[0.672s] INFO:colcon.colcon_core.shell:Creating prefix chain script '/home/vic/billeagle_ws/bill_ws/install/setup.bash'
[0.673s] INFO:colcon.colcon_core.shell:Creating prefix script '/home/vic/billeagle_ws/bill_ws/install/local_setup.zsh'
[0.673s] INFO:colcon.colcon_core.shell:Creating prefix chain script '/home/vic/billeagle_ws/bill_ws/install/setup.zsh'
