[0.028s] Invoking command in '/home/bill8/billeagle_ws/bill_ws/build/bill_slam': CMAKE_PREFIX_PATH=${CMAKE_PREFIX_PATH}:/opt/ros/humble /home/bill8/.local/bin/cmake --build /home/bill8/billeagle_ws/bill_ws/build/bill_slam -- -j16 -l16
[0.300s] Invoked command in '/home/bill8/billeagle_ws/bill_ws/build/bill_slam' returned '0': CMAKE_PREFIX_PATH=${CMAKE_PREFIX_PATH}:/opt/ros/humble /home/bill8/.local/bin/cmake --build /home/bill8/billeagle_ws/bill_ws/build/bill_slam -- -j16 -l16
[0.302s] Invoking command in '/home/bill8/billeagle_ws/bill_ws/build/bill_slam': CMAKE_PREFIX_PATH=${CMAKE_PREFIX_PATH}:/opt/ros/humble /home/bill8/.local/bin/cmake --install /home/bill8/billeagle_ws/bill_ws/build/bill_slam
[0.451s] -- Install configuration: ""
[0.451s] -- Up-to-date: /home/bill8/billeagle_ws/bill_ws/install/bill_slam/share/bill_slam/config
[0.451s] -- Up-to-date: /home/bill8/billeagle_ws/bill_ws/install/bill_slam/share/bill_slam/config/amcl.config.yaml
[0.451s] -- Installing: /home/bill8/billeagle_ws/bill_ws/install/bill_slam/share/bill_slam/config/slam_toolbox_params.yaml
[0.451s] -- Up-to-date: /home/bill8/billeagle_ws/bill_ws/install/bill_slam/share/bill_slam/launch
[0.451s] -- Up-to-date: /home/bill8/billeagle_ws/bill_ws/install/bill_slam/share/bill_slam/launch/mapping.launch.py
[0.451s] -- Up-to-date: /home/bill8/billeagle_ws/bill_ws/install/bill_slam/share/bill_slam/launch/amcl.launch.py
[0.451s] -- Up-to-date: /home/bill8/billeagle_ws/bill_ws/install/bill_slam/share/bill_slam/mapas
[0.452s] -- Up-to-date: /home/bill8/billeagle_ws/bill_ws/install/bill_slam/share/bill_slam/mapas/mapa_home.yaml
[0.452s] -- Up-to-date: /home/bill8/billeagle_ws/bill_ws/install/bill_slam/share/bill_slam/mapas/mapa_athome_serial.posegraph
[0.452s] -- Up-to-date: /home/bill8/billeagle_ws/bill_ws/install/bill_slam/share/bill_slam/mapas/mapa_athome_serial.data
[0.452s] -- Up-to-date: /home/bill8/billeagle_ws/bill_ws/install/bill_slam/share/bill_slam/mapas/mapa_athome_save.pgm
[0.452s] -- Up-to-date: /home/bill8/billeagle_ws/bill_ws/install/bill_slam/share/bill_slam/mapas/mapa_home_save.pgm
[0.452s] -- Up-to-date: /home/bill8/billeagle_ws/bill_ws/install/bill_slam/share/bill_slam/mapas/mapa_athome_save.yaml
[0.453s] -- Up-to-date: /home/bill8/billeagle_ws/bill_ws/install/bill_slam/share/bill_slam/mapas/mapa_home_serial.data
[0.453s] -- Up-to-date: /home/bill8/billeagle_ws/bill_ws/install/bill_slam/share/bill_slam/mapas/mapa_home_serial.posegraph
[0.454s] -- Up-to-date: /home/bill8/billeagle_ws/bill_ws/install/bill_slam/share/ament_index/resource_index/package_run_dependencies/bill_slam
[0.454s] -- Up-to-date: /home/bill8/billeagle_ws/bill_ws/install/bill_slam/share/ament_index/resource_index/parent_prefix_path/bill_slam
[0.454s] -- Up-to-date: /home/bill8/billeagle_ws/bill_ws/install/bill_slam/share/bill_slam/environment/ament_prefix_path.sh
[0.454s] -- Up-to-date: /home/bill8/billeagle_ws/bill_ws/install/bill_slam/share/bill_slam/environment/ament_prefix_path.dsv
[0.455s] -- Up-to-date: /home/bill8/billeagle_ws/bill_ws/install/bill_slam/share/bill_slam/environment/path.sh
[0.455s] -- Up-to-date: /home/bill8/billeagle_ws/bill_ws/install/bill_slam/share/bill_slam/environment/path.dsv
[0.455s] -- Up-to-date: /home/bill8/billeagle_ws/bill_ws/install/bill_slam/share/bill_slam/local_setup.bash
[0.455s] -- Up-to-date: /home/bill8/billeagle_ws/bill_ws/install/bill_slam/share/bill_slam/local_setup.sh
[0.455s] -- Up-to-date: /home/bill8/billeagle_ws/bill_ws/install/bill_slam/share/bill_slam/local_setup.zsh
[0.455s] -- Up-to-date: /home/bill8/billeagle_ws/bill_ws/install/bill_slam/share/bill_slam/local_setup.dsv
[0.456s] -- Installing: /home/bill8/billeagle_ws/bill_ws/install/bill_slam/share/bill_slam/package.dsv
[0.456s] -- Up-to-date: /home/bill8/billeagle_ws/bill_ws/install/bill_slam/share/ament_index/resource_index/packages/bill_slam
[0.456s] -- Up-to-date: /home/bill8/billeagle_ws/bill_ws/install/bill_slam/share/bill_slam/cmake/bill_slamConfig.cmake
[0.457s] -- Up-to-date: /home/bill8/billeagle_ws/bill_ws/install/bill_slam/share/bill_slam/cmake/bill_slamConfig-version.cmake
[0.457s] -- Up-to-date: /home/bill8/billeagle_ws/bill_ws/install/bill_slam/share/bill_slam/package.xml
[0.505s] Invoked command in '/home/bill8/billeagle_ws/bill_ws/build/bill_slam' returned '0': CMAKE_PREFIX_PATH=${CMAKE_PREFIX_PATH}:/opt/ros/humble /home/bill8/.local/bin/cmake --install /home/bill8/billeagle_ws/bill_ws/build/bill_slam
