[0.023s] Invoking command in '/home/bill8/billeagle_ws/bill_ws/build/bill': CMAKE_PREFIX_PATH=${CMAKE_PREFIX_PATH}:/opt/ros/humble CONDA_PROMPT_MODIFIER=(base) /home/bill8/.local/bin/cmake /home/bill8/billeagle_ws/bill_ws/src/bill -DCMAKE_INSTALL_PREFIX=/home/bill8/billeagle_ws/bill_ws/install/bill
[0.165s] [0mCMake Deprecation Warning at CMakeLists.txt:1 (cmake_minimum_required):
[0.165s]   Compatibility with CMake < 3.10 will be removed from a future version of
[0.165s]   CMake.
[0.165s] 
[0.165s]   Update the VERSION argument <min> value.  Or, use the <min>...<max> syntax
[0.166s]   to tell CMake that the project requires at least <min> but has been updated
[0.166s]   to work with policies introduced by <max> or earlier.
[0.166s] 
[0.166s] [0m
[0.188s] -- Found ament_cmake: 1.3.11 (/opt/ros/humble/share/ament_cmake/cmake)
[0.579s] -- Found ament_lint_auto: 0.12.11 (/opt/ros/humble/share/ament_lint_auto/cmake)
[0.799s] -- Added test 'flake8' to check Python code syntax and style conventions
[0.801s] -- Added test 'lint_cmake' to check CMake code style
[0.802s] -- Added test 'pep257' to check Python code against some of the docstring style conventions in PEP 257
[0.806s] -- Added test 'xmllint' to check XML markup files
[0.808s] -- Configuring done (0.6s)
[0.814s] -- Generating done (0.0s)
[0.816s] -- Build files have been written to: /home/bill8/billeagle_ws/bill_ws/build/bill
[0.831s] Invoked command in '/home/bill8/billeagle_ws/bill_ws/build/bill' returned '0': CMAKE_PREFIX_PATH=${CMAKE_PREFIX_PATH}:/opt/ros/humble CONDA_PROMPT_MODIFIER=(base) /home/bill8/.local/bin/cmake /home/bill8/billeagle_ws/bill_ws/src/bill -DCMAKE_INSTALL_PREFIX=/home/bill8/billeagle_ws/bill_ws/install/bill
[0.835s] Invoking command in '/home/bill8/billeagle_ws/bill_ws/build/bill': CMAKE_PREFIX_PATH=${CMAKE_PREFIX_PATH}:/opt/ros/humble CONDA_PROMPT_MODIFIER=(base) /home/bill8/.local/bin/cmake --build /home/bill8/billeagle_ws/bill_ws/build/bill -- -j16 -l16
[1.109s] Invoked command in '/home/bill8/billeagle_ws/bill_ws/build/bill' returned '0': CMAKE_PREFIX_PATH=${CMAKE_PREFIX_PATH}:/opt/ros/humble CONDA_PROMPT_MODIFIER=(base) /home/bill8/.local/bin/cmake --build /home/bill8/billeagle_ws/bill_ws/build/bill -- -j16 -l16
[1.112s] Invoking command in '/home/bill8/billeagle_ws/bill_ws/build/bill': CMAKE_PREFIX_PATH=${CMAKE_PREFIX_PATH}:/opt/ros/humble CONDA_PROMPT_MODIFIER=(base) /home/bill8/.local/bin/cmake --install /home/bill8/billeagle_ws/bill_ws/build/bill
[1.255s] -- Install configuration: ""
[1.256s] -- Installing: /home/bill8/billeagle_ws/bill_ws/install/bill/share/bill/config
[1.258s] -- Installing: /home/bill8/billeagle_ws/bill_ws/install/bill/share/bill/config/ekf.yaml
[1.259s] -- Installing: /home/bill8/billeagle_ws/bill_ws/install/bill/share/bill/config/nav2_params.yaml
[1.262s] -- Installing: /home/bill8/billeagle_ws/bill_ws/install/bill/share/bill/config/gazebo_params.yaml
[1.264s] -- Installing: /home/bill8/billeagle_ws/bill_ws/install/bill/share/bill/config/amcl.yaml
[1.266s] -- Installing: /home/bill8/billeagle_ws/bill_ws/install/bill/share/bill/config/diff_drive_controller.yaml
[1.271s] -- Installing: /home/bill8/billeagle_ws/bill_ws/install/bill/share/bill/config/slam_params.yaml
[1.274s] -- Installing: /home/bill8/billeagle_ws/bill_ws/install/bill/share/bill/config/nav_params.yaml
[1.274s] -- Installing: /home/bill8/billeagle_ws/bill_ws/install/bill/share/bill/config/mecanum_drive_controller.yaml
[1.275s] -- Installing: /home/bill8/billeagle_ws/bill_ws/install/bill/share/bill/config/twist_mux_params.yaml
[1.276s] -- Installing: /home/bill8/billeagle_ws/bill_ws/install/bill/share/bill/description
[1.278s] -- Installing: /home/bill8/billeagle_ws/bill_ws/install/bill/share/bill/description/ros2_control.xacro
[1.279s] -- Installing: /home/bill8/billeagle_ws/bill_ws/install/bill/share/bill/description/robot_core.xacro
[1.281s] -- Installing: /home/bill8/billeagle_ws/bill_ws/install/bill/share/bill/description/gazebo_control.xacro
[1.281s] -- Installing: /home/bill8/billeagle_ws/bill_ws/install/bill/share/bill/description/robot.urdf.xacro
[1.281s] -- Installing: /home/bill8/billeagle_ws/bill_ws/install/bill/share/bill/description/common.xacro
[1.284s] -- Installing: /home/bill8/billeagle_ws/bill_ws/install/bill/share/bill/description/lidar.xacro
[1.287s] -- Installing: /home/bill8/billeagle_ws/bill_ws/install/bill/share/bill/launch
[1.289s] -- Installing: /home/bill8/billeagle_ws/bill_ws/install/bill/share/bill/launch/nav.launch.py
[1.290s] -- Installing: /home/bill8/billeagle_ws/bill_ws/install/bill/share/bill/launch/slam.launch.py
[1.291s] -- Installing: /home/bill8/billeagle_ws/bill_ws/install/bill/share/bill/launch/rsp.launch.py
[1.291s] -- Installing: /home/bill8/billeagle_ws/bill_ws/install/bill/share/bill/launch/nav2.launch.py
[1.291s] -- Installing: /home/bill8/billeagle_ws/bill_ws/install/bill/share/bill/launch/lidar.launch.py
[1.291s] -- Installing: /home/bill8/billeagle_ws/bill_ws/install/bill/share/bill/launch/robot.launch.py
[1.291s] -- Installing: /home/bill8/billeagle_ws/bill_ws/install/bill/share/bill/launch/localization.launch.py
[1.291s] -- Installing: /home/bill8/billeagle_ws/bill_ws/install/bill/share/bill/launch/sim.launch.py
[1.292s] -- Installing: /home/bill8/billeagle_ws/bill_ws/install/bill/share/bill/launch/amcl.launch.py
[1.292s] -- Installing: /home/bill8/billeagle_ws/bill_ws/install/bill/share/bill/worlds
[1.292s] -- Installing: /home/bill8/billeagle_ws/bill_ws/install/bill/share/bill/worlds/test.world
[1.292s] -- Installing: /home/bill8/billeagle_ws/bill_ws/install/bill/share/bill/worlds/empty.world
[1.292s] -- Installing: /home/bill8/billeagle_ws/bill_ws/install/bill/share/bill/rviz
[1.292s] -- Installing: /home/bill8/billeagle_ws/bill_ws/install/bill/share/bill/rviz/bot.rviz
[1.292s] -- Installing: /home/bill8/billeagle_ws/bill_ws/install/bill/share/ament_index/resource_index/package_run_dependencies/bill
[1.292s] -- Installing: /home/bill8/billeagle_ws/bill_ws/install/bill/share/ament_index/resource_index/parent_prefix_path/bill
[1.292s] -- Installing: /home/bill8/billeagle_ws/bill_ws/install/bill/share/bill/environment/ament_prefix_path.sh
[1.292s] -- Installing: /home/bill8/billeagle_ws/bill_ws/install/bill/share/bill/environment/ament_prefix_path.dsv
[1.293s] -- Installing: /home/bill8/billeagle_ws/bill_ws/install/bill/share/bill/environment/path.sh
[1.293s] -- Installing: /home/bill8/billeagle_ws/bill_ws/install/bill/share/bill/environment/path.dsv
[1.294s] -- Installing: /home/bill8/billeagle_ws/bill_ws/install/bill/share/bill/local_setup.bash
[1.294s] -- Installing: /home/bill8/billeagle_ws/bill_ws/install/bill/share/bill/local_setup.sh
[1.294s] -- Installing: /home/bill8/billeagle_ws/bill_ws/install/bill/share/bill/local_setup.zsh
[1.294s] -- Installing: /home/bill8/billeagle_ws/bill_ws/install/bill/share/bill/local_setup.dsv
[1.294s] -- Installing: /home/bill8/billeagle_ws/bill_ws/install/bill/share/bill/package.dsv
[1.294s] -- Installing: /home/bill8/billeagle_ws/bill_ws/install/bill/share/ament_index/resource_index/packages/bill
[1.294s] -- Installing: /home/bill8/billeagle_ws/bill_ws/install/bill/share/bill/cmake/billConfig.cmake
[1.294s] -- Installing: /home/bill8/billeagle_ws/bill_ws/install/bill/share/bill/cmake/billConfig-version.cmake
[1.294s] -- Installing: /home/bill8/billeagle_ws/bill_ws/install/bill/share/bill/package.xml
[1.331s] Invoked command in '/home/bill8/billeagle_ws/bill_ws/build/bill' returned '0': CMAKE_PREFIX_PATH=${CMAKE_PREFIX_PATH}:/opt/ros/humble CONDA_PROMPT_MODIFIER=(base) /home/bill8/.local/bin/cmake --install /home/bill8/billeagle_ws/bill_ws/build/bill
