[0.021s] Invoking command in '/home/vfran/billeagle_ws/bill_ws/build/bill_description': CMAKE_PREFIX_PATH=${CMAKE_PREFIX_PATH}:/opt/ros/humble /usr/local/bin/cmake /home/vfran/billeagle_ws/bill_ws/src/bill_description -DAMENT_CMAKE_SYMLINK_INSTALL=1 -DCMAKE_INSTALL_PREFIX=/home/vfran/billeagle_ws/bill_ws/install/bill_description
[0.031s] -- Found ament_cmake: 1.3.11 (/opt/ros/humble/share/ament_cmake/cmake)
[0.129s] -- Override CMake install command with custom implementation using symlinks instead of copying resources
[0.144s] -- Found ament_lint_auto: 0.12.12 (/opt/ros/humble/share/ament_lint_auto/cmake)
[0.221s] -- Added test 'flake8' to check Python code syntax and style conventions
[0.222s] -- Added test 'lint_cmake' to check CMake code style
[0.222s] -- Added test 'pep257' to check Python code against some of the docstring style conventions in PEP 257
[0.225s] -- Added test 'xmllint' to check XML markup files
[0.226s] -- Configuring done
[0.232s] -- Generating done
[0.234s] -- Build files have been written to: /home/vfran/billeagle_ws/bill_ws/build/bill_description
[0.244s] Invoked command in '/home/vfran/billeagle_ws/bill_ws/build/bill_description' returned '0': CMAKE_PREFIX_PATH=${CMAKE_PREFIX_PATH}:/opt/ros/humble /usr/local/bin/cmake /home/vfran/billeagle_ws/bill_ws/src/bill_description -DAMENT_CMAKE_SYMLINK_INSTALL=1 -DCMAKE_INSTALL_PREFIX=/home/vfran/billeagle_ws/bill_ws/install/bill_description
[0.246s] Invoking command in '/home/vfran/billeagle_ws/bill_ws/build/bill_description': CMAKE_PREFIX_PATH=${CMAKE_PREFIX_PATH}:/opt/ros/humble /usr/local/bin/cmake --build /home/vfran/billeagle_ws/bill_ws/build/bill_description -- -j16 -l16
[0.269s] Invoked command in '/home/vfran/billeagle_ws/bill_ws/build/bill_description' returned '0': CMAKE_PREFIX_PATH=${CMAKE_PREFIX_PATH}:/opt/ros/humble /usr/local/bin/cmake --build /home/vfran/billeagle_ws/bill_ws/build/bill_description -- -j16 -l16
[0.271s] Invoking command in '/home/vfran/billeagle_ws/bill_ws/build/bill_description': CMAKE_PREFIX_PATH=${CMAKE_PREFIX_PATH}:/opt/ros/humble /usr/local/bin/cmake --install /home/vfran/billeagle_ws/bill_ws/build/bill_description
[0.275s] -- Install configuration: ""
[0.275s] -- Execute custom install script
[0.276s] -- Symlinking: /home/vfran/billeagle_ws/bill_ws/install/bill_description/share/bill_description/launch/gazebo.launch.py
[0.280s] -- Symlinking: /home/vfran/billeagle_ws/bill_ws/install/bill_description/share/bill_description/launch/launch_sim.launch.py
[0.285s] -- Symlinking: /home/vfran/billeagle_ws/bill_ws/install/bill_description/share/bill_description/launch/robot.launch.py
[0.289s] -- Symlinking: /home/vfran/billeagle_ws/bill_ws/install/bill_description/share/bill_description/launch/rsp.launch.py
[0.294s] -- Symlinking: /home/vfran/billeagle_ws/bill_ws/install/bill_description/share/bill_description/launch/rviz.launch.py
[0.298s] -- Symlinking: /home/vfran/billeagle_ws/bill_ws/install/bill_description/share/bill_description/description/common.xacro
[0.302s] -- Symlinking: /home/vfran/billeagle_ws/bill_ws/install/bill_description/share/bill_description/description/gazebo_control.xacro
[0.307s] -- Symlinking: /home/vfran/billeagle_ws/bill_ws/install/bill_description/share/bill_description/description/lidar.xacro
[0.311s] -- Symlinking: /home/vfran/billeagle_ws/bill_ws/install/bill_description/share/bill_description/description/robot.urdf.xacro
[0.315s] -- Symlinking: /home/vfran/billeagle_ws/bill_ws/install/bill_description/share/bill_description/description/robot_core.xacro
[0.319s] -- Symlinking: /home/vfran/billeagle_ws/bill_ws/install/bill_description/share/bill_description/description/ros2_control.xacro
[0.325s] -- Symlinking: /home/vfran/billeagle_ws/bill_ws/install/bill_description/share/bill_description/models/myBill/bill.urdf.xacro
[0.330s] -- Symlinking: /home/vfran/billeagle_ws/bill_ws/install/bill_description/share/bill_description/models/myBill/bill_core.xacro
[0.334s] -- Symlinking: /home/vfran/billeagle_ws/bill_ws/install/bill_description/share/bill_description/models/myBill/inertial_macros.xacro
[0.339s] -- Symlinking: /home/vfran/billeagle_ws/bill_ws/install/bill_description/share/bill_description/models/myBill/lidar.xacro
[0.343s] -- Symlinking: /home/vfran/billeagle_ws/bill_ws/install/bill_description/share/bill_description/models/myBill/ros2_control.xacro
[0.348s] -- Symlinking: /home/vfran/billeagle_ws/bill_ws/install/bill_description/share/bill_description/rviz/bot.rviz
[0.352s] -- Symlinking: /home/vfran/billeagle_ws/bill_ws/install/bill_description/share/bill_description/rviz/config.rviz
[0.356s] -- Symlinking: /home/vfran/billeagle_ws/bill_ws/install/bill_description/share/bill_description/rviz/nav.config.rviz
[0.361s] -- Symlinking: /home/vfran/billeagle_ws/bill_ws/install/bill_description/share/bill_description/rviz/sim.config.rviz
[0.364s] -- Symlinking: /home/vfran/billeagle_ws/bill_ws/install/bill_description/share/bill_description/rviz/sim_map.config.rviz
[0.369s] -- Symlinking: /home/vfran/billeagle_ws/bill_ws/install/bill_description/share/bill_description/config/gazebo_params.yaml
[0.373s] -- Symlinking: /home/vfran/billeagle_ws/bill_ws/install/bill_description/share/bill_description/config/my_controller.yaml
[0.377s] -- Symlinking: /home/vfran/billeagle_ws/bill_ws/install/bill_description/share/bill_description/config/twist_mux_params.yaml
[0.381s] -- Symlinking: /home/vfran/billeagle_ws/bill_ws/install/bill_description/share/ament_index/resource_index/package_run_dependencies/bill_description
[0.385s] -- Symlinking: /home/vfran/billeagle_ws/bill_ws/install/bill_description/share/ament_index/resource_index/parent_prefix_path/bill_description
[0.389s] -- Symlinking: /home/vfran/billeagle_ws/bill_ws/install/bill_description/share/bill_description/environment/ament_prefix_path.sh
[0.394s] -- Symlinking: /home/vfran/billeagle_ws/bill_ws/install/bill_description/share/bill_description/environment/ament_prefix_path.dsv
[0.398s] -- Symlinking: /home/vfran/billeagle_ws/bill_ws/install/bill_description/share/bill_description/environment/path.sh
[0.403s] -- Symlinking: /home/vfran/billeagle_ws/bill_ws/install/bill_description/share/bill_description/environment/path.dsv
[0.407s] -- Symlinking: /home/vfran/billeagle_ws/bill_ws/install/bill_description/share/bill_description/local_setup.bash
[0.412s] -- Symlinking: /home/vfran/billeagle_ws/bill_ws/install/bill_description/share/bill_description/local_setup.sh
[0.416s] -- Symlinking: /home/vfran/billeagle_ws/bill_ws/install/bill_description/share/bill_description/local_setup.zsh
[0.422s] -- Symlinking: /home/vfran/billeagle_ws/bill_ws/install/bill_description/share/bill_description/local_setup.dsv
[0.425s] -- Symlinking: /home/vfran/billeagle_ws/bill_ws/install/bill_description/share/bill_description/package.dsv
[0.429s] -- Symlinking: /home/vfran/billeagle_ws/bill_ws/install/bill_description/share/ament_index/resource_index/packages/bill_description
[0.433s] -- Symlinking: /home/vfran/billeagle_ws/bill_ws/install/bill_description/share/bill_description/cmake/bill_descriptionConfig.cmake
[0.438s] -- Symlinking: /home/vfran/billeagle_ws/bill_ws/install/bill_description/share/bill_description/cmake/bill_descriptionConfig-version.cmake
[0.442s] -- Symlinking: /home/vfran/billeagle_ws/bill_ws/install/bill_description/share/bill_description/package.xml
[0.448s] Invoked command in '/home/vfran/billeagle_ws/bill_ws/build/bill_description' returned '0': CMAKE_PREFIX_PATH=${CMAKE_PREFIX_PATH}:/opt/ros/humble /usr/local/bin/cmake --install /home/vfran/billeagle_ws/bill_ws/build/bill_description
